Component: Arm Compiler for Embedded 6.21 Tool: armlink [5ec1fa00]

==============================================================================

Section Cross References

    main.o(.text.UARTIntHandler) refers to uart.o(i.UARTIntStatus) for UARTIntStatus
    main.o(.text.UARTIntHandler) refers to uart.o(i.UARTIntClear) for UARTIntClear
    main.o(.text.UARTIntHandler) refers to uart.o(i.UARTCharGetNonBlocking) for UARTCharGetNonBlocking
    main.o(.text.UARTIntHandler) refers to main.o(.bss.queueFactorial) for queueFactorial
    main.o(.text.UARTIntHandler) refers to rtx_msgqueue.o(.text.osMessageQueuePut) for osMessageQueuePut
    main.o(.text.UARTIntHandler) refers to main.o(.bss.queueFibonacci) for queueFibonacci
    main.o(.ARM.exidx.text.UARTIntHandler) refers to main.o(.text.UARTIntHandler) for [Anonymous Symbol]
    main.o(.text.SetupUart) refers to sysctl.o(i.SysCtlPeripheralEnable) for SysCtlPeripheralEnable
    main.o(.text.SetupUart) refers to sysctl.o(i.SysCtlPeripheralReady) for SysCtlPeripheralReady
    main.o(.text.SetupUart) refers to main.o(.bss.SysClock) for SysClock
    main.o(.text.SetupUart) refers to uart.o(i.UARTConfigSetExpClk) for UARTConfigSetExpClk
    main.o(.text.SetupUart) refers to uart.o(i.UARTFIFODisable) for UARTFIFODisable
    main.o(.text.SetupUart) refers to uart.o(i.UARTIntEnable) for UARTIntEnable
    main.o(.text.SetupUart) refers to main.o(.text.UARTIntHandler) for UARTIntHandler
    main.o(.text.SetupUart) refers to uart.o(i.UARTIntRegister) for UARTIntRegister
    main.o(.text.SetupUart) refers to gpio.o(i.GPIOPinConfigure) for GPIOPinConfigure
    main.o(.text.SetupUart) refers to gpio.o(i.GPIOPinTypeUART) for GPIOPinTypeUART
    main.o(.ARM.exidx.text.SetupUart) refers to main.o(.text.SetupUart) for [Anonymous Symbol]
    main.o(.text.Thread_Factorial) refers to main.o(.bss.queueFactorial) for queueFactorial
    main.o(.text.Thread_Factorial) refers to rtx_msgqueue.o(.text.osMessageQueueGet) for osMessageQueueGet
    main.o(.text.Thread_Factorial) refers to main.o(.bss.queueResp) for queueResp
    main.o(.text.Thread_Factorial) refers to rtx_msgqueue.o(.text.osMessageQueuePut) for osMessageQueuePut
    main.o(.ARM.exidx.text.Thread_Factorial) refers to main.o(.text.Thread_Factorial) for [Anonymous Symbol]
    main.o(.text.Thread_Fibonacci) refers to main.o(.bss.queueFibonacci) for queueFibonacci
    main.o(.text.Thread_Fibonacci) refers to rtx_msgqueue.o(.text.osMessageQueueGet) for osMessageQueueGet
    main.o(.text.Thread_Fibonacci) refers to main.o(.bss.queueResp) for queueResp
    main.o(.text.Thread_Fibonacci) refers to rtx_msgqueue.o(.text.osMessageQueuePut) for osMessageQueuePut
    main.o(.ARM.exidx.text.Thread_Fibonacci) refers to main.o(.text.Thread_Fibonacci) for [Anonymous Symbol]
    main.o(.text.Thread_UARTWrite) refers to main.o(.bss.queueResp) for queueResp
    main.o(.text.Thread_UARTWrite) refers to rtx_msgqueue.o(.text.osMessageQueueGet) for osMessageQueueGet
    main.o(.text.Thread_UARTWrite) refers to main.o(.rodata.str1.1) for .L.str
    main.o(.text.Thread_UARTWrite) refers to printfa.o(i.__0snprintf) for snprintf
    main.o(.text.Thread_UARTWrite) refers to uart.o(i.UARTCharPutNonBlocking) for UARTCharPutNonBlocking
    main.o(.ARM.exidx.text.Thread_UARTWrite) refers to main.o(.text.Thread_UARTWrite) for [Anonymous Symbol]
    main.o(.text.main) refers to sysctl.o(i.SysCtlClockFreqSet) for SysCtlClockFreqSet
    main.o(.text.main) refers to main.o(.bss.SysClock) for SysClock
    main.o(.text.main) refers to main.o(.text.SetupUart) for SetupUart
    main.o(.text.main) refers to rtx_kernel.o(.text.osKernelInitialize) for osKernelInitialize
    main.o(.text.main) refers to rtx_msgqueue.o(.text.osMessageQueueNew) for osMessageQueueNew
    main.o(.text.main) refers to main.o(.bss.queueFactorial) for queueFactorial
    main.o(.text.main) refers to main.o(.bss.queueFibonacci) for queueFibonacci
    main.o(.text.main) refers to main.o(.bss.queueResp) for queueResp
    main.o(.text.main) refers to main.o(.text.Thread_Factorial) for Thread_Factorial
    main.o(.text.main) refers to rtx_thread.o(.text.osThreadNew) for osThreadNew
    main.o(.text.main) refers to main.o(.text.Thread_Fibonacci) for Thread_Fibonacci
    main.o(.text.main) refers to main.o(.text.Thread_UARTWrite) for Thread_UARTWrite
    main.o(.text.main) refers to rtx_kernel.o(.text.osKernelStart) for osKernelStart
    main.o(.ARM.exidx.text.main) refers to main.o(.text.main) for [Anonymous Symbol]
    rtx_lib.o(.rodata.os_idle_thread_attr) refers to rtx_lib.o(.bss.os.thread.cb) for [Anonymous Symbol]
    rtx_lib.o(.rodata.os_idle_thread_attr) refers to rtx_lib.o(.bss.os.thread.idle.stack) for [Anonymous Symbol]
    rtx_lib.o(.rodata.os_timer_thread_attr) refers to rtx_lib.o(.bss.os.thread.cb) for [Anonymous Symbol]
    rtx_lib.o(.rodata.os_timer_thread_attr) refers to rtx_lib.o(.bss.os.thread.timer.stack) for [Anonymous Symbol]
[...]
    Removing irq_armv7m.o(.rodata), (1 bytes).
    Removing irq_armv7m.o(.ARM.exidx), (24 bytes).
    Removing cpu.o(.emb_text), (38 bytes).
    Removing interrupt.o(i.IntDisable), (100 bytes).
    Removing interrupt.o(i.IntIsEnabled), (96 bytes).
    Removing interrupt.o(i.IntMasterDisable), (14 bytes).
    Removing interrupt.o(i.IntMasterEnable), (14 bytes).
    Removing interrupt.o(i.IntPendClear), (68 bytes).
    Removing interrupt.o(i.IntPendSet), (84 bytes).
    Removing interrupt.o(i.IntPriorityGet), (28 bytes).
    Removing interrupt.o(i.IntPriorityGroupingGet), (36 bytes).
    Removing interrupt.o(i.IntPriorityGroupingSet), (28 bytes).
    Removing interrupt.o(i.IntPriorityMaskGet), (4 bytes).
    Removing interrupt.o(i.IntPriorityMaskSet), (4 bytes).
    Removing interrupt.o(i.IntPrioritySet), (40 bytes).
    Removing interrupt.o(i.IntTrigger), (12 bytes).
    Removing interrupt.o(i.IntUnregister), (20 bytes).
    Removing interrupt.o(i._IntDefaultHandler), (2 bytes).
    Removing rtx_mutex.o(.text), (0 bytes).
    Removing rtx_mutex.o(.ARM.exidx.text.osRtxMutexOwnerRelease), (8 bytes).
    Removing rtx_mutex.o(.ARM.exidx.text.osRtxMutexOwnerRestore), (8 bytes).
    Removing rtx_mutex.o(.text.osMutexNew), (36 bytes).
    Removing rtx_mutex.o(.ARM.exidx.text.osMutexNew), (8 bytes).
    Removing rtx_mutex.o(.text.osMutexGetName), (36 bytes).
    Removing rtx_mutex.o(.ARM.exidx.text.osMutexGetName), (8 bytes).
    Removing rtx_mutex.o(.text.osMutexAcquire), (36 bytes).
    Removing rtx_mutex.o(.ARM.exidx.text.osMutexAcquire), (8 bytes).
    Removing rtx_mutex.o(.text.osMutexRelease), (36 bytes).
    Removing rtx_mutex.o(.ARM.exidx.text.osMutexRelease), (8 bytes).
    Removing rtx_mutex.o(.text.osMutexGetOwner), (36 bytes).
    Removing rtx_mutex.o(.ARM.exidx.text.osMutexGetOwner), (8 bytes).
    Removing rtx_mutex.o(.text.osMutexDelete), (36 bytes).
    Removing rtx_mutex.o(.ARM.exidx.text.osMutexDelete), (8 bytes).
    Removing rtx_mutex.o(.text.svcRtxMutexNew), (104 bytes).
    Removing rtx_mutex.o(.ARM.exidx.text.svcRtxMutexNew), (8 bytes).
    Removing rtx_mutex.o(.text.svcRtxMutexGetName), (16 bytes).
    Removing rtx_mutex.o(.ARM.exidx.text.svcRtxMutexGetName), (8 bytes).
    Removing rtx_mutex.o(.text.svcRtxMutexAcquire), (144 bytes).
    Removing rtx_mutex.o(.ARM.exidx.text.svcRtxMutexAcquire), (8 bytes).
    Removing rtx_mutex.o(.text.svcRtxMutexRelease), (180 bytes).
    Removing rtx_mutex.o(.ARM.exidx.text.svcRtxMutexRelease), (8 bytes).
    Removing rtx_mutex.o(.text.svcRtxMutexGetOwner), (20 bytes).
    Removing rtx_mutex.o(.ARM.exidx.text.svcRtxMutexGetOwner), (8 bytes).
    Removing rtx_mutex.o(.text.svcRtxMutexDelete), (176 bytes).
    Removing rtx_mutex.o(.ARM.exidx.text.svcRtxMutexDelete), (8 bytes).
    Removing rtx_memory.o(.text), (0 bytes).
    Removing rtx_memory.o(.ARM.exidx.text.osRtxMemoryInit), (8 bytes).
    Removing rtx_memory.o(.ARM.exidx.text.osRtxMemoryAlloc), (8 bytes).
    Removing rtx_memory.o(.ARM.exidx.text.osRtxMemoryFree), (8 bytes).
    Removing rtx_mempool.o(.text), (0 bytes).
    Removing rtx_mempool.o(.ARM.exidx.text.osRtxMemoryPoolInit), (8 bytes).
    Removing rtx_mempool.o(.ARM.exidx.text.osRtxMemoryPoolAlloc), (8 bytes).
    Removing rtx_mempool.o(.ARM.exidx.text.osRtxMemoryPoolFree), (8 bytes).
    Removing rtx_mempool.o(.text.osMemoryPoolNew), (36 bytes).
    Removing rtx_mempool.o(.ARM.exidx.text.osMemoryPoolNew), (8 bytes).
    Removing rtx_mempool.o(.text.osMemoryPoolGetName), (36 bytes).
    Removing rtx_mempool.o(.ARM.exidx.text.osMemoryPoolGetName), (8 bytes).
    Removing rtx_mempool.o(.text.osMemoryPoolAlloc), (104 bytes).
    Removing rtx_mempool.o(.ARM.exidx.text.osMemoryPoolAlloc), (8 bytes).
    Removing rtx_mempool.o(.text.osMemoryPoolFree), (72 bytes).
    Removing rtx_mempool.o(.ARM.exidx.text.osMemoryPoolFree), (8 bytes).
    Removing rtx_mempool.o(.text.osMemoryPoolGetCapacity), (48 bytes).
    Removing rtx_mempool.o(.ARM.exidx.text.osMemoryPoolGetCapacity), (8 bytes).
    Removing rtx_mempool.o(.text.svcRtxMemoryPoolGetCapacity), (16 bytes).
    Removing rtx_mempool.o(.ARM.exidx.text.svcRtxMemoryPoolGetCapacity), (8 bytes).
    Removing rtx_mempool.o(.text.osMemoryPoolGetBlockSize), (48 bytes).
    Removing rtx_mempool.o(.ARM.exidx.text.osMemoryPoolGetBlockSize), (8 bytes).
    Removing rtx_mempool.o(.text.svcRtxMemoryPoolGetBlockSize), (16 bytes).
    Removing rtx_mempool.o(.ARM.exidx.text.svcRtxMemoryPoolGetBlockSize), (8 bytes).
    Removing rtx_mempool.o(.text.osMemoryPoolGetCount), (48 bytes).
    Removing rtx_mempool.o(.ARM.exidx.text.osMemoryPoolGetCount), (8 bytes).
    Removing rtx_mempool.o(.text.svcRtxMemoryPoolGetCount), (16 bytes).
    Removing rtx_mempool.o(.ARM.exidx.text.svcRtxMemoryPoolGetCount), (8 bytes).
    Removing rtx_mempool.o(.text.osMemoryPoolGetSpace), (36 bytes).
    Removing rtx_mempool.o(.ARM.exidx.text.osMemoryPoolGetSpace), (8 bytes).
    Removing rtx_mempool.o(.text.svcRtxMemoryPoolGetSpace), (20 bytes).
    Removing rtx_mempool.o(.ARM.exidx.text.svcRtxMemoryPoolGetSpace), (8 bytes).
    Removing rtx_mempool.o(.text.osMemoryPoolDelete), (36 bytes).
    Removing rtx_mempool.o(.ARM.exidx.text.osMemoryPoolDelete), (8 bytes).
    Removing rtx_mempool.o(.text.svcRtxMemoryPoolNew), (312 bytes).
    Removing rtx_mempool.o(.ARM.exidx.text.svcRtxMemoryPoolNew), (8 bytes).
    Removing rtx_mempool.o(.text.osRtxMemoryPoolPostProcess), (72 bytes).
    Removing rtx_mempool.o(.ARM.exidx.text.osRtxMemoryPoolPostProcess), (8 bytes).
    Removing rtx_mempool.o(.text.svcRtxMemoryPoolGetName), (16 bytes).
    Removing rtx_mempool.o(.ARM.exidx.text.svcRtxMemoryPoolGetName), (8 bytes).
    Removing rtx_mempool.o(.text.svcRtxMemoryPoolAlloc), (92 bytes).
    Removing rtx_mempool.o(.ARM.exidx.text.svcRtxMemoryPoolAlloc), (8 bytes).
    Removing rtx_mempool.o(.text.svcRtxMemoryPoolFree), (100 bytes).
    Removing rtx_mempool.o(.ARM.exidx.text.svcRtxMemoryPoolFree), (8 bytes).
    Removing rtx_mempool.o(.text.svcRtxMemoryPoolDelete), (108 bytes).
    Removing rtx_mempool.o(.ARM.exidx.text.svcRtxMemoryPoolDelete), (8 bytes).
    Removing rtx_system.o(.text), (0 bytes).
    Removing rtx_system.o(.ARM.exidx.text.osRtxTick_Handler), (8 bytes).
    Removing rtx_system.o(.ARM.exidx.text.osRtxPendSV_Handler), (8 bytes).
    Removing rtx_system.o(.ARM.exidx.text.osRtxPostProcess), (8 bytes).
    Removing os_systick.o(.text), (0 bytes).
    Removing os_systick.o(.ARM.exidx.text.OS_Tick_Setup), (8 bytes).
    Removing os_systick.o(.ARM.exidx.text.OS_Tick_Enable), (8 bytes).
    Removing os_systick.o(.text.OS_Tick_Disable), (44 bytes).
    Removing os_systick.o(.ARM.exidx.text.OS_Tick_Disable), (8 bytes).
    Removing os_systick.o(.ARM.exidx.text.OS_Tick_AcknowledgeIRQ), (8 bytes).
    Removing os_systick.o(.ARM.exidx.text.OS_Tick_GetIRQn), (8 bytes).
    Removing os_systick.o(.text.OS_Tick_GetClock), (12 bytes).
    Removing os_systick.o(.ARM.exidx.text.OS_Tick_GetClock), (8 bytes).
    Removing os_systick.o(.text.OS_Tick_GetInterval), (12 bytes).
    Removing os_systick.o(.ARM.exidx.text.OS_Tick_GetInterval), (8 bytes).
    Removing os_systick.o(.text.OS_Tick_GetCount), (16 bytes).
    Removing os_systick.o(.ARM.exidx.text.OS_Tick_GetCount), (8 bytes).
    Removing os_systick.o(.text.OS_Tick_GetOverflow), (16 bytes).
    Removing os_systick.o(.ARM.exidx.text.OS_Tick_GetOverflow), (8 bytes).

507 unused section(s) (total 12617 bytes) removed from the image.

==============================================================================

Image Symbol Table

    Local Symbols

    Symbol Name                              Value     Ov Type        Size  Object(Section)

    ../clib/../cmprslib/zerorunl.c           0x00000000   Number         0  __dczerorl.o ABSOLUTE
    ../clib/division.s                       0x00000000   Number         0  aeabi_sdiv.o ABSOLUTE
    ../clib/microlib/division.c              0x00000000   Number         0  uidiv.o ABSOLUTE
    ../clib/microlib/division.c              0x00000000   Number         0  uldiv.o ABSOLUTE
    ../clib/microlib/init/entry.s            0x00000000   Number         0  entry.o ABSOLUTE
    ../clib/microlib/init/entry.s            0x00000000   Number         0  entry2.o ABSOLUTE
    ../clib/microlib/init/entry.s            0x00000000   Number         0  entry5.o ABSOLUTE
    ../clib/microlib/init/entry.s            0x00000000   Number         0  entry7a.o ABSOLUTE
    ../clib/microlib/init/entry.s            0x00000000   Number         0  entry7b.o ABSOLUTE
    ../clib/microlib/init/entry.s            0x00000000   Number         0  entry8a.o ABSOLUTE
    ../clib/microlib/init/entry.s            0x00000000   Number         0  entry8b.o ABSOLUTE
    ../clib/microlib/init/entry.s            0x00000000   Number         0  entry9a.o ABSOLUTE
    ../clib/microlib/init/entry.s            0x00000000   Number         0  entry9b.o ABSOLUTE
    ../clib/microlib/init/entry.s            0x00000000   Number         0  entry10a.o ABSOLUTE
    ../clib/microlib/init/entry.s            0x00000000   Number         0  entry10b.o ABSOLUTE
    ../clib/microlib/init/entry.s            0x00000000   Number         0  entry11a.o ABSOLUTE
    ../clib/microlib/init/entry.s            0x00000000   Number         0  entry11b.o ABSOLUTE
    ../clib/microlib/longlong.c              0x00000000   Number         0  llshl.o ABSOLUTE
    ../clib/microlib/longlong.c              0x00000000   Number         0  llushr.o ABSOLUTE
    ../clib/microlib/longlong.c              0x00000000   Number         0  llsshr.o ABSOLUTE
    ../clib/microlib/printf/printf.c         0x00000000   Number         0  printfa.o ABSOLUTE
    ../clib/microlib/stdio/fputc.c           0x00000000   Number         0  fputc.o ABSOLUTE
    ../clib/microlib/stdio/fputc.c           0x00000000   Number         0  fputc_h.o ABSOLUTE
    ../clib/microlib/stdio/semi.s            0x00000000   Number         0  semi.o ABSOLUTE
    ../clib/microlib/stdio/streams.c         0x00000000   Number         0  stdout.o ABSOLUTE
    ../clib/microlib/string/memcpy.c         0x00000000   Number         0  memcpya.o ABSOLUTE
    ../clib/microlib/string/memcpy.c         0x00000000   Number         0  memcpyb.o ABSOLUTE
    ../clib/microlib/string/memset.c         0x00000000   Number         0  memseta.o ABSOLUTE
    ../clib/microlib/stubs.s                 0x00000000   Number         0  iusefp.o ABSOLUTE
    ../clib/microlib/stubs.s                 0x00000000   Number         0  iusesemip.o ABSOLUTE
    ../fplib/microlib/fpadd.c                0x00000000   Number         0  dadd.o ABSOLUTE
    ../fplib/microlib/fpdiv.c                0x00000000   Number         0  ddiv.o ABSOLUTE
    ../fplib/microlib/fpepilogue.c           0x00000000   Number         0  depilogue.o ABSOLUTE
    ../fplib/microlib/fpfix.c                0x00000000   Number         0  dfixul.o ABSOLUTE
    ../fplib/microlib/fpmul.c                0x00000000   Number         0  dmul.o ABSOLUTE
    RTE/Device/TM4C1294NCPDT/startup_TM4C129.s 0x00000000   Number         0  startup_tm4c129.o ABSOLUTE
    RTX_Config.c                             0x00000000   Number         0  rtx_config.o ABSOLUTE
    cdrcmple.s                               0x00000000   Number         0  cdrcmple.o ABSOLUTE
    cpu.c                                    0x00000000   Number         0  cpu.o ABSOLUTE
    cpu.c                                    0x00000000   Number         0  cpu.o ABSOLUTE
    dc.s                                     0x00000000   Number         0  dc.o ABSOLUTE
    gpio.c                                   0x00000000   Number         0  gpio.o ABSOLUTE
    handlers.s                               0x00000000   Number         0  handlers.o ABSOLUTE
    init.s                                   0x00000000   Number         0  init.o ABSOLUTE
    interrupt.c                              0x00000000   Number         0  interrupt.o ABSOLUTE
    main.c                                   0x00000000   Number         0  main.o ABSOLUTE
    os_systick.c                             0x00000000   Number         0  os_systick.o ABSOLUTE
    rtx_kernel.c                             0x00000000   Number         0  rtx_kernel.o ABSOLUTE
    rtx_lib.c                                0x00000000   Number         0  rtx_lib.o ABSOLUTE
    rtx_memory.c                             0x00000000   Number         0  rtx_memory.o ABSOLUTE
    rtx_mempool.c                            0x00000000   Number         0  rtx_mempool.o ABSOLUTE
    rtx_msgqueue.c                           0x00000000   Number         0  rtx_msgqueue.o ABSOLUTE
    rtx_mutex.c                              0x00000000   Number         0  rtx_mutex.o ABSOLUTE
    rtx_system.c                             0x00000000   Number         0  rtx_system.o ABSOLUTE
    rtx_thread.c                             0x00000000   Number         0  rtx_thread.o ABSOLUTE
    rtx_timer.c                              0x00000000   Number         0  rtx_timer.o ABSOLUTE
    sysctl.c                                 0x00000000   Number         0  sysctl.o ABSOLUTE
    sysctl.c                                 0x00000000   Number         0  sysctl.o ABSOLUTE
    system_TM4C129.c                         0x00000000   Number         0  system_tm4c129.o ABSOLUTE
    uart.c                                   0x00000000   Number         0  uart.o ABSOLUTE
    RESET                                    0x00000000   Section      512  startup_tm4c129.o(RESET)
    FPU_USED                                 0x00000001   Number         0  irq_armv7m.o ABSOLUTE
    osRtxErrorStackOverflow                  0x00000001   Number         0  irq_armv7m.o ABSOLUTE
    I_T_RUN_OFS                              0x00000014   Number         0  irq_armv7m.o ABSOLUTE
    TCB_SF_OFS                               0x00000022   Number         0  irq_armv7m.o ABSOLUTE
    TCB_SP_OFS                               0x00000038   Number         0  irq_armv7m.o ABSOLUTE
    .ARM.Collect$$$$00000000                 0x00000200   Section        0  entry.o(.ARM.Collect$$$$00000000)
    .ARM.Collect$$$$00000001                 0x00000200   Section        4  entry2.o(.ARM.Collect$$$$00000001)
    .ARM.Collect$$$$00000004                 0x00000204   Section        4  entry5.o(.ARM.Collect$$$$00000004)
    .ARM.Collect$$$$00000008                 0x00000208   Section        0  entry7b.o(.ARM.Collect$$$$00000008)
    .ARM.Collect$$$$0000000A                 0x00000208   Section        0  entry8b.o(.ARM.Collect$$$$0000000A)
    .ARM.Collect$$$$0000000B                 0x00000208   Section        8  entry9a.o(.ARM.Collect$$$$0000000B)
    __lit__00000000                          0x00000210   Data           4  entry2.o(.ARM.Collect$$$$00002712)
    .ARM.Collect$$$$0000000D                 0x00000210   Section        0  entry10a.o(.ARM.Collect$$$$0000000D)
    .ARM.Collect$$$$0000000F                 0x00000210   Section        0  entry11a.o(.ARM.Collect$$$$0000000F)
    .ARM.Collect$$$$00002712                 0x00000210   Section        4  entry2.o(.ARM.Collect$$$$00002712)
    $v0                                      0x00000214   Number         0  startup_tm4c129.o(.text)
    .text                                    0x00000214   Section      276  startup_tm4c129.o(.text)
    [Anonymous Symbol]                       0x00000328   Section        0  irq_armv7m.o(.text)
    SVC_Context                              0x00000350   Number         0  irq_armv7m.o(.text)
    SVC_FP_LazyState                         0x00000360   Number         0  irq_armv7m.o(.text)
    SVC_ContextSave                          0x00000372   Number         0  irq_armv7m.o(.text)
    SVC_ContextRestore                       0x00000388   Number         0  irq_armv7m.o(.text)
    SVC_Exit                                 0x000003a4   Number         0  irq_armv7m.o(.text)
    SVC_User                                 0x000003a6   Number         0  irq_armv7m.o(.text)
    .text                                    0x000003f0   Section        0  memcpya.o(.text)
    .text                                    0x00000414   Section        0  memseta.o(.text)
    .text                                    0x00000438   Section        0  uidiv.o(.text)
    .text                                    0x00000464   Section        0  uldiv.o(.text)
    .text                                    0x000004c6   Section        0  iusefp.o(.text)
    .text                                    0x000004c6   Section        0  dadd.o(.text)
    .text                                    0x00000614   Section        0  dmul.o(.text)
    .text                                    0x000006f8   Section        0  ddiv.o(.text)
    .text                                    0x000007d6   Section        0  dfixul.o(.text)
    .text                                    0x00000808   Section       48  cdrcmple.o(.text)
    .text                                    0x00000838   Section       48  init.o(.text)
    .text                                    0x00000868   Section        0  llshl.o(.text)
    .text                                    0x00000886   Section        0  llushr.o(.text)
    .text                                    0x000008a6   Section        0  llsshr.o(.text)
    .text                                    0x000008ca   Section        0  depilogue.o(.text)
    .text                                    0x00000984   Section        0  __dczerorl.o(.text)
    MessageQueueGet                          0x000009bf   Thumb Code    64  rtx_msgqueue.o(.text.MessageQueueGet)
    [Anonymous Symbol]                       0x000009be   Section        0  rtx_msgqueue.o(.text.MessageQueueGet)
    MessageQueuePut                          0x000009ff   Thumb Code    88  rtx_msgqueue.o(.text.MessageQueuePut)
    [Anonymous Symbol]                       0x000009fe   Section        0  rtx_msgqueue.o(.text.MessageQueuePut)
    MessageQueueRemove                       0x00000a57   Thumb Code    28  rtx_msgqueue.o(.text.MessageQueueRemove)
    [Anonymous Symbol]                       0x00000a56   Section        0  rtx_msgqueue.o(.text.MessageQueueRemove)
    [Anonymous Symbol]                       0x00000a74   Section        0  os_systick.o(.text.OS_Tick_AcknowledgeIRQ)
    [Anonymous Symbol]                       0x00000a7c   Section        0  os_systick.o(.text.OS_Tick_Enable)
    __arm_cp.1_1                             0x00000a9c   Number         4  os_systick.o(.text.OS_Tick_Enable)
    [Anonymous Symbol]                       0x00000aa0   Section        0  os_systick.o(.text.OS_Tick_GetIRQn)
    [Anonymous Symbol]                       0x00000aa8   Section        0  os_systick.o(.text.OS_Tick_Setup)
    __arm_cp.0_0                             0x00000ad8   Number         4  os_systick.o(.text.OS_Tick_Setup)
    __arm_cp.0_1                             0x00000adc   Number         4  os_systick.o(.text.OS_Tick_Setup)
    __arm_cp.0_2                             0x00000ae0   Number         4  os_systick.o(.text.OS_Tick_Setup)
    __arm_cp.0_3                             0x00000ae4   Number         4  os_systick.o(.text.OS_Tick_Setup)
    OUTLINED_FUNCTION_0                      0x00000ae9   Thumb Code    12  rtx_kernel.o(.text.OUTLINED_FUNCTION_0)
    [Anonymous Symbol]                       0x00000ae8   Section        0  rtx_kernel.o(.text.OUTLINED_FUNCTION_0)
    OUTLINED_FUNCTION_0                      0x00000af5   Thumb Code    12  rtx_msgqueue.o(.text.OUTLINED_FUNCTION_0)
    [Anonymous Symbol]                       0x00000af4   Section        0  rtx_msgqueue.o(.text.OUTLINED_FUNCTION_0)
    OUTLINED_FUNCTION_1                      0x00000b01   Thumb Code     6  rtx_kernel.o(.text.OUTLINED_FUNCTION_1)
    [Anonymous Symbol]                       0x00000b00   Section        0  rtx_kernel.o(.text.OUTLINED_FUNCTION_1)
    OUTLINED_FUNCTION_1                      0x00000b07   Thumb Code     6  rtx_msgqueue.o(.text.OUTLINED_FUNCTION_1)
    [Anonymous Symbol]                       0x00000b06   Section        0  rtx_msgqueue.o(.text.OUTLINED_FUNCTION_1)
    [Anonymous Symbol]                       0x00000b0c   Section        0  main.o(.text.SetupUart)
    [Anonymous Symbol]                       0x00000ba8   Section        0  system_tm4c129.o(.text.SystemInit)
    ThreadFlagsCheck                         0x00000bcd   Thumb Code   100  rtx_thread.o(.text.ThreadFlagsCheck)
    [Anonymous Symbol]                       0x00000bcc   Section        0  rtx_thread.o(.text.ThreadFlagsCheck)
    [Anonymous Symbol]                       0x00000c30   Section        0  main.o(.text.Thread_Factorial)
    [Anonymous Symbol]                       0x00000c94   Section        0  main.o(.text.Thread_Fibonacci)
    [Anonymous Symbol]                       0x00000d08   Section        0  main.o(.text.Thread_UARTWrite)
    TimerInsert                              0x00000d79   Thumb Code    68  rtx_timer.o(.text.TimerInsert)
    [Anonymous Symbol]                       0x00000d78   Section        0  rtx_timer.o(.text.TimerInsert)
    __arm_cp.9_0                             0x00000dbc   Number         4  rtx_timer.o(.text.TimerInsert)
    [Anonymous Symbol]                       0x00000dc0   Section        0  main.o(.text.UARTIntHandler)
    [Anonymous Symbol]                       0x00000e38   Section        0  main.o(.text.main)
    [Anonymous Symbol]                       0x00000ee4   Section        0  rtx_kernel.o(.text.osKernelInitialize)
    __arm_cp.2_0                             0x00000f0c   Number         4  rtx_kernel.o(.text.osKernelInitialize)
    [Anonymous Symbol]                       0x00000f10   Section        0  rtx_kernel.o(.text.osKernelStart)
    __arm_cp.7_0                             0x00000f30   Number         4  rtx_kernel.o(.text.osKernelStart)
    [Anonymous Symbol]                       0x00000f34   Section        0  rtx_msgqueue.o(.text.osMessageQueueGet)
    __arm_cp.5_0                             0x00000fa0   Number         4  rtx_msgqueue.o(.text.osMessageQueueGet)
    [Anonymous Symbol]                       0x00000fa4   Section        0  rtx_msgqueue.o(.text.osMessageQueueNew)
    __arm_cp.2_0                             0x00000fc4   Number         4  rtx_msgqueue.o(.text.osMessageQueueNew)
    [Anonymous Symbol]                       0x00000fc8   Section        0  rtx_msgqueue.o(.text.osMessageQueuePut)
    __arm_cp.4_0                             0x00001044   Number         4  rtx_msgqueue.o(.text.osMessageQueuePut)
    [Anonymous Symbol]                       0x00001048   Section        0  rtx_config.o(.text.osRtxErrorNotify)
    [Anonymous Symbol]                       0x00001078   Section        0  rtx_config.o(.text.osRtxIdleThread)
    [Anonymous Symbol]                       0x00001080   Section        0  rtx_kernel.o(.text.osRtxKernelErrorNotify)
    [Anonymous Symbol]                       0x00001084   Section        0  rtx_kernel.o(.text.osRtxKernelPreInit)
    [Anonymous Symbol]                       0x00001086   Section        0  rtx_memory.o(.text.osRtxMemoryAlloc)
    [Anonymous Symbol]                       0x000010f2   Section        0  rtx_memory.o(.text.osRtxMemoryFree)
    [Anonymous Symbol]                       0x00001134   Section        0  rtx_memory.o(.text.osRtxMemoryInit)
    [Anonymous Symbol]                       0x0000116a   Section        0  rtx_mempool.o(.text.osRtxMemoryPoolAlloc)
    [Anonymous Symbol]                       0x000011a4   Section        0  rtx_mempool.o(.text.osRtxMemoryPoolFree)
    [Anonymous Symbol]                       0x000011ee   Section        0  rtx_mempool.o(.text.osRtxMemoryPoolInit)
    osRtxMessageQueuePostProcess             0x00001227   Thumb Code   170  rtx_msgqueue.o(.text.osRtxMessageQueuePostProcess)
    [Anonymous Symbol]                       0x00001226   Section        0  rtx_msgqueue.o(.text.osRtxMessageQueuePostProcess)
    [Anonymous Symbol]                       0x000012d0   Section        0  rtx_msgqueue.o(.text.osRtxMessageQueueTimerSetup)
    __arm_cp.0_0                             0x000012f0   Number         4  rtx_msgqueue.o(.text.osRtxMessageQueueTimerSetup)
    [Anonymous Symbol]                       0x000012f4   Section        0  rtx_mutex.o(.text.osRtxMutexOwnerRelease)
    [Anonymous Symbol]                       0x0000133c   Section        0  rtx_mutex.o(.text.osRtxMutexOwnerRestore)
    [Anonymous Symbol]                       0x00001384   Section        0  rtx_system.o(.text.osRtxPendSV_Handler)
    [Anonymous Symbol]                       0x0000140c   Section        0  rtx_system.o(.text.osRtxPostProcess)
    __arm_cp.2_1                             0x00001478   Number         4  rtx_system.o(.text.osRtxPostProcess)
    osRtxThreadBlock                         0x0000147d   Thumb Code    52  rtx_thread.o(.text.osRtxThreadBlock)
    [Anonymous Symbol]                       0x0000147c   Section        0  rtx_thread.o(.text.osRtxThreadBlock)
    osRtxThreadDelayInsert                   0x000014b1   Thumb Code   124  rtx_thread.o(.text.osRtxThreadDelayInsert)
    [Anonymous Symbol]                       0x000014b0   Section        0  rtx_thread.o(.text.osRtxThreadDelayInsert)
    osRtxThreadDelayRemove                   0x0000152d   Thumb Code    60  rtx_thread.o(.text.osRtxThreadDelayRemove)
    [Anonymous Symbol]                       0x0000152c   Section        0  rtx_thread.o(.text.osRtxThreadDelayRemove)
    [Anonymous Symbol]                       0x00001568   Section        0  rtx_thread.o(.text.osRtxThreadDelayTick)
    osRtxThreadDestroy                       0x000015b9   Thumb Code    32  rtx_thread.o(.text.osRtxThreadDestroy)
    [Anonymous Symbol]                       0x000015b8   Section        0  rtx_thread.o(.text.osRtxThreadDestroy)
    [Anonymous Symbol]                       0x000015d8   Section        0  rtx_thread.o(.text.osRtxThreadDispatch)
    osRtxThreadFree                          0x00001629   Thumb Code    84  rtx_thread.o(.text.osRtxThreadFree)
    [Anonymous Symbol]                       0x00001628   Section        0  rtx_thread.o(.text.osRtxThreadFree)
    __arm_cp.51_0                            0x0000167c   Number         4  rtx_thread.o(.text.osRtxThreadFree)
    osRtxThreadJoinWakeup                    0x00001681   Thumb Code    30  rtx_thread.o(.text.osRtxThreadJoinWakeup)
    [Anonymous Symbol]                       0x00001680   Section        0  rtx_thread.o(.text.osRtxThreadJoinWakeup)
    [Anonymous Symbol]                       0x0000169e   Section        0  rtx_thread.o(.text.osRtxThreadListGet)
    [Anonymous Symbol]                       0x000016b0   Section        0  rtx_thread.o(.text.osRtxThreadListPut)
    [Anonymous Symbol]                       0x000016dc   Section        0  rtx_thread.o(.text.osRtxThreadListRemove)
    [Anonymous Symbol]                       0x000016f0   Section        0  rtx_thread.o(.text.osRtxThreadListSort)
    osRtxThreadPostProcess                   0x00001717   Thumb Code    40  rtx_thread.o(.text.osRtxThreadPostProcess)
    [Anonymous Symbol]                       0x00001716   Section        0  rtx_thread.o(.text.osRtxThreadPostProcess)
    [Anonymous Symbol]                       0x00001740   Section        0  rtx_thread.o(.text.osRtxThreadReadyPut)
    __arm_cp.4_0                             0x00001750   Number         4  rtx_thread.o(.text.osRtxThreadReadyPut)
    [Anonymous Symbol]                       0x00001754   Section        0  rtx_thread.o(.text.osRtxThreadRegPtr)
    [Anonymous Symbol]                       0x00001768   Section        0  rtx_thread.o(.text.osRtxThreadStartup)
    __arm_cp.14_1                            0x00001798   Number         4  rtx_thread.o(.text.osRtxThreadStartup)
    [Anonymous Symbol]                       0x0000179c   Section        0  rtx_thread.o(.text.osRtxThreadSwitch)
    [Anonymous Symbol]                       0x000017a8   Section        0  rtx_thread.o(.text.osRtxThreadWaitEnter)
    __arm_cp.12_0                            0x000017e0   Number         4  rtx_thread.o(.text.osRtxThreadWaitEnter)
    [Anonymous Symbol]                       0x000017e4   Section        0  rtx_thread.o(.text.osRtxThreadWaitExit)
    [Anonymous Symbol]                       0x00001814   Section        0  rtx_system.o(.text.osRtxTick_Handler)
    __arm_cp.0_0                             0x00001888   Number         4  rtx_system.o(.text.osRtxTick_Handler)
    [Anonymous Symbol]                       0x0000188c   Section        0  rtx_timer.o(.text.osRtxTimerSetup)
    __arm_cp.0_0                             0x000018a4   Number         4  rtx_timer.o(.text.osRtxTimerSetup)
    __arm_cp.0_1                             0x000018a8   Number         4  rtx_timer.o(.text.osRtxTimerSetup)
    [Anonymous Symbol]                       0x000018ac   Section        0  rtx_timer.o(.text.osRtxTimerThread)
    osRtxTimerTick                           0x000018cd   Thumb Code   108  rtx_timer.o(.text.osRtxTimerTick)
    [Anonymous Symbol]                       0x000018cc   Section        0  rtx_timer.o(.text.osRtxTimerTick)
    __arm_cp.1_0                             0x00001938   Number         4  rtx_timer.o(.text.osRtxTimerTick)
    [Anonymous Symbol]                       0x0000193c   Section        0  rtx_thread.o(.text.osThreadExit)
    __arm_cp.30_0                            0x00001944   Number         4  rtx_thread.o(.text.osThreadExit)
    [Anonymous Symbol]                       0x00001948   Section        0  rtx_thread.o(.text.osThreadNew)
    __arm_cp.16_0                            0x00001968   Number         4  rtx_thread.o(.text.osThreadNew)
    svcRtxKernelInitialize                   0x0000196d   Thumb Code   244  rtx_kernel.o(.text.svcRtxKernelInitialize)
    [Anonymous Symbol]                       0x0000196c   Section        0  rtx_kernel.o(.text.svcRtxKernelInitialize)
    __arm_cp.21_2                            0x00001a60   Number         4  rtx_kernel.o(.text.svcRtxKernelInitialize)
    svcRtxKernelStart                        0x00001a65   Thumb Code   124  rtx_kernel.o(.text.svcRtxKernelStart)
    [Anonymous Symbol]                       0x00001a64   Section        0  rtx_kernel.o(.text.svcRtxKernelStart)
    __arm_cp.22_0                            0x00001ae0   Number         4  rtx_kernel.o(.text.svcRtxKernelStart)
    __arm_cp.22_1                            0x00001ae4   Number         4  rtx_kernel.o(.text.svcRtxKernelStart)
    __arm_cp.22_2                            0x00001ae8   Number         4  rtx_kernel.o(.text.svcRtxKernelStart)
    __arm_cp.22_3                            0x00001aec   Number         4  rtx_kernel.o(.text.svcRtxKernelStart)
    svcRtxMessageQueueGet                    0x00001af1   Thumb Code   200  rtx_msgqueue.o(.text.svcRtxMessageQueueGet)
    [Anonymous Symbol]                       0x00001af0   Section        0  rtx_msgqueue.o(.text.svcRtxMessageQueueGet)
    __arm_cp.22_0                            0x00001bb8   Number         4  rtx_msgqueue.o(.text.svcRtxMessageQueueGet)
    svcRtxMessageQueueNew                    0x00001bbd   Thumb Code   272  rtx_msgqueue.o(.text.svcRtxMessageQueueNew)
    [Anonymous Symbol]                       0x00001bbc   Section        0  rtx_msgqueue.o(.text.svcRtxMessageQueueNew)
    __arm_cp.1_1                             0x00001ccc   Number         4  rtx_msgqueue.o(.text.svcRtxMessageQueueNew)
    svcRtxMessageQueuePut                    0x00001cd1   Thumb Code   168  rtx_msgqueue.o(.text.svcRtxMessageQueuePut)
    [Anonymous Symbol]                       0x00001cd0   Section        0  rtx_msgqueue.o(.text.svcRtxMessageQueuePut)
    svcRtxThreadExit                         0x00001d79   Thumb Code    72  rtx_thread.o(.text.svcRtxThreadExit)
    [Anonymous Symbol]                       0x00001d78   Section        0  rtx_thread.o(.text.svcRtxThreadExit)
    __arm_cp.53_0                            0x00001dc0   Number         4  rtx_thread.o(.text.svcRtxThreadExit)
    svcRtxThreadNew                          0x00001dc5   Thumb Code   472  rtx_thread.o(.text.svcRtxThreadNew)
    [Anonymous Symbol]                       0x00001dc4   Section        0  rtx_thread.o(.text.svcRtxThreadNew)
    __arm_cp.15_0                            0x00001f9c   Number         4  rtx_thread.o(.text.svcRtxThreadNew)
    __arm_cp.15_1                            0x00001fa0   Number         4  rtx_thread.o(.text.svcRtxThreadNew)
    __arm_cp.15_2                            0x00001fa4   Number         4  rtx_thread.o(.text.svcRtxThreadNew)
    __arm_cp.15_3                            0x00001fa8   Number         4  rtx_thread.o(.text.svcRtxThreadNew)
    __arm_cp.15_4                            0x00001fac   Number         4  rtx_thread.o(.text.svcRtxThreadNew)
    i.GPIODirModeSet                         0x00001fb0   Section        0  gpio.o(i.GPIODirModeSet)
    i.GPIOPadConfigSet                       0x00001fd8   Section        0  gpio.o(i.GPIOPadConfigSet)
    i.GPIOPinConfigure                       0x00002148   Section        0  gpio.o(i.GPIOPinConfigure)
    i.GPIOPinTypeUART                        0x0000218c   Section        0  gpio.o(i.GPIOPinTypeUART)
    i.IntEnable                              0x000021a8   Section        0  interrupt.o(i.IntEnable)
    i.IntRegister                            0x0000220c   Section        0  interrupt.o(i.IntRegister)
    i.SysCtlClockFreqSet                     0x00002240   Section        0  sysctl.o(i.SysCtlClockFreqSet)
    i.SysCtlPeripheralEnable                 0x00002524   Section        0  sysctl.o(i.SysCtlPeripheralEnable)
    i.SysCtlPeripheralReady                  0x0000254c   Section        0  sysctl.o(i.SysCtlPeripheralReady)
    i.UARTCharGetNonBlocking                 0x00002578   Section        0  uart.o(i.UARTCharGetNonBlocking)
    i.UARTCharPutNonBlocking                 0x00002588   Section        0  uart.o(i.UARTCharPutNonBlocking)
    i.UARTConfigSetExpClk                    0x00002598   Section        0  uart.o(i.UARTConfigSetExpClk)
    i.UARTFIFODisable                        0x00002606   Section        0  uart.o(i.UARTFIFODisable)
    i.UARTIntClear                           0x00002610   Section        0  uart.o(i.UARTIntClear)
    i.UARTIntEnable                          0x00002614   Section        0  uart.o(i.UARTIntEnable)
    i.UARTIntRegister                        0x0000261c   Section        0  uart.o(i.UARTIntRegister)
    i.UARTIntStatus                          0x00002674   Section        0  uart.o(i.UARTIntStatus)
    i.__0snprintf                            0x00002680   Section        0  printfa.o(i.__0snprintf)
    i.__scatterload_copy                     0x000026b4   Section       14  handlers.o(i.__scatterload_copy)
    i.__scatterload_null                     0x000026c2   Section        2  handlers.o(i.__scatterload_null)
    i.__scatterload_zeroinit                 0x000026c4   Section       14  handlers.o(i.__scatterload_zeroinit)
    _fp_digits                               0x000026d5   Thumb Code   366  printfa.o(i._fp_digits)
    i._fp_digits                             0x000026d4   Section        0  printfa.o(i._fp_digits)
    _printf_core                             0x00002859   Thumb Code  1744  printfa.o(i._printf_core)
    i._printf_core                           0x00002858   Section        0  printfa.o(i._printf_core)
    _printf_post_padding                     0x00002f35   Thumb Code    36  printfa.o(i._printf_post_padding)
    i._printf_post_padding                   0x00002f34   Section        0  printfa.o(i._printf_post_padding)
    _printf_pre_padding                      0x00002f59   Thumb Code    46  printfa.o(i._printf_pre_padding)
    i._printf_pre_padding                    0x00002f58   Section        0  printfa.o(i._printf_pre_padding)
    _snputc                                  0x00002f87   Thumb Code    22  printfa.o(i._snputc)
    i._snputc                                0x00002f86   Section        0  printfa.o(i._snputc)
    g_ppui32GPIOIntMapBlizzard               0x00002f9c   Data         192  gpio.o(.constdata)
    .constdata                               0x00002f9c   Section      552  gpio.o(.constdata)
    g_ppui32GPIOIntMapSnowflake              0x0000305c   Data         216  gpio.o(.constdata)
    g_pui32GPIOBaseAddrs                     0x00003134   Data         144  gpio.o(.constdata)
    g_pui32VCOFrequencies                    0x000031c4   Data           8  sysctl.o(.constdata)
    .constdata                               0x000031c4   Section      596  sysctl.o(.constdata)
    g_pui32Xtals                             0x000031cc   Data         108  sysctl.o(.constdata)
    g_pppui32XTALtoVCO                       0x00003238   Data         432  sysctl.o(.constdata)
    g_sXTALtoMEMTIM                          0x000033e8   Data          48  sysctl.o(.constdata)
    g_ppui32UARTIntMap                       0x00003418   Data          64  uart.o(.constdata)
    .constdata                               0x00003418   Section      128  uart.o(.constdata)
    g_ppui32UARTIntMapSnowflake              0x00003458   Data          64  uart.o(.constdata)
    g_pui32Priority                          0x00003498   Data          32  interrupt.o(.constdata)
    .constdata                               0x00003498   Section      268  interrupt.o(.constdata)
    g_pui32Regs                              0x000034b8   Data         156  interrupt.o(.constdata)
    g_pui32EnRegs                            0x00003554   Data          20  interrupt.o(.constdata)
    g_pui32Dii16Regs                         0x00003568   Data          20  interrupt.o(.constdata)
    g_pui32PendRegs                          0x0000357c   Data          20  interrupt.o(.constdata)
    g_pui32UnpendRegs                        0x00003590   Data          20  interrupt.o(.constdata)
    __tagsym$$used.0                         0x000035a4   Number         0  rtx_lib.o(.rodata)
    __tagsym$$used.1                         0x00003614   Number         0  rtx_lib.o(.rodata)
    os_idle_thread_attr                      0x00003650   Data          36  rtx_lib.o(.rodata.os_idle_thread_attr)
    [Anonymous Symbol]                       0x00003650   Section        0  rtx_lib.o(.rodata.os_idle_thread_attr)
    os_timer_mq_attr                         0x00003674   Data          24  rtx_lib.o(.rodata.os_timer_mq_attr)
    [Anonymous Symbol]                       0x00003674   Section        0  rtx_lib.o(.rodata.os_timer_mq_attr)
    os_timer_thread_attr                     0x0000368c   Data          36  rtx_lib.o(.rodata.os_timer_thread_attr)
    [Anonymous Symbol]                       0x0000368c   Section        0  rtx_lib.o(.rodata.os_timer_thread_attr)
    .L.str                                   0x000036b0   Data          13  main.o(.rodata.str1.1)
    [Anonymous Symbol]                       0x000036b0   Section        0  main.o(.rodata.str1.1)
    [Anonymous Symbol]                       0x000036c0   Section        0  rtx_kernel.o(.rodata.str1.4)
    g_pfnRAMVectors                          0x20000400   Data         620  interrupt.o(vtable)
    vtable                                   0x20000400   Section      620  interrupt.o(vtable)
    os_isr_queue                             0x20000678   Data          64  rtx_lib.o(.bss.os)
    [Anonymous Symbol]                       0x20000678   Section        0  rtx_lib.o(.bss.os)
    os_mem                                   0x200006b8   Data       32768  rtx_lib.o(.bss.os)
    PendST                                   0x200086b8   Data           1  os_systick.o(.bss.os)
    [Anonymous Symbol]                       0x200086b8   Section        0  os_systick.o(.bss.os)
    os_timer_mq_cb                           0x200086bc   Data          52  rtx_lib.o(.bss.os.msgqueue.cb)
    [Anonymous Symbol]                       0x200086bc   Section        0  rtx_lib.o(.bss.os.msgqueue.cb)
    os_timer_mq_data                         0x200086f0   Data          80  rtx_lib.o(.bss.os.msgqueue.mem)
    [Anonymous Symbol]                       0x200086f0   Section        0  rtx_lib.o(.bss.os.msgqueue.mem)
    os_idle_thread_cb                        0x20008740   Data          68  rtx_lib.o(.bss.os.thread.cb)
    [Anonymous Symbol]                       0x20008740   Section        0  rtx_lib.o(.bss.os.thread.cb)
    os_timer_thread_cb                       0x20008784   Data          68  rtx_lib.o(.bss.os.thread.cb)
    os_idle_thread_stack                     0x200087c8   Data         512  rtx_lib.o(.bss.os.thread.idle.stack)
    [Anonymous Symbol]                       0x200087c8   Section        0  rtx_lib.o(.bss.os.thread.idle.stack)
    os_timer_thread_stack                    0x200089c8   Data         512  rtx_lib.o(.bss.os.thread.timer.stack)
    [Anonymous Symbol]                       0x200089c8   Section        0  rtx_lib.o(.bss.os.thread.timer.stack)
    STACK                                    0x20008bd8   Section      512  startup_tm4c129.o(STACK)
    FPCCR                                    0xe000ef34   Number         0  irq_armv7m.o ABSOLUTE

    Global Symbols

    Symbol Name                              Value     Ov Type        Size  Object(Section)

    BuildAttributes$$THM_ISAv4$E$P$D$K$B$S$7EM$VFPi3$EXTD16$VFPS$VFMA$PE$A:L22UL41UL21$X:L11$S22US41US21$IEEE1$IW$~IW$USESV6$~STKCKD$USESV7$~SHL$OTIME$ROPI$EBA8$MICROLIB$REQ8$PRES8$EABIv2 0x00000000   Number         0  anon$$obj.o ABSOLUTE
    __Vectors                                0x00000000   Data           4  startup_tm4c129.o(RESET)
    .bss.os.evflags.cb$$Base                  - Undefined Weak Reference
    .bss.os.evflags.cb$$Limit                 - Undefined Weak Reference
    .bss.os.mempool.cb$$Base                  - Undefined Weak Reference
    .bss.os.mempool.cb$$Limit                 - Undefined Weak Reference
    .bss.os.mutex.cb$$Base                    - Undefined Weak Reference
    .bss.os.mutex.cb$$Limit                   - Undefined Weak Reference
    .bss.os.semaphore.cb$$Base                - Undefined Weak Reference
    .bss.os.semaphore.cb$$Limit               - Undefined Weak Reference
    .bss.os.timer.cb$$Base                    - Undefined Weak Reference
    .bss.os.timer.cb$$Limit                   - Undefined Weak Reference
    __cpp_initialize__aeabi_                  - Undefined Weak Reference
    __cxa_finalize                            - Undefined Weak Reference
    _clock_init                               - Undefined Weak Reference
    _microlib_exit                            - Undefined Weak Reference
    __Vectors_End                            0x00000200   Data           0  startup_tm4c129.o(RESET)
    __Vectors_Size                           0x00000200   Number         0  startup_tm4c129.o ABSOLUTE
    __main                                   0x00000201   Thumb Code     0  entry.o(.ARM.Collect$$$$00000000)
    _main_stk                                0x00000201   Thumb Code     0  entry2.o(.ARM.Collect$$$$00000001)
    _main_scatterload                        0x00000205   Thumb Code     0  entry5.o(.ARM.Collect$$$$00000004)
    __main_after_scatterload                 0x00000209   Thumb Code     0  entry5.o(.ARM.Collect$$$$00000004)
    _main_clock                              0x00000209   Thumb Code     0  entry7b.o(.ARM.Collect$$$$00000008)
    _main_cpp_init                           0x00000209   Thumb Code     0  entry8b.o(.ARM.Collect$$$$0000000A)
    _main_init                               0x00000209   Thumb Code     0  entry9a.o(.ARM.Collect$$$$0000000B)
    __rt_final_cpp                           0x00000211   Thumb Code     0  entry10a.o(.ARM.Collect$$$$0000000D)
    __rt_final_exit                          0x00000211   Thumb Code     0  entry11a.o(.ARM.Collect$$$$0000000F)
    Reset_Handler                            0x00000215   Thumb Code     8  startup_tm4c129.o(.text)
    NMI_Handler                              0x0000021d   Thumb Code     2  startup_tm4c129.o(.text)
    HardFault_Handler                        0x0000021f   Thumb Code     2  startup_tm4c129.o(.text)
    MemManage_Handler                        0x00000221   Thumb Code     2  startup_tm4c129.o(.text)
    BusFault_Handler                         0x00000223   Thumb Code     2  startup_tm4c129.o(.text)
    UsageFault_Handler                       0x00000225   Thumb Code     2  startup_tm4c129.o(.text)
    DebugMon_Handler                         0x00000229   Thumb Code     2  startup_tm4c129.o(.text)
    GPIOA_Handler                            0x0000022f   Thumb Code     2  startup_tm4c129.o(.text)
    GPIOB_Handler                            0x00000231   Thumb Code     2  startup_tm4c129.o(.text)
    GPIOC_Handler                            0x00000233   Thumb Code     2  startup_tm4c129.o(.text)
    GPIOD_Handler                            0x00000235   Thumb Code     2  startup_tm4c129.o(.text)
    GPIOE_Handler                            0x00000237   Thumb Code     2  startup_tm4c129.o(.text)
    UART0_Handler                            0x00000239   Thumb Code     2  startup_tm4c129.o(.text)
    UART1_Handler                            0x0000023b   Thumb Code     2  startup_tm4c129.o(.text)
    SSI0_Handler                             0x0000023d   Thumb Code     2  startup_tm4c129.o(.text)
    I2C0_Handler                             0x0000023f   Thumb Code     2  startup_tm4c129.o(.text)
    PMW0_FAULT_Handler                       0x00000241   Thumb Code     2  startup_tm4c129.o(.text)
    PWM0_0_Handler                           0x00000243   Thumb Code     2  startup_tm4c129.o(.text)
    PWM0_1_Handler                           0x00000245   Thumb Code     2  startup_tm4c129.o(.text)
    PWM0_2_Handler                           0x00000247   Thumb Code     2  startup_tm4c129.o(.text)
    QEI0_Handler                             0x00000249   Thumb Code     2  startup_tm4c129.o(.text)
    ADC0SS0_Handler                          0x0000024b   Thumb Code     2  startup_tm4c129.o(.text)
    ADC0SS1_Handler                          0x0000024d   Thumb Code     2  startup_tm4c129.o(.text)
    ADC0SS2_Handler                          0x0000024f   Thumb Code     2  startup_tm4c129.o(.text)
    ADC0SS3_Handler                          0x00000251   Thumb Code     2  startup_tm4c129.o(.text)
    WDT0_Handler                             0x00000253   Thumb Code     2  startup_tm4c129.o(.text)
    TIMER0A_Handler                          0x00000255   Thumb Code     2  startup_tm4c129.o(.text)
    TIMER0B_Handler                          0x00000257   Thumb Code     2  startup_tm4c129.o(.text)
    TIMER1A_Handler                          0x00000259   Thumb Code     2  startup_tm4c129.o(.text)
    TIMER1B_Handler                          0x0000025b   Thumb Code     2  startup_tm4c129.o(.text)
    TIMER2A_Handler                          0x0000025d   Thumb Code     2  startup_tm4c129.o(.text)
    TIMER2B_Handler                          0x0000025f   Thumb Code     2  startup_tm4c129.o(.text)
    COMP0_Handler                            0x00000261   Thumb Code     2  startup_tm4c129.o(.text)
    COMP1_Handler                            0x00000263   Thumb Code     2  startup_tm4c129.o(.text)
    COMP2_Handler                            0x00000265   Thumb Code     2  startup_tm4c129.o(.text)
    SYSCTL_Handler                           0x00000267   Thumb Code     2  startup_tm4c129.o(.text)
    FLASH_Handler                            0x00000269   Thumb Code     2  startup_tm4c129.o(.text)
    GPIOF_Handler                            0x0000026b   Thumb Code     2  startup_tm4c129.o(.text)
    GPIOG_Handler                            0x0000026d   Thumb Code     2  startup_tm4c129.o(.text)
    GPIOH_Handler                            0x0000026f   Thumb Code     2  startup_tm4c129.o(.text)
    UART2_Handler                            0x00000271   Thumb Code     2  startup_tm4c129.o(.text)
    SSI1_Handler                             0x00000273   Thumb Code     2  startup_tm4c129.o(.text)
    TIMER3A_Handler                          0x00000275   Thumb Code     2  startup_tm4c129.o(.text)
    TIMER3B_Handler                          0x00000277   Thumb Code     2  startup_tm4c129.o(.text)
    I2C1_Handler                             0x00000279   Thumb Code     2  startup_tm4c129.o(.text)
    CAN0_Handler                             0x0000027b   Thumb Code     2  startup_tm4c129.o(.text)
    CAN1_Handler                             0x0000027d   Thumb Code     2  startup_tm4c129.o(.text)
    ETH_Handler                              0x0000027f   Thumb Code     2  startup_tm4c129.o(.text)
    HIB_Handler                              0x00000281   Thumb Code     2  startup_tm4c129.o(.text)
    USB0_Handler                             0x00000283   Thumb Code     2  startup_tm4c129.o(.text)
    PWM0_3_Handler                           0x00000285   Thumb Code     2  startup_tm4c129.o(.text)
    UDMA_Handler                             0x00000287   Thumb Code     2  startup_tm4c129.o(.text)
    UDMAERR_Handler                          0x00000289   Thumb Code     2  startup_tm4c129.o(.text)
    ADC1SS0_Handler                          0x0000028b   Thumb Code     2  startup_tm4c129.o(.text)
    ADC1SS1_Handler                          0x0000028d   Thumb Code     2  startup_tm4c129.o(.text)
    ADC1SS2_Handler                          0x0000028f   Thumb Code     2  startup_tm4c129.o(.text)
    ADC1SS3_Handler                          0x00000291   Thumb Code     2  startup_tm4c129.o(.text)
    EBI0_Handler                             0x00000293   Thumb Code     2  startup_tm4c129.o(.text)
    GPIOJ_Handler                            0x00000295   Thumb Code     2  startup_tm4c129.o(.text)
    GPIOK_Handler                            0x00000297   Thumb Code     2  startup_tm4c129.o(.text)
    GPIOL_Handler                            0x00000299   Thumb Code     2  startup_tm4c129.o(.text)
    SSI2_Handler                             0x0000029b   Thumb Code     2  startup_tm4c129.o(.text)
    SSI3_Handler                             0x0000029d   Thumb Code     2  startup_tm4c129.o(.text)
    UART3_Handler                            0x0000029f   Thumb Code     2  startup_tm4c129.o(.text)
    UART4_Handler                            0x000002a1   Thumb Code     2  startup_tm4c129.o(.text)
    UART5_Handler                            0x000002a3   Thumb Code     2  startup_tm4c129.o(.text)
    UART6_Handler                            0x000002a5   Thumb Code     2  startup_tm4c129.o(.text)
    UART7_Handler                            0x000002a7   Thumb Code     2  startup_tm4c129.o(.text)
    I2C2_Handler                             0x000002a9   Thumb Code     2  startup_tm4c129.o(.text)
    I2C3_Handler                             0x000002ab   Thumb Code     2  startup_tm4c129.o(.text)
    TIMER4A_Handler                          0x000002ad   Thumb Code     2  startup_tm4c129.o(.text)
    TIMER4B_Handler                          0x000002af   Thumb Code     2  startup_tm4c129.o(.text)
    TIMER5A_Handler                          0x000002b1   Thumb Code     2  startup_tm4c129.o(.text)
    TIMER5B_Handler                          0x000002b3   Thumb Code     2  startup_tm4c129.o(.text)
    WTIMER0A_Handler                         0x000002b5   Thumb Code     2  startup_tm4c129.o(.text)
    WTIMER0B_Handler                         0x000002b7   Thumb Code     2  startup_tm4c129.o(.text)
    WTIMER1A_Handler                         0x000002b9   Thumb Code     2  startup_tm4c129.o(.text)
    WTIMER1B_Handler                         0x000002bb   Thumb Code     2  startup_tm4c129.o(.text)
    WTIMER2A_Handler                         0x000002bd   Thumb Code     2  startup_tm4c129.o(.text)
    WTIMER2B_Handler                         0x000002bf   Thumb Code     2  startup_tm4c129.o(.text)
    WTIMER3A_Handler                         0x000002c1   Thumb Code     2  startup_tm4c129.o(.text)
    WTIMER3B_Handler                         0x000002c3   Thumb Code     2  startup_tm4c129.o(.text)
    WTIMER4A_Handler                         0x000002c5   Thumb Code     2  startup_tm4c129.o(.text)
    WTIMER4B_Handler                         0x000002c7   Thumb Code     2  startup_tm4c129.o(.text)
    WTIMER5A_Handler                         0x000002c9   Thumb Code     2  startup_tm4c129.o(.text)
    WTIMER5B_Handler                         0x000002cb   Thumb Code     2  startup_tm4c129.o(.text)
    FPU_Handler                              0x000002cd   Thumb Code     2  startup_tm4c129.o(.text)
    I2C4_Handler                             0x000002cf   Thumb Code     2  startup_tm4c129.o(.text)
    I2C5_Handler                             0x000002d1   Thumb Code     2  startup_tm4c129.o(.text)
    GPIOM_Handler                            0x000002d3   Thumb Code     2  startup_tm4c129.o(.text)
    GPION_Handler                            0x000002d5   Thumb Code     2  startup_tm4c129.o(.text)
    TAMPER_Handler                           0x000002d7   Thumb Code     2  startup_tm4c129.o(.text)
    GPIOP0_Handler                           0x000002d9   Thumb Code     2  startup_tm4c129.o(.text)
    GPIOP1_Handler                           0x000002db   Thumb Code     2  startup_tm4c129.o(.text)
    GPIOP2_Handler                           0x000002dd   Thumb Code     2  startup_tm4c129.o(.text)
    GPIOP3_Handler                           0x000002df   Thumb Code     2  startup_tm4c129.o(.text)
    GPIOP4_Handler                           0x000002e1   Thumb Code     2  startup_tm4c129.o(.text)
    GPIOP5_Handler                           0x000002e3   Thumb Code     2  startup_tm4c129.o(.text)
    GPIOP6_Handler                           0x000002e5   Thumb Code     2  startup_tm4c129.o(.text)
    GPIOP7_Handler                           0x000002e7   Thumb Code     2  startup_tm4c129.o(.text)
    GPIOQ0_Handler                           0x000002e9   Thumb Code     2  startup_tm4c129.o(.text)
    GPIOQ1_Handler                           0x000002eb   Thumb Code     2  startup_tm4c129.o(.text)
    GPIOQ2_Handler                           0x000002ed   Thumb Code     2  startup_tm4c129.o(.text)
    GPIOQ3_Handler                           0x000002ef   Thumb Code     2  startup_tm4c129.o(.text)
    GPIOQ4_Handler                           0x000002f1   Thumb Code     2  startup_tm4c129.o(.text)
    GPIOQ5_Handler                           0x000002f3   Thumb Code     2  startup_tm4c129.o(.text)
    GPIOQ6_Handler                           0x000002f5   Thumb Code     2  startup_tm4c129.o(.text)
    GPIOQ7_Handler                           0x000002f7   Thumb Code     2  startup_tm4c129.o(.text)
    GPIOR_Handler                            0x000002f9   Thumb Code     2  startup_tm4c129.o(.text)
    GPIOS_Handler                            0x000002fb   Thumb Code     2  startup_tm4c129.o(.text)
    SHAMD5_Handler                           0x000002fd   Thumb Code     2  startup_tm4c129.o(.text)
    AES_Handler                              0x000002ff   Thumb Code     2  startup_tm4c129.o(.text)
    DES3DES_Handler                          0x00000301   Thumb Code     2  startup_tm4c129.o(.text)
    LCDCONTROLLER_Handler                    0x00000303   Thumb Code     2  startup_tm4c129.o(.text)
    TIMER6A_Handler                          0x00000305   Thumb Code     2  startup_tm4c129.o(.text)
    TIMER6B_Handler                          0x00000307   Thumb Code     2  startup_tm4c129.o(.text)
    TIMER7A_Handler                          0x00000309   Thumb Code     2  startup_tm4c129.o(.text)
    TIMER7B_Handler                          0x0000030b   Thumb Code     2  startup_tm4c129.o(.text)
    I2C6_Handler                             0x0000030d   Thumb Code     2  startup_tm4c129.o(.text)
    I2C7_Handler                             0x0000030f   Thumb Code     2  startup_tm4c129.o(.text)
    HIMSCANKEYBOARD_Handler                  0x00000311   Thumb Code     2  startup_tm4c129.o(.text)
    ONEWIRE_Handler                          0x00000313   Thumb Code     2  startup_tm4c129.o(.text)
    HIMPS2_Handler                           0x00000315   Thumb Code     2  startup_tm4c129.o(.text)
    HIMLEDSEQUENCER_Handler                  0x00000317   Thumb Code     2  startup_tm4c129.o(.text)
    HIMCONSUMERIR_Handler                    0x00000319   Thumb Code     2  startup_tm4c129.o(.text)
    I2C8_Handler                             0x0000031b   Thumb Code     2  startup_tm4c129.o(.text)
    I2C9_Handler                             0x0000031d   Thumb Code     2  startup_tm4c129.o(.text)
    GPIOT_Handler                            0x0000031f   Thumb Code     2  startup_tm4c129.o(.text)
    SVC_Handler                              0x00000329   Thumb Code   154  irq_armv7m.o(.text)
    PendSV_Handler                           0x000003c3   Thumb Code    16  irq_armv7m.o(.text)
    SysTick_Handler                          0x000003d3   Thumb Code    16  irq_armv7m.o(.text)
    __aeabi_memcpy                           0x000003f1   Thumb Code    36  memcpya.o(.text)
    __aeabi_memcpy4                          0x000003f1   Thumb Code     0  memcpya.o(.text)
    __aeabi_memcpy8                          0x000003f1   Thumb Code     0  memcpya.o(.text)
    __aeabi_memset                           0x00000415   Thumb Code    14  memseta.o(.text)
    __aeabi_memset4                          0x00000415   Thumb Code     0  memseta.o(.text)
    __aeabi_memset8                          0x00000415   Thumb Code     0  memseta.o(.text)
    __aeabi_memclr                           0x00000423   Thumb Code     4  memseta.o(.text)
    __aeabi_memclr4                          0x00000423   Thumb Code     0  memseta.o(.text)
    __aeabi_memclr8                          0x00000423   Thumb Code     0  memseta.o(.text)
    _memset$wrapper                          0x00000427   Thumb Code    18  memseta.o(.text)
    __aeabi_uidiv                            0x00000439   Thumb Code     0  uidiv.o(.text)
    __aeabi_uidivmod                         0x00000439   Thumb Code    44  uidiv.o(.text)
    __aeabi_uldivmod                         0x00000465   Thumb Code    98  uldiv.o(.text)
    __I$use$fp                               0x000004c7   Thumb Code     0  iusefp.o(.text)
    __aeabi_dadd                             0x000004c7   Thumb Code   322  dadd.o(.text)
    __aeabi_dsub                             0x00000609   Thumb Code     6  dadd.o(.text)
    __aeabi_drsub                            0x0000060f   Thumb Code     6  dadd.o(.text)
    __aeabi_dmul                             0x00000615   Thumb Code   228  dmul.o(.text)
    __aeabi_ddiv                             0x000006f9   Thumb Code   222  ddiv.o(.text)
    __aeabi_d2ulz                            0x000007d7   Thumb Code    48  dfixul.o(.text)
    __aeabi_cdrcmple                         0x00000809   Thumb Code    48  cdrcmple.o(.text)
    __scatterload                            0x00000839   Thumb Code    38  init.o(.text)
    __scatterload_rt2                        0x00000839   Thumb Code     0  init.o(.text)
    __aeabi_llsl                             0x00000869   Thumb Code    30  llshl.o(.text)
    _ll_shift_l                              0x00000869   Thumb Code     0  llshl.o(.text)
    __aeabi_llsr                             0x00000887   Thumb Code    32  llushr.o(.text)
    _ll_ushift_r                             0x00000887   Thumb Code     0  llushr.o(.text)
    __aeabi_lasr                             0x000008a7   Thumb Code    36  llsshr.o(.text)
    _ll_sshift_r                             0x000008a7   Thumb Code     0  llsshr.o(.text)
    _double_round                            0x000008cb   Thumb Code    30  depilogue.o(.text)
    _double_epilogue                         0x000008e9   Thumb Code   156  depilogue.o(.text)
    __decompress                             0x00000985   Thumb Code     0  __dczerorl.o(.text)
    __decompress0                            0x00000985   Thumb Code    58  __dczerorl.o(.text)
    OS_Tick_AcknowledgeIRQ                   0x00000a75   Thumb Code     8  os_systick.o(.text.OS_Tick_AcknowledgeIRQ)
    OS_Tick_Enable                           0x00000a7d   Thumb Code    32  os_systick.o(.text.OS_Tick_Enable)
    OS_Tick_GetIRQn                          0x00000aa1   Thumb Code     6  os_systick.o(.text.OS_Tick_GetIRQn)
    OS_Tick_Setup                            0x00000aa9   Thumb Code    48  os_systick.o(.text.OS_Tick_Setup)
    SetupUart                                0x00000b0d   Thumb Code   154  main.o(.text.SetupUart)
    SystemInit                               0x00000ba9   Thumb Code    36  system_tm4c129.o(.text.SystemInit)
    Thread_Factorial                         0x00000c31   Thumb Code    98  main.o(.text.Thread_Factorial)
    Thread_Fibonacci                         0x00000c95   Thumb Code   116  main.o(.text.Thread_Fibonacci)
    Thread_UARTWrite                         0x00000d09   Thumb Code   112  main.o(.text.Thread_UARTWrite)
    UARTIntHandler                           0x00000dc1   Thumb Code   120  main.o(.text.UARTIntHandler)
    main                                     0x00000e39   Thumb Code   172  main.o(.text.main)
    osKernelInitialize                       0x00000ee5   Thumb Code    40  rtx_kernel.o(.text.osKernelInitialize)
    osKernelStart                            0x00000f11   Thumb Code    32  rtx_kernel.o(.text.osKernelStart)
    osMessageQueueGet                        0x00000f35   Thumb Code   108  rtx_msgqueue.o(.text.osMessageQueueGet)
    osMessageQueueNew                        0x00000fa5   Thumb Code    32  rtx_msgqueue.o(.text.osMessageQueueNew)
    osMessageQueuePut                        0x00000fc9   Thumb Code   124  rtx_msgqueue.o(.text.osMessageQueuePut)
    osRtxErrorNotify                         0x00001049   Thumb Code    46  rtx_config.o(.text.osRtxErrorNotify)
    osRtxIdleThread                          0x00001079   Thumb Code     8  rtx_config.o(.text.osRtxIdleThread)
    osRtxKernelErrorNotify                   0x00001081   Thumb Code     4  rtx_kernel.o(.text.osRtxKernelErrorNotify)
    osRtxKernelPreInit                       0x00001085   Thumb Code     2  rtx_kernel.o(.text.osRtxKernelPreInit)
    osRtxMemoryAlloc                         0x00001087   Thumb Code   108  rtx_memory.o(.text.osRtxMemoryAlloc)
    osRtxMemoryFree                          0x000010f3   Thumb Code    66  rtx_memory.o(.text.osRtxMemoryFree)
    osRtxMemoryInit                          0x00001135   Thumb Code    54  rtx_memory.o(.text.osRtxMemoryInit)
    osRtxMemoryPoolAlloc                     0x0000116b   Thumb Code    58  rtx_mempool.o(.text.osRtxMemoryPoolAlloc)
    osRtxMemoryPoolFree                      0x000011a5   Thumb Code    74  rtx_mempool.o(.text.osRtxMemoryPoolFree)
    osRtxMemoryPoolInit                      0x000011ef   Thumb Code    56  rtx_mempool.o(.text.osRtxMemoryPoolInit)
    osRtxMessageQueueTimerSetup              0x000012d1   Thumb Code    32  rtx_msgqueue.o(.text.osRtxMessageQueueTimerSetup)
    osRtxMutexOwnerRelease                   0x000012f5   Thumb Code    72  rtx_mutex.o(.text.osRtxMutexOwnerRelease)
    osRtxMutexOwnerRestore                   0x0000133d   Thumb Code    72  rtx_mutex.o(.text.osRtxMutexOwnerRestore)
    osRtxPendSV_Handler                      0x00001385   Thumb Code   136  rtx_system.o(.text.osRtxPendSV_Handler)
    osRtxPostProcess                         0x0000140d   Thumb Code   108  rtx_system.o(.text.osRtxPostProcess)
    osRtxThreadDelayTick                     0x00001569   Thumb Code    80  rtx_thread.o(.text.osRtxThreadDelayTick)
    osRtxThreadDispatch                      0x000015d9   Thumb Code    80  rtx_thread.o(.text.osRtxThreadDispatch)
    osRtxThreadListGet                       0x0000169f   Thumb Code    18  rtx_thread.o(.text.osRtxThreadListGet)
    osRtxThreadListPut                       0x000016b1   Thumb Code    44  rtx_thread.o(.text.osRtxThreadListPut)
    osRtxThreadListRemove                    0x000016dd   Thumb Code    20  rtx_thread.o(.text.osRtxThreadListRemove)
    osRtxThreadListSort                      0x000016f1   Thumb Code    38  rtx_thread.o(.text.osRtxThreadListSort)
    osRtxThreadReadyPut                      0x00001741   Thumb Code    16  rtx_thread.o(.text.osRtxThreadReadyPut)
    osRtxThreadRegPtr                        0x00001755   Thumb Code    20  rtx_thread.o(.text.osRtxThreadRegPtr)
    osRtxThreadStartup                       0x00001769   Thumb Code    48  rtx_thread.o(.text.osRtxThreadStartup)
    osRtxThreadSwitch                        0x0000179d   Thumb Code    12  rtx_thread.o(.text.osRtxThreadSwitch)
    osRtxThreadWaitEnter                     0x000017a9   Thumb Code    56  rtx_thread.o(.text.osRtxThreadWaitEnter)
    osRtxThreadWaitExit                      0x000017e5   Thumb Code    48  rtx_thread.o(.text.osRtxThreadWaitExit)
    osRtxTick_Handler                        0x00001815   Thumb Code   116  rtx_system.o(.text.osRtxTick_Handler)
    osRtxTimerSetup                          0x0000188d   Thumb Code    24  rtx_timer.o(.text.osRtxTimerSetup)
    osRtxTimerThread                         0x000018ad   Thumb Code    32  rtx_timer.o(.text.osRtxTimerThread)
    osThreadExit                             0x0000193d   Thumb Code     8  rtx_thread.o(.text.osThreadExit)
    osThreadNew                              0x00001949   Thumb Code    32  rtx_thread.o(.text.osThreadNew)
    GPIODirModeSet                           0x00001fb1   Thumb Code    40  gpio.o(i.GPIODirModeSet)
    GPIOPadConfigSet                         0x00001fd9   Thumb Code   354  gpio.o(i.GPIOPadConfigSet)
    GPIOPinConfigure                         0x00002149   Thumb Code    60  gpio.o(i.GPIOPinConfigure)
    GPIOPinTypeUART                          0x0000218d   Thumb Code    28  gpio.o(i.GPIOPinTypeUART)
    IntEnable                                0x000021a9   Thumb Code    92  interrupt.o(i.IntEnable)
    IntRegister                              0x0000220d   Thumb Code    44  interrupt.o(i.IntRegister)
    SysCtlClockFreqSet                       0x00002241   Thumb Code   700  sysctl.o(i.SysCtlClockFreqSet)
    SysCtlPeripheralEnable                   0x00002525   Thumb Code    36  sysctl.o(i.SysCtlPeripheralEnable)
    SysCtlPeripheralReady                    0x0000254d   Thumb Code    40  sysctl.o(i.SysCtlPeripheralReady)
    UARTCharGetNonBlocking                   0x00002579   Thumb Code    16  uart.o(i.UARTCharGetNonBlocking)
    UARTCharPutNonBlocking                   0x00002589   Thumb Code    16  uart.o(i.UARTCharPutNonBlocking)
    UARTConfigSetExpClk                      0x00002599   Thumb Code   110  uart.o(i.UARTConfigSetExpClk)
    UARTFIFODisable                          0x00002607   Thumb Code    10  uart.o(i.UARTFIFODisable)
    UARTIntClear                             0x00002611   Thumb Code     4  uart.o(i.UARTIntClear)
    UARTIntEnable                            0x00002615   Thumb Code     8  uart.o(i.UARTIntEnable)
    UARTIntRegister                          0x0000261d   Thumb Code    70  uart.o(i.UARTIntRegister)
    UARTIntStatus                            0x00002675   Thumb Code    10  uart.o(i.UARTIntStatus)
    __0snprintf                              0x00002681   Thumb Code    48  printfa.o(i.__0snprintf)
    __1snprintf                              0x00002681   Thumb Code     0  printfa.o(i.__0snprintf)
    __2snprintf                              0x00002681   Thumb Code     0  printfa.o(i.__0snprintf)
    __c89snprintf                            0x00002681   Thumb Code     0  printfa.o(i.__0snprintf)
    snprintf                                 0x00002681   Thumb Code     0  printfa.o(i.__0snprintf)
    __scatterload_copy                       0x000026b5   Thumb Code    14  handlers.o(i.__scatterload_copy)
    __scatterload_null                       0x000026c3   Thumb Code     2  handlers.o(i.__scatterload_null)
    __scatterload_zeroinit                   0x000026c5   Thumb Code    14  handlers.o(i.__scatterload_zeroinit)
    osRtxConfig                              0x000035a4   Data         112  rtx_lib.o(.rodata)
    os_cb_sections                           0x00003614   Data          56  rtx_lib.o(.rodata)
    osRtxUserSVC                             0x0000364c   Data           4  rtx_lib.o(.rodata.osRtxUserSVC)
    Region$$Table$$Base                      0x000036cc   Number         0  anon$$obj.o(Region$$Table)
    Region$$Table$$Limit                     0x000036ec   Number         0  anon$$obj.o(Region$$Table)
    SystemCoreClock                          0x20000000   Data           4  system_tm4c129.o(.data.SystemCoreClock)
    osRtxInfo                                0x20000004   Data         164  rtx_kernel.o(.data.os)
    SysClock                                 0x20000670   Data           4  main.o(.bss.SysClock)
    .bss.os.msgqueue.cb$$Base                0x200086bc   Number         0  rtx_lib.o(.bss.os.msgqueue.cb)
    .bss.os.msgqueue.cb$$Limit               0x200086f0   Number         0  rtx_lib.o(.bss.os.msgqueue.cb)
    .bss.os.thread.cb$$Base                  0x20008740   Number         0  rtx_lib.o(.bss.os.thread.cb)
    .bss.os.thread.cb$$Limit                 0x200087c8   Number         0  rtx_lib.o(.bss.os.thread.cb)
    queueFactorial                           0x20008bc8   Data           4  main.o(.bss.queueFactorial)
    queueFibonacci                           0x20008bcc   Data           4  main.o(.bss.queueFibonacci)
    queueResp                                0x20008bd0   Data           4  main.o(.bss.queueResp)
    __initial_sp                             0x20008dd8   Data           0  startup_tm4c129.o(STACK)



==============================================================================

Memory Map of the image

  Image Entry point : 0x00000215

  Load Region LR_1 (Base: 0x00000000, Size: 0x00003e6c, Max: 0xffffffff, ABSOLUTE, COMPRESSED[0x0000381c])

    Execution Region ER_RO (Exec base: 0x00000000, Load base: 0x00000000, Size: 0x000036ec, Max: 0xffffffff, ABSOLUTE)

    Exec Addr    Load Addr    Size         Type   Attr      Idx    E Section Name        Object

    0x00000000   0x00000000   0x00000200   Data   RO           57    RESET               startup_tm4c129.o
    0x00000200   0x00000200   0x00000000   Code   RO         1653  * .ARM.Collect$$$$00000000  mc_w.l(entry.o)
    0x00000200   0x00000200   0x00000004   Code   RO         1690    .ARM.Collect$$$$00000001  mc_w.l(entry2.o)
    0x00000204   0x00000204   0x00000004   Code   RO         1693    .ARM.Collect$$$$00000004  mc_w.l(entry5.o)
    0x00000208   0x00000208   0x00000000   Code   RO         1695    .ARM.Collect$$$$00000008  mc_w.l(entry7b.o)
    0x00000208   0x00000208   0x00000000   Code   RO         1697    .ARM.Collect$$$$0000000A  mc_w.l(entry8b.o)
    0x00000208   0x00000208   0x00000008   Code   RO         1698    .ARM.Collect$$$$0000000B  mc_w.l(entry9a.o)
    0x00000210   0x00000210   0x00000000   Code   RO         1700    .ARM.Collect$$$$0000000D  mc_w.l(entry10a.o)
    0x00000210   0x00000210   0x00000000   Code   RO         1702    .ARM.Collect$$$$0000000F  mc_w.l(entry11a.o)
    0x00000210   0x00000210   0x00000004   Code   RO         1691    .ARM.Collect$$$$00002712  mc_w.l(entry2.o)
    0x00000214   0x00000214   0x00000114   Code   RO           58  * .text               startup_tm4c129.o
    0x00000328   0x00000328   0x000000c8   Code   RO         1383    .text               RTX_CM4F.lib(irq_armv7m.o)
    0x000003f0   0x000003f0   0x00000024   Code   RO         1656    .text               mc_w.l(memcpya.o)
    0x00000414   0x00000414   0x00000024   Code   RO         1658    .text               mc_w.l(memseta.o)
    0x00000438   0x00000438   0x0000002c   Code   RO         1718    .text               mc_w.l(uidiv.o)
    0x00000464   0x00000464   0x00000062   Code   RO         1720    .text               mc_w.l(uldiv.o)
    0x000004c6   0x000004c6   0x00000000   Code   RO         1722    .text               mc_w.l(iusefp.o)
    0x000004c6   0x000004c6   0x0000014e   Code   RO         1723    .text               mf_w.l(dadd.o)
    0x00000614   0x00000614   0x000000e4   Code   RO         1725    .text               mf_w.l(dmul.o)
    0x000006f8   0x000006f8   0x000000de   Code   RO         1727    .text               mf_w.l(ddiv.o)
    0x000007d6   0x000007d6   0x00000030   Code   RO         1729    .text               mf_w.l(dfixul.o)
    0x00000806   0x00000806   0x00000002   PAD
    0x00000808   0x00000808   0x00000030   Code   RO         1731    .text               mf_w.l(cdrcmple.o)
    0x00000838   0x00000838   0x00000030   Code   RO         1733    .text               mc_w.l(init.o)
    0x00000868   0x00000868   0x0000001e   Code   RO         1736    .text               mc_w.l(llshl.o)
    0x00000886   0x00000886   0x00000020   Code   RO         1738    .text               mc_w.l(llushr.o)
    0x000008a6   0x000008a6   0x00000024   Code   RO         1740    .text               mc_w.l(llsshr.o)
    0x000008ca   0x000008ca   0x000000ba   Code   RO         1743    .text               mf_w.l(depilogue.o)
    0x00000984   0x00000984   0x0000003a   Code   RO         1753    .text               mc_w.l(__dczerorl.o)
    0x000009be   0x000009be   0x00000040   Code   RO         1364    .text.MessageQueueGet  RTX_CM4F.lib(rtx_msgqueue.o)
    0x000009fe   0x000009fe   0x00000058   Code   RO         1358    .text.MessageQueuePut  RTX_CM4F.lib(rtx_msgqueue.o)
    0x00000a56   0x00000a56   0x0000001c   Code   RO         1356    .text.MessageQueueRemove  RTX_CM4F.lib(rtx_msgqueue.o)
    0x00000a72   0x00000a72   0x00000002   PAD
    0x00000a74   0x00000a74   0x00000008   Code   RO         1633    .text.OS_Tick_AcknowledgeIRQ  RTX_CM4F.lib(os_systick.o)
    0x00000a7c   0x00000a7c   0x00000024   Code   RO         1629    .text.OS_Tick_Enable  RTX_CM4F.lib(os_systick.o)
    0x00000aa0   0x00000aa0   0x00000006   Code   RO         1635    .text.OS_Tick_GetIRQn  RTX_CM4F.lib(os_systick.o)
    0x00000aa6   0x00000aa6   0x00000002   PAD
    0x00000aa8   0x00000aa8   0x00000040   Code   RO         1627    .text.OS_Tick_Setup  RTX_CM4F.lib(os_systick.o)
    0x00000ae8   0x00000ae8   0x0000000c   Code   RO         1122    .text.OUTLINED_FUNCTION_0  RTX_CM4F.lib(rtx_kernel.o)
    0x00000af4   0x00000af4   0x0000000c   Code   RO         1372    .text.OUTLINED_FUNCTION_0  RTX_CM4F.lib(rtx_msgqueue.o)
    0x00000b00   0x00000b00   0x00000006   Code   RO         1124    .text.OUTLINED_FUNCTION_1  RTX_CM4F.lib(rtx_kernel.o)
    0x00000b06   0x00000b06   0x00000006   Code   RO         1374    .text.OUTLINED_FUNCTION_1  RTX_CM4F.lib(rtx_msgqueue.o)
    0x00000b0c   0x00000b0c   0x0000009a   Code   RO            4    .text.SetupUart     main.o
    0x00000ba6   0x00000ba6   0x00000002   PAD
    0x00000ba8   0x00000ba8   0x00000024   Code   RO           67    .text.SystemInit    system_tm4c129.o
    0x00000bcc   0x00000bcc   0x00000064   Code   RO         1214    .text.ThreadFlagsCheck  RTX_CM4F.lib(rtx_thread.o)
    0x00000c30   0x00000c30   0x00000062   Code   RO            6    .text.Thread_Factorial  main.o
    0x00000c92   0x00000c92   0x00000002   PAD
    0x00000c94   0x00000c94   0x00000074   Code   RO            8    .text.Thread_Fibonacci  main.o
    0x00000d08   0x00000d08   0x00000070   Code   RO           10    .text.Thread_UARTWrite  main.o
    0x00000d78   0x00000d78   0x00000048   Code   RO         1298    .text.TimerInsert   RTX_CM4F.lib(rtx_timer.o)
    0x00000dc0   0x00000dc0   0x00000078   Code   RO            2    .text.UARTIntHandler  main.o
    0x00000e38   0x00000e38   0x000000ac   Code   RO           12    .text.main          main.o
    0x00000ee4   0x00000ee4   0x0000002c   Code   RO         1068    .text.osKernelInitialize  RTX_CM4F.lib(rtx_kernel.o)
    0x00000f10   0x00000f10   0x00000024   Code   RO         1078    .text.osKernelStart  RTX_CM4F.lib(rtx_kernel.o)
    0x00000f34   0x00000f34   0x00000070   Code   RO         1332    .text.osMessageQueueGet  RTX_CM4F.lib(rtx_msgqueue.o)
    0x00000fa4   0x00000fa4   0x00000024   Code   RO         1326    .text.osMessageQueueNew  RTX_CM4F.lib(rtx_msgqueue.o)
    0x00000fc8   0x00000fc8   0x00000080   Code   RO         1330    .text.osMessageQueuePut  RTX_CM4F.lib(rtx_msgqueue.o)
    0x00001048   0x00001048   0x0000002e   Code   RO           47    .text.osRtxErrorNotify  rtx_config.o
    0x00001076   0x00001076   0x00000002   PAD
    0x00001078   0x00001078   0x00000008   Code   RO           45    .text.osRtxIdleThread  rtx_config.o
    0x00001080   0x00001080   0x00000004   Code   RO         1066    .text.osRtxKernelErrorNotify  RTX_CM4F.lib(rtx_kernel.o)
    0x00001084   0x00001084   0x00000002   Code   RO         1064    .text.osRtxKernelPreInit  RTX_CM4F.lib(rtx_kernel.o)
    0x00001086   0x00001086   0x0000006c   Code   RO         1549    .text.osRtxMemoryAlloc  RTX_CM4F.lib(rtx_memory.o)
    0x000010f2   0x000010f2   0x00000042   Code   RO         1551    .text.osRtxMemoryFree  RTX_CM4F.lib(rtx_memory.o)
    0x00001134   0x00001134   0x00000036   Code   RO         1547    .text.osRtxMemoryInit  RTX_CM4F.lib(rtx_memory.o)
    0x0000116a   0x0000116a   0x0000003a   Code   RO         1563    .text.osRtxMemoryPoolAlloc  RTX_CM4F.lib(rtx_mempool.o)
    0x000011a4   0x000011a4   0x0000004a   Code   RO         1565    .text.osRtxMemoryPoolFree  RTX_CM4F.lib(rtx_mempool.o)
    0x000011ee   0x000011ee   0x00000038   Code   RO         1561    .text.osRtxMemoryPoolInit  RTX_CM4F.lib(rtx_mempool.o)
    0x00001226   0x00001226   0x000000aa   Code   RO         1354    .text.osRtxMessageQueuePostProcess  RTX_CM4F.lib(rtx_msgqueue.o)
    0x000012d0   0x000012d0   0x00000024   Code   RO         1322    .text.osRtxMessageQueueTimerSetup  RTX_CM4F.lib(rtx_msgqueue.o)
    0x000012f4   0x000012f4   0x00000048   Code   RO         1511    .text.osRtxMutexOwnerRelease  RTX_CM4F.lib(rtx_mutex.o)
    0x0000133c   0x0000133c   0x00000048   Code   RO         1513    .text.osRtxMutexOwnerRestore  RTX_CM4F.lib(rtx_mutex.o)
    0x00001384   0x00001384   0x00000088   Code   RO         1615    .text.osRtxPendSV_Handler  RTX_CM4F.lib(rtx_system.o)
    0x0000140c   0x0000140c   0x00000070   Code   RO         1617    .text.osRtxPostProcess  RTX_CM4F.lib(rtx_system.o)
    0x0000147c   0x0000147c   0x00000034   Code   RO         1154    .text.osRtxThreadBlock  RTX_CM4F.lib(rtx_thread.o)
    0x000014b0   0x000014b0   0x0000007c   Code   RO         1162    .text.osRtxThreadDelayInsert  RTX_CM4F.lib(rtx_thread.o)
    0x0000152c   0x0000152c   0x0000003c   Code   RO         1158    .text.osRtxThreadDelayRemove  RTX_CM4F.lib(rtx_thread.o)
    0x00001568   0x00001568   0x00000050   Code   RO         1146    .text.osRtxThreadDelayTick  RTX_CM4F.lib(rtx_thread.o)
    0x000015b8   0x000015b8   0x00000020   Code   RO         1246    .text.osRtxThreadDestroy  RTX_CM4F.lib(rtx_thread.o)
    0x000015d8   0x000015d8   0x00000050   Code   RO         1152    .text.osRtxThreadDispatch  RTX_CM4F.lib(rtx_thread.o)
    0x00001628   0x00001628   0x00000058   Code   RO         1238    .text.osRtxThreadFree  RTX_CM4F.lib(rtx_thread.o)
    0x00001680   0x00001680   0x0000001e   Code   RO         1244    .text.osRtxThreadJoinWakeup  RTX_CM4F.lib(rtx_thread.o)
    0x0000169e   0x0000169e   0x00000012   Code   RO         1138    .text.osRtxThreadListGet  RTX_CM4F.lib(rtx_thread.o)
    0x000016b0   0x000016b0   0x0000002c   Code   RO         1136    .text.osRtxThreadListPut  RTX_CM4F.lib(rtx_thread.o)
    0x000016dc   0x000016dc   0x00000014   Code   RO         1142    .text.osRtxThreadListRemove  RTX_CM4F.lib(rtx_thread.o)
    0x000016f0   0x000016f0   0x00000026   Code   RO         1140    .text.osRtxThreadListSort  RTX_CM4F.lib(rtx_thread.o)
    0x00001716   0x00001716   0x00000028   Code   RO         1212    .text.osRtxThreadPostProcess  RTX_CM4F.lib(rtx_thread.o)
    0x0000173e   0x0000173e   0x00000002   PAD
    0x00001740   0x00001740   0x00000014   Code   RO         1144    .text.osRtxThreadReadyPut  RTX_CM4F.lib(rtx_thread.o)
    0x00001754   0x00001754   0x00000014   Code   RO         1148    .text.osRtxThreadRegPtr  RTX_CM4F.lib(rtx_thread.o)
    0x00001768   0x00001768   0x00000034   Code   RO         1164    .text.osRtxThreadStartup  RTX_CM4F.lib(rtx_thread.o)
    0x0000179c   0x0000179c   0x0000000c   Code   RO         1150    .text.osRtxThreadSwitch  RTX_CM4F.lib(rtx_thread.o)
    0x000017a8   0x000017a8   0x0000003c   Code   RO         1160    .text.osRtxThreadWaitEnter  RTX_CM4F.lib(rtx_thread.o)
    0x000017e4   0x000017e4   0x00000030   Code   RO         1156    .text.osRtxThreadWaitExit  RTX_CM4F.lib(rtx_thread.o)
    0x00001814   0x00001814   0x00000078   Code   RO         1613    .text.osRtxTick_Handler  RTX_CM4F.lib(rtx_system.o)
    0x0000188c   0x0000188c   0x00000020   Code   RO         1280    .text.osRtxTimerSetup  RTX_CM4F.lib(rtx_timer.o)
    0x000018ac   0x000018ac   0x00000020   Code   RO         1284    .text.osRtxTimerThread  RTX_CM4F.lib(rtx_timer.o)
    0x000018cc   0x000018cc   0x00000070   Code   RO         1282    .text.osRtxTimerTick  RTX_CM4F.lib(rtx_timer.o)
    0x0000193c   0x0000193c   0x0000000c   Code   RO         1196    .text.osThreadExit  RTX_CM4F.lib(rtx_thread.o)
    0x00001948   0x00001948   0x00000024   Code   RO         1168    .text.osThreadNew   RTX_CM4F.lib(rtx_thread.o)
    0x0000196c   0x0000196c   0x000000f8   Code   RO         1106    .text.svcRtxKernelInitialize  RTX_CM4F.lib(rtx_kernel.o)
    0x00001a64   0x00001a64   0x0000008c   Code   RO         1108    .text.svcRtxKernelStart  RTX_CM4F.lib(rtx_kernel.o)
    0x00001af0   0x00001af0   0x000000cc   Code   RO         1366    .text.svcRtxMessageQueueGet  RTX_CM4F.lib(rtx_msgqueue.o)
    0x00001bbc   0x00001bbc   0x00000114   Code   RO         1324    .text.svcRtxMessageQueueNew  RTX_CM4F.lib(rtx_msgqueue.o)
    0x00001cd0   0x00001cd0   0x000000a8   Code   RO         1362    .text.svcRtxMessageQueuePut  RTX_CM4F.lib(rtx_msgqueue.o)
    0x00001d78   0x00001d78   0x0000004c   Code   RO         1242    .text.svcRtxThreadExit  RTX_CM4F.lib(rtx_thread.o)
    0x00001dc4   0x00001dc4   0x000001ec   Code   RO         1166    .text.svcRtxThreadNew  RTX_CM4F.lib(rtx_thread.o)
    0x00001fb0   0x00001fb0   0x00000028   Code   RO           81    i.GPIODirModeSet    driverlib.lib(gpio.o)
    0x00001fd8   0x00001fd8   0x00000170   Code   RO           93    i.GPIOPadConfigSet  driverlib.lib(gpio.o)
    0x00002148   0x00002148   0x00000044   Code   RO           94    i.GPIOPinConfigure  driverlib.lib(gpio.o)
    0x0000218c   0x0000218c   0x0000001c   Code   RO          117    i.GPIOPinTypeUART   driverlib.lib(gpio.o)
    0x000021a8   0x000021a8   0x00000064   Code   RO         1401    i.IntEnable         driverlib.lib(interrupt.o)
    0x0000220c   0x0000220c   0x00000034   Code   RO         1413    i.IntRegister       driverlib.lib(interrupt.o)
    0x00002240   0x00002240   0x000002e4   Code   RO          416    i.SysCtlClockFreqSet  driverlib.lib(sysctl.o)
    0x00002524   0x00002524   0x00000028   Code   RO          448    i.SysCtlPeripheralEnable  driverlib.lib(sysctl.o)
    0x0000254c   0x0000254c   0x0000002c   Code   RO          452    i.SysCtlPeripheralReady  driverlib.lib(sysctl.o)
    0x00002578   0x00002578   0x00000010   Code   RO          775    i.UARTCharGetNonBlocking  driverlib.lib(uart.o)
    0x00002588   0x00002588   0x00000010   Code   RO          777    i.UARTCharPutNonBlocking  driverlib.lib(uart.o)
    0x00002598   0x00002598   0x0000006e   Code   RO          782    i.UARTConfigSetExpClk  driverlib.lib(uart.o)
    0x00002606   0x00002606   0x0000000a   Code   RO          789    i.UARTFIFODisable   driverlib.lib(uart.o)
    0x00002610   0x00002610   0x00000004   Code   RO          795    i.UARTIntClear      driverlib.lib(uart.o)
    0x00002614   0x00002614   0x00000008   Code   RO          797    i.UARTIntEnable     driverlib.lib(uart.o)
    0x0000261c   0x0000261c   0x00000058   Code   RO          798    i.UARTIntRegister   driverlib.lib(uart.o)
    0x00002674   0x00002674   0x0000000a   Code   RO          799    i.UARTIntStatus     driverlib.lib(uart.o)
    0x0000267e   0x0000267e   0x00000002   PAD
    0x00002680   0x00002680   0x00000034   Code   RO         1664    i.__0snprintf       mc_w.l(printfa.o)
    0x000026b4   0x000026b4   0x0000000e   Code   RO         1747    i.__scatterload_copy  mc_w.l(handlers.o)
    0x000026c2   0x000026c2   0x00000002   Code   RO         1748    i.__scatterload_null  mc_w.l(handlers.o)
    0x000026c4   0x000026c4   0x0000000e   Code   RO         1749    i.__scatterload_zeroinit  mc_w.l(handlers.o)
    0x000026d2   0x000026d2   0x00000002   PAD
    0x000026d4   0x000026d4   0x00000184   Code   RO         1670    i._fp_digits        mc_w.l(printfa.o)
    0x00002858   0x00002858   0x000006dc   Code   RO         1671    i._printf_core      mc_w.l(printfa.o)
    0x00002f34   0x00002f34   0x00000024   Code   RO         1672    i._printf_post_padding  mc_w.l(printfa.o)
    0x00002f58   0x00002f58   0x0000002e   Code   RO         1673    i._printf_pre_padding  mc_w.l(printfa.o)
    0x00002f86   0x00002f86   0x00000016   Code   RO         1674    i._snputc           mc_w.l(printfa.o)
    0x00002f9c   0x00002f9c   0x00000228   Data   RO          126    .constdata          driverlib.lib(gpio.o)
    0x000031c4   0x000031c4   0x00000254   Data   RO          470    .constdata          driverlib.lib(sysctl.o)
    0x00003418   0x00003418   0x00000080   Data   RO          815    .constdata          driverlib.lib(uart.o)
    0x00003498   0x00003498   0x0000010c   Data   RO         1417    .constdata          driverlib.lib(interrupt.o)
    0x000035a4   0x000035a4   0x00000070   Data   RO           31    .rodata             rtx_lib.o
    0x00003614   0x00003614   0x00000038   Data   RO           34    .rodata             rtx_lib.o
    0x0000364c   0x0000364c   0x00000004   Data   RO           33    .rodata.osRtxUserSVC  rtx_lib.o
    0x00003650   0x00003650   0x00000024   Data   RO           28    .rodata.os_idle_thread_attr  rtx_lib.o
    0x00003674   0x00003674   0x00000018   Data   RO           30    .rodata.os_timer_mq_attr  rtx_lib.o
    0x0000368c   0x0000368c   0x00000024   Data   RO           29    .rodata.os_timer_thread_attr  rtx_lib.o
    0x000036b0   0x000036b0   0x0000000d   Data   RO           18    .rodata.str1.1      main.o
    0x000036bd   0x000036bd   0x00000003   PAD
    0x000036c0   0x000036c0   0x0000000b   Data   RO         1126    .rodata.str1.4      RTX_CM4F.lib(rtx_kernel.o)
    0x000036cb   0x000036cb   0x00000001   PAD
    0x000036cc   0x000036cc   0x00000020   Data   RO         1746    Region$$Table       anon$$obj.o


    Execution Region ER_RW (Exec base: 0x20000000, Load base: 0x00003800, Size: 0x0000066c, Max: 0xffffffff, ABSOLUTE, COMPRESSED[0x0000001c])

    Exec Addr    Load Addr    Size         Type   Attr      Idx    E Section Name        Object

    0x20000000   COMPRESSED   0x00000004   Data   RW           69    .data.SystemCoreClock  system_tm4c129.o
    0x20000004   COMPRESSED   0x000000a4   Data   RW         1127    .data.os            RTX_CM4F.lib(rtx_kernel.o)
    0x200000a8   COMPRESSED   0x00000358   PAD
    0x20000400   COMPRESSED   0x0000026c   Data   RW         1418    vtable              driverlib.lib(interrupt.o)


    Execution Region ER_ZI (Exec base: 0x20000670, Load base: 0x0000381c, Size: 0x00008768, Max: 0xffffffff, ABSOLUTE)

    Exec Addr    Load Addr    Size         Type   Attr      Idx    E Section Name        Object

    0x20000670        -       0x00000004   Zero   RW           16    .bss.SysClock       main.o
    0x20000674   0x0000381c   0x00000004   PAD
    0x20000678        -       0x00008040   Zero   RW           27    .bss.os             rtx_lib.o
    0x200086b8        -       0x00000001   Zero   RW         1645    .bss.os             RTX_CM4F.lib(os_systick.o)
    0x200086b9   0x0000381c   0x00000003   PAD
    0x200086bc        -       0x00000034   Zero   RW           38    .bss.os.msgqueue.cb  rtx_lib.o
    0x200086f0        -       0x00000050   Zero   RW           39    .bss.os.msgqueue.mem  rtx_lib.o
    0x20008740        -       0x00000088   Zero   RW           35    .bss.os.thread.cb   rtx_lib.o
    0x200087c8        -       0x00000200   Zero   RW           36    .bss.os.thread.idle.stack  rtx_lib.o
    0x200089c8        -       0x00000200   Zero   RW           37    .bss.os.thread.timer.stack  rtx_lib.o
    0x20008bc8        -       0x00000004   Zero   RW           14    .bss.queueFactorial  main.o
    0x20008bcc        -       0x00000004   Zero   RW           15    .bss.queueFibonacci  main.o
    0x20008bd0        -       0x00000004   Zero   RW           17    .bss.queueResp      main.o
    0x20008bd4   0x0000381c   0x00000004   PAD
    0x20008bd8        -       0x00000200   Zero   RW           55    STACK               startup_tm4c129.o


==============================================================================

Image component sizes


      Code (inc. data)   RO Data    RW Data    ZI Data      Debug   Object Name

       772          0         13          0         16       2511   main.o
        54          6          0          0          0        767   rtx_config.o
         0          0        268          0      34124       5644   rtx_lib.o
       276          8        512          0        512       6088   startup_tm4c129.o
        36          0          0          4          0       1453   system_tm4c129.o

    ----------------------------------------------------------------------
      1144         14        828          4      34660      16463   Object Totals
         0          0         32          0          0          0   (incl. Generated)
         6          0          3          0          8          0   (incl. Padding)

    ----------------------------------------------------------------------

      Code (inc. data)   RO Data    RW Data    ZI Data      Debug   Library Member Name

       200         12          0          0          0        634   irq_armv7m.o
       114         20          0          0          1       3199   os_systick.o
       492         28         11        164          0      16781   rtx_kernel.o
       228          0          0          0          0       2590   rtx_memory.o
       188          0          0          0          0      16188   rtx_mempool.o
      1328         24          0          0          0      18765   rtx_msgqueue.o
       144          0          0          0          0      10068   rtx_mutex.o
       368         18          0          0          0       5444   rtx_system.o
      1634         48          0          0          0      32486   rtx_thread.o
       248         16          0          0          0      10433   rtx_timer.o
       504         22        552          0          0       8073   gpio.o
       152         16        268        620          0       2150   interrupt.o
       824         48        596          0          0       4490   sysctl.o
       262         18        128          0          0       5512   uart.o
        58          0          0          0          0          0   __dczerorl.o
         0          0          0          0          0          0   entry.o
         0          0          0          0          0          0   entry10a.o
         0          0          0          0          0          0   entry11a.o
         8          4          0          0          0          0   entry2.o
         4          0          0          0          0          0   entry5.o
         0          0          0          0          0          0   entry7b.o
         0          0          0          0          0          0   entry8b.o
         8          4          0          0          0          0   entry9a.o
        30          0          0          0          0          0   handlers.o
        48         10          0          0          0         68   init.o
         0          0          0          0          0          0   iusefp.o
        30          0          0          0          0         68   llshl.o
        36          0          0          0          0         68   llsshr.o
        32          0          0          0          0         68   llushr.o
        36          0          0          0          0         68   memcpya.o
        36          0          0          0          0        108   memseta.o
      2300         84          0          0          0        524   printfa.o
        44          0          0          0          0         80   uidiv.o
        98          0          0          0          0         92   uldiv.o
        48          0          0          0          0         68   cdrcmple.o
       334          0          0          0          0        148   dadd.o
       222          0          0          0          0        100   ddiv.o
       186          0          0          0          0        176   depilogue.o
        48          0          0          0          0         68   dfixul.o
       228          0          0          0          0         96   dmul.o

    ----------------------------------------------------------------------
     10532        372       1556       1640          4     138613   Library Totals
        12          0          1        856          3          0   (incl. Padding)

    ----------------------------------------------------------------------

      Code (inc. data)   RO Data    RW Data    ZI Data      Debug   Library Name

      4944        166         11        164          1     116588   RTX_CM4F.lib
      1742        104       1544        620          0      20225   driverlib.lib
      2768        102          0          0          0       1144   mc_w.l
      1066          0          0          0          0        656   mf_w.l

    ----------------------------------------------------------------------
     10532        372       1556       1640          4     138613   Library Totals

    ----------------------------------------------------------------------

==============================================================================


      Code (inc. data)   RO Data    RW Data    ZI Data      Debug   

     11676        386       2384       1644      34664     153004   Grand Totals
     11676        386       2384         28      34664     153004   ELF Image Totals (compressed)
     11676        386       2384         28          0          0   ROM Totals

==============================================================================

    Total RO  Size (Code + RO Data)                14060 (  13.73kB)
    Total RW  Size (RW Data + ZI Data)             36308 (  35.46kB)
    Total ROM Size (Code + RO Data + RW Data)      14088 (  13.76kB)

==============================================================================

