Component: Arm Compiler for Embedded 6.21 Tool: armlink [5ec1fa00]

==============================================================================

Section Cross References

    main.o(.text.SetupUart) refers to sysctl.o(i.SysCtlPeripheralEnable) for SysCtlPeripheralEnable
    main.o(.text.SetupUart) refers to sysctl.o(i.SysCtlPeripheralReady) for SysCtlPeripheralReady
    main.o(.text.SetupUart) refers to main.o(.bss.SysClock) for SysClock
    main.o(.text.SetupUart) refers to uart.o(i.UARTConfigSetExpClk) for UARTConfigSetExpClk
    main.o(.text.SetupUart) refers to uart.o(i.UARTFIFODisable) for UARTFIFODisable
    main.o(.text.SetupUart) refers to gpio.o(i.GPIOPinConfigure) for GPIOPinConfigure
    main.o(.text.SetupUart) refers to gpio.o(i.GPIOPinTypeUART) for GPIOPinTypeUART
    main.o(.ARM.exidx.text.SetupUart) refers to main.o(.text.SetupUart) for [Anonymous Symbol]
    main.o(.text.UARTIntHandler) refers to uart.o(i.UARTIntStatus) for UARTIntStatus
    main.o(.text.UARTIntHandler) refers to uart.o(i.UARTIntClear) for UARTIntClear
    main.o(.text.UARTIntHandler) refers to uart.o(i.UARTCharsAvail) for UARTCharsAvail
    main.o(.text.UARTIntHandler) refers to uart.o(i.UARTCharGet) for UARTCharGet
    main.o(.text.UARTIntHandler) refers to uart.o(i.UARTCharPut) for UARTCharPut
    main.o(.text.UARTIntHandler) refers to main.o(.bss.bufferIndex) for bufferIndex
    main.o(.text.UARTIntHandler) refers to main.o(.bss.inputBuffer) for inputBuffer
    main.o(.text.UARTIntHandler) refers to main.o(.bss.inputReady) for inputReady
    main.o(.ARM.exidx.text.UARTIntHandler) refers to main.o(.text.UARTIntHandler) for [Anonymous Symbol]
    main.o(.text.SetupTimer) refers to sysctl.o(i.SysCtlPeripheralEnable) for SysCtlPeripheralEnable
    main.o(.text.SetupTimer) refers to sysctl.o(i.SysCtlPeripheralReady) for SysCtlPeripheralReady
    main.o(.text.SetupTimer) refers to timer.o(i.TimerConfigure) for TimerConfigure
    main.o(.ARM.exidx.text.SetupTimer) refers to main.o(.text.SetupTimer) for [Anonymous Symbol]
    main.o(.text.start_us) refers to timer.o(i.TimerDisable) for TimerDisable
    main.o(.text.start_us) refers to timer.o(i.TimerLoadSet) for TimerLoadSet
    main.o(.text.start_us) refers to timer.o(i.TimerEnable) for TimerEnable
    main.o(.ARM.exidx.text.start_us) refers to main.o(.text.start_us) for [Anonymous Symbol]
    main.o(.text.stop_us) refers to timer.o(i.TimerDisable) for TimerDisable
    main.o(.text.stop_us) refers to timer.o(i.TimerValueGet) for TimerValueGet
    main.o(.text.stop_us) refers to main.o(.bss.SysClock) for SysClock
    main.o(.text.stop_us) refers to uldiv.o(.text) for __aeabi_uldivmod
    main.o(.ARM.exidx.text.stop_us) refers to main.o(.text.stop_us) for [Anonymous Symbol]
    main.o(.text.logMessage) refers to main.o(.bss.uartMutex) for uartMutex
    main.o(.text.logMessage) refers to rtx_mutex.o(.text.osMutexAcquire) for osMutexAcquire
    main.o(.text.logMessage) refers to printfa.o(i.__0vsnprintf) for vsnprintf
    main.o(.text.logMessage) refers to uart.o(i.UARTCharPut) for UARTCharPut
    main.o(.text.logMessage) refers to rtx_mutex.o(.text.osMutexRelease) for osMutexRelease
    main.o(.ARM.exidx.text.logMessage) refers to main.o(.text.logMessage) for [Anonymous Symbol]
    main.o(.text.prompt) refers to main.o(.rodata.str1.1) for .L.str
    main.o(.text.prompt) refers to main.o(.text.logMessage) for logMessage
    main.o(.ARM.exidx.text.prompt) refers to main.o(.text.prompt) for [Anonymous Symbol]
    main.o(.text.printArray) refers to rtx_kernel.o(.text.osKernelGetTickCount) for osKernelGetTickCount
    main.o(.text.printArray) refers to main.o(.rodata.str1.1) for .L.str.1
    main.o(.text.printArray) refers to printfa.o(i.__0snprintf) for snprintf
    main.o(.text.printArray) refers to main.o(.text.logMessage) for logMessage
    main.o(.ARM.exidx.text.printArray) refers to main.o(.text.printArray) for [Anonymous Symbol]
    main.o(.text.printFinalSorted) refers to rtx_kernel.o(.text.osKernelGetTickCount) for osKernelGetTickCount
    main.o(.text.printFinalSorted) refers to main.o(.rodata.str1.1) for .L.str.5
    main.o(.text.printFinalSorted) refers to printfa.o(i.__0snprintf) for snprintf
    main.o(.text.printFinalSorted) refers to main.o(.text.logMessage) for logMessage
    main.o(.ARM.exidx.text.printFinalSorted) refers to main.o(.text.printFinalSorted) for [Anonymous Symbol]
    main.o(.ARM.exidx.text.isSorted) refers to main.o(.text.isSorted) for [Anonymous Symbol]
    main.o(.text.bubbleSort) refers to main.o(.text.start_us) for start_us
    main.o(.text.bubbleSort) refers to rtx_delay.o(.text.osDelay) for osDelay
    main.o(.text.bubbleSort) refers to main.o(.text.printArray) for printArray
    main.o(.text.bubbleSort) refers to main.o(.text.isSorted) for isSorted
    main.o(.text.bubbleSort) refers to main.o(.text.stop_us) for stop_us
    main.o(.text.bubbleSort) refers to main.o(.text.printFinalSorted) for printFinalSorted
[...]
    .text                                    0x00000952   Section        0  dfixul.o(.text)
    .text                                    0x00000984   Section       48  cdrcmple.o(.text)
    .text                                    0x000009b4   Section       48  init.o(.text)
    .text                                    0x000009e4   Section        0  llsshr.o(.text)
    .text                                    0x00000a08   Section        0  _chval.o(.text)
    .text                                    0x00000a24   Section        0  depilogue.o(.text)
    .text                                    0x00000ade   Section        0  __dczerorl.o(.text)
    MessageQueueGet                          0x00000b19   Thumb Code    64  rtx_msgqueue.o(.text.MessageQueueGet)
    [Anonymous Symbol]                       0x00000b18   Section        0  rtx_msgqueue.o(.text.MessageQueueGet)
    MessageQueuePut                          0x00000b59   Thumb Code    88  rtx_msgqueue.o(.text.MessageQueuePut)
    [Anonymous Symbol]                       0x00000b58   Section        0  rtx_msgqueue.o(.text.MessageQueuePut)
    MessageQueueRemove                       0x00000bb1   Thumb Code    28  rtx_msgqueue.o(.text.MessageQueueRemove)
    [Anonymous Symbol]                       0x00000bb0   Section        0  rtx_msgqueue.o(.text.MessageQueueRemove)
    [Anonymous Symbol]                       0x00000bcc   Section        0  os_systick.o(.text.OS_Tick_AcknowledgeIRQ)
    [Anonymous Symbol]                       0x00000bd4   Section        0  os_systick.o(.text.OS_Tick_Enable)
    __arm_cp.1_1                             0x00000bf4   Number         4  os_systick.o(.text.OS_Tick_Enable)
    [Anonymous Symbol]                       0x00000bf8   Section        0  os_systick.o(.text.OS_Tick_GetIRQn)
    [Anonymous Symbol]                       0x00000c00   Section        0  os_systick.o(.text.OS_Tick_Setup)
    __arm_cp.0_0                             0x00000c30   Number         4  os_systick.o(.text.OS_Tick_Setup)
    __arm_cp.0_1                             0x00000c34   Number         4  os_systick.o(.text.OS_Tick_Setup)
    __arm_cp.0_2                             0x00000c38   Number         4  os_systick.o(.text.OS_Tick_Setup)
    __arm_cp.0_3                             0x00000c3c   Number         4  os_systick.o(.text.OS_Tick_Setup)
    OUTLINED_FUNCTION_0                      0x00000c41   Thumb Code    12  rtx_kernel.o(.text.OUTLINED_FUNCTION_0)
    [Anonymous Symbol]                       0x00000c40   Section        0  rtx_kernel.o(.text.OUTLINED_FUNCTION_0)
    OUTLINED_FUNCTION_0                      0x00000c4d   Thumb Code    12  rtx_msgqueue.o(.text.OUTLINED_FUNCTION_0)
    [Anonymous Symbol]                       0x00000c4c   Section        0  rtx_msgqueue.o(.text.OUTLINED_FUNCTION_0)
    OUTLINED_FUNCTION_1                      0x00000c59   Thumb Code     6  rtx_kernel.o(.text.OUTLINED_FUNCTION_1)
    [Anonymous Symbol]                       0x00000c58   Section        0  rtx_kernel.o(.text.OUTLINED_FUNCTION_1)
    OUTLINED_FUNCTION_1                      0x00000c5f   Thumb Code     6  rtx_msgqueue.o(.text.OUTLINED_FUNCTION_1)
    [Anonymous Symbol]                       0x00000c5e   Section        0  rtx_msgqueue.o(.text.OUTLINED_FUNCTION_1)
    [Anonymous Symbol]                       0x00000c64   Section        0  main.o(.text.SetupTimer)
    [Anonymous Symbol]                       0x00000c94   Section        0  main.o(.text.SetupUart)
    [Anonymous Symbol]                       0x00000d18   Section        0  system_tm4c129.o(.text.SystemInit)
    ThreadFlagsCheck                         0x00000d3d   Thumb Code   100  rtx_thread.o(.text.ThreadFlagsCheck)
    [Anonymous Symbol]                       0x00000d3c   Section        0  rtx_thread.o(.text.ThreadFlagsCheck)
    [Anonymous Symbol]                       0x00000da0   Section        0  main.o(.text.Thread_Input)
    [Anonymous Symbol]                       0x00000f58   Section        0  main.o(.text.Thread_Sort)
    TimerInsert                              0x00001081   Thumb Code    68  rtx_timer.o(.text.TimerInsert)
    [Anonymous Symbol]                       0x00001080   Section        0  rtx_timer.o(.text.TimerInsert)
    __arm_cp.9_0                             0x000010c4   Number         4  rtx_timer.o(.text.TimerInsert)
    [Anonymous Symbol]                       0x000010c8   Section        0  main.o(.text.UARTIntHandler)
    [Anonymous Symbol]                       0x0000118c   Section        0  main.o(.text.bubbleSort)
    [Anonymous Symbol]                       0x00001268   Section        0  main.o(.text.insertionSort)
    [Anonymous Symbol]                       0x0000134c   Section        0  main.o(.text.isSorted)
    [Anonymous Symbol]                       0x0000139c   Section        0  main.o(.text.logMessage)
    [Anonymous Symbol]                       0x00001410   Section        0  main.o(.text.main)
    [Anonymous Symbol]                       0x0000154c   Section        0  rtx_delay.o(.text.osDelay)
    __arm_cp.0_0                             0x0000156c   Number         4  rtx_delay.o(.text.osDelay)
    [Anonymous Symbol]                       0x00001570   Section        0  rtx_kernel.o(.text.osKernelGetTickCount)
    __arm_cp.13_0                            0x00001590   Number         4  rtx_kernel.o(.text.osKernelGetTickCount)
    __arm_cp.13_1                            0x00001594   Number         4  rtx_kernel.o(.text.osKernelGetTickCount)
    [Anonymous Symbol]                       0x00001598   Section        0  rtx_kernel.o(.text.osKernelInitialize)
    __arm_cp.2_0                             0x000015c0   Number         4  rtx_kernel.o(.text.osKernelInitialize)
    [Anonymous Symbol]                       0x000015c4   Section        0  rtx_kernel.o(.text.osKernelStart)
    __arm_cp.7_0                             0x000015e4   Number         4  rtx_kernel.o(.text.osKernelStart)
    [Anonymous Symbol]                       0x000015e8   Section        0  rtx_msgqueue.o(.text.osMessageQueueGet)
    __arm_cp.5_0                             0x00001654   Number         4  rtx_msgqueue.o(.text.osMessageQueueGet)
    [Anonymous Symbol]                       0x00001658   Section        0  rtx_msgqueue.o(.text.osMessageQueueNew)
    __arm_cp.2_0                             0x00001678   Number         4  rtx_msgqueue.o(.text.osMessageQueueNew)
    [Anonymous Symbol]                       0x0000167c   Section        0  rtx_msgqueue.o(.text.osMessageQueuePut)
    __arm_cp.4_0                             0x000016f8   Number         4  rtx_msgqueue.o(.text.osMessageQueuePut)
    [Anonymous Symbol]                       0x000016fc   Section        0  rtx_mutex.o(.text.osMutexAcquire)
    __arm_cp.4_0                             0x0000171c   Number         4  rtx_mutex.o(.text.osMutexAcquire)
    [Anonymous Symbol]                       0x00001720   Section        0  rtx_mutex.o(.text.osMutexNew)
    __arm_cp.2_0                             0x00001740   Number         4  rtx_mutex.o(.text.osMutexNew)
    [Anonymous Symbol]                       0x00001744   Section        0  rtx_mutex.o(.text.osMutexRelease)
    __arm_cp.5_0                             0x00001764   Number         4  rtx_mutex.o(.text.osMutexRelease)
    [Anonymous Symbol]                       0x00001768   Section        0  rtx_config.o(.text.osRtxErrorNotify)
    [Anonymous Symbol]                       0x00001798   Section        0  rtx_config.o(.text.osRtxIdleThread)
    [Anonymous Symbol]                       0x000017a0   Section        0  rtx_kernel.o(.text.osRtxKernelErrorNotify)
    [Anonymous Symbol]                       0x000017a4   Section        0  rtx_kernel.o(.text.osRtxKernelPreInit)
    [Anonymous Symbol]                       0x000017a6   Section        0  rtx_memory.o(.text.osRtxMemoryAlloc)
    [Anonymous Symbol]                       0x00001812   Section        0  rtx_memory.o(.text.osRtxMemoryFree)
    [Anonymous Symbol]                       0x00001854   Section        0  rtx_memory.o(.text.osRtxMemoryInit)
    [Anonymous Symbol]                       0x0000188a   Section        0  rtx_mempool.o(.text.osRtxMemoryPoolAlloc)
    [Anonymous Symbol]                       0x000018c4   Section        0  rtx_mempool.o(.text.osRtxMemoryPoolFree)
    [Anonymous Symbol]                       0x0000190e   Section        0  rtx_mempool.o(.text.osRtxMemoryPoolInit)
    osRtxMessageQueuePostProcess             0x00001947   Thumb Code   170  rtx_msgqueue.o(.text.osRtxMessageQueuePostProcess)
    [Anonymous Symbol]                       0x00001946   Section        0  rtx_msgqueue.o(.text.osRtxMessageQueuePostProcess)
    [Anonymous Symbol]                       0x000019f0   Section        0  rtx_msgqueue.o(.text.osRtxMessageQueueTimerSetup)
    __arm_cp.0_0                             0x00001a10   Number         4  rtx_msgqueue.o(.text.osRtxMessageQueueTimerSetup)
    [Anonymous Symbol]                       0x00001a14   Section        0  rtx_mutex.o(.text.osRtxMutexOwnerRelease)
    [Anonymous Symbol]                       0x00001a5c   Section        0  rtx_mutex.o(.text.osRtxMutexOwnerRestore)
    [Anonymous Symbol]                       0x00001aa4   Section        0  rtx_system.o(.text.osRtxPendSV_Handler)
    [Anonymous Symbol]                       0x00001b2c   Section        0  rtx_system.o(.text.osRtxPostProcess)
    __arm_cp.2_1                             0x00001b98   Number         4  rtx_system.o(.text.osRtxPostProcess)
    osRtxThreadBlock                         0x00001b9d   Thumb Code    52  rtx_thread.o(.text.osRtxThreadBlock)
    [Anonymous Symbol]                       0x00001b9c   Section        0  rtx_thread.o(.text.osRtxThreadBlock)
    osRtxThreadDelayInsert                   0x00001bd1   Thumb Code   124  rtx_thread.o(.text.osRtxThreadDelayInsert)
    [Anonymous Symbol]                       0x00001bd0   Section        0  rtx_thread.o(.text.osRtxThreadDelayInsert)
    osRtxThreadDelayRemove                   0x00001c4d   Thumb Code    60  rtx_thread.o(.text.osRtxThreadDelayRemove)
    [Anonymous Symbol]                       0x00001c4c   Section        0  rtx_thread.o(.text.osRtxThreadDelayRemove)
    [Anonymous Symbol]                       0x00001c88   Section        0  rtx_thread.o(.text.osRtxThreadDelayTick)
    osRtxThreadDestroy                       0x00001cd9   Thumb Code    32  rtx_thread.o(.text.osRtxThreadDestroy)
    [Anonymous Symbol]                       0x00001cd8   Section        0  rtx_thread.o(.text.osRtxThreadDestroy)
    [Anonymous Symbol]                       0x00001cf8   Section        0  rtx_thread.o(.text.osRtxThreadDispatch)
    osRtxThreadFree                          0x00001d49   Thumb Code    84  rtx_thread.o(.text.osRtxThreadFree)
    [Anonymous Symbol]                       0x00001d48   Section        0  rtx_thread.o(.text.osRtxThreadFree)
    __arm_cp.51_0                            0x00001d9c   Number         4  rtx_thread.o(.text.osRtxThreadFree)
    osRtxThreadJoinWakeup                    0x00001da1   Thumb Code    30  rtx_thread.o(.text.osRtxThreadJoinWakeup)
    [Anonymous Symbol]                       0x00001da0   Section        0  rtx_thread.o(.text.osRtxThreadJoinWakeup)
    [Anonymous Symbol]                       0x00001dbe   Section        0  rtx_thread.o(.text.osRtxThreadListGet)
    [Anonymous Symbol]                       0x00001dd0   Section        0  rtx_thread.o(.text.osRtxThreadListPut)
    [Anonymous Symbol]                       0x00001dfc   Section        0  rtx_thread.o(.text.osRtxThreadListRemove)
    [Anonymous Symbol]                       0x00001e10   Section        0  rtx_thread.o(.text.osRtxThreadListSort)
    osRtxThreadPostProcess                   0x00001e37   Thumb Code    40  rtx_thread.o(.text.osRtxThreadPostProcess)
    [Anonymous Symbol]                       0x00001e36   Section        0  rtx_thread.o(.text.osRtxThreadPostProcess)
    [Anonymous Symbol]                       0x00001e60   Section        0  rtx_thread.o(.text.osRtxThreadReadyPut)
    __arm_cp.4_0                             0x00001e70   Number         4  rtx_thread.o(.text.osRtxThreadReadyPut)
    [Anonymous Symbol]                       0x00001e74   Section        0  rtx_thread.o(.text.osRtxThreadRegPtr)
    [Anonymous Symbol]                       0x00001e88   Section        0  rtx_thread.o(.text.osRtxThreadStartup)
    __arm_cp.14_0                            0x00001eb8   Number         4  rtx_thread.o(.text.osRtxThreadStartup)
    __arm_cp.14_1                            0x00001ebc   Number         4  rtx_thread.o(.text.osRtxThreadStartup)
    [Anonymous Symbol]                       0x00001ec0   Section        0  rtx_thread.o(.text.osRtxThreadSwitch)
    [Anonymous Symbol]                       0x00001ecc   Section        0  rtx_thread.o(.text.osRtxThreadWaitEnter)
    __arm_cp.12_0                            0x00001f04   Number         4  rtx_thread.o(.text.osRtxThreadWaitEnter)
    [Anonymous Symbol]                       0x00001f08   Section        0  rtx_thread.o(.text.osRtxThreadWaitExit)
    [Anonymous Symbol]                       0x00001f38   Section        0  rtx_system.o(.text.osRtxTick_Handler)
    __arm_cp.0_0                             0x00001fac   Number         4  rtx_system.o(.text.osRtxTick_Handler)
    [Anonymous Symbol]                       0x00001fb0   Section        0  rtx_timer.o(.text.osRtxTimerSetup)
    __arm_cp.0_0                             0x00001fc8   Number         4  rtx_timer.o(.text.osRtxTimerSetup)
    __arm_cp.0_1                             0x00001fcc   Number         4  rtx_timer.o(.text.osRtxTimerSetup)
    [Anonymous Symbol]                       0x00001fd0   Section        0  rtx_timer.o(.text.osRtxTimerThread)
    osRtxTimerTick                           0x00001ff1   Thumb Code   108  rtx_timer.o(.text.osRtxTimerTick)
    [Anonymous Symbol]                       0x00001ff0   Section        0  rtx_timer.o(.text.osRtxTimerTick)
    __arm_cp.1_0                             0x0000205c   Number         4  rtx_timer.o(.text.osRtxTimerTick)
    [Anonymous Symbol]                       0x00002060   Section        0  rtx_thread.o(.text.osThreadExit)
    __arm_cp.30_0                            0x00002068   Number         4  rtx_thread.o(.text.osThreadExit)
    [Anonymous Symbol]                       0x0000206c   Section        0  rtx_thread.o(.text.osThreadNew)
    __arm_cp.16_0                            0x0000208c   Number         4  rtx_thread.o(.text.osThreadNew)
    [Anonymous Symbol]                       0x00002090   Section        0  main.o(.text.printArray)
    [Anonymous Symbol]                       0x00002130   Section        0  main.o(.text.printFinalSorted)
    [Anonymous Symbol]                       0x000021dc   Section        0  main.o(.text.prompt)
    [Anonymous Symbol]                       0x000021ec   Section        0  main.o(.text.quickSort)
    [Anonymous Symbol]                       0x00002350   Section        0  main.o(.text.start_us)
    [Anonymous Symbol]                       0x0000237c   Section        0  main.o(.text.stop_us)
    svcRtxDelay                              0x000023bf   Thumb Code    22  rtx_delay.o(.text.svcRtxDelay)
    [Anonymous Symbol]                       0x000023be   Section        0  rtx_delay.o(.text.svcRtxDelay)
    svcRtxKernelGetTickCount                 0x000023d5   Thumb Code     8  rtx_kernel.o(.text.svcRtxKernelGetTickCount)
    [Anonymous Symbol]                       0x000023d4   Section        0  rtx_kernel.o(.text.svcRtxKernelGetTickCount)
    __arm_cp.14_0                            0x000023dc   Number         4  rtx_kernel.o(.text.svcRtxKernelGetTickCount)
    svcRtxKernelInitialize                   0x000023e1   Thumb Code   244  rtx_kernel.o(.text.svcRtxKernelInitialize)
    [Anonymous Symbol]                       0x000023e0   Section        0  rtx_kernel.o(.text.svcRtxKernelInitialize)
    __arm_cp.21_2                            0x000024d4   Number         4  rtx_kernel.o(.text.svcRtxKernelInitialize)
    svcRtxKernelStart                        0x000024d9   Thumb Code   124  rtx_kernel.o(.text.svcRtxKernelStart)
    [Anonymous Symbol]                       0x000024d8   Section        0  rtx_kernel.o(.text.svcRtxKernelStart)
    __arm_cp.22_1                            0x00002554   Number         4  rtx_kernel.o(.text.svcRtxKernelStart)
    __arm_cp.22_2                            0x00002558   Number         4  rtx_kernel.o(.text.svcRtxKernelStart)
    __arm_cp.22_3                            0x0000255c   Number         4  rtx_kernel.o(.text.svcRtxKernelStart)
    svcRtxMessageQueueGet                    0x00002561   Thumb Code   200  rtx_msgqueue.o(.text.svcRtxMessageQueueGet)
    [Anonymous Symbol]                       0x00002560   Section        0  rtx_msgqueue.o(.text.svcRtxMessageQueueGet)
    svcRtxMessageQueueNew                    0x00002629   Thumb Code   272  rtx_msgqueue.o(.text.svcRtxMessageQueueNew)
    [Anonymous Symbol]                       0x00002628   Section        0  rtx_msgqueue.o(.text.svcRtxMessageQueueNew)
    __arm_cp.1_0                             0x00002738   Number         4  rtx_msgqueue.o(.text.svcRtxMessageQueueNew)
    __arm_cp.1_1                             0x0000273c   Number         4  rtx_msgqueue.o(.text.svcRtxMessageQueueNew)
    svcRtxMessageQueuePut                    0x00002741   Thumb Code   168  rtx_msgqueue.o(.text.svcRtxMessageQueuePut)
    [Anonymous Symbol]                       0x00002740   Section        0  rtx_msgqueue.o(.text.svcRtxMessageQueuePut)
    svcRtxMutexAcquire                       0x000027e9   Thumb Code   140  rtx_mutex.o(.text.svcRtxMutexAcquire)
    [Anonymous Symbol]                       0x000027e8   Section        0  rtx_mutex.o(.text.svcRtxMutexAcquire)
    __arm_cp.10_0                            0x00002874   Number         4  rtx_mutex.o(.text.svcRtxMutexAcquire)
    svcRtxMutexNew                           0x00002879   Thumb Code   100  rtx_mutex.o(.text.svcRtxMutexNew)
    [Anonymous Symbol]                       0x00002878   Section        0  rtx_mutex.o(.text.svcRtxMutexNew)
    svcRtxMutexRelease                       0x000028dd   Thumb Code   176  rtx_mutex.o(.text.svcRtxMutexRelease)
    [Anonymous Symbol]                       0x000028dc   Section        0  rtx_mutex.o(.text.svcRtxMutexRelease)
    svcRtxThreadExit                         0x0000298d   Thumb Code    72  rtx_thread.o(.text.svcRtxThreadExit)
    [Anonymous Symbol]                       0x0000298c   Section        0  rtx_thread.o(.text.svcRtxThreadExit)
    __arm_cp.53_0                            0x000029d4   Number         4  rtx_thread.o(.text.svcRtxThreadExit)
    svcRtxThreadNew                          0x000029d9   Thumb Code   472  rtx_thread.o(.text.svcRtxThreadNew)
    [Anonymous Symbol]                       0x000029d8   Section        0  rtx_thread.o(.text.svcRtxThreadNew)
    __arm_cp.15_0                            0x00002bb0   Number         4  rtx_thread.o(.text.svcRtxThreadNew)
    __arm_cp.15_1                            0x00002bb4   Number         4  rtx_thread.o(.text.svcRtxThreadNew)
    __arm_cp.15_2                            0x00002bb8   Number         4  rtx_thread.o(.text.svcRtxThreadNew)
    __arm_cp.15_3                            0x00002bbc   Number         4  rtx_thread.o(.text.svcRtxThreadNew)
    __arm_cp.15_4                            0x00002bc0   Number         4  rtx_thread.o(.text.svcRtxThreadNew)
    i.GPIODirModeSet                         0x00002bc4   Section        0  gpio.o(i.GPIODirModeSet)
    i.GPIOPadConfigSet                       0x00002bec   Section        0  gpio.o(i.GPIOPadConfigSet)
    i.GPIOPinConfigure                       0x00002d5c   Section        0  gpio.o(i.GPIOPinConfigure)
    i.GPIOPinTypeUART                        0x00002da0   Section        0  gpio.o(i.GPIOPinTypeUART)
    i.IntEnable                              0x00002dbc   Section        0  interrupt.o(i.IntEnable)
    i.IntRegister                            0x00002e20   Section        0  interrupt.o(i.IntRegister)
    i.SysCtlClockFreqSet                     0x00002e54   Section        0  sysctl.o(i.SysCtlClockFreqSet)
    i.SysCtlPeripheralEnable                 0x00003138   Section        0  sysctl.o(i.SysCtlPeripheralEnable)
    i.SysCtlPeripheralReady                  0x00003160   Section        0  sysctl.o(i.SysCtlPeripheralReady)
    i.TimerConfigure                         0x0000318c   Section        0  timer.o(i.TimerConfigure)
    i.TimerDisable                           0x000031ec   Section        0  timer.o(i.TimerDisable)
    i.TimerEnable                            0x000031fc   Section        0  timer.o(i.TimerEnable)
    i.TimerLoadSet                           0x0000320a   Section        0  timer.o(i.TimerLoadSet)
    i.TimerValueGet                          0x0000321c   Section        0  timer.o(i.TimerValueGet)
    i.UARTCharGet                            0x00003226   Section        0  uart.o(i.UARTCharGet)
    i.UARTCharPut                            0x00003232   Section        0  uart.o(i.UARTCharPut)
    i.UARTCharsAvail                         0x0000323e   Section        0  uart.o(i.UARTCharsAvail)
    i.UARTConfigSetExpClk                    0x00003248   Section        0  uart.o(i.UARTConfigSetExpClk)
    i.UARTFIFODisable                        0x000032b6   Section        0  uart.o(i.UARTFIFODisable)
    i.UARTIntClear                           0x000032c0   Section        0  uart.o(i.UARTIntClear)
    i.UARTIntEnable                          0x000032c4   Section        0  uart.o(i.UARTIntEnable)
    i.UARTIntRegister                        0x000032cc   Section        0  uart.o(i.UARTIntRegister)
    i.UARTIntStatus                          0x00003324   Section        0  uart.o(i.UARTIntStatus)
    i.__0snprintf                            0x00003330   Section        0  printfa.o(i.__0snprintf)
    i.__0vsnprintf                           0x00003364   Section        0  printfa.o(i.__0vsnprintf)
    i.__aeabi_errno_addr                     0x00003398   Section        0  errno.o(i.__aeabi_errno_addr)
    i.__scatterload_copy                     0x000033a0   Section       14  handlers.o(i.__scatterload_copy)
    i.__scatterload_null                     0x000033ae   Section        2  handlers.o(i.__scatterload_null)
    i.__scatterload_zeroinit                 0x000033b0   Section       14  handlers.o(i.__scatterload_zeroinit)
    _fp_digits                               0x000033c1   Thumb Code   366  printfa.o(i._fp_digits)
    i._fp_digits                             0x000033c0   Section        0  printfa.o(i._fp_digits)
    _printf_core                             0x00003545   Thumb Code  1744  printfa.o(i._printf_core)
    i._printf_core                           0x00003544   Section        0  printfa.o(i._printf_core)
    _printf_post_padding                     0x00003c21   Thumb Code    36  printfa.o(i._printf_post_padding)
    i._printf_post_padding                   0x00003c20   Section        0  printfa.o(i._printf_post_padding)
    _printf_pre_padding                      0x00003c45   Thumb Code    46  printfa.o(i._printf_pre_padding)
    i._printf_pre_padding                    0x00003c44   Section        0  printfa.o(i._printf_pre_padding)
    _snputc                                  0x00003c73   Thumb Code    22  printfa.o(i._snputc)
    i._snputc                                0x00003c72   Section        0  printfa.o(i._snputc)
    g_ppui32GPIOIntMapBlizzard               0x00003c88   Data         192  gpio.o(.constdata)
    .constdata                               0x00003c88   Section      552  gpio.o(.constdata)
    g_ppui32GPIOIntMapSnowflake              0x00003d48   Data         216  gpio.o(.constdata)
    g_pui32GPIOBaseAddrs                     0x00003e20   Data         144  gpio.o(.constdata)
    g_pui32VCOFrequencies                    0x00003eb0   Data           8  sysctl.o(.constdata)
    .constdata                               0x00003eb0   Section      596  sysctl.o(.constdata)
    g_pui32Xtals                             0x00003eb8   Data         108  sysctl.o(.constdata)
    g_pppui32XTALtoVCO                       0x00003f24   Data         432  sysctl.o(.constdata)
    g_sXTALtoMEMTIM                          0x000040d4   Data          48  sysctl.o(.constdata)
    g_ppui32UARTIntMap                       0x00004104   Data          64  uart.o(.constdata)
    .constdata                               0x00004104   Section      128  uart.o(.constdata)
    g_ppui32UARTIntMapSnowflake              0x00004144   Data          64  uart.o(.constdata)
    g_pui32Priority                          0x00004184   Data          32  interrupt.o(.constdata)
    .constdata                               0x00004184   Section      268  interrupt.o(.constdata)
    g_pui32Regs                              0x000041a4   Data         156  interrupt.o(.constdata)
    g_pui32EnRegs                            0x00004240   Data          20  interrupt.o(.constdata)
    g_pui32Dii16Regs                         0x00004254   Data          20  interrupt.o(.constdata)
    g_pui32PendRegs                          0x00004268   Data          20  interrupt.o(.constdata)
    g_pui32UnpendRegs                        0x0000427c   Data          20  interrupt.o(.constdata)
    .constdata                               0x00004290   Section      129  ctype_o.o(.constdata)
    table                                    0x00004314   Data           4  ctype_o.o(.constdata)
    .constdata                               0x00004314   Section        4  ctype_o.o(.constdata)
    __tagsym$$used.0                         0x00004318   Number         0  rtx_lib.o(.rodata)
    __tagsym$$used.1                         0x00004388   Number         0  rtx_lib.o(.rodata)
    __tagsym$$used.0                         0x000043c0   Number         0  eventrecorder.o(.rodata.EventRecorderInfo)
    os_idle_thread_attr                      0x000043dc   Data          36  rtx_lib.o(.rodata.os_idle_thread_attr)
    [Anonymous Symbol]                       0x000043dc   Section        0  rtx_lib.o(.rodata.os_idle_thread_attr)
    os_timer_mq_attr                         0x00004400   Data          24  rtx_lib.o(.rodata.os_timer_mq_attr)
    [Anonymous Symbol]                       0x00004400   Section        0  rtx_lib.o(.rodata.os_timer_mq_attr)
    os_timer_thread_attr                     0x00004418   Data          36  rtx_lib.o(.rodata.os_timer_thread_attr)
    [Anonymous Symbol]                       0x00004418   Section        0  rtx_lib.o(.rodata.os_timer_thread_attr)
    .L.str.9                                 0x0000443c   Data          21  main.o(.rodata.str1.1)
    [Anonymous Symbol]                       0x0000443c   Section        0  main.o(.rodata.str1.1)
    .L.str.6                                 0x00004451   Data          17  main.o(.rodata.str1.1)
    .L.str.3                                 0x0000445f   Data           3  main.o(.rodata.str1.1)
    .L.str                                   0x00004462   Data          12  main.o(.rodata.str1.1)
    .L.str.1                                 0x0000446e   Data          16  main.o(.rodata.str1.1)
    .L.str.5                                 0x0000447e   Data          30  main.o(.rodata.str1.1)
    .L.str.10                                0x0000449c   Data          19  main.o(.rodata.str1.1)
    .L.str.2                                 0x000044af   Data           4  main.o(.rodata.str1.1)
    .L.str.7                                 0x000044b3   Data           7  main.o(.rodata.str1.1)
    .L.str.11                                0x000044ba   Data           6  main.o(.rodata.str1.1)
    .L.str.8                                 0x000044c0   Data          10  main.o(.rodata.str1.1)
    .L.str.4                                 0x000044ca   Data           3  main.o(.rodata.str1.1)
    [Anonymous Symbol]                       0x000044d0   Section        0  rtx_kernel.o(.rodata.str1.4)
    _rand_state                              0x20000000   Data           4  rand.o(.data)
    .data                                    0x20000000   Section        4  rand.o(.data)
    _errno                                   0x20000004   Data           4  errno.o(.data)
    .data                                    0x20000004   Section        4  errno.o(.data)
    g_pfnRAMVectors                          0x20000400   Data         620  interrupt.o(vtable)
    vtable                                   0x20000400   Section      620  interrupt.o(vtable)
    EventBuffer                              0x20000700   Data        1024  eventrecorder.o(.bss.noinit)
    [Anonymous Symbol]                       0x20000700   Section        0  eventrecorder.o(.bss.noinit)
    EventFilter                              0x20000b00   Data         128  eventrecorder.o(.bss.noinit)
    EventStatus                              0x20000b80   Data          36  eventrecorder.o(.bss.noinit)
    os_isr_queue                             0x20000ba8   Data          64  rtx_lib.o(.bss.os)
    [Anonymous Symbol]                       0x20000ba8   Section        0  rtx_lib.o(.bss.os)
    os_mem                                   0x20000be8   Data       32768  rtx_lib.o(.bss.os)
    PendST                                   0x20008be8   Data           1  os_systick.o(.bss.os)
    [Anonymous Symbol]                       0x20008be8   Section        0  os_systick.o(.bss.os)
    os_timer_mq_cb                           0x20008bec   Data          52  rtx_lib.o(.bss.os.msgqueue.cb)
    [Anonymous Symbol]                       0x20008bec   Section        0  rtx_lib.o(.bss.os.msgqueue.cb)
    os_timer_mq_data                         0x20008c20   Data          80  rtx_lib.o(.bss.os.msgqueue.mem)
    [Anonymous Symbol]                       0x20008c20   Section        0  rtx_lib.o(.bss.os.msgqueue.mem)
    os_idle_thread_cb                        0x20008c70   Data          68  rtx_lib.o(.bss.os.thread.cb)
    [Anonymous Symbol]                       0x20008c70   Section        0  rtx_lib.o(.bss.os.thread.cb)
    os_timer_thread_cb                       0x20008cb4   Data          68  rtx_lib.o(.bss.os.thread.cb)
    os_idle_thread_stack                     0x20008cf8   Data         512  rtx_lib.o(.bss.os.thread.idle.stack)
    [Anonymous Symbol]                       0x20008cf8   Section        0  rtx_lib.o(.bss.os.thread.idle.stack)
    os_timer_thread_stack                    0x20008ef8   Data         512  rtx_lib.o(.bss.os.thread.timer.stack)
    [Anonymous Symbol]                       0x20008ef8   Section        0  rtx_lib.o(.bss.os.thread.timer.stack)
    STACK                                    0x20009108   Section      512  startup_tm4c129.o(STACK)
    FPCCR                                    0xe000ef34   Number         0  irq_armv7m.o ABSOLUTE

    Global Symbols

    Symbol Name                              Value     Ov Type        Size  Object(Section)

    BuildAttributes$$THM_ISAv4$E$P$D$K$B$S$7EM$VFPi3$EXTD16$VFPS$VFMA$PE$A:L22UL41UL21$X:L11$S22US41US21$IEEE1$IW$~IW$USESV6$~STKCKD$USESV7$~SHL$OTIME$ROPI$EBA8$MICROLIB$REQ8$PRES8$EABIv2 0x00000000   Number         0  anon$$obj.o ABSOLUTE
    __Vectors                                0x00000000   Data           4  startup_tm4c129.o(RESET)
    .bss.os.evflags.cb$$Base                  - Undefined Weak Reference
    .bss.os.evflags.cb$$Limit                 - Undefined Weak Reference
    .bss.os.mempool.cb$$Base                  - Undefined Weak Reference
    .bss.os.mempool.cb$$Limit                 - Undefined Weak Reference
    .bss.os.mutex.cb$$Base                    - Undefined Weak Reference
    .bss.os.mutex.cb$$Limit                   - Undefined Weak Reference
    .bss.os.semaphore.cb$$Base                - Undefined Weak Reference
    .bss.os.semaphore.cb$$Limit               - Undefined Weak Reference
    .bss.os.timer.cb$$Base                    - Undefined Weak Reference
    .bss.os.timer.cb$$Limit                   - Undefined Weak Reference
    __cpp_initialize__aeabi_                  - Undefined Weak Reference
    __cxa_finalize                            - Undefined Weak Reference
    _clock_init                               - Undefined Weak Reference
    _microlib_exit                            - Undefined Weak Reference
    __Vectors_End                            0x00000200   Data           0  startup_tm4c129.o(RESET)
    __Vectors_Size                           0x00000200   Number         0  startup_tm4c129.o ABSOLUTE
    __main                                   0x00000201   Thumb Code     0  entry.o(.ARM.Collect$$$$00000000)
    _main_stk                                0x00000201   Thumb Code     0  entry2.o(.ARM.Collect$$$$00000001)
    _main_scatterload                        0x00000205   Thumb Code     0  entry5.o(.ARM.Collect$$$$00000004)
    __main_after_scatterload                 0x00000209   Thumb Code     0  entry5.o(.ARM.Collect$$$$00000004)
    _main_clock                              0x00000209   Thumb Code     0  entry7b.o(.ARM.Collect$$$$00000008)
    _main_cpp_init                           0x00000209   Thumb Code     0  entry8b.o(.ARM.Collect$$$$0000000A)
    _main_init                               0x00000209   Thumb Code     0  entry9a.o(.ARM.Collect$$$$0000000B)
    __rt_final_cpp                           0x00000211   Thumb Code     0  entry10a.o(.ARM.Collect$$$$0000000D)
    __rt_final_exit                          0x00000211   Thumb Code     0  entry11a.o(.ARM.Collect$$$$0000000F)
    Reset_Handler                            0x00000215   Thumb Code     8  startup_tm4c129.o(.text)
    NMI_Handler                              0x0000021d   Thumb Code     2  startup_tm4c129.o(.text)
    HardFault_Handler                        0x0000021f   Thumb Code     2  startup_tm4c129.o(.text)
    MemManage_Handler                        0x00000221   Thumb Code     2  startup_tm4c129.o(.text)
    BusFault_Handler                         0x00000223   Thumb Code     2  startup_tm4c129.o(.text)
    UsageFault_Handler                       0x00000225   Thumb Code     2  startup_tm4c129.o(.text)
    DebugMon_Handler                         0x00000229   Thumb Code     2  startup_tm4c129.o(.text)
    GPIOA_Handler                            0x0000022f   Thumb Code     2  startup_tm4c129.o(.text)
    GPIOB_Handler                            0x00000231   Thumb Code     2  startup_tm4c129.o(.text)
    GPIOC_Handler                            0x00000233   Thumb Code     2  startup_tm4c129.o(.text)
    GPIOD_Handler                            0x00000235   Thumb Code     2  startup_tm4c129.o(.text)
    GPIOE_Handler                            0x00000237   Thumb Code     2  startup_tm4c129.o(.text)
    UART0_Handler                            0x00000239   Thumb Code     2  startup_tm4c129.o(.text)
    UART1_Handler                            0x0000023b   Thumb Code     2  startup_tm4c129.o(.text)
    SSI0_Handler                             0x0000023d   Thumb Code     2  startup_tm4c129.o(.text)
    I2C0_Handler                             0x0000023f   Thumb Code     2  startup_tm4c129.o(.text)
    PMW0_FAULT_Handler                       0x00000241   Thumb Code     2  startup_tm4c129.o(.text)
    PWM0_0_Handler                           0x00000243   Thumb Code     2  startup_tm4c129.o(.text)
    PWM0_1_Handler                           0x00000245   Thumb Code     2  startup_tm4c129.o(.text)
    PWM0_2_Handler                           0x00000247   Thumb Code     2  startup_tm4c129.o(.text)
    QEI0_Handler                             0x00000249   Thumb Code     2  startup_tm4c129.o(.text)
    ADC0SS0_Handler                          0x0000024b   Thumb Code     2  startup_tm4c129.o(.text)
    ADC0SS1_Handler                          0x0000024d   Thumb Code     2  startup_tm4c129.o(.text)
    ADC0SS2_Handler                          0x0000024f   Thumb Code     2  startup_tm4c129.o(.text)
    ADC0SS3_Handler                          0x00000251   Thumb Code     2  startup_tm4c129.o(.text)
    WDT0_Handler                             0x00000253   Thumb Code     2  startup_tm4c129.o(.text)
    TIMER0A_Handler                          0x00000255   Thumb Code     2  startup_tm4c129.o(.text)
    TIMER0B_Handler                          0x00000257   Thumb Code     2  startup_tm4c129.o(.text)
    TIMER1A_Handler                          0x00000259   Thumb Code     2  startup_tm4c129.o(.text)
    TIMER1B_Handler                          0x0000025b   Thumb Code     2  startup_tm4c129.o(.text)
    TIMER2A_Handler                          0x0000025d   Thumb Code     2  startup_tm4c129.o(.text)
    TIMER2B_Handler                          0x0000025f   Thumb Code     2  startup_tm4c129.o(.text)
    COMP0_Handler                            0x00000261   Thumb Code     2  startup_tm4c129.o(.text)
    COMP1_Handler                            0x00000263   Thumb Code     2  startup_tm4c129.o(.text)
    COMP2_Handler                            0x00000265   Thumb Code     2  startup_tm4c129.o(.text)
    SYSCTL_Handler                           0x00000267   Thumb Code     2  startup_tm4c129.o(.text)
    FLASH_Handler                            0x00000269   Thumb Code     2  startup_tm4c129.o(.text)
    GPIOF_Handler                            0x0000026b   Thumb Code     2  startup_tm4c129.o(.text)
    GPIOG_Handler                            0x0000026d   Thumb Code     2  startup_tm4c129.o(.text)
    GPIOH_Handler                            0x0000026f   Thumb Code     2  startup_tm4c129.o(.text)
    UART2_Handler                            0x00000271   Thumb Code     2  startup_tm4c129.o(.text)
    SSI1_Handler                             0x00000273   Thumb Code     2  startup_tm4c129.o(.text)
    TIMER3A_Handler                          0x00000275   Thumb Code     2  startup_tm4c129.o(.text)
    TIMER3B_Handler                          0x00000277   Thumb Code     2  startup_tm4c129.o(.text)
    I2C1_Handler                             0x00000279   Thumb Code     2  startup_tm4c129.o(.text)
    CAN0_Handler                             0x0000027b   Thumb Code     2  startup_tm4c129.o(.text)
    CAN1_Handler                             0x0000027d   Thumb Code     2  startup_tm4c129.o(.text)
    ETH_Handler                              0x0000027f   Thumb Code     2  startup_tm4c129.o(.text)
    HIB_Handler                              0x00000281   Thumb Code     2  startup_tm4c129.o(.text)
    USB0_Handler                             0x00000283   Thumb Code     2  startup_tm4c129.o(.text)
    PWM0_3_Handler                           0x00000285   Thumb Code     2  startup_tm4c129.o(.text)
    UDMA_Handler                             0x00000287   Thumb Code     2  startup_tm4c129.o(.text)
    UDMAERR_Handler                          0x00000289   Thumb Code     2  startup_tm4c129.o(.text)
    ADC1SS0_Handler                          0x0000028b   Thumb Code     2  startup_tm4c129.o(.text)
    ADC1SS1_Handler                          0x0000028d   Thumb Code     2  startup_tm4c129.o(.text)
    ADC1SS2_Handler                          0x0000028f   Thumb Code     2  startup_tm4c129.o(.text)
    ADC1SS3_Handler                          0x00000291   Thumb Code     2  startup_tm4c129.o(.text)
    EBI0_Handler                             0x00000293   Thumb Code     2  startup_tm4c129.o(.text)
    GPIOJ_Handler                            0x00000295   Thumb Code     2  startup_tm4c129.o(.text)
    GPIOK_Handler                            0x00000297   Thumb Code     2  startup_tm4c129.o(.text)
    GPIOL_Handler                            0x00000299   Thumb Code     2  startup_tm4c129.o(.text)
    SSI2_Handler                             0x0000029b   Thumb Code     2  startup_tm4c129.o(.text)
    SSI3_Handler                             0x0000029d   Thumb Code     2  startup_tm4c129.o(.text)
    UART3_Handler                            0x0000029f   Thumb Code     2  startup_tm4c129.o(.text)
    UART4_Handler                            0x000002a1   Thumb Code     2  startup_tm4c129.o(.text)
    UART5_Handler                            0x000002a3   Thumb Code     2  startup_tm4c129.o(.text)
    UART6_Handler                            0x000002a5   Thumb Code     2  startup_tm4c129.o(.text)
    UART7_Handler                            0x000002a7   Thumb Code     2  startup_tm4c129.o(.text)
    I2C2_Handler                             0x000002a9   Thumb Code     2  startup_tm4c129.o(.text)
    I2C3_Handler                             0x000002ab   Thumb Code     2  startup_tm4c129.o(.text)
    TIMER4A_Handler                          0x000002ad   Thumb Code     2  startup_tm4c129.o(.text)
    TIMER4B_Handler                          0x000002af   Thumb Code     2  startup_tm4c129.o(.text)
    TIMER5A_Handler                          0x000002b1   Thumb Code     2  startup_tm4c129.o(.text)
    TIMER5B_Handler                          0x000002b3   Thumb Code     2  startup_tm4c129.o(.text)
    WTIMER0A_Handler                         0x000002b5   Thumb Code     2  startup_tm4c129.o(.text)
    WTIMER0B_Handler                         0x000002b7   Thumb Code     2  startup_tm4c129.o(.text)
    WTIMER1A_Handler                         0x000002b9   Thumb Code     2  startup_tm4c129.o(.text)
    WTIMER1B_Handler                         0x000002bb   Thumb Code     2  startup_tm4c129.o(.text)
    WTIMER2A_Handler                         0x000002bd   Thumb Code     2  startup_tm4c129.o(.text)
    WTIMER2B_Handler                         0x000002bf   Thumb Code     2  startup_tm4c129.o(.text)
    WTIMER3A_Handler                         0x000002c1   Thumb Code     2  startup_tm4c129.o(.text)
    WTIMER3B_Handler                         0x000002c3   Thumb Code     2  startup_tm4c129.o(.text)
    WTIMER4A_Handler                         0x000002c5   Thumb Code     2  startup_tm4c129.o(.text)
    WTIMER4B_Handler                         0x000002c7   Thumb Code     2  startup_tm4c129.o(.text)
    WTIMER5A_Handler                         0x000002c9   Thumb Code     2  startup_tm4c129.o(.text)
    WTIMER5B_Handler                         0x000002cb   Thumb Code     2  startup_tm4c129.o(.text)
    FPU_Handler                              0x000002cd   Thumb Code     2  startup_tm4c129.o(.text)
    I2C4_Handler                             0x000002cf   Thumb Code     2  startup_tm4c129.o(.text)
    I2C5_Handler                             0x000002d1   Thumb Code     2  startup_tm4c129.o(.text)
    GPIOM_Handler                            0x000002d3   Thumb Code     2  startup_tm4c129.o(.text)
    GPION_Handler                            0x000002d5   Thumb Code     2  startup_tm4c129.o(.text)
    TAMPER_Handler                           0x000002d7   Thumb Code     2  startup_tm4c129.o(.text)
    GPIOP0_Handler                           0x000002d9   Thumb Code     2  startup_tm4c129.o(.text)
    GPIOP1_Handler                           0x000002db   Thumb Code     2  startup_tm4c129.o(.text)
    GPIOP2_Handler                           0x000002dd   Thumb Code     2  startup_tm4c129.o(.text)
    GPIOP3_Handler                           0x000002df   Thumb Code     2  startup_tm4c129.o(.text)
    GPIOP4_Handler                           0x000002e1   Thumb Code     2  startup_tm4c129.o(.text)
    GPIOP5_Handler                           0x000002e3   Thumb Code     2  startup_tm4c129.o(.text)
    GPIOP6_Handler                           0x000002e5   Thumb Code     2  startup_tm4c129.o(.text)
    GPIOP7_Handler                           0x000002e7   Thumb Code     2  startup_tm4c129.o(.text)
    GPIOQ0_Handler                           0x000002e9   Thumb Code     2  startup_tm4c129.o(.text)
    GPIOQ1_Handler                           0x000002eb   Thumb Code     2  startup_tm4c129.o(.text)
    GPIOQ2_Handler                           0x000002ed   Thumb Code     2  startup_tm4c129.o(.text)
    GPIOQ3_Handler                           0x000002ef   Thumb Code     2  startup_tm4c129.o(.text)
    GPIOQ4_Handler                           0x000002f1   Thumb Code     2  startup_tm4c129.o(.text)
    GPIOQ5_Handler                           0x000002f3   Thumb Code     2  startup_tm4c129.o(.text)
    GPIOQ6_Handler                           0x000002f5   Thumb Code     2  startup_tm4c129.o(.text)
    GPIOQ7_Handler                           0x000002f7   Thumb Code     2  startup_tm4c129.o(.text)
    GPIOR_Handler                            0x000002f9   Thumb Code     2  startup_tm4c129.o(.text)
    GPIOS_Handler                            0x000002fb   Thumb Code     2  startup_tm4c129.o(.text)
    SHAMD5_Handler                           0x000002fd   Thumb Code     2  startup_tm4c129.o(.text)
    AES_Handler                              0x000002ff   Thumb Code     2  startup_tm4c129.o(.text)
    DES3DES_Handler                          0x00000301   Thumb Code     2  startup_tm4c129.o(.text)
    LCDCONTROLLER_Handler                    0x00000303   Thumb Code     2  startup_tm4c129.o(.text)
    TIMER6A_Handler                          0x00000305   Thumb Code     2  startup_tm4c129.o(.text)
    TIMER6B_Handler                          0x00000307   Thumb Code     2  startup_tm4c129.o(.text)
    TIMER7A_Handler                          0x00000309   Thumb Code     2  startup_tm4c129.o(.text)
    TIMER7B_Handler                          0x0000030b   Thumb Code     2  startup_tm4c129.o(.text)
    I2C6_Handler                             0x0000030d   Thumb Code     2  startup_tm4c129.o(.text)
    I2C7_Handler                             0x0000030f   Thumb Code     2  startup_tm4c129.o(.text)
    HIMSCANKEYBOARD_Handler                  0x00000311   Thumb Code     2  startup_tm4c129.o(.text)
    ONEWIRE_Handler                          0x00000313   Thumb Code     2  startup_tm4c129.o(.text)
    HIMPS2_Handler                           0x00000315   Thumb Code     2  startup_tm4c129.o(.text)
    HIMLEDSEQUENCER_Handler                  0x00000317   Thumb Code     2  startup_tm4c129.o(.text)
    HIMCONSUMERIR_Handler                    0x00000319   Thumb Code     2  startup_tm4c129.o(.text)
    I2C8_Handler                             0x0000031b   Thumb Code     2  startup_tm4c129.o(.text)
    I2C9_Handler                             0x0000031d   Thumb Code     2  startup_tm4c129.o(.text)
    GPIOT_Handler                            0x0000031f   Thumb Code     2  startup_tm4c129.o(.text)
    SVC_Handler                              0x00000329   Thumb Code   154  irq_armv7m.o(.text)
    PendSV_Handler                           0x000003c3   Thumb Code    16  irq_armv7m.o(.text)
    SysTick_Handler                          0x000003d3   Thumb Code    16  irq_armv7m.o(.text)
    __aeabi_uldivmod                         0x000003f1   Thumb Code    98  uldiv.o(.text)
    rand                                     0x00000455   Thumb Code    20  rand.o(.text)
    srand                                    0x00000469   Thumb Code     6  rand.o(.text)
    __aeabi_memcpy                           0x00000479   Thumb Code    36  memcpya.o(.text)
    __aeabi_memcpy4                          0x00000479   Thumb Code     0  memcpya.o(.text)
    __aeabi_memcpy8                          0x00000479   Thumb Code     0  memcpya.o(.text)
    __aeabi_memset                           0x0000049d   Thumb Code    14  memseta.o(.text)
    __aeabi_memset4                          0x0000049d   Thumb Code     0  memseta.o(.text)
    __aeabi_memset8                          0x0000049d   Thumb Code     0  memseta.o(.text)
    __aeabi_memclr                           0x000004ab   Thumb Code     4  memseta.o(.text)
    __aeabi_memclr4                          0x000004ab   Thumb Code     0  memseta.o(.text)
    __aeabi_memclr8                          0x000004ab   Thumb Code     0  memseta.o(.text)
    _memset$wrapper                          0x000004af   Thumb Code    18  memseta.o(.text)
    strtoul                                  0x000004c1   Thumb Code   114  strtoul.o(.text)
    __aeabi_uidiv                            0x00000533   Thumb Code     0  uidiv.o(.text)
    __aeabi_uidivmod                         0x00000533   Thumb Code    44  uidiv.o(.text)
    __aeabi_llsl                             0x0000055f   Thumb Code    30  llshl.o(.text)
    _ll_shift_l                              0x0000055f   Thumb Code     0  llshl.o(.text)
    __aeabi_llsr                             0x0000057d   Thumb Code    32  llushr.o(.text)
    _ll_ushift_r                             0x0000057d   Thumb Code     0  llushr.o(.text)
    __rt_ctype_table                         0x0000059d   Thumb Code     4  ctype_o.o(.text)
    _strtoul                                 0x000005a5   Thumb Code   158  _strtoul.o(.text)
    __I$use$fp                               0x00000643   Thumb Code     0  iusefp.o(.text)
    __aeabi_dadd                             0x00000643   Thumb Code   322  dadd.o(.text)
    __aeabi_dsub                             0x00000785   Thumb Code     6  dadd.o(.text)
    __aeabi_drsub                            0x0000078b   Thumb Code     6  dadd.o(.text)
    __aeabi_dmul                             0x00000791   Thumb Code   228  dmul.o(.text)
    __aeabi_ddiv                             0x00000875   Thumb Code   222  ddiv.o(.text)
    __aeabi_d2ulz                            0x00000953   Thumb Code    48  dfixul.o(.text)
    __aeabi_cdrcmple                         0x00000985   Thumb Code    48  cdrcmple.o(.text)
    __scatterload                            0x000009b5   Thumb Code    38  init.o(.text)
    __scatterload_rt2                        0x000009b5   Thumb Code     0  init.o(.text)
    __aeabi_lasr                             0x000009e5   Thumb Code    36  llsshr.o(.text)
    _ll_sshift_r                             0x000009e5   Thumb Code     0  llsshr.o(.text)
    _chval                                   0x00000a09   Thumb Code    28  _chval.o(.text)
    _double_round                            0x00000a25   Thumb Code    30  depilogue.o(.text)
    _double_epilogue                         0x00000a43   Thumb Code   156  depilogue.o(.text)
    __decompress                             0x00000adf   Thumb Code     0  __dczerorl.o(.text)
    __decompress0                            0x00000adf   Thumb Code    58  __dczerorl.o(.text)
    OS_Tick_AcknowledgeIRQ                   0x00000bcd   Thumb Code     8  os_systick.o(.text.OS_Tick_AcknowledgeIRQ)
    OS_Tick_Enable                           0x00000bd5   Thumb Code    32  os_systick.o(.text.OS_Tick_Enable)
    OS_Tick_GetIRQn                          0x00000bf9   Thumb Code     6  os_systick.o(.text.OS_Tick_GetIRQn)
    OS_Tick_Setup                            0x00000c01   Thumb Code    48  os_systick.o(.text.OS_Tick_Setup)
    SetupTimer                               0x00000c65   Thumb Code    48  main.o(.text.SetupTimer)
    SetupUart                                0x00000c95   Thumb Code   132  main.o(.text.SetupUart)
    SystemInit                               0x00000d19   Thumb Code    36  system_tm4c129.o(.text.SystemInit)
    Thread_Input                             0x00000da1   Thumb Code   440  main.o(.text.Thread_Input)
    Thread_Sort                              0x00000f59   Thumb Code   294  main.o(.text.Thread_Sort)
    UARTIntHandler                           0x000010c9   Thumb Code   194  main.o(.text.UARTIntHandler)
    bubbleSort                               0x0000118d   Thumb Code   218  main.o(.text.bubbleSort)
    insertionSort                            0x00001269   Thumb Code   226  main.o(.text.insertionSort)
    isSorted                                 0x0000134d   Thumb Code    78  main.o(.text.isSorted)
    logMessage                               0x0000139d   Thumb Code   116  main.o(.text.logMessage)
    main                                     0x00001411   Thumb Code   314  main.o(.text.main)
    osDelay                                  0x0000154d   Thumb Code    32  rtx_delay.o(.text.osDelay)
    osKernelGetTickCount                     0x00001571   Thumb Code    32  rtx_kernel.o(.text.osKernelGetTickCount)
    osKernelInitialize                       0x00001599   Thumb Code    40  rtx_kernel.o(.text.osKernelInitialize)
    osKernelStart                            0x000015c5   Thumb Code    32  rtx_kernel.o(.text.osKernelStart)
    osMessageQueueGet                        0x000015e9   Thumb Code   108  rtx_msgqueue.o(.text.osMessageQueueGet)
    osMessageQueueNew                        0x00001659   Thumb Code    32  rtx_msgqueue.o(.text.osMessageQueueNew)
    osMessageQueuePut                        0x0000167d   Thumb Code   124  rtx_msgqueue.o(.text.osMessageQueuePut)
    osMutexAcquire                           0x000016fd   Thumb Code    32  rtx_mutex.o(.text.osMutexAcquire)
    osMutexNew                               0x00001721   Thumb Code    32  rtx_mutex.o(.text.osMutexNew)
    osMutexRelease                           0x00001745   Thumb Code    32  rtx_mutex.o(.text.osMutexRelease)
    osRtxErrorNotify                         0x00001769   Thumb Code    46  rtx_config.o(.text.osRtxErrorNotify)
    osRtxIdleThread                          0x00001799   Thumb Code     8  rtx_config.o(.text.osRtxIdleThread)
    osRtxKernelErrorNotify                   0x000017a1   Thumb Code     4  rtx_kernel.o(.text.osRtxKernelErrorNotify)
    osRtxKernelPreInit                       0x000017a5   Thumb Code     2  rtx_kernel.o(.text.osRtxKernelPreInit)
    osRtxMemoryAlloc                         0x000017a7   Thumb Code   108  rtx_memory.o(.text.osRtxMemoryAlloc)
    osRtxMemoryFree                          0x00001813   Thumb Code    66  rtx_memory.o(.text.osRtxMemoryFree)
    osRtxMemoryInit                          0x00001855   Thumb Code    54  rtx_memory.o(.text.osRtxMemoryInit)
    osRtxMemoryPoolAlloc                     0x0000188b   Thumb Code    58  rtx_mempool.o(.text.osRtxMemoryPoolAlloc)
    osRtxMemoryPoolFree                      0x000018c5   Thumb Code    74  rtx_mempool.o(.text.osRtxMemoryPoolFree)
    osRtxMemoryPoolInit                      0x0000190f   Thumb Code    56  rtx_mempool.o(.text.osRtxMemoryPoolInit)
    osRtxMessageQueueTimerSetup              0x000019f1   Thumb Code    32  rtx_msgqueue.o(.text.osRtxMessageQueueTimerSetup)
    osRtxMutexOwnerRelease                   0x00001a15   Thumb Code    72  rtx_mutex.o(.text.osRtxMutexOwnerRelease)
    osRtxMutexOwnerRestore                   0x00001a5d   Thumb Code    72  rtx_mutex.o(.text.osRtxMutexOwnerRestore)
    osRtxPendSV_Handler                      0x00001aa5   Thumb Code   136  rtx_system.o(.text.osRtxPendSV_Handler)
    osRtxPostProcess                         0x00001b2d   Thumb Code   108  rtx_system.o(.text.osRtxPostProcess)
    osRtxThreadDelayTick                     0x00001c89   Thumb Code    80  rtx_thread.o(.text.osRtxThreadDelayTick)
    osRtxThreadDispatch                      0x00001cf9   Thumb Code    80  rtx_thread.o(.text.osRtxThreadDispatch)
    osRtxThreadListGet                       0x00001dbf   Thumb Code    18  rtx_thread.o(.text.osRtxThreadListGet)
    osRtxThreadListPut                       0x00001dd1   Thumb Code    44  rtx_thread.o(.text.osRtxThreadListPut)
    osRtxThreadListRemove                    0x00001dfd   Thumb Code    20  rtx_thread.o(.text.osRtxThreadListRemove)
    osRtxThreadListSort                      0x00001e11   Thumb Code    38  rtx_thread.o(.text.osRtxThreadListSort)
    osRtxThreadReadyPut                      0x00001e61   Thumb Code    16  rtx_thread.o(.text.osRtxThreadReadyPut)
    osRtxThreadRegPtr                        0x00001e75   Thumb Code    20  rtx_thread.o(.text.osRtxThreadRegPtr)
    osRtxThreadStartup                       0x00001e89   Thumb Code    48  rtx_thread.o(.text.osRtxThreadStartup)
    osRtxThreadSwitch                        0x00001ec1   Thumb Code    12  rtx_thread.o(.text.osRtxThreadSwitch)
    osRtxThreadWaitEnter                     0x00001ecd   Thumb Code    56  rtx_thread.o(.text.osRtxThreadWaitEnter)
    osRtxThreadWaitExit                      0x00001f09   Thumb Code    48  rtx_thread.o(.text.osRtxThreadWaitExit)
    osRtxTick_Handler                        0x00001f39   Thumb Code   116  rtx_system.o(.text.osRtxTick_Handler)
    osRtxTimerSetup                          0x00001fb1   Thumb Code    24  rtx_timer.o(.text.osRtxTimerSetup)
    osRtxTimerThread                         0x00001fd1   Thumb Code    32  rtx_timer.o(.text.osRtxTimerThread)
    osThreadExit                             0x00002061   Thumb Code     8  rtx_thread.o(.text.osThreadExit)
    osThreadNew                              0x0000206d   Thumb Code    32  rtx_thread.o(.text.osThreadNew)
    printArray                               0x00002091   Thumb Code   160  main.o(.text.printArray)
    printFinalSorted                         0x00002131   Thumb Code   172  main.o(.text.printFinalSorted)
    prompt                                   0x000021dd   Thumb Code    16  main.o(.text.prompt)
    quickSort                                0x000021ed   Thumb Code   356  main.o(.text.quickSort)
    start_us                                 0x00002351   Thumb Code    44  main.o(.text.start_us)
    stop_us                                  0x0000237d   Thumb Code    66  main.o(.text.stop_us)
    GPIODirModeSet                           0x00002bc5   Thumb Code    40  gpio.o(i.GPIODirModeSet)
    GPIOPadConfigSet                         0x00002bed   Thumb Code   354  gpio.o(i.GPIOPadConfigSet)
    GPIOPinConfigure                         0x00002d5d   Thumb Code    60  gpio.o(i.GPIOPinConfigure)
    GPIOPinTypeUART                          0x00002da1   Thumb Code    28  gpio.o(i.GPIOPinTypeUART)
    IntEnable                                0x00002dbd   Thumb Code    92  interrupt.o(i.IntEnable)
    IntRegister                              0x00002e21   Thumb Code    44  interrupt.o(i.IntRegister)
    SysCtlClockFreqSet                       0x00002e55   Thumb Code   700  sysctl.o(i.SysCtlClockFreqSet)
    SysCtlPeripheralEnable                   0x00003139   Thumb Code    36  sysctl.o(i.SysCtlPeripheralEnable)
    SysCtlPeripheralReady                    0x00003161   Thumb Code    40  sysctl.o(i.SysCtlPeripheralReady)
    TimerConfigure                           0x0000318d   Thumb Code    88  timer.o(i.TimerConfigure)
    TimerDisable                             0x000031ed   Thumb Code    16  timer.o(i.TimerDisable)
    TimerEnable                              0x000031fd   Thumb Code    14  timer.o(i.TimerEnable)
    TimerLoadSet                             0x0000320b   Thumb Code    18  timer.o(i.TimerLoadSet)
    TimerValueGet                            0x0000321d   Thumb Code    10  timer.o(i.TimerValueGet)
    UARTCharGet                              0x00003227   Thumb Code    12  uart.o(i.UARTCharGet)
    UARTCharPut                              0x00003233   Thumb Code    12  uart.o(i.UARTCharPut)
    UARTCharsAvail                           0x0000323f   Thumb Code    10  uart.o(i.UARTCharsAvail)
    UARTConfigSetExpClk                      0x00003249   Thumb Code   110  uart.o(i.UARTConfigSetExpClk)
    UARTFIFODisable                          0x000032b7   Thumb Code    10  uart.o(i.UARTFIFODisable)
    UARTIntClear                             0x000032c1   Thumb Code     4  uart.o(i.UARTIntClear)
    UARTIntEnable                            0x000032c5   Thumb Code     8  uart.o(i.UARTIntEnable)
    UARTIntRegister                          0x000032cd   Thumb Code    70  uart.o(i.UARTIntRegister)
    UARTIntStatus                            0x00003325   Thumb Code    10  uart.o(i.UARTIntStatus)
    __0snprintf                              0x00003331   Thumb Code    48  printfa.o(i.__0snprintf)
    __1snprintf                              0x00003331   Thumb Code     0  printfa.o(i.__0snprintf)
    __2snprintf                              0x00003331   Thumb Code     0  printfa.o(i.__0snprintf)
    __c89snprintf                            0x00003331   Thumb Code     0  printfa.o(i.__0snprintf)
    snprintf                                 0x00003331   Thumb Code     0  printfa.o(i.__0snprintf)
    __0vsnprintf                             0x00003365   Thumb Code    46  printfa.o(i.__0vsnprintf)
    __1vsnprintf                             0x00003365   Thumb Code     0  printfa.o(i.__0vsnprintf)
    __2vsnprintf                             0x00003365   Thumb Code     0  printfa.o(i.__0vsnprintf)
    __c89vsnprintf                           0x00003365   Thumb Code     0  printfa.o(i.__0vsnprintf)
    vsnprintf                                0x00003365   Thumb Code     0  printfa.o(i.__0vsnprintf)
    __aeabi_errno_addr                       0x00003399   Thumb Code     4  errno.o(i.__aeabi_errno_addr)
    __rt_errno_addr                          0x00003399   Thumb Code     0  errno.o(i.__aeabi_errno_addr)
    __scatterload_copy                       0x000033a1   Thumb Code    14  handlers.o(i.__scatterload_copy)
    __scatterload_null                       0x000033af   Thumb Code     2  handlers.o(i.__scatterload_null)
    __scatterload_zeroinit                   0x000033b1   Thumb Code    14  handlers.o(i.__scatterload_zeroinit)
    __ctype_table                            0x00004290   Data         129  ctype_o.o(.constdata)
    osRtxConfig                              0x00004318   Data         112  rtx_lib.o(.rodata)
    os_cb_sections                           0x00004388   Data          56  rtx_lib.o(.rodata)
    EventRecorderInfo                        0x000043c0   Data          24  eventrecorder.o(.rodata.EventRecorderInfo)
    osRtxUserSVC                             0x000043d8   Data           4  rtx_lib.o(.rodata.osRtxUserSVC)
    Region$$Table$$Base                      0x000044dc   Number         0  anon$$obj.o(Region$$Table)
    Region$$Table$$Limit                     0x000044fc   Number         0  anon$$obj.o(Region$$Table)
    SystemCoreClock                          0x20000008   Data           4  system_tm4c129.o(.data.SystemCoreClock)
    bubbleDone                               0x2000000c   Data           1  main.o(.data.bubbleDone)
    insertionDone                            0x2000000d   Data           1  main.o(.data.insertionDone)
    osRtxInfo                                0x20000010   Data         164  rtx_kernel.o(.data.os)
    quickDone                                0x200000b4   Data           1  main.o(.data.quickDone)
    SysClock                                 0x20000680   Data           4  main.o(.bss.SysClock)
    bufferIndex                              0x20000684   Data           4  main.o(.bss.bufferIndex)
    inputBuffer                              0x20000688   Data         100  main.o(.bss.inputBuffer)
    inputReady                               0x200006ec   Data           1  main.o(.bss.inputReady)
    .bss.os.msgqueue.cb$$Base                0x20008bec   Number         0  rtx_lib.o(.bss.os.msgqueue.cb)
    .bss.os.msgqueue.cb$$Limit               0x20008c20   Number         0  rtx_lib.o(.bss.os.msgqueue.cb)
    .bss.os.thread.cb$$Base                  0x20008c70   Number         0  rtx_lib.o(.bss.os.thread.cb)
    .bss.os.thread.cb$$Limit                 0x20008cf8   Number         0  rtx_lib.o(.bss.os.thread.cb)
    queueBubble                              0x200090f8   Data           4  main.o(.bss.queueBubble)
    queueInsert                              0x200090fc   Data           4  main.o(.bss.queueInsert)
    queueQuick                               0x20009100   Data           4  main.o(.bss.queueQuick)
    uartMutex                                0x20009104   Data           4  main.o(.bss.uartMutex)
    __initial_sp                             0x20009308   Data           0  startup_tm4c129.o(STACK)



==============================================================================

Memory Map of the image

  Image Entry point : 0x00000215

  Load Region LR_1 (Base: 0x00000000, Size: 0x00004e6c, Max: 0xffffffff, ABSOLUTE, COMPRESSED[0x00004820])

    Execution Region ER_RO (Exec base: 0x00000000, Load base: 0x00000000, Size: 0x000044fc, Max: 0xffffffff, ABSOLUTE)

    Exec Addr    Load Addr    Size         Type   Attr      Idx    E Section Name        Object

    0x00000000   0x00000000   0x00000200   Data   RO          152    RESET               startup_tm4c129.o
    0x00000200   0x00000200   0x00000000   Code   RO         2006  * .ARM.Collect$$$$00000000  mc_w.l(entry.o)
    0x00000200   0x00000200   0x00000004   Code   RO         2050    .ARM.Collect$$$$00000001  mc_w.l(entry2.o)
    0x00000204   0x00000204   0x00000004   Code   RO         2053    .ARM.Collect$$$$00000004  mc_w.l(entry5.o)
    0x00000208   0x00000208   0x00000000   Code   RO         2055    .ARM.Collect$$$$00000008  mc_w.l(entry7b.o)
    0x00000208   0x00000208   0x00000000   Code   RO         2057    .ARM.Collect$$$$0000000A  mc_w.l(entry8b.o)
    0x00000208   0x00000208   0x00000008   Code   RO         2058    .ARM.Collect$$$$0000000B  mc_w.l(entry9a.o)
    0x00000210   0x00000210   0x00000000   Code   RO         2060    .ARM.Collect$$$$0000000D  mc_w.l(entry10a.o)
    0x00000210   0x00000210   0x00000000   Code   RO         2062    .ARM.Collect$$$$0000000F  mc_w.l(entry11a.o)
    0x00000210   0x00000210   0x00000004   Code   RO         2051    .ARM.Collect$$$$00002712  mc_w.l(entry2.o)
    0x00000214   0x00000214   0x00000114   Code   RO          153  * .text               startup_tm4c129.o
    0x00000328   0x00000328   0x000000c8   Code   RO         1772    .text               RTX_CM4F.lib(irq_armv7m.o)
    0x000003f0   0x000003f0   0x00000062   Code   RO         2009    .text               mc_w.l(uldiv.o)
    0x00000452   0x00000452   0x00000002   PAD
    0x00000454   0x00000454   0x00000024   Code   RO         2011    .text               mc_w.l(rand.o)
    0x00000478   0x00000478   0x00000024   Code   RO         2014    .text               mc_w.l(memcpya.o)
    0x0000049c   0x0000049c   0x00000024   Code   RO         2016    .text               mc_w.l(memseta.o)
    0x000004c0   0x000004c0   0x00000072   Code   RO         2048    .text               mc_w.l(strtoul.o)
    0x00000532   0x00000532   0x0000002c   Code   RO         2078    .text               mc_w.l(uidiv.o)
    0x0000055e   0x0000055e   0x0000001e   Code   RO         2080    .text               mc_w.l(llshl.o)
    0x0000057c   0x0000057c   0x00000020   Code   RO         2082    .text               mc_w.l(llushr.o)
    0x0000059c   0x0000059c   0x00000008   Code   RO         2084    .text               mc_w.l(ctype_o.o)
    0x000005a4   0x000005a4   0x0000009e   Code   RO         2119    .text               mc_w.l(_strtoul.o)
    0x00000642   0x00000642   0x00000000   Code   RO         2121    .text               mc_w.l(iusefp.o)
    0x00000642   0x00000642   0x0000014e   Code   RO         2122    .text               mf_w.l(dadd.o)
    0x00000790   0x00000790   0x000000e4   Code   RO         2124    .text               mf_w.l(dmul.o)
    0x00000874   0x00000874   0x000000de   Code   RO         2126    .text               mf_w.l(ddiv.o)
    0x00000952   0x00000952   0x00000030   Code   RO         2128    .text               mf_w.l(dfixul.o)
    0x00000982   0x00000982   0x00000002   PAD
    0x00000984   0x00000984   0x00000030   Code   RO         2130    .text               mf_w.l(cdrcmple.o)
    0x000009b4   0x000009b4   0x00000030   Code   RO         2132    .text               mc_w.l(init.o)
    0x000009e4   0x000009e4   0x00000024   Code   RO         2135    .text               mc_w.l(llsshr.o)
    0x00000a08   0x00000a08   0x0000001c   Code   RO         2137    .text               mc_w.l(_chval.o)
    0x00000a24   0x00000a24   0x000000ba   Code   RO         2140    .text               mf_w.l(depilogue.o)
    0x00000ade   0x00000ade   0x0000003a   Code   RO         2150    .text               mc_w.l(__dczerorl.o)
    0x00000b18   0x00000b18   0x00000040   Code   RO         1753    .text.MessageQueueGet  RTX_CM4F.lib(rtx_msgqueue.o)
    0x00000b58   0x00000b58   0x00000058   Code   RO         1747    .text.MessageQueuePut  RTX_CM4F.lib(rtx_msgqueue.o)
    0x00000bb0   0x00000bb0   0x0000001c   Code   RO         1745    .text.MessageQueueRemove  RTX_CM4F.lib(rtx_msgqueue.o)
    0x00000bcc   0x00000bcc   0x00000008   Code   RO         1986    .text.OS_Tick_AcknowledgeIRQ  RTX_CM4F.lib(os_systick.o)
    0x00000bd4   0x00000bd4   0x00000024   Code   RO         1982    .text.OS_Tick_Enable  RTX_CM4F.lib(os_systick.o)
    0x00000bf8   0x00000bf8   0x00000006   Code   RO         1988    .text.OS_Tick_GetIRQn  RTX_CM4F.lib(os_systick.o)
    0x00000bfe   0x00000bfe   0x00000002   PAD
    0x00000c00   0x00000c00   0x00000040   Code   RO         1980    .text.OS_Tick_Setup  RTX_CM4F.lib(os_systick.o)
    0x00000c40   0x00000c40   0x0000000c   Code   RO         1459    .text.OUTLINED_FUNCTION_0  RTX_CM4F.lib(rtx_kernel.o)
    0x00000c4c   0x00000c4c   0x0000000c   Code   RO         1761    .text.OUTLINED_FUNCTION_0  RTX_CM4F.lib(rtx_msgqueue.o)
    0x00000c58   0x00000c58   0x00000006   Code   RO         1461    .text.OUTLINED_FUNCTION_1  RTX_CM4F.lib(rtx_kernel.o)
    0x00000c5e   0x00000c5e   0x00000006   Code   RO         1763    .text.OUTLINED_FUNCTION_1  RTX_CM4F.lib(rtx_msgqueue.o)
    0x00000c64   0x00000c64   0x00000030   Code   RO            6    .text.SetupTimer    main.o
    0x00000c94   0x00000c94   0x00000084   Code   RO            2    .text.SetupUart     main.o
    0x00000d18   0x00000d18   0x00000024   Code   RO          162    .text.SystemInit    system_tm4c129.o
    0x00000d3c   0x00000d3c   0x00000064   Code   RO         1551    .text.ThreadFlagsCheck  RTX_CM4F.lib(rtx_thread.o)
    0x00000da0   0x00000da0   0x000001b8   Code   RO           30    .text.Thread_Input  main.o
    0x00000f58   0x00000f58   0x00000126   Code   RO           28    .text.Thread_Sort   main.o
    0x0000107e   0x0000107e   0x00000002   PAD
    0x00001080   0x00001080   0x00000048   Code   RO         1651    .text.TimerInsert   RTX_CM4F.lib(rtx_timer.o)
    0x000010c8   0x000010c8   0x000000c2   Code   RO            4    .text.UARTIntHandler  main.o
    0x0000118a   0x0000118a   0x00000002   PAD
    0x0000118c   0x0000118c   0x000000da   Code   RO           22    .text.bubbleSort    main.o
    0x00001266   0x00001266   0x00000002   PAD
    0x00001268   0x00001268   0x000000e2   Code   RO           24    .text.insertionSort  main.o
    0x0000134a   0x0000134a   0x00000002   PAD
    0x0000134c   0x0000134c   0x0000004e   Code   RO           20    .text.isSorted      main.o
    0x0000139a   0x0000139a   0x00000002   PAD
    0x0000139c   0x0000139c   0x00000074   Code   RO           12    .text.logMessage    main.o
    0x00001410   0x00001410   0x0000013a   Code   RO           32    .text.main          main.o
    0x0000154a   0x0000154a   0x00000002   PAD
    0x0000154c   0x0000154c   0x00000024   Code   RO         1617    .text.osDelay       RTX_CM4F.lib(rtx_delay.o)
    0x00001570   0x00001570   0x00000028   Code   RO         1427    .text.osKernelGetTickCount  RTX_CM4F.lib(rtx_kernel.o)
    0x00001598   0x00001598   0x0000002c   Code   RO         1405    .text.osKernelInitialize  RTX_CM4F.lib(rtx_kernel.o)
    0x000015c4   0x000015c4   0x00000024   Code   RO         1415    .text.osKernelStart  RTX_CM4F.lib(rtx_kernel.o)
    0x000015e8   0x000015e8   0x00000070   Code   RO         1721    .text.osMessageQueueGet  RTX_CM4F.lib(rtx_msgqueue.o)
    0x00001658   0x00001658   0x00000024   Code   RO         1715    .text.osMessageQueueNew  RTX_CM4F.lib(rtx_msgqueue.o)
    0x0000167c   0x0000167c   0x00000080   Code   RO         1719    .text.osMessageQueuePut  RTX_CM4F.lib(rtx_msgqueue.o)
    0x000016fc   0x000016fc   0x00000024   Code   RO         1683    .text.osMutexAcquire  RTX_CM4F.lib(rtx_mutex.o)
    0x00001720   0x00001720   0x00000024   Code   RO         1679    .text.osMutexNew    RTX_CM4F.lib(rtx_mutex.o)
    0x00001744   0x00001744   0x00000024   Code   RO         1685    .text.osMutexRelease  RTX_CM4F.lib(rtx_mutex.o)
    0x00001768   0x00001768   0x0000002e   Code   RO           56    .text.osRtxErrorNotify  rtx_config.o
    0x00001796   0x00001796   0x00000002   PAD
    0x00001798   0x00001798   0x00000008   Code   RO           54    .text.osRtxIdleThread  rtx_config.o
    0x000017a0   0x000017a0   0x00000004   Code   RO         1403    .text.osRtxKernelErrorNotify  RTX_CM4F.lib(rtx_kernel.o)
    0x000017a4   0x000017a4   0x00000002   Code   RO         1401    .text.osRtxKernelPreInit  RTX_CM4F.lib(rtx_kernel.o)
    0x000017a6   0x000017a6   0x0000006c   Code   RO         1902    .text.osRtxMemoryAlloc  RTX_CM4F.lib(rtx_memory.o)
    0x00001812   0x00001812   0x00000042   Code   RO         1904    .text.osRtxMemoryFree  RTX_CM4F.lib(rtx_memory.o)
    0x00001854   0x00001854   0x00000036   Code   RO         1900    .text.osRtxMemoryInit  RTX_CM4F.lib(rtx_memory.o)
    0x0000188a   0x0000188a   0x0000003a   Code   RO         1916    .text.osRtxMemoryPoolAlloc  RTX_CM4F.lib(rtx_mempool.o)
    0x000018c4   0x000018c4   0x0000004a   Code   RO         1918    .text.osRtxMemoryPoolFree  RTX_CM4F.lib(rtx_mempool.o)
    0x0000190e   0x0000190e   0x00000038   Code   RO         1914    .text.osRtxMemoryPoolInit  RTX_CM4F.lib(rtx_mempool.o)
    0x00001946   0x00001946   0x000000aa   Code   RO         1743    .text.osRtxMessageQueuePostProcess  RTX_CM4F.lib(rtx_msgqueue.o)
    0x000019f0   0x000019f0   0x00000024   Code   RO         1711    .text.osRtxMessageQueueTimerSetup  RTX_CM4F.lib(rtx_msgqueue.o)
    0x00001a14   0x00001a14   0x00000048   Code   RO         1675    .text.osRtxMutexOwnerRelease  RTX_CM4F.lib(rtx_mutex.o)
    0x00001a5c   0x00001a5c   0x00000048   Code   RO         1677    .text.osRtxMutexOwnerRestore  RTX_CM4F.lib(rtx_mutex.o)
    0x00001aa4   0x00001aa4   0x00000088   Code   RO         1968    .text.osRtxPendSV_Handler  RTX_CM4F.lib(rtx_system.o)
    0x00001b2c   0x00001b2c   0x00000070   Code   RO         1970    .text.osRtxPostProcess  RTX_CM4F.lib(rtx_system.o)
    0x00001b9c   0x00001b9c   0x00000034   Code   RO         1491    .text.osRtxThreadBlock  RTX_CM4F.lib(rtx_thread.o)
    0x00001bd0   0x00001bd0   0x0000007c   Code   RO         1499    .text.osRtxThreadDelayInsert  RTX_CM4F.lib(rtx_thread.o)
    0x00001c4c   0x00001c4c   0x0000003c   Code   RO         1495    .text.osRtxThreadDelayRemove  RTX_CM4F.lib(rtx_thread.o)
    0x00001c88   0x00001c88   0x00000050   Code   RO         1483    .text.osRtxThreadDelayTick  RTX_CM4F.lib(rtx_thread.o)
    0x00001cd8   0x00001cd8   0x00000020   Code   RO         1583    .text.osRtxThreadDestroy  RTX_CM4F.lib(rtx_thread.o)
    0x00001cf8   0x00001cf8   0x00000050   Code   RO         1489    .text.osRtxThreadDispatch  RTX_CM4F.lib(rtx_thread.o)
    0x00001d48   0x00001d48   0x00000058   Code   RO         1575    .text.osRtxThreadFree  RTX_CM4F.lib(rtx_thread.o)
    0x00001da0   0x00001da0   0x0000001e   Code   RO         1581    .text.osRtxThreadJoinWakeup  RTX_CM4F.lib(rtx_thread.o)
    0x00001dbe   0x00001dbe   0x00000012   Code   RO         1475    .text.osRtxThreadListGet  RTX_CM4F.lib(rtx_thread.o)
    0x00001dd0   0x00001dd0   0x0000002c   Code   RO         1473    .text.osRtxThreadListPut  RTX_CM4F.lib(rtx_thread.o)
    0x00001dfc   0x00001dfc   0x00000014   Code   RO         1479    .text.osRtxThreadListRemove  RTX_CM4F.lib(rtx_thread.o)
    0x00001e10   0x00001e10   0x00000026   Code   RO         1477    .text.osRtxThreadListSort  RTX_CM4F.lib(rtx_thread.o)
    0x00001e36   0x00001e36   0x00000028   Code   RO         1549    .text.osRtxThreadPostProcess  RTX_CM4F.lib(rtx_thread.o)
    0x00001e5e   0x00001e5e   0x00000002   PAD
    0x00001e60   0x00001e60   0x00000014   Code   RO         1481    .text.osRtxThreadReadyPut  RTX_CM4F.lib(rtx_thread.o)
    0x00001e74   0x00001e74   0x00000014   Code   RO         1485    .text.osRtxThreadRegPtr  RTX_CM4F.lib(rtx_thread.o)
    0x00001e88   0x00001e88   0x00000038   Code   RO         1501    .text.osRtxThreadStartup  RTX_CM4F.lib(rtx_thread.o)
    0x00001ec0   0x00001ec0   0x0000000c   Code   RO         1487    .text.osRtxThreadSwitch  RTX_CM4F.lib(rtx_thread.o)
    0x00001ecc   0x00001ecc   0x0000003c   Code   RO         1497    .text.osRtxThreadWaitEnter  RTX_CM4F.lib(rtx_thread.o)
    0x00001f08   0x00001f08   0x00000030   Code   RO         1493    .text.osRtxThreadWaitExit  RTX_CM4F.lib(rtx_thread.o)
    0x00001f38   0x00001f38   0x00000078   Code   RO         1966    .text.osRtxTick_Handler  RTX_CM4F.lib(rtx_system.o)
    0x00001fb0   0x00001fb0   0x00000020   Code   RO         1633    .text.osRtxTimerSetup  RTX_CM4F.lib(rtx_timer.o)
    0x00001fd0   0x00001fd0   0x00000020   Code   RO         1637    .text.osRtxTimerThread  RTX_CM4F.lib(rtx_timer.o)
    0x00001ff0   0x00001ff0   0x00000070   Code   RO         1635    .text.osRtxTimerTick  RTX_CM4F.lib(rtx_timer.o)
    0x00002060   0x00002060   0x0000000c   Code   RO         1533    .text.osThreadExit  RTX_CM4F.lib(rtx_thread.o)
    0x0000206c   0x0000206c   0x00000024   Code   RO         1505    .text.osThreadNew   RTX_CM4F.lib(rtx_thread.o)
    0x00002090   0x00002090   0x000000a0   Code   RO           16    .text.printArray    main.o
    0x00002130   0x00002130   0x000000ac   Code   RO           18    .text.printFinalSorted  main.o
    0x000021dc   0x000021dc   0x00000010   Code   RO           14    .text.prompt        main.o
    0x000021ec   0x000021ec   0x00000164   Code   RO           26    .text.quickSort     main.o
    0x00002350   0x00002350   0x0000002c   Code   RO            8    .text.start_us      main.o
    0x0000237c   0x0000237c   0x00000042   Code   RO           10    .text.stop_us       main.o
    0x000023be   0x000023be   0x00000016   Code   RO         1621    .text.svcRtxDelay   RTX_CM4F.lib(rtx_delay.o)
    0x000023d4   0x000023d4   0x0000000c   Code   RO         1429    .text.svcRtxKernelGetTickCount  RTX_CM4F.lib(rtx_kernel.o)
    0x000023e0   0x000023e0   0x000000f8   Code   RO         1443    .text.svcRtxKernelInitialize  RTX_CM4F.lib(rtx_kernel.o)
    0x000024d8   0x000024d8   0x00000088   Code   RO         1445    .text.svcRtxKernelStart  RTX_CM4F.lib(rtx_kernel.o)
    0x00002560   0x00002560   0x000000c8   Code   RO         1755    .text.svcRtxMessageQueueGet  RTX_CM4F.lib(rtx_msgqueue.o)
    0x00002628   0x00002628   0x00000118   Code   RO         1713    .text.svcRtxMessageQueueNew  RTX_CM4F.lib(rtx_msgqueue.o)
    0x00002740   0x00002740   0x000000a8   Code   RO         1751    .text.svcRtxMessageQueuePut  RTX_CM4F.lib(rtx_msgqueue.o)
    0x000027e8   0x000027e8   0x00000090   Code   RO         1695    .text.svcRtxMutexAcquire  RTX_CM4F.lib(rtx_mutex.o)
    0x00002878   0x00002878   0x00000064   Code   RO         1691    .text.svcRtxMutexNew  RTX_CM4F.lib(rtx_mutex.o)
    0x000028dc   0x000028dc   0x000000b0   Code   RO         1697    .text.svcRtxMutexRelease  RTX_CM4F.lib(rtx_mutex.o)
    0x0000298c   0x0000298c   0x0000004c   Code   RO         1579    .text.svcRtxThreadExit  RTX_CM4F.lib(rtx_thread.o)
    0x000029d8   0x000029d8   0x000001ec   Code   RO         1503    .text.svcRtxThreadNew  RTX_CM4F.lib(rtx_thread.o)
    0x00002bc4   0x00002bc4   0x00000028   Code   RO          176    i.GPIODirModeSet    driverlib.lib(gpio.o)
    0x00002bec   0x00002bec   0x00000170   Code   RO          188    i.GPIOPadConfigSet  driverlib.lib(gpio.o)
    0x00002d5c   0x00002d5c   0x00000044   Code   RO          189    i.GPIOPinConfigure  driverlib.lib(gpio.o)
    0x00002da0   0x00002da0   0x0000001c   Code   RO          212    i.GPIOPinTypeUART   driverlib.lib(gpio.o)
    0x00002dbc   0x00002dbc   0x00000064   Code   RO         1790    i.IntEnable         driverlib.lib(interrupt.o)
    0x00002e20   0x00002e20   0x00000034   Code   RO         1802    i.IntRegister       driverlib.lib(interrupt.o)
    0x00002e54   0x00002e54   0x000002e4   Code   RO          511    i.SysCtlClockFreqSet  driverlib.lib(sysctl.o)
    0x00003138   0x00003138   0x00000028   Code   RO          543    i.SysCtlPeripheralEnable  driverlib.lib(sysctl.o)
    0x00003160   0x00003160   0x0000002c   Code   RO          547    i.SysCtlPeripheralReady  driverlib.lib(sysctl.o)
    0x0000318c   0x0000318c   0x00000060   Code   RO          867    i.TimerConfigure    driverlib.lib(timer.o)
    0x000031ec   0x000031ec   0x00000010   Code   RO          875    i.TimerDisable      driverlib.lib(timer.o)
    0x000031fc   0x000031fc   0x0000000e   Code   RO          876    i.TimerEnable       driverlib.lib(timer.o)
    0x0000320a   0x0000320a   0x00000012   Code   RO          885    i.TimerLoadSet      driverlib.lib(timer.o)
    0x0000321c   0x0000321c   0x0000000a   Code   RO          899    i.TimerValueGet     driverlib.lib(timer.o)
    0x00003226   0x00003226   0x0000000c   Code   RO         1111    i.UARTCharGet       driverlib.lib(uart.o)
    0x00003232   0x00003232   0x0000000c   Code   RO         1113    i.UARTCharPut       driverlib.lib(uart.o)
    0x0000323e   0x0000323e   0x0000000a   Code   RO         1115    i.UARTCharsAvail    driverlib.lib(uart.o)
    0x00003248   0x00003248   0x0000006e   Code   RO         1119    i.UARTConfigSetExpClk  driverlib.lib(uart.o)
    0x000032b6   0x000032b6   0x0000000a   Code   RO         1126    i.UARTFIFODisable   driverlib.lib(uart.o)
    0x000032c0   0x000032c0   0x00000004   Code   RO         1132    i.UARTIntClear      driverlib.lib(uart.o)
    0x000032c4   0x000032c4   0x00000008   Code   RO         1134    i.UARTIntEnable     driverlib.lib(uart.o)
    0x000032cc   0x000032cc   0x00000058   Code   RO         1135    i.UARTIntRegister   driverlib.lib(uart.o)
    0x00003324   0x00003324   0x0000000a   Code   RO         1136    i.UARTIntStatus     driverlib.lib(uart.o)
    0x0000332e   0x0000332e   0x00000002   PAD
    0x00003330   0x00003330   0x00000034   Code   RO         2022    i.__0snprintf       mc_w.l(printfa.o)
    0x00003364   0x00003364   0x00000034   Code   RO         2026    i.__0vsnprintf      mc_w.l(printfa.o)
    0x00003398   0x00003398   0x00000008   Code   RO         2112    i.__aeabi_errno_addr  mc_w.l(errno.o)
    0x000033a0   0x000033a0   0x0000000e   Code   RO         2144    i.__scatterload_copy  mc_w.l(handlers.o)
    0x000033ae   0x000033ae   0x00000002   Code   RO         2145    i.__scatterload_null  mc_w.l(handlers.o)
    0x000033b0   0x000033b0   0x0000000e   Code   RO         2146    i.__scatterload_zeroinit  mc_w.l(handlers.o)
    0x000033be   0x000033be   0x00000002   PAD
    0x000033c0   0x000033c0   0x00000184   Code   RO         2028    i._fp_digits        mc_w.l(printfa.o)
    0x00003544   0x00003544   0x000006dc   Code   RO         2029    i._printf_core      mc_w.l(printfa.o)
    0x00003c20   0x00003c20   0x00000024   Code   RO         2030    i._printf_post_padding  mc_w.l(printfa.o)
    0x00003c44   0x00003c44   0x0000002e   Code   RO         2031    i._printf_pre_padding  mc_w.l(printfa.o)
    0x00003c72   0x00003c72   0x00000016   Code   RO         2032    i._snputc           mc_w.l(printfa.o)
    0x00003c88   0x00003c88   0x00000228   Data   RO          221    .constdata          driverlib.lib(gpio.o)
    0x00003eb0   0x00003eb0   0x00000254   Data   RO          565    .constdata          driverlib.lib(sysctl.o)
    0x00004104   0x00004104   0x00000080   Data   RO         1152    .constdata          driverlib.lib(uart.o)
    0x00004184   0x00004184   0x0000010c   Data   RO         1806    .constdata          driverlib.lib(interrupt.o)
    0x00004290   0x00004290   0x00000081   Data   RO         2085    .constdata          mc_w.l(ctype_o.o)
    0x00004311   0x00004311   0x00000003   PAD
    0x00004314   0x00004314   0x00000004   Data   RO         2086    .constdata          mc_w.l(ctype_o.o)
    0x00004318   0x00004318   0x00000070   Data   RO           69    .rodata             rtx_lib.o
    0x00004388   0x00004388   0x00000038   Data   RO           72    .rodata             rtx_lib.o
    0x000043c0   0x000043c0   0x00000018   Data   RO          142    .rodata.EventRecorderInfo  eventrecorder.o
    0x000043d8   0x000043d8   0x00000004   Data   RO           71    .rodata.osRtxUserSVC  rtx_lib.o
    0x000043dc   0x000043dc   0x00000024   Data   RO           66    .rodata.os_idle_thread_attr  rtx_lib.o
    0x00004400   0x00004400   0x00000018   Data   RO           68    .rodata.os_timer_mq_attr  rtx_lib.o
    0x00004418   0x00004418   0x00000024   Data   RO           67    .rodata.os_timer_thread_attr  rtx_lib.o
    0x0000443c   0x0000443c   0x00000091   Data   RO           42    .rodata.str1.1      main.o
    0x000044cd   0x000044cd   0x00000003   PAD
    0x000044d0   0x000044d0   0x0000000b   Data   RO         1463    .rodata.str1.4      RTX_CM4F.lib(rtx_kernel.o)
    0x000044db   0x000044db   0x00000001   PAD
    0x000044dc   0x000044dc   0x00000020   Data   RO         2143    Region$$Table       anon$$obj.o


    Execution Region ER_RW (Exec base: 0x20000000, Load base: 0x00004800, Size: 0x0000066c, Max: 0xffffffff, ABSOLUTE, COMPRESSED[0x00000020])

    Exec Addr    Load Addr    Size         Type   Attr      Idx    E Section Name        Object

    0x20000000   COMPRESSED   0x00000004   Data   RW         2012    .data               mc_w.l(rand.o)
    0x20000004   COMPRESSED   0x00000004   Data   RW         2115    .data               mc_w.l(errno.o)
    0x20000008   COMPRESSED   0x00000004   Data   RW          164    .data.SystemCoreClock  system_tm4c129.o
    0x2000000c   COMPRESSED   0x00000001   Data   RW           36    .data.bubbleDone    main.o
    0x2000000d   COMPRESSED   0x00000001   Data   RW           37    .data.insertionDone  main.o
    0x2000000e   COMPRESSED   0x00000002   PAD
    0x20000010   COMPRESSED   0x000000a4   Data   RW         1464    .data.os            RTX_CM4F.lib(rtx_kernel.o)
    0x200000b4   COMPRESSED   0x00000001   Data   RW           38    .data.quickDone     main.o
    0x200000b5   COMPRESSED   0x0000034b   PAD
    0x20000400   COMPRESSED   0x0000026c   Data   RW         1807    vtable              driverlib.lib(interrupt.o)


    Execution Region ER_ZI (Exec base: 0x20000680, Load base: 0x00004820, Size: 0x00008c88, Max: 0xffffffff, ABSOLUTE)

    Exec Addr    Load Addr    Size         Type   Attr      Idx    E Section Name        Object

    0x20000680        -       0x00000004   Zero   RW           39    .bss.SysClock       main.o
    0x20000684        -       0x00000004   Zero   RW           34    .bss.bufferIndex    main.o
    0x20000688        -       0x00000064   Zero   RW           40    .bss.inputBuffer    main.o
    0x200006ec        -       0x00000001   Zero   RW           35    .bss.inputReady     main.o
    0x200006ed   0x00004820   0x00000013   PAD
    0x20000700        -       0x000004a4   Zero   RW          141    .bss.noinit         eventrecorder.o
    0x20000ba4   0x00004820   0x00000004   PAD
    0x20000ba8        -       0x00008040   Zero   RW           65    .bss.os             rtx_lib.o
    0x20008be8        -       0x00000001   Zero   RW         1998    .bss.os             RTX_CM4F.lib(os_systick.o)
    0x20008be9   0x00004820   0x00000003   PAD
    0x20008bec        -       0x00000034   Zero   RW           76    .bss.os.msgqueue.cb  rtx_lib.o
    0x20008c20        -       0x00000050   Zero   RW           77    .bss.os.msgqueue.mem  rtx_lib.o
    0x20008c70        -       0x00000088   Zero   RW           73    .bss.os.thread.cb   rtx_lib.o
    0x20008cf8        -       0x00000200   Zero   RW           74    .bss.os.thread.idle.stack  rtx_lib.o
    0x20008ef8        -       0x00000200   Zero   RW           75    .bss.os.thread.timer.stack  rtx_lib.o
    0x200090f8        -       0x00000004   Zero   RW           43    .bss.queueBubble    main.o
    0x200090fc        -       0x00000004   Zero   RW           44    .bss.queueInsert    main.o
    0x20009100        -       0x00000004   Zero   RW           45    .bss.queueQuick     main.o
    0x20009104        -       0x00000004   Zero   RW           41    .bss.uartMutex      main.o
    0x20009108        -       0x00000200   Zero   RW          150    STACK               startup_tm4c129.o


==============================================================================

Image component sizes


      Code (inc. data)   RO Data    RW Data    ZI Data      Debug   Object Name

         0          0         24          0       1188       8107   eventrecorder.o
      2874          0        145          3        125       7980   main.o
        54          6          0          0          0        698   rtx_config.o
         0          0        268          0      34124       5567   rtx_lib.o
       276          8        512          0        512       6032   startup_tm4c129.o
        36          0          0          4          0       1382   system_tm4c129.o

    ----------------------------------------------------------------------
      3254         14        984        852      35972      29766   Object Totals
         0          0         32          0          0          0   (incl. Generated)
        14          0          3        845         23          0   (incl. Padding)

    ----------------------------------------------------------------------

      Code (inc. data)   RO Data    RW Data    ZI Data      Debug   Library Member Name

       200         12          0          0          0        634   irq_armv7m.o
       114         20          0          0          1       3199   os_systick.o
        58          4          0          0          0       2797   rtx_delay.o
       540         36         11        164          0      16781   rtx_kernel.o
       228          0          0          0          0       2590   rtx_memory.o
       188          0          0          0          0      16188   rtx_mempool.o
      1328         24          0          0          0      18765   rtx_msgqueue.o
       672         16          0          0          0      10068   rtx_mutex.o
       368         18          0          0          0       5444   rtx_system.o
      1638         52          0          0          0      32486   rtx_thread.o
       248         16          0          0          0      10433   rtx_timer.o
       504         22        552          0          0       8073   gpio.o
       152         16        268        620          0       2150   interrupt.o
       824         48        596          0          0       4490   sysctl.o
       154          8          0          0          0       2613   timer.o
       264         18        128          0          0       5927   uart.o
        58          0          0          0          0          0   __dczerorl.o
        28          0          0          0          0         68   _chval.o
       158          0          0          0          0         92   _strtoul.o
         8          4        133          0          0         68   ctype_o.o
         0          0          0          0          0          0   entry.o
         0          0          0          0          0          0   entry10a.o
         0          0          0          0          0          0   entry11a.o
         8          4          0          0          0          0   entry2.o
         4          0          0          0          0          0   entry5.o
         0          0          0          0          0          0   entry7b.o
         0          0          0          0          0          0   entry8b.o
         8          4          0          0          0          0   entry9a.o
         8          4          0          4          0         68   errno.o
        30          0          0          0          0          0   handlers.o
        48         10          0          0          0         68   init.o
         0          0          0          0          0          0   iusefp.o
        30          0          0          0          0         68   llshl.o
        36          0          0          0          0         68   llsshr.o
        32          0          0          0          0         68   llushr.o
        36          0          0          0          0         68   memcpya.o
        36          0          0          0          0        108   memseta.o
      2352         90          0          0          0        604   printfa.o
        36         10          0          4          0        136   rand.o
       114          0          0          0          0         92   strtoul.o
        44          0          0          0          0         80   uidiv.o
        98          0          0          0          0         92   uldiv.o
        48          0          0          0          0         68   cdrcmple.o
       334          0          0          0          0        148   dadd.o
       222          0          0          0          0        100   ddiv.o
       186          0          0          0          0        176   depilogue.o
        48          0          0          0          0         68   dfixul.o
       228          0          0          0          0         96   dmul.o

    ----------------------------------------------------------------------
     11730        436       1692        792          4     145042   Library Totals
        12          0          4          0          3          0   (incl. Padding)

    ----------------------------------------------------------------------

      Code (inc. data)   RO Data    RW Data    ZI Data      Debug   Library Name

      5582        198         11        164          1     119385   RTX_CM4F.lib
      1898        112       1544        620          0      23253   driverlib.lib
      3172        126        133          8          0       1748   mc_w.l
      1066          0          0          0          0        656   mf_w.l

    ----------------------------------------------------------------------
     11730        436       1692        792          4     145042   Library Totals

    ----------------------------------------------------------------------

==============================================================================


      Code (inc. data)   RO Data    RW Data    ZI Data      Debug   

     14984        450       2676       1644      35976     171856   Grand Totals
     14984        450       2676         32      35976     171856   ELF Image Totals (compressed)
     14984        450       2676         32          0          0   ROM Totals

==============================================================================

    Total RO  Size (Code + RO Data)                17660 (  17.25kB)
    Total RW  Size (RW Data + ZI Data)             37620 (  36.74kB)
    Total ROM Size (Code + RO Data + RW Data)      17692 (  17.28kB)

==============================================================================

