<!doctype html public "-//w3c//dtd html 4.0 transitional//en">
<html><head>
<title>Static Call Graph - [.\Objects\Lab1.axf]</title></head>
<body><HR>
<H1>Static Call Graph for image .\Objects\Lab1.axf</H1><HR>
<BR><P>#&#060CALLGRAPH&#062# ARM Linker, 6210000: Last Updated: Tue Jun 10 19:13:05 2025
<BR><P>
<H3>Maximum Stack Usage =         96 bytes + Unknown(Cycles, Untraceable Function Pointers)</H3><H3>
Call chain for Maximum Stack Depth:</H3>
Timer0IntHandler &rArr; snprintf
<P>
<H3>
Mutually Recursive functions
</H3> <LI><a href="#[1]">NMI_Handler</a>&nbsp;&nbsp;&nbsp;&rArr;&nbsp;&nbsp;&nbsp;<a href="#[1]">NMI_Handler</a><BR>
 <LI><a href="#[2]">HardFault_Handler</a>&nbsp;&nbsp;&nbsp;&rArr;&nbsp;&nbsp;&nbsp;<a href="#[2]">HardFault_Handler</a><BR>
 <LI><a href="#[3]">MemManage_Handler</a>&nbsp;&nbsp;&nbsp;&rArr;&nbsp;&nbsp;&nbsp;<a href="#[3]">MemManage_Handler</a><BR>
 <LI><a href="#[4]">BusFault_Handler</a>&nbsp;&nbsp;&nbsp;&rArr;&nbsp;&nbsp;&nbsp;<a href="#[4]">BusFault_Handler</a><BR>
 <LI><a href="#[5]">UsageFault_Handler</a>&nbsp;&nbsp;&nbsp;&rArr;&nbsp;&nbsp;&nbsp;<a href="#[5]">UsageFault_Handler</a><BR>
 <LI><a href="#[6]">SVC_Handler</a>&nbsp;&nbsp;&nbsp;&rArr;&nbsp;&nbsp;&nbsp;<a href="#[6]">SVC_Handler</a><BR>
 <LI><a href="#[7]">DebugMon_Handler</a>&nbsp;&nbsp;&nbsp;&rArr;&nbsp;&nbsp;&nbsp;<a href="#[7]">DebugMon_Handler</a><BR>
 <LI><a href="#[8]">PendSV_Handler</a>&nbsp;&nbsp;&nbsp;&rArr;&nbsp;&nbsp;&nbsp;<a href="#[8]">PendSV_Handler</a><BR>
 <LI><a href="#[9]">SysTick_Handler</a>&nbsp;&nbsp;&nbsp;&rArr;&nbsp;&nbsp;&nbsp;<a href="#[9]">SysTick_Handler</a><BR>
 <LI><a href="#[a]">GPIOA_Handler</a>&nbsp;&nbsp;&nbsp;&rArr;&nbsp;&nbsp;&nbsp;<a href="#[a]">GPIOA_Handler</a><BR>
 <LI><a href="#[b]">GPIOB_Handler</a>&nbsp;&nbsp;&nbsp;&rArr;&nbsp;&nbsp;&nbsp;<a href="#[b]">GPIOB_Handler</a><BR>
 <LI><a href="#[c]">GPIOC_Handler</a>&nbsp;&nbsp;&nbsp;&rArr;&nbsp;&nbsp;&nbsp;<a href="#[c]">GPIOC_Handler</a><BR>
 <LI><a href="#[d]">GPIOD_Handler</a>&nbsp;&nbsp;&nbsp;&rArr;&nbsp;&nbsp;&nbsp;<a href="#[d]">GPIOD_Handler</a><BR>
 <LI><a href="#[e]">GPIOE_Handler</a>&nbsp;&nbsp;&nbsp;&rArr;&nbsp;&nbsp;&nbsp;<a href="#[e]">GPIOE_Handler</a><BR>
 <LI><a href="#[f]">UART0_Handler</a>&nbsp;&nbsp;&nbsp;&rArr;&nbsp;&nbsp;&nbsp;<a href="#[f]">UART0_Handler</a><BR>
 <LI><a href="#[10]">UART1_Handler</a>&nbsp;&nbsp;&nbsp;&rArr;&nbsp;&nbsp;&nbsp;<a href="#[10]">UART1_Handler</a><BR>
 <LI><a href="#[11]">SSI0_Handler</a>&nbsp;&nbsp;&nbsp;&rArr;&nbsp;&nbsp;&nbsp;<a href="#[11]">SSI0_Handler</a><BR>
 <LI><a href="#[12]">I2C0_Handler</a>&nbsp;&nbsp;&nbsp;&rArr;&nbsp;&nbsp;&nbsp;<a href="#[12]">I2C0_Handler</a><BR>
 <LI><a href="#[13]">PMW0_FAULT_Handler</a>&nbsp;&nbsp;&nbsp;&rArr;&nbsp;&nbsp;&nbsp;<a href="#[13]">PMW0_FAULT_Handler</a><BR>
 <LI><a href="#[14]">PWM0_0_Handler</a>&nbsp;&nbsp;&nbsp;&rArr;&nbsp;&nbsp;&nbsp;<a href="#[14]">PWM0_0_Handler</a><BR>
 <LI><a href="#[15]">PWM0_1_Handler</a>&nbsp;&nbsp;&nbsp;&rArr;&nbsp;&nbsp;&nbsp;<a href="#[15]">PWM0_1_Handler</a><BR>
 <LI><a href="#[16]">PWM0_2_Handler</a>&nbsp;&nbsp;&nbsp;&rArr;&nbsp;&nbsp;&nbsp;<a href="#[16]">PWM0_2_Handler</a><BR>
 <LI><a href="#[17]">QEI0_Handler</a>&nbsp;&nbsp;&nbsp;&rArr;&nbsp;&nbsp;&nbsp;<a href="#[17]">QEI0_Handler</a><BR>
 <LI><a href="#[18]">ADC0SS0_Handler</a>&nbsp;&nbsp;&nbsp;&rArr;&nbsp;&nbsp;&nbsp;<a href="#[18]">ADC0SS0_Handler</a><BR>
 <LI><a href="#[19]">ADC0SS1_Handler</a>&nbsp;&nbsp;&nbsp;&rArr;&nbsp;&nbsp;&nbsp;<a href="#[19]">ADC0SS1_Handler</a><BR>
 <LI><a href="#[1a]">ADC0SS2_Handler</a>&nbsp;&nbsp;&nbsp;&rArr;&nbsp;&nbsp;&nbsp;<a href="#[1a]">ADC0SS2_Handler</a><BR>
 <LI><a href="#[1b]">ADC0SS3_Handler</a>&nbsp;&nbsp;&nbsp;&rArr;&nbsp;&nbsp;&nbsp;<a href="#[1b]">ADC0SS3_Handler</a><BR>
 <LI><a href="#[1c]">WDT0_Handler</a>&nbsp;&nbsp;&nbsp;&rArr;&nbsp;&nbsp;&nbsp;<a href="#[1c]">WDT0_Handler</a><BR>
 <LI><a href="#[1d]">TIMER0A_Handler</a>&nbsp;&nbsp;&nbsp;&rArr;&nbsp;&nbsp;&nbsp;<a href="#[1d]">TIMER0A_Handler</a><BR>
 <LI><a href="#[1e]">TIMER0B_Handler</a>&nbsp;&nbsp;&nbsp;&rArr;&nbsp;&nbsp;&nbsp;<a href="#[1e]">TIMER0B_Handler</a><BR>
 <LI><a href="#[1f]">TIMER1A_Handler</a>&nbsp;&nbsp;&nbsp;&rArr;&nbsp;&nbsp;&nbsp;<a href="#[1f]">TIMER1A_Handler</a><BR>
 <LI><a href="#[20]">TIMER1B_Handler</a>&nbsp;&nbsp;&nbsp;&rArr;&nbsp;&nbsp;&nbsp;<a href="#[20]">TIMER1B_Handler</a><BR>
 <LI><a href="#[21]">TIMER2A_Handler</a>&nbsp;&nbsp;&nbsp;&rArr;&nbsp;&nbsp;&nbsp;<a href="#[21]">TIMER2A_Handler</a><BR>
 <LI><a href="#[22]">TIMER2B_Handler</a>&nbsp;&nbsp;&nbsp;&rArr;&nbsp;&nbsp;&nbsp;<a href="#[22]">TIMER2B_Handler</a><BR>
 <LI><a href="#[23]">COMP0_Handler</a>&nbsp;&nbsp;&nbsp;&rArr;&nbsp;&nbsp;&nbsp;<a href="#[23]">COMP0_Handler</a><BR>
 <LI><a href="#[24]">COMP1_Handler</a>&nbsp;&nbsp;&nbsp;&rArr;&nbsp;&nbsp;&nbsp;<a href="#[24]">COMP1_Handler</a><BR>
 <LI><a href="#[25]">COMP2_Handler</a>&nbsp;&nbsp;&nbsp;&rArr;&nbsp;&nbsp;&nbsp;<a href="#[25]">COMP2_Handler</a><BR>
 <LI><a href="#[26]">SYSCTL_Handler</a>&nbsp;&nbsp;&nbsp;&rArr;&nbsp;&nbsp;&nbsp;<a href="#[26]">SYSCTL_Handler</a><BR>
 <LI><a href="#[27]">FLASH_Handler</a>&nbsp;&nbsp;&nbsp;&rArr;&nbsp;&nbsp;&nbsp;<a href="#[27]">FLASH_Handler</a><BR>
 <LI><a href="#[28]">GPIOF_Handler</a>&nbsp;&nbsp;&nbsp;&rArr;&nbsp;&nbsp;&nbsp;<a href="#[28]">GPIOF_Handler</a><BR>
 <LI><a href="#[29]">GPIOG_Handler</a>&nbsp;&nbsp;&nbsp;&rArr;&nbsp;&nbsp;&nbsp;<a href="#[29]">GPIOG_Handler</a><BR>
 <LI><a href="#[2a]">GPIOH_Handler</a>&nbsp;&nbsp;&nbsp;&rArr;&nbsp;&nbsp;&nbsp;<a href="#[2a]">GPIOH_Handler</a><BR>
 <LI><a href="#[2b]">UART2_Handler</a>&nbsp;&nbsp;&nbsp;&rArr;&nbsp;&nbsp;&nbsp;<a href="#[2b]">UART2_Handler</a><BR>
 <LI><a href="#[2c]">SSI1_Handler</a>&nbsp;&nbsp;&nbsp;&rArr;&nbsp;&nbsp;&nbsp;<a href="#[2c]">SSI1_Handler</a><BR>
 <LI><a href="#[2d]">TIMER3A_Handler</a>&nbsp;&nbsp;&nbsp;&rArr;&nbsp;&nbsp;&nbsp;<a href="#[2d]">TIMER3A_Handler</a><BR>
 <LI><a href="#[2e]">TIMER3B_Handler</a>&nbsp;&nbsp;&nbsp;&rArr;&nbsp;&nbsp;&nbsp;<a href="#[2e]">TIMER3B_Handler</a><BR>
 <LI><a href="#[2f]">I2C1_Handler</a>&nbsp;&nbsp;&nbsp;&rArr;&nbsp;&nbsp;&nbsp;<a href="#[2f]">I2C1_Handler</a><BR>
 <LI><a href="#[30]">CAN0_Handler</a>&nbsp;&nbsp;&nbsp;&rArr;&nbsp;&nbsp;&nbsp;<a href="#[30]">CAN0_Handler</a><BR>
 <LI><a href="#[31]">CAN1_Handler</a>&nbsp;&nbsp;&nbsp;&rArr;&nbsp;&nbsp;&nbsp;<a href="#[31]">CAN1_Handler</a><BR>
 <LI><a href="#[32]">ETH_Handler</a>&nbsp;&nbsp;&nbsp;&rArr;&nbsp;&nbsp;&nbsp;<a href="#[32]">ETH_Handler</a><BR>
 <LI><a href="#[33]">HIB_Handler</a>&nbsp;&nbsp;&nbsp;&rArr;&nbsp;&nbsp;&nbsp;<a href="#[33]">HIB_Handler</a><BR>
 <LI><a href="#[34]">USB0_Handler</a>&nbsp;&nbsp;&nbsp;&rArr;&nbsp;&nbsp;&nbsp;<a href="#[34]">USB0_Handler</a><BR>
 <LI><a href="#[35]">PWM0_3_Handler</a>&nbsp;&nbsp;&nbsp;&rArr;&nbsp;&nbsp;&nbsp;<a href="#[35]">PWM0_3_Handler</a><BR>
 <LI><a href="#[36]">UDMA_Handler</a>&nbsp;&nbsp;&nbsp;&rArr;&nbsp;&nbsp;&nbsp;<a href="#[36]">UDMA_Handler</a><BR>
 <LI><a href="#[37]">UDMAERR_Handler</a>&nbsp;&nbsp;&nbsp;&rArr;&nbsp;&nbsp;&nbsp;<a href="#[37]">UDMAERR_Handler</a><BR>
 <LI><a href="#[38]">ADC1SS0_Handler</a>&nbsp;&nbsp;&nbsp;&rArr;&nbsp;&nbsp;&nbsp;<a href="#[38]">ADC1SS0_Handler</a><BR>
 <LI><a href="#[39]">ADC1SS1_Handler</a>&nbsp;&nbsp;&nbsp;&rArr;&nbsp;&nbsp;&nbsp;<a href="#[39]">ADC1SS1_Handler</a><BR>
 <LI><a href="#[3a]">ADC1SS2_Handler</a>&nbsp;&nbsp;&nbsp;&rArr;&nbsp;&nbsp;&nbsp;<a href="#[3a]">ADC1SS2_Handler</a><BR>
 <LI><a href="#[3b]">ADC1SS3_Handler</a>&nbsp;&nbsp;&nbsp;&rArr;&nbsp;&nbsp;&nbsp;<a href="#[3b]">ADC1SS3_Handler</a><BR>
 <LI><a href="#[3c]">EBI0_Handler</a>&nbsp;&nbsp;&nbsp;&rArr;&nbsp;&nbsp;&nbsp;<a href="#[3c]">EBI0_Handler</a><BR>
 <LI><a href="#[3d]">GPIOJ_Handler</a>&nbsp;&nbsp;&nbsp;&rArr;&nbsp;&nbsp;&nbsp;<a href="#[3d]">GPIOJ_Handler</a><BR>
 <LI><a href="#[3e]">GPIOK_Handler</a>&nbsp;&nbsp;&nbsp;&rArr;&nbsp;&nbsp;&nbsp;<a href="#[3e]">GPIOK_Handler</a><BR>
 <LI><a href="#[3f]">GPIOL_Handler</a>&nbsp;&nbsp;&nbsp;&rArr;&nbsp;&nbsp;&nbsp;<a href="#[3f]">GPIOL_Handler</a><BR>
 <LI><a href="#[40]">SSI2_Handler</a>&nbsp;&nbsp;&nbsp;&rArr;&nbsp;&nbsp;&nbsp;<a href="#[40]">SSI2_Handler</a><BR>
 <LI><a href="#[41]">SSI3_Handler</a>&nbsp;&nbsp;&nbsp;&rArr;&nbsp;&nbsp;&nbsp;<a href="#[41]">SSI3_Handler</a><BR>
 <LI><a href="#[42]">UART3_Handler</a>&nbsp;&nbsp;&nbsp;&rArr;&nbsp;&nbsp;&nbsp;<a href="#[42]">UART3_Handler</a><BR>
 <LI><a href="#[43]">UART4_Handler</a>&nbsp;&nbsp;&nbsp;&rArr;&nbsp;&nbsp;&nbsp;<a href="#[43]">UART4_Handler</a><BR>
 <LI><a href="#[44]">UART5_Handler</a>&nbsp;&nbsp;&nbsp;&rArr;&nbsp;&nbsp;&nbsp;<a href="#[44]">UART5_Handler</a><BR>
 <LI><a href="#[45]">UART6_Handler</a>&nbsp;&nbsp;&nbsp;&rArr;&nbsp;&nbsp;&nbsp;<a href="#[45]">UART6_Handler</a><BR>
 <LI><a href="#[46]">UART7_Handler</a>&nbsp;&nbsp;&nbsp;&rArr;&nbsp;&nbsp;&nbsp;<a href="#[46]">UART7_Handler</a><BR>
 <LI><a href="#[47]">I2C2_Handler</a>&nbsp;&nbsp;&nbsp;&rArr;&nbsp;&nbsp;&nbsp;<a href="#[47]">I2C2_Handler</a><BR>
 <LI><a href="#[48]">I2C3_Handler</a>&nbsp;&nbsp;&nbsp;&rArr;&nbsp;&nbsp;&nbsp;<a href="#[48]">I2C3_Handler</a><BR>
 <LI><a href="#[49]">TIMER4A_Handler</a>&nbsp;&nbsp;&nbsp;&rArr;&nbsp;&nbsp;&nbsp;<a href="#[49]">TIMER4A_Handler</a><BR>
 <LI><a href="#[4a]">TIMER4B_Handler</a>&nbsp;&nbsp;&nbsp;&rArr;&nbsp;&nbsp;&nbsp;<a href="#[4a]">TIMER4B_Handler</a><BR>
 <LI><a href="#[4b]">TIMER5A_Handler</a>&nbsp;&nbsp;&nbsp;&rArr;&nbsp;&nbsp;&nbsp;<a href="#[4b]">TIMER5A_Handler</a><BR>
 <LI><a href="#[4c]">TIMER5B_Handler</a>&nbsp;&nbsp;&nbsp;&rArr;&nbsp;&nbsp;&nbsp;<a href="#[4c]">TIMER5B_Handler</a><BR>
 <LI><a href="#[4d]">FPU_Handler</a>&nbsp;&nbsp;&nbsp;&rArr;&nbsp;&nbsp;&nbsp;<a href="#[4d]">FPU_Handler</a><BR>
 <LI><a href="#[4e]">I2C4_Handler</a>&nbsp;&nbsp;&nbsp;&rArr;&nbsp;&nbsp;&nbsp;<a href="#[4e]">I2C4_Handler</a><BR>
 <LI><a href="#[4f]">I2C5_Handler</a>&nbsp;&nbsp;&nbsp;&rArr;&nbsp;&nbsp;&nbsp;<a href="#[4f]">I2C5_Handler</a><BR>
 <LI><a href="#[50]">GPIOM_Handler</a>&nbsp;&nbsp;&nbsp;&rArr;&nbsp;&nbsp;&nbsp;<a href="#[50]">GPIOM_Handler</a><BR>
 <LI><a href="#[51]">GPION_Handler</a>&nbsp;&nbsp;&nbsp;&rArr;&nbsp;&nbsp;&nbsp;<a href="#[51]">GPION_Handler</a><BR>
 <LI><a href="#[52]">TAMPER_Handler</a>&nbsp;&nbsp;&nbsp;&rArr;&nbsp;&nbsp;&nbsp;<a href="#[52]">TAMPER_Handler</a><BR>
 <LI><a href="#[53]">GPIOP0_Handler</a>&nbsp;&nbsp;&nbsp;&rArr;&nbsp;&nbsp;&nbsp;<a href="#[53]">GPIOP0_Handler</a><BR>
 <LI><a href="#[54]">GPIOP1_Handler</a>&nbsp;&nbsp;&nbsp;&rArr;&nbsp;&nbsp;&nbsp;<a href="#[54]">GPIOP1_Handler</a><BR>
 <LI><a href="#[55]">GPIOP2_Handler</a>&nbsp;&nbsp;&nbsp;&rArr;&nbsp;&nbsp;&nbsp;<a href="#[55]">GPIOP2_Handler</a><BR>
 <LI><a href="#[56]">GPIOP3_Handler</a>&nbsp;&nbsp;&nbsp;&rArr;&nbsp;&nbsp;&nbsp;<a href="#[56]">GPIOP3_Handler</a><BR>
 <LI><a href="#[57]">GPIOP4_Handler</a>&nbsp;&nbsp;&nbsp;&rArr;&nbsp;&nbsp;&nbsp;<a href="#[57]">GPIOP4_Handler</a><BR>
 <LI><a href="#[58]">GPIOP5_Handler</a>&nbsp;&nbsp;&nbsp;&rArr;&nbsp;&nbsp;&nbsp;<a href="#[58]">GPIOP5_Handler</a><BR>
 <LI><a href="#[59]">GPIOP6_Handler</a>&nbsp;&nbsp;&nbsp;&rArr;&nbsp;&nbsp;&nbsp;<a href="#[59]">GPIOP6_Handler</a><BR>
 <LI><a href="#[5a]">GPIOP7_Handler</a>&nbsp;&nbsp;&nbsp;&rArr;&nbsp;&nbsp;&nbsp;<a href="#[5a]">GPIOP7_Handler</a><BR>
 <LI><a href="#[5b]">GPIOQ0_Handler</a>&nbsp;&nbsp;&nbsp;&rArr;&nbsp;&nbsp;&nbsp;<a href="#[5b]">GPIOQ0_Handler</a><BR>
 <LI><a href="#[5c]">GPIOQ1_Handler</a>&nbsp;&nbsp;&nbsp;&rArr;&nbsp;&nbsp;&nbsp;<a href="#[5c]">GPIOQ1_Handler</a><BR>
 <LI><a href="#[5d]">GPIOQ2_Handler</a>&nbsp;&nbsp;&nbsp;&rArr;&nbsp;&nbsp;&nbsp;<a href="#[5d]">GPIOQ2_Handler</a><BR>
 <LI><a href="#[5e]">GPIOQ3_Handler</a>&nbsp;&nbsp;&nbsp;&rArr;&nbsp;&nbsp;&nbsp;<a href="#[5e]">GPIOQ3_Handler</a><BR>
 <LI><a href="#[5f]">GPIOQ4_Handler</a>&nbsp;&nbsp;&nbsp;&rArr;&nbsp;&nbsp;&nbsp;<a href="#[5f]">GPIOQ4_Handler</a><BR>
 <LI><a href="#[60]">GPIOQ5_Handler</a>&nbsp;&nbsp;&nbsp;&rArr;&nbsp;&nbsp;&nbsp;<a href="#[60]">GPIOQ5_Handler</a><BR>
 <LI><a href="#[61]">GPIOQ6_Handler</a>&nbsp;&nbsp;&nbsp;&rArr;&nbsp;&nbsp;&nbsp;<a href="#[61]">GPIOQ6_Handler</a><BR>
 <LI><a href="#[62]">GPIOQ7_Handler</a>&nbsp;&nbsp;&nbsp;&rArr;&nbsp;&nbsp;&nbsp;<a href="#[62]">GPIOQ7_Handler</a><BR>
 <LI><a href="#[63]">GPIOR_Handler</a>&nbsp;&nbsp;&nbsp;&rArr;&nbsp;&nbsp;&nbsp;<a href="#[63]">GPIOR_Handler</a><BR>
 <LI><a href="#[64]">GPIOS_Handler</a>&nbsp;&nbsp;&nbsp;&rArr;&nbsp;&nbsp;&nbsp;<a href="#[64]">GPIOS_Handler</a><BR>
 <LI><a href="#[65]">SHAMD5_Handler</a>&nbsp;&nbsp;&nbsp;&rArr;&nbsp;&nbsp;&nbsp;<a href="#[65]">SHAMD5_Handler</a><BR>
 <LI><a href="#[66]">AES_Handler</a>&nbsp;&nbsp;&nbsp;&rArr;&nbsp;&nbsp;&nbsp;<a href="#[66]">AES_Handler</a><BR>
 <LI><a href="#[67]">DES3DES_Handler</a>&nbsp;&nbsp;&nbsp;&rArr;&nbsp;&nbsp;&nbsp;<a href="#[67]">DES3DES_Handler</a><BR>
 <LI><a href="#[68]">LCDCONTROLLER_Handler</a>&nbsp;&nbsp;&nbsp;&rArr;&nbsp;&nbsp;&nbsp;<a href="#[68]">LCDCONTROLLER_Handler</a><BR>
 <LI><a href="#[69]">TIMER6A_Handler</a>&nbsp;&nbsp;&nbsp;&rArr;&nbsp;&nbsp;&nbsp;<a href="#[69]">TIMER6A_Handler</a><BR>
 <LI><a href="#[6a]">TIMER6B_Handler</a>&nbsp;&nbsp;&nbsp;&rArr;&nbsp;&nbsp;&nbsp;<a href="#[6a]">TIMER6B_Handler</a><BR>
 <LI><a href="#[6b]">TIMER7A_Handler</a>&nbsp;&nbsp;&nbsp;&rArr;&nbsp;&nbsp;&nbsp;<a href="#[6b]">TIMER7A_Handler</a><BR>
 <LI><a href="#[6c]">TIMER7B_Handler</a>&nbsp;&nbsp;&nbsp;&rArr;&nbsp;&nbsp;&nbsp;<a href="#[6c]">TIMER7B_Handler</a><BR>
 <LI><a href="#[6d]">I2C6_Handler</a>&nbsp;&nbsp;&nbsp;&rArr;&nbsp;&nbsp;&nbsp;<a href="#[6d]">I2C6_Handler</a><BR>
 <LI><a href="#[6e]">I2C7_Handler</a>&nbsp;&nbsp;&nbsp;&rArr;&nbsp;&nbsp;&nbsp;<a href="#[6e]">I2C7_Handler</a><BR>
 <LI><a href="#[6f]">HIMSCANKEYBOARD_Handler</a>&nbsp;&nbsp;&nbsp;&rArr;&nbsp;&nbsp;&nbsp;<a href="#[6f]">HIMSCANKEYBOARD_Handler</a><BR>
 <LI><a href="#[70]">ONEWIRE_Handler</a>&nbsp;&nbsp;&nbsp;&rArr;&nbsp;&nbsp;&nbsp;<a href="#[70]">ONEWIRE_Handler</a><BR>
 <LI><a href="#[71]">HIMPS2_Handler</a>&nbsp;&nbsp;&nbsp;&rArr;&nbsp;&nbsp;&nbsp;<a href="#[71]">HIMPS2_Handler</a><BR>
 <LI><a href="#[72]">HIMLEDSEQUENCER_Handler</a>&nbsp;&nbsp;&nbsp;&rArr;&nbsp;&nbsp;&nbsp;<a href="#[72]">HIMLEDSEQUENCER_Handler</a><BR>
 <LI><a href="#[73]">HIMCONSUMERIR_Handler</a>&nbsp;&nbsp;&nbsp;&rArr;&nbsp;&nbsp;&nbsp;<a href="#[73]">HIMCONSUMERIR_Handler</a><BR>
 <LI><a href="#[74]">I2C8_Handler</a>&nbsp;&nbsp;&nbsp;&rArr;&nbsp;&nbsp;&nbsp;<a href="#[74]">I2C8_Handler</a><BR>
 <LI><a href="#[75]">I2C9_Handler</a>&nbsp;&nbsp;&nbsp;&rArr;&nbsp;&nbsp;&nbsp;<a href="#[75]">I2C9_Handler</a><BR>
 <LI><a href="#[76]">GPIOT_Handler</a>&nbsp;&nbsp;&nbsp;&rArr;&nbsp;&nbsp;&nbsp;<a href="#[76]">GPIOT_Handler</a><BR>
 <LI><a href="#[b4]">UARTCharPut</a>&nbsp;&nbsp;&nbsp;&rArr;&nbsp;&nbsp;&nbsp;<a href="#[b4]">UARTCharPut</a><BR>
 <LI><a href="#[a9]">UARTConfigSetExpClk</a>&nbsp;&nbsp;&nbsp;&rArr;&nbsp;&nbsp;&nbsp;<a href="#[a9]">UARTConfigSetExpClk</a><BR>
 <LI><a href="#[7d]">WTIMER0A_Handler</a>&nbsp;&nbsp;&nbsp;&rArr;&nbsp;&nbsp;&nbsp;<a href="#[7d]">WTIMER0A_Handler</a><BR>
 <LI><a href="#[7e]">WTIMER0B_Handler</a>&nbsp;&nbsp;&nbsp;&rArr;&nbsp;&nbsp;&nbsp;<a href="#[7e]">WTIMER0B_Handler</a><BR>
 <LI><a href="#[7f]">WTIMER1A_Handler</a>&nbsp;&nbsp;&nbsp;&rArr;&nbsp;&nbsp;&nbsp;<a href="#[7f]">WTIMER1A_Handler</a><BR>
 <LI><a href="#[80]">WTIMER1B_Handler</a>&nbsp;&nbsp;&nbsp;&rArr;&nbsp;&nbsp;&nbsp;<a href="#[80]">WTIMER1B_Handler</a><BR>
 <LI><a href="#[81]">WTIMER2A_Handler</a>&nbsp;&nbsp;&nbsp;&rArr;&nbsp;&nbsp;&nbsp;<a href="#[81]">WTIMER2A_Handler</a><BR>
 <LI><a href="#[82]">WTIMER2B_Handler</a>&nbsp;&nbsp;&nbsp;&rArr;&nbsp;&nbsp;&nbsp;<a href="#[82]">WTIMER2B_Handler</a><BR>
 <LI><a href="#[83]">WTIMER3A_Handler</a>&nbsp;&nbsp;&nbsp;&rArr;&nbsp;&nbsp;&nbsp;<a href="#[83]">WTIMER3A_Handler</a><BR>
 <LI><a href="#[84]">WTIMER3B_Handler</a>&nbsp;&nbsp;&nbsp;&rArr;&nbsp;&nbsp;&nbsp;<a href="#[84]">WTIMER3B_Handler</a><BR>
 <LI><a href="#[85]">WTIMER4A_Handler</a>&nbsp;&nbsp;&nbsp;&rArr;&nbsp;&nbsp;&nbsp;<a href="#[85]">WTIMER4A_Handler</a><BR>
 <LI><a href="#[86]">WTIMER4B_Handler</a>&nbsp;&nbsp;&nbsp;&rArr;&nbsp;&nbsp;&nbsp;<a href="#[86]">WTIMER4B_Handler</a><BR>
 <LI><a href="#[87]">WTIMER5A_Handler</a>&nbsp;&nbsp;&nbsp;&rArr;&nbsp;&nbsp;&nbsp;<a href="#[87]">WTIMER5A_Handler</a><BR>
 <LI><a href="#[88]">WTIMER5B_Handler</a>&nbsp;&nbsp;&nbsp;&rArr;&nbsp;&nbsp;&nbsp;<a href="#[88]">WTIMER5B_Handler</a><BR>
</UL>
<P>
<H3>
Function Pointers
</H3><UL>
 <LI><a href="#[18]">ADC0SS0_Handler</a> from startup_tm4c129.o(.text) referenced from startup_tm4c129.o(RESET)
 <LI><a href="#[19]">ADC0SS1_Handler</a> from startup_tm4c129.o(.text) referenced from startup_tm4c129.o(RESET)
 <LI><a href="#[1a]">ADC0SS2_Handler</a> from startup_tm4c129.o(.text) referenced from startup_tm4c129.o(RESET)
 <LI><a href="#[1b]">ADC0SS3_Handler</a> from startup_tm4c129.o(.text) referenced from startup_tm4c129.o(RESET)
 <LI><a href="#[38]">ADC1SS0_Handler</a> from startup_tm4c129.o(.text) referenced from startup_tm4c129.o(RESET)
 <LI><a href="#[39]">ADC1SS1_Handler</a> from startup_tm4c129.o(.text) referenced from startup_tm4c129.o(RESET)
 <LI><a href="#[3a]">ADC1SS2_Handler</a> from startup_tm4c129.o(.text) referenced from startup_tm4c129.o(RESET)
 <LI><a href="#[3b]">ADC1SS3_Handler</a> from startup_tm4c129.o(.text) referenced from startup_tm4c129.o(RESET)
 <LI><a href="#[66]">AES_Handler</a> from startup_tm4c129.o(.text) referenced from startup_tm4c129.o(RESET)
 <LI><a href="#[4]">BusFault_Handler</a> from startup_tm4c129.o(.text) referenced from startup_tm4c129.o(RESET)
 <LI><a href="#[30]">CAN0_Handler</a> from startup_tm4c129.o(.text) referenced from startup_tm4c129.o(RESET)
 <LI><a href="#[31]">CAN1_Handler</a> from startup_tm4c129.o(.text) referenced from startup_tm4c129.o(RESET)
 <LI><a href="#[23]">COMP0_Handler</a> from startup_tm4c129.o(.text) referenced from startup_tm4c129.o(RESET)
 <LI><a href="#[24]">COMP1_Handler</a> from startup_tm4c129.o(.text) referenced from startup_tm4c129.o(RESET)
 <LI><a href="#[25]">COMP2_Handler</a> from startup_tm4c129.o(.text) referenced from startup_tm4c129.o(RESET)
 <LI><a href="#[67]">DES3DES_Handler</a> from startup_tm4c129.o(.text) referenced from startup_tm4c129.o(RESET)
 <LI><a href="#[7]">DebugMon_Handler</a> from startup_tm4c129.o(.text) referenced from startup_tm4c129.o(RESET)
 <LI><a href="#[3c]">EBI0_Handler</a> from startup_tm4c129.o(.text) referenced from startup_tm4c129.o(RESET)
 <LI><a href="#[32]">ETH_Handler</a> from startup_tm4c129.o(.text) referenced from startup_tm4c129.o(RESET)
 <LI><a href="#[27]">FLASH_Handler</a> from startup_tm4c129.o(.text) referenced from startup_tm4c129.o(RESET)
 <LI><a href="#[4d]">FPU_Handler</a> from startup_tm4c129.o(.text) referenced from startup_tm4c129.o(RESET)
 <LI><a href="#[a]">GPIOA_Handler</a> from startup_tm4c129.o(.text) referenced from startup_tm4c129.o(RESET)
 <LI><a href="#[b]">GPIOB_Handler</a> from startup_tm4c129.o(.text) referenced from startup_tm4c129.o(RESET)
 <LI><a href="#[c]">GPIOC_Handler</a> from startup_tm4c129.o(.text) referenced from startup_tm4c129.o(RESET)
 <LI><a href="#[d]">GPIOD_Handler</a> from startup_tm4c129.o(.text) referenced from startup_tm4c129.o(RESET)
 <LI><a href="#[e]">GPIOE_Handler</a> from startup_tm4c129.o(.text) referenced from startup_tm4c129.o(RESET)
 <LI><a href="#[28]">GPIOF_Handler</a> from startup_tm4c129.o(.text) referenced from startup_tm4c129.o(RESET)
 <LI><a href="#[29]">GPIOG_Handler</a> from startup_tm4c129.o(.text) referenced from startup_tm4c129.o(RESET)
 <LI><a href="#[2a]">GPIOH_Handler</a> from startup_tm4c129.o(.text) referenced from startup_tm4c129.o(RESET)
 <LI><a href="#[3d]">GPIOJ_Handler</a> from startup_tm4c129.o(.text) referenced from startup_tm4c129.o(RESET)
 <LI><a href="#[3e]">GPIOK_Handler</a> from startup_tm4c129.o(.text) referenced from startup_tm4c129.o(RESET)
 <LI><a href="#[3f]">GPIOL_Handler</a> from startup_tm4c129.o(.text) referenced from startup_tm4c129.o(RESET)
 <LI><a href="#[50]">GPIOM_Handler</a> from startup_tm4c129.o(.text) referenced from startup_tm4c129.o(RESET)
 <LI><a href="#[51]">GPION_Handler</a> from startup_tm4c129.o(.text) referenced from startup_tm4c129.o(RESET)
 <LI><a href="#[53]">GPIOP0_Handler</a> from startup_tm4c129.o(.text) referenced from startup_tm4c129.o(RESET)
 <LI><a href="#[54]">GPIOP1_Handler</a> from startup_tm4c129.o(.text) referenced from startup_tm4c129.o(RESET)
 <LI><a href="#[55]">GPIOP2_Handler</a> from startup_tm4c129.o(.text) referenced from startup_tm4c129.o(RESET)
 <LI><a href="#[56]">GPIOP3_Handler</a> from startup_tm4c129.o(.text) referenced from startup_tm4c129.o(RESET)
 <LI><a href="#[57]">GPIOP4_Handler</a> from startup_tm4c129.o(.text) referenced from startup_tm4c129.o(RESET)
 <LI><a href="#[58]">GPIOP5_Handler</a> from startup_tm4c129.o(.text) referenced from startup_tm4c129.o(RESET)
 <LI><a href="#[59]">GPIOP6_Handler</a> from startup_tm4c129.o(.text) referenced from startup_tm4c129.o(RESET)
 <LI><a href="#[5a]">GPIOP7_Handler</a> from startup_tm4c129.o(.text) referenced from startup_tm4c129.o(RESET)
 <LI><a href="#[5b]">GPIOQ0_Handler</a> from startup_tm4c129.o(.text) referenced from startup_tm4c129.o(RESET)
 <LI><a href="#[5c]">GPIOQ1_Handler</a> from startup_tm4c129.o(.text) referenced from startup_tm4c129.o(RESET)
 <LI><a href="#[5d]">GPIOQ2_Handler</a> from startup_tm4c129.o(.text) referenced from startup_tm4c129.o(RESET)
 <LI><a href="#[5e]">GPIOQ3_Handler</a> from startup_tm4c129.o(.text) referenced from startup_tm4c129.o(RESET)
 <LI><a href="#[5f]">GPIOQ4_Handler</a> from startup_tm4c129.o(.text) referenced from startup_tm4c129.o(RESET)
 <LI><a href="#[60]">GPIOQ5_Handler</a> from startup_tm4c129.o(.text) referenced from startup_tm4c129.o(RESET)
 <LI><a href="#[61]">GPIOQ6_Handler</a> from startup_tm4c129.o(.text) referenced from startup_tm4c129.o(RESET)
 <LI><a href="#[62]">GPIOQ7_Handler</a> from startup_tm4c129.o(.text) referenced from startup_tm4c129.o(RESET)
 <LI><a href="#[63]">GPIOR_Handler</a> from startup_tm4c129.o(.text) referenced from startup_tm4c129.o(RESET)
 <LI><a href="#[64]">GPIOS_Handler</a> from startup_tm4c129.o(.text) referenced from startup_tm4c129.o(RESET)
 <LI><a href="#[76]">GPIOT_Handler</a> from startup_tm4c129.o(.text) referenced from startup_tm4c129.o(RESET)
 <LI><a href="#[33]">HIB_Handler</a> from startup_tm4c129.o(.text) referenced from startup_tm4c129.o(RESET)
 <LI><a href="#[73]">HIMCONSUMERIR_Handler</a> from startup_tm4c129.o(.text) referenced from startup_tm4c129.o(RESET)
 <LI><a href="#[72]">HIMLEDSEQUENCER_Handler</a> from startup_tm4c129.o(.text) referenced from startup_tm4c129.o(RESET)
 <LI><a href="#[71]">HIMPS2_Handler</a> from startup_tm4c129.o(.text) referenced from startup_tm4c129.o(RESET)
 <LI><a href="#[6f]">HIMSCANKEYBOARD_Handler</a> from startup_tm4c129.o(.text) referenced from startup_tm4c129.o(RESET)
 <LI><a href="#[2]">HardFault_Handler</a> from startup_tm4c129.o(.text) referenced from startup_tm4c129.o(RESET)
 <LI><a href="#[12]">I2C0_Handler</a> from startup_tm4c129.o(.text) referenced from startup_tm4c129.o(RESET)
 <LI><a href="#[2f]">I2C1_Handler</a> from startup_tm4c129.o(.text) referenced from startup_tm4c129.o(RESET)
 <LI><a href="#[47]">I2C2_Handler</a> from startup_tm4c129.o(.text) referenced from startup_tm4c129.o(RESET)
 <LI><a href="#[48]">I2C3_Handler</a> from startup_tm4c129.o(.text) referenced from startup_tm4c129.o(RESET)
 <LI><a href="#[4e]">I2C4_Handler</a> from startup_tm4c129.o(.text) referenced from startup_tm4c129.o(RESET)
 <LI><a href="#[4f]">I2C5_Handler</a> from startup_tm4c129.o(.text) referenced from startup_tm4c129.o(RESET)
 <LI><a href="#[6d]">I2C6_Handler</a> from startup_tm4c129.o(.text) referenced from startup_tm4c129.o(RESET)
 <LI><a href="#[6e]">I2C7_Handler</a> from startup_tm4c129.o(.text) referenced from startup_tm4c129.o(RESET)
 <LI><a href="#[74]">I2C8_Handler</a> from startup_tm4c129.o(.text) referenced from startup_tm4c129.o(RESET)
 <LI><a href="#[75]">I2C9_Handler</a> from startup_tm4c129.o(.text) referenced from startup_tm4c129.o(RESET)
 <LI><a href="#[68]">LCDCONTROLLER_Handler</a> from startup_tm4c129.o(.text) referenced from startup_tm4c129.o(RESET)
 <LI><a href="#[3]">MemManage_Handler</a> from startup_tm4c129.o(.text) referenced from startup_tm4c129.o(RESET)
 <LI><a href="#[1]">NMI_Handler</a> from startup_tm4c129.o(.text) referenced from startup_tm4c129.o(RESET)
 <LI><a href="#[70]">ONEWIRE_Handler</a> from startup_tm4c129.o(.text) referenced from startup_tm4c129.o(RESET)
 <LI><a href="#[13]">PMW0_FAULT_Handler</a> from startup_tm4c129.o(.text) referenced from startup_tm4c129.o(RESET)
 <LI><a href="#[14]">PWM0_0_Handler</a> from startup_tm4c129.o(.text) referenced from startup_tm4c129.o(RESET)
 <LI><a href="#[15]">PWM0_1_Handler</a> from startup_tm4c129.o(.text) referenced from startup_tm4c129.o(RESET)
 <LI><a href="#[16]">PWM0_2_Handler</a> from startup_tm4c129.o(.text) referenced from startup_tm4c129.o(RESET)
 <LI><a href="#[35]">PWM0_3_Handler</a> from startup_tm4c129.o(.text) referenced from startup_tm4c129.o(RESET)
 <LI><a href="#[8]">PendSV_Handler</a> from startup_tm4c129.o(.text) referenced from startup_tm4c129.o(RESET)
 <LI><a href="#[17]">QEI0_Handler</a> from startup_tm4c129.o(.text) referenced from startup_tm4c129.o(RESET)
 <LI><a href="#[0]">Reset_Handler</a> from startup_tm4c129.o(.text) referenced from startup_tm4c129.o(RESET)
 <LI><a href="#[65]">SHAMD5_Handler</a> from startup_tm4c129.o(.text) referenced from startup_tm4c129.o(RESET)
 <LI><a href="#[11]">SSI0_Handler</a> from startup_tm4c129.o(.text) referenced from startup_tm4c129.o(RESET)
 <LI><a href="#[2c]">SSI1_Handler</a> from startup_tm4c129.o(.text) referenced from startup_tm4c129.o(RESET)
 <LI><a href="#[40]">SSI2_Handler</a> from startup_tm4c129.o(.text) referenced from startup_tm4c129.o(RESET)
 <LI><a href="#[41]">SSI3_Handler</a> from startup_tm4c129.o(.text) referenced from startup_tm4c129.o(RESET)
 <LI><a href="#[6]">SVC_Handler</a> from startup_tm4c129.o(.text) referenced from startup_tm4c129.o(RESET)
 <LI><a href="#[26]">SYSCTL_Handler</a> from startup_tm4c129.o(.text) referenced from startup_tm4c129.o(RESET)
 <LI><a href="#[9]">SysTick_Handler</a> from startup_tm4c129.o(.text) referenced from startup_tm4c129.o(RESET)
 <LI><a href="#[78]">SystemInit</a> from system_tm4c129.o(.text.SystemInit) referenced from startup_tm4c129.o(.text)
 <LI><a href="#[52]">TAMPER_Handler</a> from startup_tm4c129.o(.text) referenced from startup_tm4c129.o(RESET)
 <LI><a href="#[1d]">TIMER0A_Handler</a> from startup_tm4c129.o(.text) referenced from startup_tm4c129.o(RESET)
 <LI><a href="#[1e]">TIMER0B_Handler</a> from startup_tm4c129.o(.text) referenced from startup_tm4c129.o(RESET)
 <LI><a href="#[1f]">TIMER1A_Handler</a> from startup_tm4c129.o(.text) referenced from startup_tm4c129.o(RESET)
 <LI><a href="#[20]">TIMER1B_Handler</a> from startup_tm4c129.o(.text) referenced from startup_tm4c129.o(RESET)
 <LI><a href="#[21]">TIMER2A_Handler</a> from startup_tm4c129.o(.text) referenced from startup_tm4c129.o(RESET)
 <LI><a href="#[22]">TIMER2B_Handler</a> from startup_tm4c129.o(.text) referenced from startup_tm4c129.o(RESET)
 <LI><a href="#[2d]">TIMER3A_Handler</a> from startup_tm4c129.o(.text) referenced from startup_tm4c129.o(RESET)
 <LI><a href="#[2e]">TIMER3B_Handler</a> from startup_tm4c129.o(.text) referenced from startup_tm4c129.o(RESET)
 <LI><a href="#[49]">TIMER4A_Handler</a> from startup_tm4c129.o(.text) referenced from startup_tm4c129.o(RESET)
 <LI><a href="#[4a]">TIMER4B_Handler</a> from startup_tm4c129.o(.text) referenced from startup_tm4c129.o(RESET)
 <LI><a href="#[4b]">TIMER5A_Handler</a> from startup_tm4c129.o(.text) referenced from startup_tm4c129.o(RESET)
 <LI><a href="#[4c]">TIMER5B_Handler</a> from startup_tm4c129.o(.text) referenced from startup_tm4c129.o(RESET)
 <LI><a href="#[69]">TIMER6A_Handler</a> from startup_tm4c129.o(.text) referenced from startup_tm4c129.o(RESET)
 <LI><a href="#[6a]">TIMER6B_Handler</a> from startup_tm4c129.o(.text) referenced from startup_tm4c129.o(RESET)
 <LI><a href="#[6b]">TIMER7A_Handler</a> from startup_tm4c129.o(.text) referenced from startup_tm4c129.o(RESET)
 <LI><a href="#[6c]">TIMER7B_Handler</a> from startup_tm4c129.o(.text) referenced from startup_tm4c129.o(RESET)
 <LI><a href="#[7a]">Timer0IntHandler</a> from main.o(.text.Timer0IntHandler) referenced 2 times from main.o(.text.SetupTimer)
 <LI><a href="#[f]">UART0_Handler</a> from startup_tm4c129.o(.text) referenced from startup_tm4c129.o(RESET)
 <LI><a href="#[10]">UART1_Handler</a> from startup_tm4c129.o(.text) referenced from startup_tm4c129.o(RESET)
 <LI><a href="#[2b]">UART2_Handler</a> from startup_tm4c129.o(.text) referenced from startup_tm4c129.o(RESET)
 <LI><a href="#[42]">UART3_Handler</a> from startup_tm4c129.o(.text) referenced from startup_tm4c129.o(RESET)
 <LI><a href="#[43]">UART4_Handler</a> from startup_tm4c129.o(.text) referenced from startup_tm4c129.o(RESET)
 <LI><a href="#[44]">UART5_Handler</a> from startup_tm4c129.o(.text) referenced from startup_tm4c129.o(RESET)
 <LI><a href="#[45]">UART6_Handler</a> from startup_tm4c129.o(.text) referenced from startup_tm4c129.o(RESET)
 <LI><a href="#[46]">UART7_Handler</a> from startup_tm4c129.o(.text) referenced from startup_tm4c129.o(RESET)
 <LI><a href="#[7b]">UARTIntHandler</a> from main.o(.text.UARTIntHandler) referenced 2 times from main.o(.text.SetupUart)
 <LI><a href="#[37]">UDMAERR_Handler</a> from startup_tm4c129.o(.text) referenced from startup_tm4c129.o(RESET)
 <LI><a href="#[36]">UDMA_Handler</a> from startup_tm4c129.o(.text) referenced from startup_tm4c129.o(RESET)
 <LI><a href="#[34]">USB0_Handler</a> from startup_tm4c129.o(.text) referenced from startup_tm4c129.o(RESET)
 <LI><a href="#[5]">UsageFault_Handler</a> from startup_tm4c129.o(.text) referenced from startup_tm4c129.o(RESET)
 <LI><a href="#[1c]">WDT0_Handler</a> from startup_tm4c129.o(.text) referenced from startup_tm4c129.o(RESET)
 <LI><a href="#[79]">__main</a> from entry.o(.ARM.Collect$$$$00000000) referenced from startup_tm4c129.o(.text)
 <LI><a href="#[7c]">_snputc</a> from printfa.o(i._snputc) referenced from printfa.o(i.__0snprintf)
 <LI><a href="#[77]">main</a> from main.o(.text.main) referenced from entry9a.o(.ARM.Collect$$$$0000000B)
</UL>
<P>
<H3>
Global Symbols
</H3>
<P><STRONG><a name="[79]"></a>__main</STRONG> (Thumb, 0 bytes, Stack size unknown bytes, entry.o(.ARM.Collect$$$$00000000))
<BR>[Address Reference Count : 1]<UL><LI> startup_tm4c129.o(.text)
</UL>
<P><STRONG><a name="[d0]"></a>_main_stk</STRONG> (Thumb, 0 bytes, Stack size unknown bytes, entry2.o(.ARM.Collect$$$$00000001))

<P><STRONG><a name="[89]"></a>_main_scatterload</STRONG> (Thumb, 0 bytes, Stack size unknown bytes, entry5.o(.ARM.Collect$$$$00000004))
<BR><BR>[Calls]<UL><LI><a href="#[8a]">&gt;&gt;</a>&nbsp;&nbsp;&nbsp;__scatterload
</UL>

<P><STRONG><a name="[97]"></a>__main_after_scatterload</STRONG> (Thumb, 0 bytes, Stack size unknown bytes, entry5.o(.ARM.Collect$$$$00000004))
<BR><BR>[Called By]<UL><LI><a href="#[8a]">&gt;&gt;</a>&nbsp;&nbsp;&nbsp;__scatterload
</UL>

<P><STRONG><a name="[d1]"></a>_main_clock</STRONG> (Thumb, 0 bytes, Stack size unknown bytes, entry7b.o(.ARM.Collect$$$$00000008))

<P><STRONG><a name="[d2]"></a>_main_cpp_init</STRONG> (Thumb, 0 bytes, Stack size unknown bytes, entry8b.o(.ARM.Collect$$$$0000000A))

<P><STRONG><a name="[d3]"></a>_main_init</STRONG> (Thumb, 0 bytes, Stack size unknown bytes, entry9a.o(.ARM.Collect$$$$0000000B))

<P><STRONG><a name="[d4]"></a>__rt_final_cpp</STRONG> (Thumb, 0 bytes, Stack size unknown bytes, entry10a.o(.ARM.Collect$$$$0000000D))

<P><STRONG><a name="[d5]"></a>__rt_final_exit</STRONG> (Thumb, 0 bytes, Stack size unknown bytes, entry11a.o(.ARM.Collect$$$$0000000F))

<P><STRONG><a name="[d6]"></a>CPUcpsid</STRONG> (Thumb, 8 bytes, Stack size 0 bytes, cpu.o(.emb_text), UNUSED)

<P><STRONG><a name="[d7]"></a>CPUprimask</STRONG> (Thumb, 6 bytes, Stack size 0 bytes, cpu.o(.emb_text), UNUSED)

<P><STRONG><a name="[c6]"></a>CPUcpsie</STRONG> (Thumb, 8 bytes, Stack size 0 bytes, cpu.o(.emb_text))
<BR><BR>[Called By]<UL><LI><a href="#[bd]">&gt;&gt;</a>&nbsp;&nbsp;&nbsp;IntMasterEnable
</UL>

<P><STRONG><a name="[d8]"></a>CPUwfi</STRONG> (Thumb, 4 bytes, Stack size 0 bytes, cpu.o(.emb_text), UNUSED)

<P><STRONG><a name="[d9]"></a>CPUbasepriSet</STRONG> (Thumb, 6 bytes, Stack size 0 bytes, cpu.o(.emb_text), UNUSED)

<P><STRONG><a name="[da]"></a>CPUbasepriGet</STRONG> (Thumb, 6 bytes, Stack size 0 bytes, cpu.o(.emb_text), UNUSED)

<P><STRONG><a name="[0]"></a>Reset_Handler</STRONG> (Thumb, 8 bytes, Stack size 0 bytes, startup_tm4c129.o(.text))
<BR>[Address Reference Count : 1]<UL><LI> startup_tm4c129.o(RESET)
</UL>
<P><STRONG><a name="[1]"></a>NMI_Handler</STRONG> (Thumb, 2 bytes, Stack size 0 bytes, startup_tm4c129.o(.text))
<BR><BR>[Calls]<UL><LI><a href="#[1]">&gt;&gt;</a>&nbsp;&nbsp;&nbsp;NMI_Handler
</UL>
<BR>[Called By]<UL><LI><a href="#[1]">&gt;&gt;</a>&nbsp;&nbsp;&nbsp;NMI_Handler
</UL>
<BR>[Address Reference Count : 1]<UL><LI> startup_tm4c129.o(RESET)
</UL>
<P><STRONG><a name="[2]"></a>HardFault_Handler</STRONG> (Thumb, 2 bytes, Stack size 0 bytes, startup_tm4c129.o(.text))
<BR><BR>[Calls]<UL><LI><a href="#[2]">&gt;&gt;</a>&nbsp;&nbsp;&nbsp;HardFault_Handler
</UL>
<BR>[Called By]<UL><LI><a href="#[2]">&gt;&gt;</a>&nbsp;&nbsp;&nbsp;HardFault_Handler
</UL>
<BR>[Address Reference Count : 1]<UL><LI> startup_tm4c129.o(RESET)
</UL>
<P><STRONG><a name="[3]"></a>MemManage_Handler</STRONG> (Thumb, 2 bytes, Stack size 0 bytes, startup_tm4c129.o(.text))
<BR><BR>[Calls]<UL><LI><a href="#[3]">&gt;&gt;</a>&nbsp;&nbsp;&nbsp;MemManage_Handler
</UL>
<BR>[Called By]<UL><LI><a href="#[3]">&gt;&gt;</a>&nbsp;&nbsp;&nbsp;MemManage_Handler
</UL>
<BR>[Address Reference Count : 1]<UL><LI> startup_tm4c129.o(RESET)
</UL>
<P><STRONG><a name="[4]"></a>BusFault_Handler</STRONG> (Thumb, 2 bytes, Stack size 0 bytes, startup_tm4c129.o(.text))
<BR><BR>[Calls]<UL><LI><a href="#[4]">&gt;&gt;</a>&nbsp;&nbsp;&nbsp;BusFault_Handler
</UL>
<BR>[Called By]<UL><LI><a href="#[4]">&gt;&gt;</a>&nbsp;&nbsp;&nbsp;BusFault_Handler
</UL>
<BR>[Address Reference Count : 1]<UL><LI> startup_tm4c129.o(RESET)
</UL>
<P><STRONG><a name="[5]"></a>UsageFault_Handler</STRONG> (Thumb, 2 bytes, Stack size 0 bytes, startup_tm4c129.o(.text))
<BR><BR>[Calls]<UL><LI><a href="#[5]">&gt;&gt;</a>&nbsp;&nbsp;&nbsp;UsageFault_Handler
</UL>
<BR>[Called By]<UL><LI><a href="#[5]">&gt;&gt;</a>&nbsp;&nbsp;&nbsp;UsageFault_Handler
</UL>
<BR>[Address Reference Count : 1]<UL><LI> startup_tm4c129.o(RESET)
</UL>
<P><STRONG><a name="[6]"></a>SVC_Handler</STRONG> (Thumb, 2 bytes, Stack size 0 bytes, startup_tm4c129.o(.text))
<BR><BR>[Calls]<UL><LI><a href="#[6]">&gt;&gt;</a>&nbsp;&nbsp;&nbsp;SVC_Handler
</UL>
<BR>[Called By]<UL><LI><a href="#[6]">&gt;&gt;</a>&nbsp;&nbsp;&nbsp;SVC_Handler
</UL>
<BR>[Address Reference Count : 1]<UL><LI> startup_tm4c129.o(RESET)
</UL>
<P><STRONG><a name="[7]"></a>DebugMon_Handler</STRONG> (Thumb, 2 bytes, Stack size 0 bytes, startup_tm4c129.o(.text))
<BR><BR>[Calls]<UL><LI><a href="#[7]">&gt;&gt;</a>&nbsp;&nbsp;&nbsp;DebugMon_Handler
</UL>
<BR>[Called By]<UL><LI><a href="#[7]">&gt;&gt;</a>&nbsp;&nbsp;&nbsp;DebugMon_Handler
</UL>
<BR>[Address Reference Count : 1]<UL><LI> startup_tm4c129.o(RESET)
</UL>
<P><STRONG><a name="[8]"></a>PendSV_Handler</STRONG> (Thumb, 2 bytes, Stack size 0 bytes, startup_tm4c129.o(.text))
<BR><BR>[Calls]<UL><LI><a href="#[8]">&gt;&gt;</a>&nbsp;&nbsp;&nbsp;PendSV_Handler
</UL>
<BR>[Called By]<UL><LI><a href="#[8]">&gt;&gt;</a>&nbsp;&nbsp;&nbsp;PendSV_Handler
</UL>
<BR>[Address Reference Count : 1]<UL><LI> startup_tm4c129.o(RESET)
</UL>
<P><STRONG><a name="[9]"></a>SysTick_Handler</STRONG> (Thumb, 2 bytes, Stack size 0 bytes, startup_tm4c129.o(.text))
<BR><BR>[Calls]<UL><LI><a href="#[9]">&gt;&gt;</a>&nbsp;&nbsp;&nbsp;SysTick_Handler
</UL>
<BR>[Called By]<UL><LI><a href="#[9]">&gt;&gt;</a>&nbsp;&nbsp;&nbsp;SysTick_Handler
</UL>
<BR>[Address Reference Count : 1]<UL><LI> startup_tm4c129.o(RESET)
</UL>
<P><STRONG><a name="[a]"></a>GPIOA_Handler</STRONG> (Thumb, 2 bytes, Stack size 0 bytes, startup_tm4c129.o(.text))
<BR><BR>[Calls]<UL><LI><a href="#[a]">&gt;&gt;</a>&nbsp;&nbsp;&nbsp;GPIOA_Handler
</UL>
<BR>[Called By]<UL><LI><a href="#[a]">&gt;&gt;</a>&nbsp;&nbsp;&nbsp;GPIOA_Handler
</UL>
<BR>[Address Reference Count : 1]<UL><LI> startup_tm4c129.o(RESET)
</UL>
<P><STRONG><a name="[b]"></a>GPIOB_Handler</STRONG> (Thumb, 2 bytes, Stack size 0 bytes, startup_tm4c129.o(.text))
<BR><BR>[Calls]<UL><LI><a href="#[b]">&gt;&gt;</a>&nbsp;&nbsp;&nbsp;GPIOB_Handler
</UL>
<BR>[Called By]<UL><LI><a href="#[b]">&gt;&gt;</a>&nbsp;&nbsp;&nbsp;GPIOB_Handler
</UL>
<BR>[Address Reference Count : 1]<UL><LI> startup_tm4c129.o(RESET)
</UL>
<P><STRONG><a name="[c]"></a>GPIOC_Handler</STRONG> (Thumb, 2 bytes, Stack size 0 bytes, startup_tm4c129.o(.text))
<BR><BR>[Calls]<UL><LI><a href="#[c]">&gt;&gt;</a>&nbsp;&nbsp;&nbsp;GPIOC_Handler
</UL>
<BR>[Called By]<UL><LI><a href="#[c]">&gt;&gt;</a>&nbsp;&nbsp;&nbsp;GPIOC_Handler
</UL>
<BR>[Address Reference Count : 1]<UL><LI> startup_tm4c129.o(RESET)
</UL>
<P><STRONG><a name="[d]"></a>GPIOD_Handler</STRONG> (Thumb, 2 bytes, Stack size 0 bytes, startup_tm4c129.o(.text))
<BR><BR>[Calls]<UL><LI><a href="#[d]">&gt;&gt;</a>&nbsp;&nbsp;&nbsp;GPIOD_Handler
</UL>
<BR>[Called By]<UL><LI><a href="#[d]">&gt;&gt;</a>&nbsp;&nbsp;&nbsp;GPIOD_Handler
</UL>
<BR>[Address Reference Count : 1]<UL><LI> startup_tm4c129.o(RESET)
</UL>
<P><STRONG><a name="[e]"></a>GPIOE_Handler</STRONG> (Thumb, 2 bytes, Stack size 0 bytes, startup_tm4c129.o(.text))
<BR><BR>[Calls]<UL><LI><a href="#[e]">&gt;&gt;</a>&nbsp;&nbsp;&nbsp;GPIOE_Handler
</UL>
<BR>[Called By]<UL><LI><a href="#[e]">&gt;&gt;</a>&nbsp;&nbsp;&nbsp;GPIOE_Handler
</UL>
<BR>[Address Reference Count : 1]<UL><LI> startup_tm4c129.o(RESET)
</UL>
<P><STRONG><a name="[f]"></a>UART0_Handler</STRONG> (Thumb, 2 bytes, Stack size 0 bytes, startup_tm4c129.o(.text))
<BR><BR>[Calls]<UL><LI><a href="#[f]">&gt;&gt;</a>&nbsp;&nbsp;&nbsp;UART0_Handler
</UL>
<BR>[Called By]<UL><LI><a href="#[f]">&gt;&gt;</a>&nbsp;&nbsp;&nbsp;UART0_Handler
</UL>
<BR>[Address Reference Count : 1]<UL><LI> startup_tm4c129.o(RESET)
</UL>
<P><STRONG><a name="[10]"></a>UART1_Handler</STRONG> (Thumb, 2 bytes, Stack size 0 bytes, startup_tm4c129.o(.text))
<BR><BR>[Calls]<UL><LI><a href="#[10]">&gt;&gt;</a>&nbsp;&nbsp;&nbsp;UART1_Handler
</UL>
<BR>[Called By]<UL><LI><a href="#[10]">&gt;&gt;</a>&nbsp;&nbsp;&nbsp;UART1_Handler
</UL>
<BR>[Address Reference Count : 1]<UL><LI> startup_tm4c129.o(RESET)
</UL>
<P><STRONG><a name="[11]"></a>SSI0_Handler</STRONG> (Thumb, 2 bytes, Stack size 0 bytes, startup_tm4c129.o(.text))
<BR><BR>[Calls]<UL><LI><a href="#[11]">&gt;&gt;</a>&nbsp;&nbsp;&nbsp;SSI0_Handler
</UL>
<BR>[Called By]<UL><LI><a href="#[11]">&gt;&gt;</a>&nbsp;&nbsp;&nbsp;SSI0_Handler
</UL>
<BR>[Address Reference Count : 1]<UL><LI> startup_tm4c129.o(RESET)
</UL>
<P><STRONG><a name="[12]"></a>I2C0_Handler</STRONG> (Thumb, 2 bytes, Stack size 0 bytes, startup_tm4c129.o(.text))
<BR><BR>[Calls]<UL><LI><a href="#[12]">&gt;&gt;</a>&nbsp;&nbsp;&nbsp;I2C0_Handler
</UL>
<BR>[Called By]<UL><LI><a href="#[12]">&gt;&gt;</a>&nbsp;&nbsp;&nbsp;I2C0_Handler
</UL>
<BR>[Address Reference Count : 1]<UL><LI> startup_tm4c129.o(RESET)
</UL>
<P><STRONG><a name="[13]"></a>PMW0_FAULT_Handler</STRONG> (Thumb, 2 bytes, Stack size 0 bytes, startup_tm4c129.o(.text))
<BR><BR>[Calls]<UL><LI><a href="#[13]">&gt;&gt;</a>&nbsp;&nbsp;&nbsp;PMW0_FAULT_Handler
</UL>
<BR>[Called By]<UL><LI><a href="#[13]">&gt;&gt;</a>&nbsp;&nbsp;&nbsp;PMW0_FAULT_Handler
</UL>
<BR>[Address Reference Count : 1]<UL><LI> startup_tm4c129.o(RESET)
</UL>
<P><STRONG><a name="[14]"></a>PWM0_0_Handler</STRONG> (Thumb, 2 bytes, Stack size 0 bytes, startup_tm4c129.o(.text))
<BR><BR>[Calls]<UL><LI><a href="#[14]">&gt;&gt;</a>&nbsp;&nbsp;&nbsp;PWM0_0_Handler
</UL>
<BR>[Called By]<UL><LI><a href="#[14]">&gt;&gt;</a>&nbsp;&nbsp;&nbsp;PWM0_0_Handler
</UL>
<BR>[Address Reference Count : 1]<UL><LI> startup_tm4c129.o(RESET)
</UL>
<P><STRONG><a name="[15]"></a>PWM0_1_Handler</STRONG> (Thumb, 2 bytes, Stack size 0 bytes, startup_tm4c129.o(.text))
<BR><BR>[Calls]<UL><LI><a href="#[15]">&gt;&gt;</a>&nbsp;&nbsp;&nbsp;PWM0_1_Handler
</UL>
<BR>[Called By]<UL><LI><a href="#[15]">&gt;&gt;</a>&nbsp;&nbsp;&nbsp;PWM0_1_Handler
</UL>
<BR>[Address Reference Count : 1]<UL><LI> startup_tm4c129.o(RESET)
</UL>
<P><STRONG><a name="[16]"></a>PWM0_2_Handler</STRONG> (Thumb, 2 bytes, Stack size 0 bytes, startup_tm4c129.o(.text))
<BR><BR>[Calls]<UL><LI><a href="#[16]">&gt;&gt;</a>&nbsp;&nbsp;&nbsp;PWM0_2_Handler
</UL>
<BR>[Called By]<UL><LI><a href="#[16]">&gt;&gt;</a>&nbsp;&nbsp;&nbsp;PWM0_2_Handler
</UL>
<BR>[Address Reference Count : 1]<UL><LI> startup_tm4c129.o(RESET)
</UL>
<P><STRONG><a name="[17]"></a>QEI0_Handler</STRONG> (Thumb, 2 bytes, Stack size 0 bytes, startup_tm4c129.o(.text))
<BR><BR>[Calls]<UL><LI><a href="#[17]">&gt;&gt;</a>&nbsp;&nbsp;&nbsp;QEI0_Handler
</UL>
<BR>[Called By]<UL><LI><a href="#[17]">&gt;&gt;</a>&nbsp;&nbsp;&nbsp;QEI0_Handler
</UL>
<BR>[Address Reference Count : 1]<UL><LI> startup_tm4c129.o(RESET)
</UL>
<P><STRONG><a name="[18]"></a>ADC0SS0_Handler</STRONG> (Thumb, 2 bytes, Stack size 0 bytes, startup_tm4c129.o(.text))
<BR><BR>[Calls]<UL><LI><a href="#[18]">&gt;&gt;</a>&nbsp;&nbsp;&nbsp;ADC0SS0_Handler
</UL>
<BR>[Called By]<UL><LI><a href="#[18]">&gt;&gt;</a>&nbsp;&nbsp;&nbsp;ADC0SS0_Handler
</UL>
<BR>[Address Reference Count : 1]<UL><LI> startup_tm4c129.o(RESET)
</UL>
<P><STRONG><a name="[19]"></a>ADC0SS1_Handler</STRONG> (Thumb, 2 bytes, Stack size 0 bytes, startup_tm4c129.o(.text))
<BR><BR>[Calls]<UL><LI><a href="#[19]">&gt;&gt;</a>&nbsp;&nbsp;&nbsp;ADC0SS1_Handler
</UL>
<BR>[Called By]<UL><LI><a href="#[19]">&gt;&gt;</a>&nbsp;&nbsp;&nbsp;ADC0SS1_Handler
</UL>
<BR>[Address Reference Count : 1]<UL><LI> startup_tm4c129.o(RESET)
</UL>
<P><STRONG><a name="[1a]"></a>ADC0SS2_Handler</STRONG> (Thumb, 2 bytes, Stack size 0 bytes, startup_tm4c129.o(.text))
<BR><BR>[Calls]<UL><LI><a href="#[1a]">&gt;&gt;</a>&nbsp;&nbsp;&nbsp;ADC0SS2_Handler
</UL>
<BR>[Called By]<UL><LI><a href="#[1a]">&gt;&gt;</a>&nbsp;&nbsp;&nbsp;ADC0SS2_Handler
</UL>
<BR>[Address Reference Count : 1]<UL><LI> startup_tm4c129.o(RESET)
</UL>
<P><STRONG><a name="[1b]"></a>ADC0SS3_Handler</STRONG> (Thumb, 2 bytes, Stack size 0 bytes, startup_tm4c129.o(.text))
<BR><BR>[Calls]<UL><LI><a href="#[1b]">&gt;&gt;</a>&nbsp;&nbsp;&nbsp;ADC0SS3_Handler
</UL>
<BR>[Called By]<UL><LI><a href="#[1b]">&gt;&gt;</a>&nbsp;&nbsp;&nbsp;ADC0SS3_Handler
</UL>
<BR>[Address Reference Count : 1]<UL><LI> startup_tm4c129.o(RESET)
</UL>
<P><STRONG><a name="[1c]"></a>WDT0_Handler</STRONG> (Thumb, 2 bytes, Stack size 0 bytes, startup_tm4c129.o(.text))
<BR><BR>[Calls]<UL><LI><a href="#[1c]">&gt;&gt;</a>&nbsp;&nbsp;&nbsp;WDT0_Handler
</UL>
<BR>[Called By]<UL><LI><a href="#[1c]">&gt;&gt;</a>&nbsp;&nbsp;&nbsp;WDT0_Handler
</UL>
<BR>[Address Reference Count : 1]<UL><LI> startup_tm4c129.o(RESET)
</UL>
<P><STRONG><a name="[1d]"></a>TIMER0A_Handler</STRONG> (Thumb, 2 bytes, Stack size 0 bytes, startup_tm4c129.o(.text))
<BR><BR>[Calls]<UL><LI><a href="#[1d]">&gt;&gt;</a>&nbsp;&nbsp;&nbsp;TIMER0A_Handler
</UL>
<BR>[Called By]<UL><LI><a href="#[1d]">&gt;&gt;</a>&nbsp;&nbsp;&nbsp;TIMER0A_Handler
</UL>
<BR>[Address Reference Count : 1]<UL><LI> startup_tm4c129.o(RESET)
</UL>
<P><STRONG><a name="[1e]"></a>TIMER0B_Handler</STRONG> (Thumb, 2 bytes, Stack size 0 bytes, startup_tm4c129.o(.text))
<BR><BR>[Calls]<UL><LI><a href="#[1e]">&gt;&gt;</a>&nbsp;&nbsp;&nbsp;TIMER0B_Handler
</UL>
<BR>[Called By]<UL><LI><a href="#[1e]">&gt;&gt;</a>&nbsp;&nbsp;&nbsp;TIMER0B_Handler
</UL>
<BR>[Address Reference Count : 1]<UL><LI> startup_tm4c129.o(RESET)
</UL>
<P><STRONG><a name="[1f]"></a>TIMER1A_Handler</STRONG> (Thumb, 2 bytes, Stack size 0 bytes, startup_tm4c129.o(.text))
<BR><BR>[Calls]<UL><LI><a href="#[1f]">&gt;&gt;</a>&nbsp;&nbsp;&nbsp;TIMER1A_Handler
</UL>
<BR>[Called By]<UL><LI><a href="#[1f]">&gt;&gt;</a>&nbsp;&nbsp;&nbsp;TIMER1A_Handler
</UL>
<BR>[Address Reference Count : 1]<UL><LI> startup_tm4c129.o(RESET)
</UL>
<P><STRONG><a name="[20]"></a>TIMER1B_Handler</STRONG> (Thumb, 2 bytes, Stack size 0 bytes, startup_tm4c129.o(.text))
<BR><BR>[Calls]<UL><LI><a href="#[20]">&gt;&gt;</a>&nbsp;&nbsp;&nbsp;TIMER1B_Handler
</UL>
<BR>[Called By]<UL><LI><a href="#[20]">&gt;&gt;</a>&nbsp;&nbsp;&nbsp;TIMER1B_Handler
</UL>
<BR>[Address Reference Count : 1]<UL><LI> startup_tm4c129.o(RESET)
</UL>
<P><STRONG><a name="[21]"></a>TIMER2A_Handler</STRONG> (Thumb, 2 bytes, Stack size 0 bytes, startup_tm4c129.o(.text))
<BR><BR>[Calls]<UL><LI><a href="#[21]">&gt;&gt;</a>&nbsp;&nbsp;&nbsp;TIMER2A_Handler
</UL>
<BR>[Called By]<UL><LI><a href="#[21]">&gt;&gt;</a>&nbsp;&nbsp;&nbsp;TIMER2A_Handler
</UL>
<BR>[Address Reference Count : 1]<UL><LI> startup_tm4c129.o(RESET)
</UL>
<P><STRONG><a name="[22]"></a>TIMER2B_Handler</STRONG> (Thumb, 2 bytes, Stack size 0 bytes, startup_tm4c129.o(.text))
<BR><BR>[Calls]<UL><LI><a href="#[22]">&gt;&gt;</a>&nbsp;&nbsp;&nbsp;TIMER2B_Handler
</UL>
<BR>[Called By]<UL><LI><a href="#[22]">&gt;&gt;</a>&nbsp;&nbsp;&nbsp;TIMER2B_Handler
</UL>
<BR>[Address Reference Count : 1]<UL><LI> startup_tm4c129.o(RESET)
</UL>
<P><STRONG><a name="[23]"></a>COMP0_Handler</STRONG> (Thumb, 2 bytes, Stack size 0 bytes, startup_tm4c129.o(.text))
<BR><BR>[Calls]<UL><LI><a href="#[23]">&gt;&gt;</a>&nbsp;&nbsp;&nbsp;COMP0_Handler
</UL>
<BR>[Called By]<UL><LI><a href="#[23]">&gt;&gt;</a>&nbsp;&nbsp;&nbsp;COMP0_Handler
</UL>
<BR>[Address Reference Count : 1]<UL><LI> startup_tm4c129.o(RESET)
</UL>
<P><STRONG><a name="[24]"></a>COMP1_Handler</STRONG> (Thumb, 2 bytes, Stack size 0 bytes, startup_tm4c129.o(.text))
<BR><BR>[Calls]<UL><LI><a href="#[24]">&gt;&gt;</a>&nbsp;&nbsp;&nbsp;COMP1_Handler
</UL>
<BR>[Called By]<UL><LI><a href="#[24]">&gt;&gt;</a>&nbsp;&nbsp;&nbsp;COMP1_Handler
</UL>
<BR>[Address Reference Count : 1]<UL><LI> startup_tm4c129.o(RESET)
</UL>
<P><STRONG><a name="[25]"></a>COMP2_Handler</STRONG> (Thumb, 2 bytes, Stack size 0 bytes, startup_tm4c129.o(.text))
<BR><BR>[Calls]<UL><LI><a href="#[25]">&gt;&gt;</a>&nbsp;&nbsp;&nbsp;COMP2_Handler
</UL>
<BR>[Called By]<UL><LI><a href="#[25]">&gt;&gt;</a>&nbsp;&nbsp;&nbsp;COMP2_Handler
</UL>
<BR>[Address Reference Count : 1]<UL><LI> startup_tm4c129.o(RESET)
</UL>
<P><STRONG><a name="[26]"></a>SYSCTL_Handler</STRONG> (Thumb, 2 bytes, Stack size 0 bytes, startup_tm4c129.o(.text))
<BR><BR>[Calls]<UL><LI><a href="#[26]">&gt;&gt;</a>&nbsp;&nbsp;&nbsp;SYSCTL_Handler
</UL>
<BR>[Called By]<UL><LI><a href="#[26]">&gt;&gt;</a>&nbsp;&nbsp;&nbsp;SYSCTL_Handler
</UL>
<BR>[Address Reference Count : 1]<UL><LI> startup_tm4c129.o(RESET)
</UL>
<P><STRONG><a name="[27]"></a>FLASH_Handler</STRONG> (Thumb, 2 bytes, Stack size 0 bytes, startup_tm4c129.o(.text))
<BR><BR>[Calls]<UL><LI><a href="#[27]">&gt;&gt;</a>&nbsp;&nbsp;&nbsp;FLASH_Handler
</UL>
<BR>[Called By]<UL><LI><a href="#[27]">&gt;&gt;</a>&nbsp;&nbsp;&nbsp;FLASH_Handler
</UL>
<BR>[Address Reference Count : 1]<UL><LI> startup_tm4c129.o(RESET)
</UL>
<P><STRONG><a name="[28]"></a>GPIOF_Handler</STRONG> (Thumb, 2 bytes, Stack size 0 bytes, startup_tm4c129.o(.text))
<BR><BR>[Calls]<UL><LI><a href="#[28]">&gt;&gt;</a>&nbsp;&nbsp;&nbsp;GPIOF_Handler
</UL>
<BR>[Called By]<UL><LI><a href="#[28]">&gt;&gt;</a>&nbsp;&nbsp;&nbsp;GPIOF_Handler
</UL>
<BR>[Address Reference Count : 1]<UL><LI> startup_tm4c129.o(RESET)
</UL>
<P><STRONG><a name="[29]"></a>GPIOG_Handler</STRONG> (Thumb, 2 bytes, Stack size 0 bytes, startup_tm4c129.o(.text))
<BR><BR>[Calls]<UL><LI><a href="#[29]">&gt;&gt;</a>&nbsp;&nbsp;&nbsp;GPIOG_Handler
</UL>
<BR>[Called By]<UL><LI><a href="#[29]">&gt;&gt;</a>&nbsp;&nbsp;&nbsp;GPIOG_Handler
</UL>
<BR>[Address Reference Count : 1]<UL><LI> startup_tm4c129.o(RESET)
</UL>
<P><STRONG><a name="[2a]"></a>GPIOH_Handler</STRONG> (Thumb, 2 bytes, Stack size 0 bytes, startup_tm4c129.o(.text))
<BR><BR>[Calls]<UL><LI><a href="#[2a]">&gt;&gt;</a>&nbsp;&nbsp;&nbsp;GPIOH_Handler
</UL>
<BR>[Called By]<UL><LI><a href="#[2a]">&gt;&gt;</a>&nbsp;&nbsp;&nbsp;GPIOH_Handler
</UL>
<BR>[Address Reference Count : 1]<UL><LI> startup_tm4c129.o(RESET)
</UL>
<P><STRONG><a name="[2b]"></a>UART2_Handler</STRONG> (Thumb, 2 bytes, Stack size 0 bytes, startup_tm4c129.o(.text))
<BR><BR>[Calls]<UL><LI><a href="#[2b]">&gt;&gt;</a>&nbsp;&nbsp;&nbsp;UART2_Handler
</UL>
<BR>[Called By]<UL><LI><a href="#[2b]">&gt;&gt;</a>&nbsp;&nbsp;&nbsp;UART2_Handler
</UL>
<BR>[Address Reference Count : 1]<UL><LI> startup_tm4c129.o(RESET)
</UL>
<P><STRONG><a name="[2c]"></a>SSI1_Handler</STRONG> (Thumb, 2 bytes, Stack size 0 bytes, startup_tm4c129.o(.text))
<BR><BR>[Calls]<UL><LI><a href="#[2c]">&gt;&gt;</a>&nbsp;&nbsp;&nbsp;SSI1_Handler
</UL>
<BR>[Called By]<UL><LI><a href="#[2c]">&gt;&gt;</a>&nbsp;&nbsp;&nbsp;SSI1_Handler
</UL>
<BR>[Address Reference Count : 1]<UL><LI> startup_tm4c129.o(RESET)
</UL>
<P><STRONG><a name="[2d]"></a>TIMER3A_Handler</STRONG> (Thumb, 2 bytes, Stack size 0 bytes, startup_tm4c129.o(.text))
<BR><BR>[Calls]<UL><LI><a href="#[2d]">&gt;&gt;</a>&nbsp;&nbsp;&nbsp;TIMER3A_Handler
</UL>
<BR>[Called By]<UL><LI><a href="#[2d]">&gt;&gt;</a>&nbsp;&nbsp;&nbsp;TIMER3A_Handler
</UL>
<BR>[Address Reference Count : 1]<UL><LI> startup_tm4c129.o(RESET)
</UL>
<P><STRONG><a name="[2e]"></a>TIMER3B_Handler</STRONG> (Thumb, 2 bytes, Stack size 0 bytes, startup_tm4c129.o(.text))
<BR><BR>[Calls]<UL><LI><a href="#[2e]">&gt;&gt;</a>&nbsp;&nbsp;&nbsp;TIMER3B_Handler
</UL>
<BR>[Called By]<UL><LI><a href="#[2e]">&gt;&gt;</a>&nbsp;&nbsp;&nbsp;TIMER3B_Handler
</UL>
<BR>[Address Reference Count : 1]<UL><LI> startup_tm4c129.o(RESET)
</UL>
<P><STRONG><a name="[2f]"></a>I2C1_Handler</STRONG> (Thumb, 2 bytes, Stack size 0 bytes, startup_tm4c129.o(.text))
<BR><BR>[Calls]<UL><LI><a href="#[2f]">&gt;&gt;</a>&nbsp;&nbsp;&nbsp;I2C1_Handler
</UL>
<BR>[Called By]<UL><LI><a href="#[2f]">&gt;&gt;</a>&nbsp;&nbsp;&nbsp;I2C1_Handler
</UL>
<BR>[Address Reference Count : 1]<UL><LI> startup_tm4c129.o(RESET)
</UL>
<P><STRONG><a name="[30]"></a>CAN0_Handler</STRONG> (Thumb, 2 bytes, Stack size 0 bytes, startup_tm4c129.o(.text))
<BR><BR>[Calls]<UL><LI><a href="#[30]">&gt;&gt;</a>&nbsp;&nbsp;&nbsp;CAN0_Handler
</UL>
<BR>[Called By]<UL><LI><a href="#[30]">&gt;&gt;</a>&nbsp;&nbsp;&nbsp;CAN0_Handler
</UL>
<BR>[Address Reference Count : 1]<UL><LI> startup_tm4c129.o(RESET)
</UL>
<P><STRONG><a name="[31]"></a>CAN1_Handler</STRONG> (Thumb, 2 bytes, Stack size 0 bytes, startup_tm4c129.o(.text))
<BR><BR>[Calls]<UL><LI><a href="#[31]">&gt;&gt;</a>&nbsp;&nbsp;&nbsp;CAN1_Handler
</UL>
<BR>[Called By]<UL><LI><a href="#[31]">&gt;&gt;</a>&nbsp;&nbsp;&nbsp;CAN1_Handler
</UL>
<BR>[Address Reference Count : 1]<UL><LI> startup_tm4c129.o(RESET)
</UL>
<P><STRONG><a name="[32]"></a>ETH_Handler</STRONG> (Thumb, 2 bytes, Stack size 0 bytes, startup_tm4c129.o(.text))
<BR><BR>[Calls]<UL><LI><a href="#[32]">&gt;&gt;</a>&nbsp;&nbsp;&nbsp;ETH_Handler
</UL>
<BR>[Called By]<UL><LI><a href="#[32]">&gt;&gt;</a>&nbsp;&nbsp;&nbsp;ETH_Handler
</UL>
<BR>[Address Reference Count : 1]<UL><LI> startup_tm4c129.o(RESET)
</UL>
<P><STRONG><a name="[33]"></a>HIB_Handler</STRONG> (Thumb, 2 bytes, Stack size 0 bytes, startup_tm4c129.o(.text))
<BR><BR>[Calls]<UL><LI><a href="#[33]">&gt;&gt;</a>&nbsp;&nbsp;&nbsp;HIB_Handler
</UL>
<BR>[Called By]<UL><LI><a href="#[33]">&gt;&gt;</a>&nbsp;&nbsp;&nbsp;HIB_Handler
</UL>
<BR>[Address Reference Count : 1]<UL><LI> startup_tm4c129.o(RESET)
</UL>
<P><STRONG><a name="[34]"></a>USB0_Handler</STRONG> (Thumb, 2 bytes, Stack size 0 bytes, startup_tm4c129.o(.text))
<BR><BR>[Calls]<UL><LI><a href="#[34]">&gt;&gt;</a>&nbsp;&nbsp;&nbsp;USB0_Handler
</UL>
<BR>[Called By]<UL><LI><a href="#[34]">&gt;&gt;</a>&nbsp;&nbsp;&nbsp;USB0_Handler
</UL>
<BR>[Address Reference Count : 1]<UL><LI> startup_tm4c129.o(RESET)
</UL>
<P><STRONG><a name="[35]"></a>PWM0_3_Handler</STRONG> (Thumb, 2 bytes, Stack size 0 bytes, startup_tm4c129.o(.text))
<BR><BR>[Calls]<UL><LI><a href="#[35]">&gt;&gt;</a>&nbsp;&nbsp;&nbsp;PWM0_3_Handler
</UL>
<BR>[Called By]<UL><LI><a href="#[35]">&gt;&gt;</a>&nbsp;&nbsp;&nbsp;PWM0_3_Handler
</UL>
<BR>[Address Reference Count : 1]<UL><LI> startup_tm4c129.o(RESET)
</UL>
<P><STRONG><a name="[36]"></a>UDMA_Handler</STRONG> (Thumb, 2 bytes, Stack size 0 bytes, startup_tm4c129.o(.text))
<BR><BR>[Calls]<UL><LI><a href="#[36]">&gt;&gt;</a>&nbsp;&nbsp;&nbsp;UDMA_Handler
</UL>
<BR>[Called By]<UL><LI><a href="#[36]">&gt;&gt;</a>&nbsp;&nbsp;&nbsp;UDMA_Handler
</UL>
<BR>[Address Reference Count : 1]<UL><LI> startup_tm4c129.o(RESET)
</UL>
<P><STRONG><a name="[37]"></a>UDMAERR_Handler</STRONG> (Thumb, 2 bytes, Stack size 0 bytes, startup_tm4c129.o(.text))
<BR><BR>[Calls]<UL><LI><a href="#[37]">&gt;&gt;</a>&nbsp;&nbsp;&nbsp;UDMAERR_Handler
</UL>
<BR>[Called By]<UL><LI><a href="#[37]">&gt;&gt;</a>&nbsp;&nbsp;&nbsp;UDMAERR_Handler
</UL>
<BR>[Address Reference Count : 1]<UL><LI> startup_tm4c129.o(RESET)
</UL>
<P><STRONG><a name="[38]"></a>ADC1SS0_Handler</STRONG> (Thumb, 2 bytes, Stack size 0 bytes, startup_tm4c129.o(.text))
<BR><BR>[Calls]<UL><LI><a href="#[38]">&gt;&gt;</a>&nbsp;&nbsp;&nbsp;ADC1SS0_Handler
</UL>
<BR>[Called By]<UL><LI><a href="#[38]">&gt;&gt;</a>&nbsp;&nbsp;&nbsp;ADC1SS0_Handler
</UL>
<BR>[Address Reference Count : 1]<UL><LI> startup_tm4c129.o(RESET)
</UL>
<P><STRONG><a name="[39]"></a>ADC1SS1_Handler</STRONG> (Thumb, 2 bytes, Stack size 0 bytes, startup_tm4c129.o(.text))
<BR><BR>[Calls]<UL><LI><a href="#[39]">&gt;&gt;</a>&nbsp;&nbsp;&nbsp;ADC1SS1_Handler
</UL>
<BR>[Called By]<UL><LI><a href="#[39]">&gt;&gt;</a>&nbsp;&nbsp;&nbsp;ADC1SS1_Handler
</UL>
<BR>[Address Reference Count : 1]<UL><LI> startup_tm4c129.o(RESET)
</UL>
<P><STRONG><a name="[3a]"></a>ADC1SS2_Handler</STRONG> (Thumb, 2 bytes, Stack size 0 bytes, startup_tm4c129.o(.text))
<BR><BR>[Calls]<UL><LI><a href="#[3a]">&gt;&gt;</a>&nbsp;&nbsp;&nbsp;ADC1SS2_Handler
</UL>
<BR>[Called By]<UL><LI><a href="#[3a]">&gt;&gt;</a>&nbsp;&nbsp;&nbsp;ADC1SS2_Handler
</UL>
<BR>[Address Reference Count : 1]<UL><LI> startup_tm4c129.o(RESET)
</UL>
<P><STRONG><a name="[3b]"></a>ADC1SS3_Handler</STRONG> (Thumb, 2 bytes, Stack size 0 bytes, startup_tm4c129.o(.text))
<BR><BR>[Calls]<UL><LI><a href="#[3b]">&gt;&gt;</a>&nbsp;&nbsp;&nbsp;ADC1SS3_Handler
</UL>
<BR>[Called By]<UL><LI><a href="#[3b]">&gt;&gt;</a>&nbsp;&nbsp;&nbsp;ADC1SS3_Handler
</UL>
<BR>[Address Reference Count : 1]<UL><LI> startup_tm4c129.o(RESET)
</UL>
<P><STRONG><a name="[3c]"></a>EBI0_Handler</STRONG> (Thumb, 2 bytes, Stack size 0 bytes, startup_tm4c129.o(.text))
<BR><BR>[Calls]<UL><LI><a href="#[3c]">&gt;&gt;</a>&nbsp;&nbsp;&nbsp;EBI0_Handler
</UL>
<BR>[Called By]<UL><LI><a href="#[3c]">&gt;&gt;</a>&nbsp;&nbsp;&nbsp;EBI0_Handler
</UL>
<BR>[Address Reference Count : 1]<UL><LI> startup_tm4c129.o(RESET)
</UL>
<P><STRONG><a name="[3d]"></a>GPIOJ_Handler</STRONG> (Thumb, 2 bytes, Stack size 0 bytes, startup_tm4c129.o(.text))
<BR><BR>[Calls]<UL><LI><a href="#[3d]">&gt;&gt;</a>&nbsp;&nbsp;&nbsp;GPIOJ_Handler
</UL>
<BR>[Called By]<UL><LI><a href="#[3d]">&gt;&gt;</a>&nbsp;&nbsp;&nbsp;GPIOJ_Handler
</UL>
<BR>[Address Reference Count : 1]<UL><LI> startup_tm4c129.o(RESET)
</UL>
<P><STRONG><a name="[3e]"></a>GPIOK_Handler</STRONG> (Thumb, 2 bytes, Stack size 0 bytes, startup_tm4c129.o(.text))
<BR><BR>[Calls]<UL><LI><a href="#[3e]">&gt;&gt;</a>&nbsp;&nbsp;&nbsp;GPIOK_Handler
</UL>
<BR>[Called By]<UL><LI><a href="#[3e]">&gt;&gt;</a>&nbsp;&nbsp;&nbsp;GPIOK_Handler
</UL>
<BR>[Address Reference Count : 1]<UL><LI> startup_tm4c129.o(RESET)
</UL>
<P><STRONG><a name="[3f]"></a>GPIOL_Handler</STRONG> (Thumb, 2 bytes, Stack size 0 bytes, startup_tm4c129.o(.text))
<BR><BR>[Calls]<UL><LI><a href="#[3f]">&gt;&gt;</a>&nbsp;&nbsp;&nbsp;GPIOL_Handler
</UL>
<BR>[Called By]<UL><LI><a href="#[3f]">&gt;&gt;</a>&nbsp;&nbsp;&nbsp;GPIOL_Handler
</UL>
<BR>[Address Reference Count : 1]<UL><LI> startup_tm4c129.o(RESET)
</UL>
<P><STRONG><a name="[40]"></a>SSI2_Handler</STRONG> (Thumb, 2 bytes, Stack size 0 bytes, startup_tm4c129.o(.text))
<BR><BR>[Calls]<UL><LI><a href="#[40]">&gt;&gt;</a>&nbsp;&nbsp;&nbsp;SSI2_Handler
</UL>
<BR>[Called By]<UL><LI><a href="#[40]">&gt;&gt;</a>&nbsp;&nbsp;&nbsp;SSI2_Handler
</UL>
<BR>[Address Reference Count : 1]<UL><LI> startup_tm4c129.o(RESET)
</UL>
<P><STRONG><a name="[41]"></a>SSI3_Handler</STRONG> (Thumb, 2 bytes, Stack size 0 bytes, startup_tm4c129.o(.text))
<BR><BR>[Calls]<UL><LI><a href="#[41]">&gt;&gt;</a>&nbsp;&nbsp;&nbsp;SSI3_Handler
</UL>
<BR>[Called By]<UL><LI><a href="#[41]">&gt;&gt;</a>&nbsp;&nbsp;&nbsp;SSI3_Handler
</UL>
<BR>[Address Reference Count : 1]<UL><LI> startup_tm4c129.o(RESET)
</UL>
<P><STRONG><a name="[42]"></a>UART3_Handler</STRONG> (Thumb, 2 bytes, Stack size 0 bytes, startup_tm4c129.o(.text))
<BR><BR>[Calls]<UL><LI><a href="#[42]">&gt;&gt;</a>&nbsp;&nbsp;&nbsp;UART3_Handler
</UL>
<BR>[Called By]<UL><LI><a href="#[42]">&gt;&gt;</a>&nbsp;&nbsp;&nbsp;UART3_Handler
</UL>
<BR>[Address Reference Count : 1]<UL><LI> startup_tm4c129.o(RESET)
</UL>
<P><STRONG><a name="[43]"></a>UART4_Handler</STRONG> (Thumb, 2 bytes, Stack size 0 bytes, startup_tm4c129.o(.text))
<BR><BR>[Calls]<UL><LI><a href="#[43]">&gt;&gt;</a>&nbsp;&nbsp;&nbsp;UART4_Handler
</UL>
<BR>[Called By]<UL><LI><a href="#[43]">&gt;&gt;</a>&nbsp;&nbsp;&nbsp;UART4_Handler
</UL>
<BR>[Address Reference Count : 1]<UL><LI> startup_tm4c129.o(RESET)
</UL>
<P><STRONG><a name="[44]"></a>UART5_Handler</STRONG> (Thumb, 2 bytes, Stack size 0 bytes, startup_tm4c129.o(.text))
<BR><BR>[Calls]<UL><LI><a href="#[44]">&gt;&gt;</a>&nbsp;&nbsp;&nbsp;UART5_Handler
</UL>
<BR>[Called By]<UL><LI><a href="#[44]">&gt;&gt;</a>&nbsp;&nbsp;&nbsp;UART5_Handler
</UL>
<BR>[Address Reference Count : 1]<UL><LI> startup_tm4c129.o(RESET)
</UL>
<P><STRONG><a name="[45]"></a>UART6_Handler</STRONG> (Thumb, 2 bytes, Stack size 0 bytes, startup_tm4c129.o(.text))
<BR><BR>[Calls]<UL><LI><a href="#[45]">&gt;&gt;</a>&nbsp;&nbsp;&nbsp;UART6_Handler
</UL>
<BR>[Called By]<UL><LI><a href="#[45]">&gt;&gt;</a>&nbsp;&nbsp;&nbsp;UART6_Handler
</UL>
<BR>[Address Reference Count : 1]<UL><LI> startup_tm4c129.o(RESET)
</UL>
<P><STRONG><a name="[46]"></a>UART7_Handler</STRONG> (Thumb, 2 bytes, Stack size 0 bytes, startup_tm4c129.o(.text))
<BR><BR>[Calls]<UL><LI><a href="#[46]">&gt;&gt;</a>&nbsp;&nbsp;&nbsp;UART7_Handler
</UL>
<BR>[Called By]<UL><LI><a href="#[46]">&gt;&gt;</a>&nbsp;&nbsp;&nbsp;UART7_Handler
</UL>
<BR>[Address Reference Count : 1]<UL><LI> startup_tm4c129.o(RESET)
</UL>
<P><STRONG><a name="[47]"></a>I2C2_Handler</STRONG> (Thumb, 2 bytes, Stack size 0 bytes, startup_tm4c129.o(.text))
<BR><BR>[Calls]<UL><LI><a href="#[47]">&gt;&gt;</a>&nbsp;&nbsp;&nbsp;I2C2_Handler
</UL>
<BR>[Called By]<UL><LI><a href="#[47]">&gt;&gt;</a>&nbsp;&nbsp;&nbsp;I2C2_Handler
</UL>
<BR>[Address Reference Count : 1]<UL><LI> startup_tm4c129.o(RESET)
</UL>
<P><STRONG><a name="[48]"></a>I2C3_Handler</STRONG> (Thumb, 2 bytes, Stack size 0 bytes, startup_tm4c129.o(.text))
<BR><BR>[Calls]<UL><LI><a href="#[48]">&gt;&gt;</a>&nbsp;&nbsp;&nbsp;I2C3_Handler
</UL>
<BR>[Called By]<UL><LI><a href="#[48]">&gt;&gt;</a>&nbsp;&nbsp;&nbsp;I2C3_Handler
</UL>
<BR>[Address Reference Count : 1]<UL><LI> startup_tm4c129.o(RESET)
</UL>
<P><STRONG><a name="[49]"></a>TIMER4A_Handler</STRONG> (Thumb, 2 bytes, Stack size 0 bytes, startup_tm4c129.o(.text))
<BR><BR>[Calls]<UL><LI><a href="#[49]">&gt;&gt;</a>&nbsp;&nbsp;&nbsp;TIMER4A_Handler
</UL>
<BR>[Called By]<UL><LI><a href="#[49]">&gt;&gt;</a>&nbsp;&nbsp;&nbsp;TIMER4A_Handler
</UL>
<BR>[Address Reference Count : 1]<UL><LI> startup_tm4c129.o(RESET)
</UL>
<P><STRONG><a name="[4a]"></a>TIMER4B_Handler</STRONG> (Thumb, 2 bytes, Stack size 0 bytes, startup_tm4c129.o(.text))
<BR><BR>[Calls]<UL><LI><a href="#[4a]">&gt;&gt;</a>&nbsp;&nbsp;&nbsp;TIMER4B_Handler
</UL>
<BR>[Called By]<UL><LI><a href="#[4a]">&gt;&gt;</a>&nbsp;&nbsp;&nbsp;TIMER4B_Handler
</UL>
<BR>[Address Reference Count : 1]<UL><LI> startup_tm4c129.o(RESET)
</UL>
<P><STRONG><a name="[4b]"></a>TIMER5A_Handler</STRONG> (Thumb, 2 bytes, Stack size 0 bytes, startup_tm4c129.o(.text))
<BR><BR>[Calls]<UL><LI><a href="#[4b]">&gt;&gt;</a>&nbsp;&nbsp;&nbsp;TIMER5A_Handler
</UL>
<BR>[Called By]<UL><LI><a href="#[4b]">&gt;&gt;</a>&nbsp;&nbsp;&nbsp;TIMER5A_Handler
</UL>
<BR>[Address Reference Count : 1]<UL><LI> startup_tm4c129.o(RESET)
</UL>
<P><STRONG><a name="[4c]"></a>TIMER5B_Handler</STRONG> (Thumb, 2 bytes, Stack size 0 bytes, startup_tm4c129.o(.text))
<BR><BR>[Calls]<UL><LI><a href="#[4c]">&gt;&gt;</a>&nbsp;&nbsp;&nbsp;TIMER5B_Handler
</UL>
<BR>[Called By]<UL><LI><a href="#[4c]">&gt;&gt;</a>&nbsp;&nbsp;&nbsp;TIMER5B_Handler
</UL>
<BR>[Address Reference Count : 1]<UL><LI> startup_tm4c129.o(RESET)
</UL>
<P><STRONG><a name="[7d]"></a>WTIMER0A_Handler</STRONG> (Thumb, 2 bytes, Stack size 0 bytes, startup_tm4c129.o(.text), UNUSED, KEPT)
<BR><BR>[Calls]<UL><LI><a href="#[7d]">&gt;&gt;</a>&nbsp;&nbsp;&nbsp;WTIMER0A_Handler
</UL>
<BR>[Called By]<UL><LI><a href="#[7d]">&gt;&gt;</a>&nbsp;&nbsp;&nbsp;WTIMER0A_Handler
</UL>

<P><STRONG><a name="[7e]"></a>WTIMER0B_Handler</STRONG> (Thumb, 2 bytes, Stack size 0 bytes, startup_tm4c129.o(.text), UNUSED, KEPT)
<BR><BR>[Calls]<UL><LI><a href="#[7e]">&gt;&gt;</a>&nbsp;&nbsp;&nbsp;WTIMER0B_Handler
</UL>
<BR>[Called By]<UL><LI><a href="#[7e]">&gt;&gt;</a>&nbsp;&nbsp;&nbsp;WTIMER0B_Handler
</UL>

<P><STRONG><a name="[7f]"></a>WTIMER1A_Handler</STRONG> (Thumb, 2 bytes, Stack size 0 bytes, startup_tm4c129.o(.text), UNUSED, KEPT)
<BR><BR>[Calls]<UL><LI><a href="#[7f]">&gt;&gt;</a>&nbsp;&nbsp;&nbsp;WTIMER1A_Handler
</UL>
<BR>[Called By]<UL><LI><a href="#[7f]">&gt;&gt;</a>&nbsp;&nbsp;&nbsp;WTIMER1A_Handler
</UL>

<P><STRONG><a name="[80]"></a>WTIMER1B_Handler</STRONG> (Thumb, 2 bytes, Stack size 0 bytes, startup_tm4c129.o(.text), UNUSED, KEPT)
<BR><BR>[Calls]<UL><LI><a href="#[80]">&gt;&gt;</a>&nbsp;&nbsp;&nbsp;WTIMER1B_Handler
</UL>
<BR>[Called By]<UL><LI><a href="#[80]">&gt;&gt;</a>&nbsp;&nbsp;&nbsp;WTIMER1B_Handler
</UL>

<P><STRONG><a name="[81]"></a>WTIMER2A_Handler</STRONG> (Thumb, 2 bytes, Stack size 0 bytes, startup_tm4c129.o(.text), UNUSED, KEPT)
<BR><BR>[Calls]<UL><LI><a href="#[81]">&gt;&gt;</a>&nbsp;&nbsp;&nbsp;WTIMER2A_Handler
</UL>
<BR>[Called By]<UL><LI><a href="#[81]">&gt;&gt;</a>&nbsp;&nbsp;&nbsp;WTIMER2A_Handler
</UL>

<P><STRONG><a name="[82]"></a>WTIMER2B_Handler</STRONG> (Thumb, 2 bytes, Stack size 0 bytes, startup_tm4c129.o(.text), UNUSED, KEPT)
<BR><BR>[Calls]<UL><LI><a href="#[82]">&gt;&gt;</a>&nbsp;&nbsp;&nbsp;WTIMER2B_Handler
</UL>
<BR>[Called By]<UL><LI><a href="#[82]">&gt;&gt;</a>&nbsp;&nbsp;&nbsp;WTIMER2B_Handler
</UL>

<P><STRONG><a name="[83]"></a>WTIMER3A_Handler</STRONG> (Thumb, 2 bytes, Stack size 0 bytes, startup_tm4c129.o(.text), UNUSED, KEPT)
<BR><BR>[Calls]<UL><LI><a href="#[83]">&gt;&gt;</a>&nbsp;&nbsp;&nbsp;WTIMER3A_Handler
</UL>
<BR>[Called By]<UL><LI><a href="#[83]">&gt;&gt;</a>&nbsp;&nbsp;&nbsp;WTIMER3A_Handler
</UL>

<P><STRONG><a name="[84]"></a>WTIMER3B_Handler</STRONG> (Thumb, 2 bytes, Stack size 0 bytes, startup_tm4c129.o(.text), UNUSED, KEPT)
<BR><BR>[Calls]<UL><LI><a href="#[84]">&gt;&gt;</a>&nbsp;&nbsp;&nbsp;WTIMER3B_Handler
</UL>
<BR>[Called By]<UL><LI><a href="#[84]">&gt;&gt;</a>&nbsp;&nbsp;&nbsp;WTIMER3B_Handler
</UL>

<P><STRONG><a name="[85]"></a>WTIMER4A_Handler</STRONG> (Thumb, 2 bytes, Stack size 0 bytes, startup_tm4c129.o(.text), UNUSED, KEPT)
<BR><BR>[Calls]<UL><LI><a href="#[85]">&gt;&gt;</a>&nbsp;&nbsp;&nbsp;WTIMER4A_Handler
</UL>
<BR>[Called By]<UL><LI><a href="#[85]">&gt;&gt;</a>&nbsp;&nbsp;&nbsp;WTIMER4A_Handler
</UL>

<P><STRONG><a name="[86]"></a>WTIMER4B_Handler</STRONG> (Thumb, 2 bytes, Stack size 0 bytes, startup_tm4c129.o(.text), UNUSED, KEPT)
<BR><BR>[Calls]<UL><LI><a href="#[86]">&gt;&gt;</a>&nbsp;&nbsp;&nbsp;WTIMER4B_Handler
</UL>
<BR>[Called By]<UL><LI><a href="#[86]">&gt;&gt;</a>&nbsp;&nbsp;&nbsp;WTIMER4B_Handler
</UL>

<P><STRONG><a name="[87]"></a>WTIMER5A_Handler</STRONG> (Thumb, 2 bytes, Stack size 0 bytes, startup_tm4c129.o(.text), UNUSED, KEPT)
<BR><BR>[Calls]<UL><LI><a href="#[87]">&gt;&gt;</a>&nbsp;&nbsp;&nbsp;WTIMER5A_Handler
</UL>
<BR>[Called By]<UL><LI><a href="#[87]">&gt;&gt;</a>&nbsp;&nbsp;&nbsp;WTIMER5A_Handler
</UL>

<P><STRONG><a name="[88]"></a>WTIMER5B_Handler</STRONG> (Thumb, 2 bytes, Stack size 0 bytes, startup_tm4c129.o(.text), UNUSED, KEPT)
<BR><BR>[Calls]<UL><LI><a href="#[88]">&gt;&gt;</a>&nbsp;&nbsp;&nbsp;WTIMER5B_Handler
</UL>
<BR>[Called By]<UL><LI><a href="#[88]">&gt;&gt;</a>&nbsp;&nbsp;&nbsp;WTIMER5B_Handler
</UL>

<P><STRONG><a name="[4d]"></a>FPU_Handler</STRONG> (Thumb, 2 bytes, Stack size 0 bytes, startup_tm4c129.o(.text))
<BR><BR>[Calls]<UL><LI><a href="#[4d]">&gt;&gt;</a>&nbsp;&nbsp;&nbsp;FPU_Handler
</UL>
<BR>[Called By]<UL><LI><a href="#[4d]">&gt;&gt;</a>&nbsp;&nbsp;&nbsp;FPU_Handler
</UL>
<BR>[Address Reference Count : 1]<UL><LI> startup_tm4c129.o(RESET)
</UL>
<P><STRONG><a name="[4e]"></a>I2C4_Handler</STRONG> (Thumb, 2 bytes, Stack size 0 bytes, startup_tm4c129.o(.text))
<BR><BR>[Calls]<UL><LI><a href="#[4e]">&gt;&gt;</a>&nbsp;&nbsp;&nbsp;I2C4_Handler
</UL>
<BR>[Called By]<UL><LI><a href="#[4e]">&gt;&gt;</a>&nbsp;&nbsp;&nbsp;I2C4_Handler
</UL>
<BR>[Address Reference Count : 1]<UL><LI> startup_tm4c129.o(RESET)
</UL>
<P><STRONG><a name="[4f]"></a>I2C5_Handler</STRONG> (Thumb, 2 bytes, Stack size 0 bytes, startup_tm4c129.o(.text))
<BR><BR>[Calls]<UL><LI><a href="#[4f]">&gt;&gt;</a>&nbsp;&nbsp;&nbsp;I2C5_Handler
</UL>
<BR>[Called By]<UL><LI><a href="#[4f]">&gt;&gt;</a>&nbsp;&nbsp;&nbsp;I2C5_Handler
</UL>
<BR>[Address Reference Count : 1]<UL><LI> startup_tm4c129.o(RESET)
</UL>
<P><STRONG><a name="[50]"></a>GPIOM_Handler</STRONG> (Thumb, 2 bytes, Stack size 0 bytes, startup_tm4c129.o(.text))
<BR><BR>[Calls]<UL><LI><a href="#[50]">&gt;&gt;</a>&nbsp;&nbsp;&nbsp;GPIOM_Handler
</UL>
<BR>[Called By]<UL><LI><a href="#[50]">&gt;&gt;</a>&nbsp;&nbsp;&nbsp;GPIOM_Handler
</UL>
<BR>[Address Reference Count : 1]<UL><LI> startup_tm4c129.o(RESET)
</UL>
<P><STRONG><a name="[51]"></a>GPION_Handler</STRONG> (Thumb, 2 bytes, Stack size 0 bytes, startup_tm4c129.o(.text))
<BR><BR>[Calls]<UL><LI><a href="#[51]">&gt;&gt;</a>&nbsp;&nbsp;&nbsp;GPION_Handler
</UL>
<BR>[Called By]<UL><LI><a href="#[51]">&gt;&gt;</a>&nbsp;&nbsp;&nbsp;GPION_Handler
</UL>
<BR>[Address Reference Count : 1]<UL><LI> startup_tm4c129.o(RESET)
</UL>
<P><STRONG><a name="[52]"></a>TAMPER_Handler</STRONG> (Thumb, 2 bytes, Stack size 0 bytes, startup_tm4c129.o(.text))
<BR><BR>[Calls]<UL><LI><a href="#[52]">&gt;&gt;</a>&nbsp;&nbsp;&nbsp;TAMPER_Handler
</UL>
<BR>[Called By]<UL><LI><a href="#[52]">&gt;&gt;</a>&nbsp;&nbsp;&nbsp;TAMPER_Handler
</UL>
<BR>[Address Reference Count : 1]<UL><LI> startup_tm4c129.o(RESET)
</UL>
<P><STRONG><a name="[53]"></a>GPIOP0_Handler</STRONG> (Thumb, 2 bytes, Stack size 0 bytes, startup_tm4c129.o(.text))
<BR><BR>[Calls]<UL><LI><a href="#[53]">&gt;&gt;</a>&nbsp;&nbsp;&nbsp;GPIOP0_Handler
</UL>
<BR>[Called By]<UL><LI><a href="#[53]">&gt;&gt;</a>&nbsp;&nbsp;&nbsp;GPIOP0_Handler
</UL>
<BR>[Address Reference Count : 1]<UL><LI> startup_tm4c129.o(RESET)
</UL>
<P><STRONG><a name="[54]"></a>GPIOP1_Handler</STRONG> (Thumb, 2 bytes, Stack size 0 bytes, startup_tm4c129.o(.text))
<BR><BR>[Calls]<UL><LI><a href="#[54]">&gt;&gt;</a>&nbsp;&nbsp;&nbsp;GPIOP1_Handler
</UL>
<BR>[Called By]<UL><LI><a href="#[54]">&gt;&gt;</a>&nbsp;&nbsp;&nbsp;GPIOP1_Handler
</UL>
<BR>[Address Reference Count : 1]<UL><LI> startup_tm4c129.o(RESET)
</UL>
<P><STRONG><a name="[55]"></a>GPIOP2_Handler</STRONG> (Thumb, 2 bytes, Stack size 0 bytes, startup_tm4c129.o(.text))
<BR><BR>[Calls]<UL><LI><a href="#[55]">&gt;&gt;</a>&nbsp;&nbsp;&nbsp;GPIOP2_Handler
</UL>
<BR>[Called By]<UL><LI><a href="#[55]">&gt;&gt;</a>&nbsp;&nbsp;&nbsp;GPIOP2_Handler
</UL>
<BR>[Address Reference Count : 1]<UL><LI> startup_tm4c129.o(RESET)
</UL>
<P><STRONG><a name="[56]"></a>GPIOP3_Handler</STRONG> (Thumb, 2 bytes, Stack size 0 bytes, startup_tm4c129.o(.text))
<BR><BR>[Calls]<UL><LI><a href="#[56]">&gt;&gt;</a>&nbsp;&nbsp;&nbsp;GPIOP3_Handler
</UL>
<BR>[Called By]<UL><LI><a href="#[56]">&gt;&gt;</a>&nbsp;&nbsp;&nbsp;GPIOP3_Handler
</UL>
<BR>[Address Reference Count : 1]<UL><LI> startup_tm4c129.o(RESET)
</UL>
<P><STRONG><a name="[57]"></a>GPIOP4_Handler</STRONG> (Thumb, 2 bytes, Stack size 0 bytes, startup_tm4c129.o(.text))
<BR><BR>[Calls]<UL><LI><a href="#[57]">&gt;&gt;</a>&nbsp;&nbsp;&nbsp;GPIOP4_Handler
</UL>
<BR>[Called By]<UL><LI><a href="#[57]">&gt;&gt;</a>&nbsp;&nbsp;&nbsp;GPIOP4_Handler
</UL>
<BR>[Address Reference Count : 1]<UL><LI> startup_tm4c129.o(RESET)
</UL>
<P><STRONG><a name="[58]"></a>GPIOP5_Handler</STRONG> (Thumb, 2 bytes, Stack size 0 bytes, startup_tm4c129.o(.text))
<BR><BR>[Calls]<UL><LI><a href="#[58]">&gt;&gt;</a>&nbsp;&nbsp;&nbsp;GPIOP5_Handler
</UL>
<BR>[Called By]<UL><LI><a href="#[58]">&gt;&gt;</a>&nbsp;&nbsp;&nbsp;GPIOP5_Handler
</UL>
<BR>[Address Reference Count : 1]<UL><LI> startup_tm4c129.o(RESET)
</UL>
<P><STRONG><a name="[59]"></a>GPIOP6_Handler</STRONG> (Thumb, 2 bytes, Stack size 0 bytes, startup_tm4c129.o(.text))
<BR><BR>[Calls]<UL><LI><a href="#[59]">&gt;&gt;</a>&nbsp;&nbsp;&nbsp;GPIOP6_Handler
</UL>
<BR>[Called By]<UL><LI><a href="#[59]">&gt;&gt;</a>&nbsp;&nbsp;&nbsp;GPIOP6_Handler
</UL>
<BR>[Address Reference Count : 1]<UL><LI> startup_tm4c129.o(RESET)
</UL>
<P><STRONG><a name="[5a]"></a>GPIOP7_Handler</STRONG> (Thumb, 2 bytes, Stack size 0 bytes, startup_tm4c129.o(.text))
<BR><BR>[Calls]<UL><LI><a href="#[5a]">&gt;&gt;</a>&nbsp;&nbsp;&nbsp;GPIOP7_Handler
</UL>
<BR>[Called By]<UL><LI><a href="#[5a]">&gt;&gt;</a>&nbsp;&nbsp;&nbsp;GPIOP7_Handler
</UL>
<BR>[Address Reference Count : 1]<UL><LI> startup_tm4c129.o(RESET)
</UL>
<P><STRONG><a name="[5b]"></a>GPIOQ0_Handler</STRONG> (Thumb, 2 bytes, Stack size 0 bytes, startup_tm4c129.o(.text))
<BR><BR>[Calls]<UL><LI><a href="#[5b]">&gt;&gt;</a>&nbsp;&nbsp;&nbsp;GPIOQ0_Handler
</UL>
<BR>[Called By]<UL><LI><a href="#[5b]">&gt;&gt;</a>&nbsp;&nbsp;&nbsp;GPIOQ0_Handler
</UL>
<BR>[Address Reference Count : 1]<UL><LI> startup_tm4c129.o(RESET)
</UL>
<P><STRONG><a name="[5c]"></a>GPIOQ1_Handler</STRONG> (Thumb, 2 bytes, Stack size 0 bytes, startup_tm4c129.o(.text))
<BR><BR>[Calls]<UL><LI><a href="#[5c]">&gt;&gt;</a>&nbsp;&nbsp;&nbsp;GPIOQ1_Handler
</UL>
<BR>[Called By]<UL><LI><a href="#[5c]">&gt;&gt;</a>&nbsp;&nbsp;&nbsp;GPIOQ1_Handler
</UL>
<BR>[Address Reference Count : 1]<UL><LI> startup_tm4c129.o(RESET)
</UL>
<P><STRONG><a name="[5d]"></a>GPIOQ2_Handler</STRONG> (Thumb, 2 bytes, Stack size 0 bytes, startup_tm4c129.o(.text))
<BR><BR>[Calls]<UL><LI><a href="#[5d]">&gt;&gt;</a>&nbsp;&nbsp;&nbsp;GPIOQ2_Handler
</UL>
<BR>[Called By]<UL><LI><a href="#[5d]">&gt;&gt;</a>&nbsp;&nbsp;&nbsp;GPIOQ2_Handler
</UL>
<BR>[Address Reference Count : 1]<UL><LI> startup_tm4c129.o(RESET)
</UL>
<P><STRONG><a name="[5e]"></a>GPIOQ3_Handler</STRONG> (Thumb, 2 bytes, Stack size 0 bytes, startup_tm4c129.o(.text))
<BR><BR>[Calls]<UL><LI><a href="#[5e]">&gt;&gt;</a>&nbsp;&nbsp;&nbsp;GPIOQ3_Handler
</UL>
<BR>[Called By]<UL><LI><a href="#[5e]">&gt;&gt;</a>&nbsp;&nbsp;&nbsp;GPIOQ3_Handler
</UL>
<BR>[Address Reference Count : 1]<UL><LI> startup_tm4c129.o(RESET)
</UL>
<P><STRONG><a name="[5f]"></a>GPIOQ4_Handler</STRONG> (Thumb, 2 bytes, Stack size 0 bytes, startup_tm4c129.o(.text))
<BR><BR>[Calls]<UL><LI><a href="#[5f]">&gt;&gt;</a>&nbsp;&nbsp;&nbsp;GPIOQ4_Handler
</UL>
<BR>[Called By]<UL><LI><a href="#[5f]">&gt;&gt;</a>&nbsp;&nbsp;&nbsp;GPIOQ4_Handler
</UL>
<BR>[Address Reference Count : 1]<UL><LI> startup_tm4c129.o(RESET)
</UL>
<P><STRONG><a name="[60]"></a>GPIOQ5_Handler</STRONG> (Thumb, 2 bytes, Stack size 0 bytes, startup_tm4c129.o(.text))
<BR><BR>[Calls]<UL><LI><a href="#[60]">&gt;&gt;</a>&nbsp;&nbsp;&nbsp;GPIOQ5_Handler
</UL>
<BR>[Called By]<UL><LI><a href="#[60]">&gt;&gt;</a>&nbsp;&nbsp;&nbsp;GPIOQ5_Handler
</UL>
<BR>[Address Reference Count : 1]<UL><LI> startup_tm4c129.o(RESET)
</UL>
<P><STRONG><a name="[61]"></a>GPIOQ6_Handler</STRONG> (Thumb, 2 bytes, Stack size 0 bytes, startup_tm4c129.o(.text))
<BR><BR>[Calls]<UL><LI><a href="#[61]">&gt;&gt;</a>&nbsp;&nbsp;&nbsp;GPIOQ6_Handler
</UL>
<BR>[Called By]<UL><LI><a href="#[61]">&gt;&gt;</a>&nbsp;&nbsp;&nbsp;GPIOQ6_Handler
</UL>
<BR>[Address Reference Count : 1]<UL><LI> startup_tm4c129.o(RESET)
</UL>
<P><STRONG><a name="[62]"></a>GPIOQ7_Handler</STRONG> (Thumb, 2 bytes, Stack size 0 bytes, startup_tm4c129.o(.text))
<BR><BR>[Calls]<UL><LI><a href="#[62]">&gt;&gt;</a>&nbsp;&nbsp;&nbsp;GPIOQ7_Handler
</UL>
<BR>[Called By]<UL><LI><a href="#[62]">&gt;&gt;</a>&nbsp;&nbsp;&nbsp;GPIOQ7_Handler
</UL>
<BR>[Address Reference Count : 1]<UL><LI> startup_tm4c129.o(RESET)
</UL>
<P><STRONG><a name="[63]"></a>GPIOR_Handler</STRONG> (Thumb, 2 bytes, Stack size 0 bytes, startup_tm4c129.o(.text))
<BR><BR>[Calls]<UL><LI><a href="#[63]">&gt;&gt;</a>&nbsp;&nbsp;&nbsp;GPIOR_Handler
</UL>
<BR>[Called By]<UL><LI><a href="#[63]">&gt;&gt;</a>&nbsp;&nbsp;&nbsp;GPIOR_Handler
</UL>
<BR>[Address Reference Count : 1]<UL><LI> startup_tm4c129.o(RESET)
</UL>
<P><STRONG><a name="[64]"></a>GPIOS_Handler</STRONG> (Thumb, 2 bytes, Stack size 0 bytes, startup_tm4c129.o(.text))
<BR><BR>[Calls]<UL><LI><a href="#[64]">&gt;&gt;</a>&nbsp;&nbsp;&nbsp;GPIOS_Handler
</UL>
<BR>[Called By]<UL><LI><a href="#[64]">&gt;&gt;</a>&nbsp;&nbsp;&nbsp;GPIOS_Handler
</UL>
<BR>[Address Reference Count : 1]<UL><LI> startup_tm4c129.o(RESET)
</UL>
<P><STRONG><a name="[65]"></a>SHAMD5_Handler</STRONG> (Thumb, 2 bytes, Stack size 0 bytes, startup_tm4c129.o(.text))
<BR><BR>[Calls]<UL><LI><a href="#[65]">&gt;&gt;</a>&nbsp;&nbsp;&nbsp;SHAMD5_Handler
</UL>
<BR>[Called By]<UL><LI><a href="#[65]">&gt;&gt;</a>&nbsp;&nbsp;&nbsp;SHAMD5_Handler
</UL>
<BR>[Address Reference Count : 1]<UL><LI> startup_tm4c129.o(RESET)
</UL>
<P><STRONG><a name="[66]"></a>AES_Handler</STRONG> (Thumb, 2 bytes, Stack size 0 bytes, startup_tm4c129.o(.text))
<BR><BR>[Calls]<UL><LI><a href="#[66]">&gt;&gt;</a>&nbsp;&nbsp;&nbsp;AES_Handler
</UL>
<BR>[Called By]<UL><LI><a href="#[66]">&gt;&gt;</a>&nbsp;&nbsp;&nbsp;AES_Handler
</UL>
<BR>[Address Reference Count : 1]<UL><LI> startup_tm4c129.o(RESET)
</UL>
<P><STRONG><a name="[67]"></a>DES3DES_Handler</STRONG> (Thumb, 2 bytes, Stack size 0 bytes, startup_tm4c129.o(.text))
<BR><BR>[Calls]<UL><LI><a href="#[67]">&gt;&gt;</a>&nbsp;&nbsp;&nbsp;DES3DES_Handler
</UL>
<BR>[Called By]<UL><LI><a href="#[67]">&gt;&gt;</a>&nbsp;&nbsp;&nbsp;DES3DES_Handler
</UL>
<BR>[Address Reference Count : 1]<UL><LI> startup_tm4c129.o(RESET)
</UL>
<P><STRONG><a name="[68]"></a>LCDCONTROLLER_Handler</STRONG> (Thumb, 2 bytes, Stack size 0 bytes, startup_tm4c129.o(.text))
<BR><BR>[Calls]<UL><LI><a href="#[68]">&gt;&gt;</a>&nbsp;&nbsp;&nbsp;LCDCONTROLLER_Handler
</UL>
<BR>[Called By]<UL><LI><a href="#[68]">&gt;&gt;</a>&nbsp;&nbsp;&nbsp;LCDCONTROLLER_Handler
</UL>
<BR>[Address Reference Count : 1]<UL><LI> startup_tm4c129.o(RESET)
</UL>
<P><STRONG><a name="[69]"></a>TIMER6A_Handler</STRONG> (Thumb, 2 bytes, Stack size 0 bytes, startup_tm4c129.o(.text))
<BR><BR>[Calls]<UL><LI><a href="#[69]">&gt;&gt;</a>&nbsp;&nbsp;&nbsp;TIMER6A_Handler
</UL>
<BR>[Called By]<UL><LI><a href="#[69]">&gt;&gt;</a>&nbsp;&nbsp;&nbsp;TIMER6A_Handler
</UL>
<BR>[Address Reference Count : 1]<UL><LI> startup_tm4c129.o(RESET)
</UL>
<P><STRONG><a name="[6a]"></a>TIMER6B_Handler</STRONG> (Thumb, 2 bytes, Stack size 0 bytes, startup_tm4c129.o(.text))
<BR><BR>[Calls]<UL><LI><a href="#[6a]">&gt;&gt;</a>&nbsp;&nbsp;&nbsp;TIMER6B_Handler
</UL>
<BR>[Called By]<UL><LI><a href="#[6a]">&gt;&gt;</a>&nbsp;&nbsp;&nbsp;TIMER6B_Handler
</UL>
<BR>[Address Reference Count : 1]<UL><LI> startup_tm4c129.o(RESET)
</UL>
<P><STRONG><a name="[6b]"></a>TIMER7A_Handler</STRONG> (Thumb, 2 bytes, Stack size 0 bytes, startup_tm4c129.o(.text))
<BR><BR>[Calls]<UL><LI><a href="#[6b]">&gt;&gt;</a>&nbsp;&nbsp;&nbsp;TIMER7A_Handler
</UL>
<BR>[Called By]<UL><LI><a href="#[6b]">&gt;&gt;</a>&nbsp;&nbsp;&nbsp;TIMER7A_Handler
</UL>
<BR>[Address Reference Count : 1]<UL><LI> startup_tm4c129.o(RESET)
</UL>
<P><STRONG><a name="[6c]"></a>TIMER7B_Handler</STRONG> (Thumb, 2 bytes, Stack size 0 bytes, startup_tm4c129.o(.text))
<BR><BR>[Calls]<UL><LI><a href="#[6c]">&gt;&gt;</a>&nbsp;&nbsp;&nbsp;TIMER7B_Handler
</UL>
<BR>[Called By]<UL><LI><a href="#[6c]">&gt;&gt;</a>&nbsp;&nbsp;&nbsp;TIMER7B_Handler
</UL>
<BR>[Address Reference Count : 1]<UL><LI> startup_tm4c129.o(RESET)
</UL>
<P><STRONG><a name="[6d]"></a>I2C6_Handler</STRONG> (Thumb, 2 bytes, Stack size 0 bytes, startup_tm4c129.o(.text))
<BR><BR>[Calls]<UL><LI><a href="#[6d]">&gt;&gt;</a>&nbsp;&nbsp;&nbsp;I2C6_Handler
</UL>
<BR>[Called By]<UL><LI><a href="#[6d]">&gt;&gt;</a>&nbsp;&nbsp;&nbsp;I2C6_Handler
</UL>
<BR>[Address Reference Count : 1]<UL><LI> startup_tm4c129.o(RESET)
</UL>
<P><STRONG><a name="[6e]"></a>I2C7_Handler</STRONG> (Thumb, 2 bytes, Stack size 0 bytes, startup_tm4c129.o(.text))
<BR><BR>[Calls]<UL><LI><a href="#[6e]">&gt;&gt;</a>&nbsp;&nbsp;&nbsp;I2C7_Handler
</UL>
<BR>[Called By]<UL><LI><a href="#[6e]">&gt;&gt;</a>&nbsp;&nbsp;&nbsp;I2C7_Handler
</UL>
<BR>[Address Reference Count : 1]<UL><LI> startup_tm4c129.o(RESET)
</UL>
<P><STRONG><a name="[6f]"></a>HIMSCANKEYBOARD_Handler</STRONG> (Thumb, 2 bytes, Stack size 0 bytes, startup_tm4c129.o(.text))
<BR><BR>[Calls]<UL><LI><a href="#[6f]">&gt;&gt;</a>&nbsp;&nbsp;&nbsp;HIMSCANKEYBOARD_Handler
</UL>
<BR>[Called By]<UL><LI><a href="#[6f]">&gt;&gt;</a>&nbsp;&nbsp;&nbsp;HIMSCANKEYBOARD_Handler
</UL>
<BR>[Address Reference Count : 1]<UL><LI> startup_tm4c129.o(RESET)
</UL>
<P><STRONG><a name="[70]"></a>ONEWIRE_Handler</STRONG> (Thumb, 2 bytes, Stack size 0 bytes, startup_tm4c129.o(.text))
<BR><BR>[Calls]<UL><LI><a href="#[70]">&gt;&gt;</a>&nbsp;&nbsp;&nbsp;ONEWIRE_Handler
</UL>
<BR>[Called By]<UL><LI><a href="#[70]">&gt;&gt;</a>&nbsp;&nbsp;&nbsp;ONEWIRE_Handler
</UL>
<BR>[Address Reference Count : 1]<UL><LI> startup_tm4c129.o(RESET)
</UL>
<P><STRONG><a name="[71]"></a>HIMPS2_Handler</STRONG> (Thumb, 2 bytes, Stack size 0 bytes, startup_tm4c129.o(.text))
<BR><BR>[Calls]<UL><LI><a href="#[71]">&gt;&gt;</a>&nbsp;&nbsp;&nbsp;HIMPS2_Handler
</UL>
<BR>[Called By]<UL><LI><a href="#[71]">&gt;&gt;</a>&nbsp;&nbsp;&nbsp;HIMPS2_Handler
</UL>
<BR>[Address Reference Count : 1]<UL><LI> startup_tm4c129.o(RESET)
</UL>
<P><STRONG><a name="[72]"></a>HIMLEDSEQUENCER_Handler</STRONG> (Thumb, 2 bytes, Stack size 0 bytes, startup_tm4c129.o(.text))
<BR><BR>[Calls]<UL><LI><a href="#[72]">&gt;&gt;</a>&nbsp;&nbsp;&nbsp;HIMLEDSEQUENCER_Handler
</UL>
<BR>[Called By]<UL><LI><a href="#[72]">&gt;&gt;</a>&nbsp;&nbsp;&nbsp;HIMLEDSEQUENCER_Handler
</UL>
<BR>[Address Reference Count : 1]<UL><LI> startup_tm4c129.o(RESET)
</UL>
<P><STRONG><a name="[73]"></a>HIMCONSUMERIR_Handler</STRONG> (Thumb, 2 bytes, Stack size 0 bytes, startup_tm4c129.o(.text))
<BR><BR>[Calls]<UL><LI><a href="#[73]">&gt;&gt;</a>&nbsp;&nbsp;&nbsp;HIMCONSUMERIR_Handler
</UL>
<BR>[Called By]<UL><LI><a href="#[73]">&gt;&gt;</a>&nbsp;&nbsp;&nbsp;HIMCONSUMERIR_Handler
</UL>
<BR>[Address Reference Count : 1]<UL><LI> startup_tm4c129.o(RESET)
</UL>
<P><STRONG><a name="[74]"></a>I2C8_Handler</STRONG> (Thumb, 2 bytes, Stack size 0 bytes, startup_tm4c129.o(.text))
<BR><BR>[Calls]<UL><LI><a href="#[74]">&gt;&gt;</a>&nbsp;&nbsp;&nbsp;I2C8_Handler
</UL>
<BR>[Called By]<UL><LI><a href="#[74]">&gt;&gt;</a>&nbsp;&nbsp;&nbsp;I2C8_Handler
</UL>
<BR>[Address Reference Count : 1]<UL><LI> startup_tm4c129.o(RESET)
</UL>
<P><STRONG><a name="[75]"></a>I2C9_Handler</STRONG> (Thumb, 2 bytes, Stack size 0 bytes, startup_tm4c129.o(.text))
<BR><BR>[Calls]<UL><LI><a href="#[75]">&gt;&gt;</a>&nbsp;&nbsp;&nbsp;I2C9_Handler
</UL>
<BR>[Called By]<UL><LI><a href="#[75]">&gt;&gt;</a>&nbsp;&nbsp;&nbsp;I2C9_Handler
</UL>
<BR>[Address Reference Count : 1]<UL><LI> startup_tm4c129.o(RESET)
</UL>
<P><STRONG><a name="[76]"></a>GPIOT_Handler</STRONG> (Thumb, 2 bytes, Stack size 0 bytes, startup_tm4c129.o(.text))
<BR><BR>[Calls]<UL><LI><a href="#[76]">&gt;&gt;</a>&nbsp;&nbsp;&nbsp;GPIOT_Handler
</UL>
[...]

<P><STRONG><a name="[a8]"></a>SetupUart</STRONG> (Thumb, 154 bytes, Stack size 16 bytes, main.o(.text.SetupUart))
<BR><BR>[Stack]<UL><LI>Max Depth = 64<LI>Call Chain = SetupUart &rArr; GPIOPinTypeUART &rArr; GPIOPadConfigSet
</UL>
<BR>[Calls]<UL><LI><a href="#[ae]">&gt;&gt;</a>&nbsp;&nbsp;&nbsp;GPIOPinTypeUART
<LI><a href="#[ad]">&gt;&gt;</a>&nbsp;&nbsp;&nbsp;GPIOPinConfigure
<LI><a href="#[ac]">&gt;&gt;</a>&nbsp;&nbsp;&nbsp;UARTIntRegister
<LI><a href="#[ab]">&gt;&gt;</a>&nbsp;&nbsp;&nbsp;UARTIntEnable
<LI><a href="#[aa]">&gt;&gt;</a>&nbsp;&nbsp;&nbsp;UARTFIFODisable
<LI><a href="#[a9]">&gt;&gt;</a>&nbsp;&nbsp;&nbsp;UARTConfigSetExpClk
<LI><a href="#[9c]">&gt;&gt;</a>&nbsp;&nbsp;&nbsp;SysCtlPeripheralReady
<LI><a href="#[99]">&gt;&gt;</a>&nbsp;&nbsp;&nbsp;SysCtlPeripheralEnable
</UL>
<BR>[Called By]<UL><LI><a href="#[77]">&gt;&gt;</a>&nbsp;&nbsp;&nbsp;main
</UL>

<P><STRONG><a name="[78]"></a>SystemInit</STRONG> (Thumb, 36 bytes, Stack size 0 bytes, system_tm4c129.o(.text.SystemInit))
<BR>[Address Reference Count : 1]<UL><LI> startup_tm4c129.o(.text)
</UL>
<P><STRONG><a name="[7a]"></a>Timer0IntHandler</STRONG> (Thumb, 426 bytes, Stack size 56 bytes, main.o(.text.Timer0IntHandler))
<BR><BR>[Stack]<UL><LI>Max Depth = 96<LI>Call Chain = Timer0IntHandler &rArr; snprintf
</UL>
<BR>[Calls]<UL><LI><a href="#[b6]">&gt;&gt;</a>&nbsp;&nbsp;&nbsp;PWMPulseWidthSet
<LI><a href="#[b5]">&gt;&gt;</a>&nbsp;&nbsp;&nbsp;PWMGenPeriodGet
<LI><a href="#[b4]">&gt;&gt;</a>&nbsp;&nbsp;&nbsp;UARTCharPut
<LI><a href="#[b2]">&gt;&gt;</a>&nbsp;&nbsp;&nbsp;ADCSequenceDataGet
<LI><a href="#[a1]">&gt;&gt;</a>&nbsp;&nbsp;&nbsp;ADCIntClear
<LI><a href="#[b1]">&gt;&gt;</a>&nbsp;&nbsp;&nbsp;ADCIntStatus
<LI><a href="#[b0]">&gt;&gt;</a>&nbsp;&nbsp;&nbsp;ADCProcessorTrigger
<LI><a href="#[af]">&gt;&gt;</a>&nbsp;&nbsp;&nbsp;TimerIntClear
<LI><a href="#[b3]">&gt;&gt;</a>&nbsp;&nbsp;&nbsp;snprintf
</UL>
<BR>[Address Reference Count : 1]<UL><LI> main.o(.text.SetupTimer)
</UL>
<P><STRONG><a name="[7b]"></a>UARTIntHandler</STRONG> (Thumb, 36 bytes, Stack size 16 bytes, main.o(.text.UARTIntHandler))
<BR><BR>[Stack]<UL><LI>Max Depth = 16<LI>Call Chain = UARTIntHandler
</UL>
<BR>[Calls]<UL><LI><a href="#[b8]">&gt;&gt;</a>&nbsp;&nbsp;&nbsp;UARTIntClear
<LI><a href="#[b7]">&gt;&gt;</a>&nbsp;&nbsp;&nbsp;UARTIntStatus
</UL>
<BR>[Address Reference Count : 1]<UL><LI> main.o(.text.SetupUart)
</UL>
<P><STRONG><a name="[b9]"></a>ledsOn</STRONG> (Thumb, 120 bytes, Stack size 24 bytes, main.o(.text.ledsOn))
<BR><BR>[Stack]<UL><LI>Max Depth = 24<LI>Call Chain = ledsOn
</UL>
<BR>[Calls]<UL><LI><a href="#[ba]">&gt;&gt;</a>&nbsp;&nbsp;&nbsp;GPIOPinWrite
</UL>
<BR>[Called By]<UL><LI><a href="#[77]">&gt;&gt;</a>&nbsp;&nbsp;&nbsp;main
</UL>

<P><STRONG><a name="[77]"></a>main</STRONG> (Thumb, 130 bytes, Stack size 16 bytes, main.o(.text.main))
<BR><BR>[Stack]<UL><LI>Max Depth = 96<LI>Call Chain = main &rArr; setupPWM &rArr; GPIOPinTypePWM &rArr; GPIOPadConfigSet
</UL>
<BR>[Calls]<UL><LI><a href="#[bd]">&gt;&gt;</a>&nbsp;&nbsp;&nbsp;IntMasterEnable
<LI><a href="#[bb]">&gt;&gt;</a>&nbsp;&nbsp;&nbsp;SysCtlClockFreqSet
<LI><a href="#[98]">&gt;&gt;</a>&nbsp;&nbsp;&nbsp;ConfigLEDs
<LI><a href="#[bc]">&gt;&gt;</a>&nbsp;&nbsp;&nbsp;setupPWM
<LI><a href="#[a8]">&gt;&gt;</a>&nbsp;&nbsp;&nbsp;SetupUart
<LI><a href="#[9b]">&gt;&gt;</a>&nbsp;&nbsp;&nbsp;SetupADC
<LI><a href="#[a2]">&gt;&gt;</a>&nbsp;&nbsp;&nbsp;SetupTimer
<LI><a href="#[b9]">&gt;&gt;</a>&nbsp;&nbsp;&nbsp;ledsOn
</UL>
<BR>[Address Reference Count : 1]<UL><LI> entry9a.o(.ARM.Collect$$$$0000000B)
</UL>
<P><STRONG><a name="[bc]"></a>setupPWM</STRONG> (Thumb, 206 bytes, Stack size 32 bytes, main.o(.text.setupPWM))
<BR><BR>[Stack]<UL><LI>Max Depth = 80<LI>Call Chain = setupPWM &rArr; GPIOPinTypePWM &rArr; GPIOPadConfigSet
</UL>
<BR>[Calls]<UL><LI><a href="#[c3]">&gt;&gt;</a>&nbsp;&nbsp;&nbsp;PWMGenEnable
<LI><a href="#[c2]">&gt;&gt;</a>&nbsp;&nbsp;&nbsp;PWMOutputState
<LI><a href="#[c1]">&gt;&gt;</a>&nbsp;&nbsp;&nbsp;PWMGenPeriodSet
<LI><a href="#[c0]">&gt;&gt;</a>&nbsp;&nbsp;&nbsp;PWMGenConfigure
<LI><a href="#[bf]">&gt;&gt;</a>&nbsp;&nbsp;&nbsp;PWMClockSet
<LI><a href="#[be]">&gt;&gt;</a>&nbsp;&nbsp;&nbsp;GPIOPinTypePWM
<LI><a href="#[ad]">&gt;&gt;</a>&nbsp;&nbsp;&nbsp;GPIOPinConfigure
<LI><a href="#[9c]">&gt;&gt;</a>&nbsp;&nbsp;&nbsp;SysCtlPeripheralReady
<LI><a href="#[99]">&gt;&gt;</a>&nbsp;&nbsp;&nbsp;SysCtlPeripheralEnable
<LI><a href="#[b6]">&gt;&gt;</a>&nbsp;&nbsp;&nbsp;PWMPulseWidthSet
</UL>
<BR>[Called By]<UL><LI><a href="#[77]">&gt;&gt;</a>&nbsp;&nbsp;&nbsp;main
</UL>

<P><STRONG><a name="[a1]"></a>ADCIntClear</STRONG> (Thumb, 10 bytes, Stack size 0 bytes, adc.o(i.ADCIntClear))
<BR><BR>[Called By]<UL><LI><a href="#[9b]">&gt;&gt;</a>&nbsp;&nbsp;&nbsp;SetupADC
<LI><a href="#[7a]">&gt;&gt;</a>&nbsp;&nbsp;&nbsp;Timer0IntHandler
</UL>

<P><STRONG><a name="[b1]"></a>ADCIntStatus</STRONG> (Thumb, 52 bytes, Stack size 0 bytes, adc.o(i.ADCIntStatus))
<BR><BR>[Called By]<UL><LI><a href="#[7a]">&gt;&gt;</a>&nbsp;&nbsp;&nbsp;Timer0IntHandler
</UL>

<P><STRONG><a name="[b0]"></a>ADCProcessorTrigger</STRONG> (Thumb, 26 bytes, Stack size 0 bytes, adc.o(i.ADCProcessorTrigger))
<BR><BR>[Called By]<UL><LI><a href="#[7a]">&gt;&gt;</a>&nbsp;&nbsp;&nbsp;Timer0IntHandler
</UL>

<P><STRONG><a name="[9e]"></a>ADCSequenceConfigure</STRONG> (Thumb, 96 bytes, Stack size 8 bytes, adc.o(i.ADCSequenceConfigure))
<BR><BR>[Stack]<UL><LI>Max Depth = 8<LI>Call Chain = ADCSequenceConfigure
</UL>
<BR>[Called By]<UL><LI><a href="#[9b]">&gt;&gt;</a>&nbsp;&nbsp;&nbsp;SetupADC
</UL>

<P><STRONG><a name="[b2]"></a>ADCSequenceDataGet</STRONG> (Thumb, 36 bytes, Stack size 0 bytes, adc.o(i.ADCSequenceDataGet))
<BR><BR>[Called By]<UL><LI><a href="#[7a]">&gt;&gt;</a>&nbsp;&nbsp;&nbsp;Timer0IntHandler
</UL>

<P><STRONG><a name="[a0]"></a>ADCSequenceEnable</STRONG> (Thumb, 14 bytes, Stack size 0 bytes, adc.o(i.ADCSequenceEnable))
<BR><BR>[Called By]<UL><LI><a href="#[9b]">&gt;&gt;</a>&nbsp;&nbsp;&nbsp;SetupADC
</UL>

<P><STRONG><a name="[9f]"></a>ADCSequenceStepConfigure</STRONG> (Thumb, 154 bytes, Stack size 4 bytes, adc.o(i.ADCSequenceStepConfigure))
<BR><BR>[Stack]<UL><LI>Max Depth = 4<LI>Call Chain = ADCSequenceStepConfigure
</UL>
<BR>[Called By]<UL><LI><a href="#[9b]">&gt;&gt;</a>&nbsp;&nbsp;&nbsp;SetupADC
</UL>

<P><STRONG><a name="[c4]"></a>GPIODirModeSet</STRONG> (Thumb, 40 bytes, Stack size 0 bytes, gpio.o(i.GPIODirModeSet))
<BR><BR>[Called By]<UL><LI><a href="#[9a]">&gt;&gt;</a>&nbsp;&nbsp;&nbsp;GPIOPinTypeGPIOOutput
<LI><a href="#[be]">&gt;&gt;</a>&nbsp;&nbsp;&nbsp;GPIOPinTypePWM
<LI><a href="#[ae]">&gt;&gt;</a>&nbsp;&nbsp;&nbsp;GPIOPinTypeUART
<LI><a href="#[9d]">&gt;&gt;</a>&nbsp;&nbsp;&nbsp;GPIOPinTypeADC
</UL>

<P><STRONG><a name="[c5]"></a>GPIOPadConfigSet</STRONG> (Thumb, 354 bytes, Stack size 36 bytes, gpio.o(i.GPIOPadConfigSet))
<BR><BR>[Stack]<UL><LI>Max Depth = 36<LI>Call Chain = GPIOPadConfigSet
</UL>
<BR>[Called By]<UL><LI><a href="#[9a]">&gt;&gt;</a>&nbsp;&nbsp;&nbsp;GPIOPinTypeGPIOOutput
<LI><a href="#[be]">&gt;&gt;</a>&nbsp;&nbsp;&nbsp;GPIOPinTypePWM
<LI><a href="#[ae]">&gt;&gt;</a>&nbsp;&nbsp;&nbsp;GPIOPinTypeUART
<LI><a href="#[9d]">&gt;&gt;</a>&nbsp;&nbsp;&nbsp;GPIOPinTypeADC
</UL>

<P><STRONG><a name="[ad]"></a>GPIOPinConfigure</STRONG> (Thumb, 60 bytes, Stack size 0 bytes, gpio.o(i.GPIOPinConfigure))
<BR><BR>[Called By]<UL><LI><a href="#[bc]">&gt;&gt;</a>&nbsp;&nbsp;&nbsp;setupPWM
<LI><a href="#[a8]">&gt;&gt;</a>&nbsp;&nbsp;&nbsp;SetupUart
</UL>

<P><STRONG><a name="[9d]"></a>GPIOPinTypeADC</STRONG> (Thumb, 28 bytes, Stack size 12 bytes, gpio.o(i.GPIOPinTypeADC))
<BR><BR>[Stack]<UL><LI>Max Depth = 48<LI>Call Chain = GPIOPinTypeADC &rArr; GPIOPadConfigSet
</UL>
<BR>[Calls]<UL><LI><a href="#[c5]">&gt;&gt;</a>&nbsp;&nbsp;&nbsp;GPIOPadConfigSet
<LI><a href="#[c4]">&gt;&gt;</a>&nbsp;&nbsp;&nbsp;GPIODirModeSet
</UL>
<BR>[Called By]<UL><LI><a href="#[9b]">&gt;&gt;</a>&nbsp;&nbsp;&nbsp;SetupADC
</UL>

<P><STRONG><a name="[9a]"></a>GPIOPinTypeGPIOOutput</STRONG> (Thumb, 28 bytes, Stack size 12 bytes, gpio.o(i.GPIOPinTypeGPIOOutput))
<BR><BR>[Stack]<UL><LI>Max Depth = 48<LI>Call Chain = GPIOPinTypeGPIOOutput &rArr; GPIOPadConfigSet
</UL>
<BR>[Calls]<UL><LI><a href="#[c5]">&gt;&gt;</a>&nbsp;&nbsp;&nbsp;GPIOPadConfigSet
<LI><a href="#[c4]">&gt;&gt;</a>&nbsp;&nbsp;&nbsp;GPIODirModeSet
</UL>
<BR>[Called By]<UL><LI><a href="#[98]">&gt;&gt;</a>&nbsp;&nbsp;&nbsp;ConfigLEDs
</UL>

<P><STRONG><a name="[be]"></a>GPIOPinTypePWM</STRONG> (Thumb, 28 bytes, Stack size 12 bytes, gpio.o(i.GPIOPinTypePWM))
<BR><BR>[Stack]<UL><LI>Max Depth = 48<LI>Call Chain = GPIOPinTypePWM &rArr; GPIOPadConfigSet
</UL>
<BR>[Calls]<UL><LI><a href="#[c5]">&gt;&gt;</a>&nbsp;&nbsp;&nbsp;GPIOPadConfigSet
<LI><a href="#[c4]">&gt;&gt;</a>&nbsp;&nbsp;&nbsp;GPIODirModeSet
</UL>
<BR>[Called By]<UL><LI><a href="#[bc]">&gt;&gt;</a>&nbsp;&nbsp;&nbsp;setupPWM
</UL>

<P><STRONG><a name="[ae]"></a>GPIOPinTypeUART</STRONG> (Thumb, 28 bytes, Stack size 12 bytes, gpio.o(i.GPIOPinTypeUART))
<BR><BR>[Stack]<UL><LI>Max Depth = 48<LI>Call Chain = GPIOPinTypeUART &rArr; GPIOPadConfigSet
</UL>
<BR>[Calls]<UL><LI><a href="#[c5]">&gt;&gt;</a>&nbsp;&nbsp;&nbsp;GPIOPadConfigSet
<LI><a href="#[c4]">&gt;&gt;</a>&nbsp;&nbsp;&nbsp;GPIODirModeSet
</UL>
<BR>[Called By]<UL><LI><a href="#[a8]">&gt;&gt;</a>&nbsp;&nbsp;&nbsp;SetupUart
</UL>

<P><STRONG><a name="[ba]"></a>GPIOPinWrite</STRONG> (Thumb, 6 bytes, Stack size 0 bytes, gpio.o(i.GPIOPinWrite))
<BR><BR>[Called By]<UL><LI><a href="#[b9]">&gt;&gt;</a>&nbsp;&nbsp;&nbsp;ledsOn
</UL>

<P><STRONG><a name="[c8]"></a>IntEnable</STRONG> (Thumb, 92 bytes, Stack size 0 bytes, interrupt.o(i.IntEnable))
<BR><BR>[Called By]<UL><LI><a href="#[ac]">&gt;&gt;</a>&nbsp;&nbsp;&nbsp;UARTIntRegister
<LI><a href="#[a6]">&gt;&gt;</a>&nbsp;&nbsp;&nbsp;TimerIntRegister
</UL>

<P><STRONG><a name="[bd]"></a>IntMasterEnable</STRONG> (Thumb, 14 bytes, Stack size 8 bytes, interrupt.o(i.IntMasterEnable))
<BR><BR>[Stack]<UL><LI>Max Depth = 8<LI>Call Chain = IntMasterEnable
</UL>
<BR>[Calls]<UL><LI><a href="#[c6]">&gt;&gt;</a>&nbsp;&nbsp;&nbsp;CPUcpsie
</UL>
<BR>[Called By]<UL><LI><a href="#[77]">&gt;&gt;</a>&nbsp;&nbsp;&nbsp;main
</UL>

<P><STRONG><a name="[c7]"></a>IntRegister</STRONG> (Thumb, 44 bytes, Stack size 8 bytes, interrupt.o(i.IntRegister))
<BR><BR>[Stack]<UL><LI>Max Depth = 8<LI>Call Chain = IntRegister
</UL>
<BR>[Called By]<UL><LI><a href="#[ac]">&gt;&gt;</a>&nbsp;&nbsp;&nbsp;UARTIntRegister
<LI><a href="#[a6]">&gt;&gt;</a>&nbsp;&nbsp;&nbsp;TimerIntRegister
</UL>

<P><STRONG><a name="[bf]"></a>PWMClockSet</STRONG> (Thumb, 20 bytes, Stack size 0 bytes, pwm.o(i.PWMClockSet))
<BR><BR>[Called By]<UL><LI><a href="#[bc]">&gt;&gt;</a>&nbsp;&nbsp;&nbsp;setupPWM
</UL>

<P><STRONG><a name="[c0]"></a>PWMGenConfigure</STRONG> (Thumb, 38 bytes, Stack size 0 bytes, pwm.o(i.PWMGenConfigure))
<BR><BR>[Called By]<UL><LI><a href="#[bc]">&gt;&gt;</a>&nbsp;&nbsp;&nbsp;setupPWM
</UL>

<P><STRONG><a name="[c3]"></a>PWMGenEnable</STRONG> (Thumb, 10 bytes, Stack size 0 bytes, pwm.o(i.PWMGenEnable))
<BR><BR>[Called By]<UL><LI><a href="#[bc]">&gt;&gt;</a>&nbsp;&nbsp;&nbsp;setupPWM
</UL>

<P><STRONG><a name="[b5]"></a>PWMGenPeriodGet</STRONG> (Thumb, 18 bytes, Stack size 0 bytes, pwm.o(i.PWMGenPeriodGet))
<BR><BR>[Called By]<UL><LI><a href="#[7a]">&gt;&gt;</a>&nbsp;&nbsp;&nbsp;Timer0IntHandler
</UL>

<P><STRONG><a name="[c1]"></a>PWMGenPeriodSet</STRONG> (Thumb, 18 bytes, Stack size 0 bytes, pwm.o(i.PWMGenPeriodSet))
<BR><BR>[Called By]<UL><LI><a href="#[bc]">&gt;&gt;</a>&nbsp;&nbsp;&nbsp;setupPWM
</UL>

<P><STRONG><a name="[c2]"></a>PWMOutputState</STRONG> (Thumb, 16 bytes, Stack size 0 bytes, pwm.o(i.PWMOutputState))
<BR><BR>[Called By]<UL><LI><a href="#[bc]">&gt;&gt;</a>&nbsp;&nbsp;&nbsp;setupPWM
</UL>

<P><STRONG><a name="[b6]"></a>PWMPulseWidthSet</STRONG> (Thumb, 32 bytes, Stack size 0 bytes, pwm.o(i.PWMPulseWidthSet))
<BR><BR>[Called By]<UL><LI><a href="#[bc]">&gt;&gt;</a>&nbsp;&nbsp;&nbsp;setupPWM
<LI><a href="#[7a]">&gt;&gt;</a>&nbsp;&nbsp;&nbsp;Timer0IntHandler
</UL>

<P><STRONG><a name="[bb]"></a>SysCtlClockFreqSet</STRONG> (Thumb, 700 bytes, Stack size 24 bytes, sysctl.o(i.SysCtlClockFreqSet))
<BR><BR>[Stack]<UL><LI>Max Depth = 24<LI>Call Chain = SysCtlClockFreqSet
</UL>
<BR>[Called By]<UL><LI><a href="#[77]">&gt;&gt;</a>&nbsp;&nbsp;&nbsp;main
</UL>

<P><STRONG><a name="[99]"></a>SysCtlPeripheralEnable</STRONG> (Thumb, 36 bytes, Stack size 0 bytes, sysctl.o(i.SysCtlPeripheralEnable))
<BR><BR>[Called By]<UL><LI><a href="#[98]">&gt;&gt;</a>&nbsp;&nbsp;&nbsp;ConfigLEDs
<LI><a href="#[bc]">&gt;&gt;</a>&nbsp;&nbsp;&nbsp;setupPWM
<LI><a href="#[a8]">&gt;&gt;</a>&nbsp;&nbsp;&nbsp;SetupUart
<LI><a href="#[9b]">&gt;&gt;</a>&nbsp;&nbsp;&nbsp;SetupADC
<LI><a href="#[a2]">&gt;&gt;</a>&nbsp;&nbsp;&nbsp;SetupTimer
</UL>

<P><STRONG><a name="[9c]"></a>SysCtlPeripheralReady</STRONG> (Thumb, 40 bytes, Stack size 0 bytes, sysctl.o(i.SysCtlPeripheralReady))
<BR><BR>[Called By]<UL><LI><a href="#[bc]">&gt;&gt;</a>&nbsp;&nbsp;&nbsp;setupPWM
<LI><a href="#[a8]">&gt;&gt;</a>&nbsp;&nbsp;&nbsp;SetupUart
<LI><a href="#[9b]">&gt;&gt;</a>&nbsp;&nbsp;&nbsp;SetupADC
<LI><a href="#[a2]">&gt;&gt;</a>&nbsp;&nbsp;&nbsp;SetupTimer
</UL>

<P><STRONG><a name="[a3]"></a>TimerConfigure</STRONG> (Thumb, 88 bytes, Stack size 4 bytes, timer.o(i.TimerConfigure))
<BR><BR>[Stack]<UL><LI>Max Depth = 4<LI>Call Chain = TimerConfigure
</UL>
<BR>[Called By]<UL><LI><a href="#[a2]">&gt;&gt;</a>&nbsp;&nbsp;&nbsp;SetupTimer
</UL>

<P><STRONG><a name="[a7]"></a>TimerEnable</STRONG> (Thumb, 14 bytes, Stack size 0 bytes, timer.o(i.TimerEnable))
<BR><BR>[Called By]<UL><LI><a href="#[a2]">&gt;&gt;</a>&nbsp;&nbsp;&nbsp;SetupTimer
</UL>

<P><STRONG><a name="[af]"></a>TimerIntClear</STRONG> (Thumb, 4 bytes, Stack size 0 bytes, timer.o(i.TimerIntClear))
<BR><BR>[Called By]<UL><LI><a href="#[7a]">&gt;&gt;</a>&nbsp;&nbsp;&nbsp;Timer0IntHandler
</UL>

<P><STRONG><a name="[a5]"></a>TimerIntEnable</STRONG> (Thumb, 8 bytes, Stack size 0 bytes, timer.o(i.TimerIntEnable))
<BR><BR>[Called By]<UL><LI><a href="#[a2]">&gt;&gt;</a>&nbsp;&nbsp;&nbsp;SetupTimer
</UL>

<P><STRONG><a name="[a6]"></a>TimerIntRegister</STRONG> (Thumb, 88 bytes, Stack size 16 bytes, timer.o(i.TimerIntRegister))
<BR><BR>[Stack]<UL><LI>Max Depth = 24<LI>Call Chain = TimerIntRegister &rArr; IntRegister
</UL>
<BR>[Calls]<UL><LI><a href="#[c7]">&gt;&gt;</a>&nbsp;&nbsp;&nbsp;IntRegister
<LI><a href="#[c8]">&gt;&gt;</a>&nbsp;&nbsp;&nbsp;IntEnable
</UL>
<BR>[Called By]<UL><LI><a href="#[a2]">&gt;&gt;</a>&nbsp;&nbsp;&nbsp;SetupTimer
</UL>

<P><STRONG><a name="[a4]"></a>TimerLoadSet</STRONG> (Thumb, 18 bytes, Stack size 0 bytes, timer.o(i.TimerLoadSet))
<BR><BR>[Called By]<UL><LI><a href="#[a2]">&gt;&gt;</a>&nbsp;&nbsp;&nbsp;SetupTimer
</UL>

<P><STRONG><a name="[b4]"></a>UARTCharPut</STRONG> (Thumb, 12 bytes, Stack size 0 bytes, uart.o(i.UARTCharPut))
<BR><BR>[Calls]<UL><LI><a href="#[b4]">&gt;&gt;</a>&nbsp;&nbsp;&nbsp;UARTCharPut
</UL>
<BR>[Called By]<UL><LI><a href="#[b4]">&gt;&gt;</a>&nbsp;&nbsp;&nbsp;UARTCharPut
<LI><a href="#[7a]">&gt;&gt;</a>&nbsp;&nbsp;&nbsp;Timer0IntHandler
</UL>

<P><STRONG><a name="[a9]"></a>UARTConfigSetExpClk</STRONG> (Thumb, 110 bytes, Stack size 0 bytes, uart.o(i.UARTConfigSetExpClk))
<BR><BR>[Calls]<UL><LI><a href="#[a9]">&gt;&gt;</a>&nbsp;&nbsp;&nbsp;UARTConfigSetExpClk
</UL>
<BR>[Called By]<UL><LI><a href="#[a9]">&gt;&gt;</a>&nbsp;&nbsp;&nbsp;UARTConfigSetExpClk
<LI><a href="#[a8]">&gt;&gt;</a>&nbsp;&nbsp;&nbsp;SetupUart
</UL>

<P><STRONG><a name="[aa]"></a>UARTFIFODisable</STRONG> (Thumb, 10 bytes, Stack size 0 bytes, uart.o(i.UARTFIFODisable))
<BR><BR>[Called By]<UL><LI><a href="#[a8]">&gt;&gt;</a>&nbsp;&nbsp;&nbsp;SetupUart
</UL>

<P><STRONG><a name="[b8]"></a>UARTIntClear</STRONG> (Thumb, 4 bytes, Stack size 0 bytes, uart.o(i.UARTIntClear))
<BR><BR>[Called By]<UL><LI><a href="#[7b]">&gt;&gt;</a>&nbsp;&nbsp;&nbsp;UARTIntHandler
</UL>

<P><STRONG><a name="[ab]"></a>UARTIntEnable</STRONG> (Thumb, 8 bytes, Stack size 0 bytes, uart.o(i.UARTIntEnable))
<BR><BR>[Called By]<UL><LI><a href="#[a8]">&gt;&gt;</a>&nbsp;&nbsp;&nbsp;SetupUart
</UL>

<P><STRONG><a name="[ac]"></a>UARTIntRegister</STRONG> (Thumb, 70 bytes, Stack size 8 bytes, uart.o(i.UARTIntRegister))
<BR><BR>[Stack]<UL><LI>Max Depth = 16<LI>Call Chain = UARTIntRegister &rArr; IntRegister
</UL>
<BR>[Calls]<UL><LI><a href="#[c7]">&gt;&gt;</a>&nbsp;&nbsp;&nbsp;IntRegister
<LI><a href="#[c8]">&gt;&gt;</a>&nbsp;&nbsp;&nbsp;IntEnable
</UL>
<BR>[Called By]<UL><LI><a href="#[a8]">&gt;&gt;</a>&nbsp;&nbsp;&nbsp;SetupUart
</UL>

<P><STRONG><a name="[b7]"></a>UARTIntStatus</STRONG> (Thumb, 10 bytes, Stack size 0 bytes, uart.o(i.UARTIntStatus))
<BR><BR>[Called By]<UL><LI><a href="#[7b]">&gt;&gt;</a>&nbsp;&nbsp;&nbsp;UARTIntHandler
</UL>

<P><STRONG><a name="[c9]"></a>__0snprintf</STRONG> (Thumb, 48 bytes, Stack size 40 bytes, printfa.o(i.__0snprintf), UNUSED)
<BR><BR>[Calls]<UL><LI><a href="#[ca]">&gt;&gt;</a>&nbsp;&nbsp;&nbsp;_printf_core
</UL>

<P><STRONG><a name="[e3]"></a>__1snprintf</STRONG> (Thumb, 0 bytes, Stack size 40 bytes, printfa.o(i.__0snprintf), UNUSED)

<P><STRONG><a name="[e4]"></a>__2snprintf</STRONG> (Thumb, 0 bytes, Stack size 40 bytes, printfa.o(i.__0snprintf), UNUSED)

<P><STRONG><a name="[e5]"></a>__c89snprintf</STRONG> (Thumb, 0 bytes, Stack size 40 bytes, printfa.o(i.__0snprintf), UNUSED)

<P><STRONG><a name="[b3]"></a>snprintf</STRONG> (Thumb, 0 bytes, Stack size 40 bytes, printfa.o(i.__0snprintf))
<BR><BR>[Stack]<UL><LI>Max Depth = 40<LI>Call Chain = snprintf
</UL>
<BR>[Called By]<UL><LI><a href="#[7a]">&gt;&gt;</a>&nbsp;&nbsp;&nbsp;Timer0IntHandler
</UL>

<P><STRONG><a name="[e6]"></a>__scatterload_copy</STRONG> (Thumb, 14 bytes, Stack size unknown bytes, handlers.o(i.__scatterload_copy), UNUSED)

<P><STRONG><a name="[e7]"></a>__scatterload_null</STRONG> (Thumb, 2 bytes, Stack size unknown bytes, handlers.o(i.__scatterload_null), UNUSED)

<P><STRONG><a name="[e8]"></a>__scatterload_zeroinit</STRONG> (Thumb, 14 bytes, Stack size unknown bytes, handlers.o(i.__scatterload_zeroinit), UNUSED)
<P>
<H3>
Local Symbols
</H3>
<P><STRONG><a name="[cb]"></a>_fp_digits</STRONG> (Thumb, 366 bytes, Stack size 64 bytes, printfa.o(i._fp_digits), UNUSED)
<BR><BR>[Calls]<UL><LI><a href="#[8b]">&gt;&gt;</a>&nbsp;&nbsp;&nbsp;__aeabi_uldivmod
<LI><a href="#[94]">&gt;&gt;</a>&nbsp;&nbsp;&nbsp;__aeabi_dmul
<LI><a href="#[95]">&gt;&gt;</a>&nbsp;&nbsp;&nbsp;__aeabi_ddiv
<LI><a href="#[8e]">&gt;&gt;</a>&nbsp;&nbsp;&nbsp;__aeabi_dadd
<LI><a href="#[96]">&gt;&gt;</a>&nbsp;&nbsp;&nbsp;__aeabi_d2ulz
<LI><a href="#[cc]">&gt;&gt;</a>&nbsp;&nbsp;&nbsp;__aeabi_cdrcmple
</UL>
<BR>[Called By]<UL><LI><a href="#[ca]">&gt;&gt;</a>&nbsp;&nbsp;&nbsp;_printf_core
</UL>

<P><STRONG><a name="[ca]"></a>_printf_core</STRONG> (Thumb, 1744 bytes, Stack size 136 bytes, printfa.o(i._printf_core), UNUSED)
<BR><BR>[Calls]<UL><LI><a href="#[8b]">&gt;&gt;</a>&nbsp;&nbsp;&nbsp;__aeabi_uldivmod
<LI><a href="#[cf]">&gt;&gt;</a>&nbsp;&nbsp;&nbsp;__aeabi_uidivmod
<LI><a href="#[cd]">&gt;&gt;</a>&nbsp;&nbsp;&nbsp;_printf_pre_padding
<LI><a href="#[ce]">&gt;&gt;</a>&nbsp;&nbsp;&nbsp;_printf_post_padding
<LI><a href="#[cb]">&gt;&gt;</a>&nbsp;&nbsp;&nbsp;_fp_digits
</UL>
<BR>[Called By]<UL><LI><a href="#[c9]">&gt;&gt;</a>&nbsp;&nbsp;&nbsp;__0snprintf
</UL>

<P><STRONG><a name="[ce]"></a>_printf_post_padding</STRONG> (Thumb, 36 bytes, Stack size 24 bytes, printfa.o(i._printf_post_padding), UNUSED)
<BR><BR>[Called By]<UL><LI><a href="#[ca]">&gt;&gt;</a>&nbsp;&nbsp;&nbsp;_printf_core
</UL>

<P><STRONG><a name="[cd]"></a>_printf_pre_padding</STRONG> (Thumb, 46 bytes, Stack size 24 bytes, printfa.o(i._printf_pre_padding), UNUSED)
<BR><BR>[Called By]<UL><LI><a href="#[ca]">&gt;&gt;</a>&nbsp;&nbsp;&nbsp;_printf_core
</UL>

<P><STRONG><a name="[7c]"></a>_snputc</STRONG> (Thumb, 22 bytes, Stack size 0 bytes, printfa.o(i._snputc))
<BR>[Address Reference Count : 1]<UL><LI> printfa.o(i.__0snprintf)
</UL><P>
<H3>
Undefined Global Symbols
</H3><HR></body></html>
