Component: Arm Compiler for Embedded 6.21 Tool: armlink [5ec1fa00]

==============================================================================

Section Cross References

    main.o(.ARM.exidx.text.FibonacciRecursive) refers to main.o(.text.FibonacciRecursive) for [Anonymous Symbol]
    main.o(.text.UARTIntHandler) refers to uart.o(i.UARTIntStatus) for UARTIntStatus
    main.o(.text.UARTIntHandler) refers to uart.o(i.UARTIntClear) for UARTIntClear
    main.o(.text.UARTIntHandler) refers to uart.o(i.UARTCharsAvail) for UARTCharsAvail
    main.o(.text.UARTIntHandler) refers to uart.o(i.UARTCharGet) for UARTCharGet
    main.o(.text.UARTIntHandler) refers to main.o(.bss.bufferIndex) for bufferIndex
    main.o(.text.UARTIntHandler) refers to main.o(.bss.inputBuffer) for inputBuffer
    main.o(.text.UARTIntHandler) refers to strtoul.o(.text) for strtoul
    main.o(.text.UARTIntHandler) refers to main.o(.bss.queueFibonacciRecursiveHigh) for queueFibonacciRecursiveHigh
    main.o(.text.UARTIntHandler) refers to rtx_msgqueue.o(.text.osMessageQueuePut) for osMessageQueuePut
    main.o(.text.UARTIntHandler) refers to main.o(.bss.queueFibonacciRecursiveLow) for queueFibonacciRecursiveLow
    main.o(.ARM.exidx.text.UARTIntHandler) refers to main.o(.text.UARTIntHandler) for [Anonymous Symbol]
    main.o(.text.SetupUart) refers to sysctl.o(i.SysCtlPeripheralEnable) for SysCtlPeripheralEnable
    main.o(.text.SetupUart) refers to sysctl.o(i.SysCtlPeripheralReady) for SysCtlPeripheralReady
    main.o(.text.SetupUart) refers to main.o(.bss.SysClock) for SysClock
    main.o(.text.SetupUart) refers to uart.o(i.UARTConfigSetExpClk) for UARTConfigSetExpClk
    main.o(.text.SetupUart) refers to uart.o(i.UARTFIFODisable) for UARTFIFODisable
    main.o(.text.SetupUart) refers to uart.o(i.UARTIntEnable) for UARTIntEnable
    main.o(.text.SetupUart) refers to main.o(.text.UARTIntHandler) for UARTIntHandler
    main.o(.text.SetupUart) refers to uart.o(i.UARTIntRegister) for UARTIntRegister
    main.o(.text.SetupUart) refers to gpio.o(i.GPIOPinConfigure) for GPIOPinConfigure
    main.o(.text.SetupUart) refers to gpio.o(i.GPIOPinTypeUART) for GPIOPinTypeUART
    main.o(.ARM.exidx.text.SetupUart) refers to main.o(.text.SetupUart) for [Anonymous Symbol]
    main.o(.text.Thread_FibonacciRecursiveHigh) refers to main.o(.bss.queueFibonacciRecursiveHigh) for queueFibonacciRecursiveHigh
    main.o(.text.Thread_FibonacciRecursiveHigh) refers to rtx_msgqueue.o(.text.osMessageQueueGet) for osMessageQueueGet
    main.o(.text.Thread_FibonacciRecursiveHigh) refers to rtx_kernel.o(.text.osKernelGetTickCount) for osKernelGetTickCount
    main.o(.text.Thread_FibonacciRecursiveHigh) refers to main.o(.text.FibonacciRecursive) for FibonacciRecursive
    main.o(.text.Thread_FibonacciRecursiveHigh) refers to memseta.o(.text) for __aeabi_memclr8
    main.o(.text.Thread_FibonacciRecursiveHigh) refers to dfltui.o(.text) for __aeabi_ui2d
    main.o(.text.Thread_FibonacciRecursiveHigh) refers to rtx_kernel.o(.text.osKernelGetTickFreq) for osKernelGetTickFreq
    main.o(.text.Thread_FibonacciRecursiveHigh) refers to ddiv.o(.text) for __aeabi_ddiv
    main.o(.text.Thread_FibonacciRecursiveHigh) refers to main.o(.rodata.str1.1) for .L.str
    main.o(.text.Thread_FibonacciRecursiveHigh) refers to printfa.o(i.__0snprintf) for snprintf
    main.o(.text.Thread_FibonacciRecursiveHigh) refers to main.o(.bss.queueResp) for queueResp
    main.o(.text.Thread_FibonacciRecursiveHigh) refers to rtx_msgqueue.o(.text.osMessageQueuePut) for osMessageQueuePut
    main.o(.ARM.exidx.text.Thread_FibonacciRecursiveHigh) refers to main.o(.text.Thread_FibonacciRecursiveHigh) for [Anonymous Symbol]
    main.o(.text.Thread_FibonacciRecursiveLow) refers to main.o(.bss.queueFibonacciRecursiveLow) for queueFibonacciRecursiveLow
    main.o(.text.Thread_FibonacciRecursiveLow) refers to rtx_msgqueue.o(.text.osMessageQueueGet) for osMessageQueueGet
    main.o(.text.Thread_FibonacciRecursiveLow) refers to rtx_kernel.o(.text.osKernelGetTickCount) for osKernelGetTickCount
    main.o(.text.Thread_FibonacciRecursiveLow) refers to main.o(.text.FibonacciRecursive) for FibonacciRecursive
    main.o(.text.Thread_FibonacciRecursiveLow) refers to memseta.o(.text) for __aeabi_memclr8
    main.o(.text.Thread_FibonacciRecursiveLow) refers to dfltui.o(.text) for __aeabi_ui2d
    main.o(.text.Thread_FibonacciRecursiveLow) refers to rtx_kernel.o(.text.osKernelGetTickFreq) for osKernelGetTickFreq
    main.o(.text.Thread_FibonacciRecursiveLow) refers to ddiv.o(.text) for __aeabi_ddiv
    main.o(.text.Thread_FibonacciRecursiveLow) refers to main.o(.rodata.str1.1) for .L.str.1
    main.o(.text.Thread_FibonacciRecursiveLow) refers to printfa.o(i.__0snprintf) for snprintf
    main.o(.text.Thread_FibonacciRecursiveLow) refers to main.o(.bss.queueResp) for queueResp
    main.o(.text.Thread_FibonacciRecursiveLow) refers to rtx_msgqueue.o(.text.osMessageQueuePut) for osMessageQueuePut
[...]
    ../clib/microlib/init/entry.s            0x00000000   Number         0  entry10a.o ABSOLUTE
    ../clib/microlib/init/entry.s            0x00000000   Number         0  entry10b.o ABSOLUTE
    ../clib/microlib/init/entry.s            0x00000000   Number         0  entry11a.o ABSOLUTE
    ../clib/microlib/init/entry.s            0x00000000   Number         0  entry11b.o ABSOLUTE
    ../clib/microlib/longlong.c              0x00000000   Number         0  llshl.o ABSOLUTE
    ../clib/microlib/longlong.c              0x00000000   Number         0  llushr.o ABSOLUTE
    ../clib/microlib/longlong.c              0x00000000   Number         0  llsshr.o ABSOLUTE
    ../clib/microlib/printf/printf.c         0x00000000   Number         0  printfa.o ABSOLUTE
    ../clib/microlib/stdio/fputc.c           0x00000000   Number         0  fputc.o ABSOLUTE
    ../clib/microlib/stdio/fputc.c           0x00000000   Number         0  fputc_h.o ABSOLUTE
    ../clib/microlib/stdio/semi.s            0x00000000   Number         0  semi.o ABSOLUTE
    ../clib/microlib/stdio/streams.c         0x00000000   Number         0  stdout.o ABSOLUTE
    ../clib/microlib/string/memcpy.c         0x00000000   Number         0  memcpya.o ABSOLUTE
    ../clib/microlib/string/memcpy.c         0x00000000   Number         0  memcpyb.o ABSOLUTE
    ../clib/microlib/string/memset.c         0x00000000   Number         0  memseta.o ABSOLUTE
    ../clib/microlib/stubs.s                 0x00000000   Number         0  iusefp.o ABSOLUTE
    ../clib/microlib/stubs.s                 0x00000000   Number         0  iusesemip.o ABSOLUTE
    ../clib/scanf.c                          0x00000000   Number         0  strtoul.o ABSOLUTE
    ../clib/scanf.c                          0x00000000   Number         0  _strtoul.o ABSOLUTE
    ../clib/scanf.c                          0x00000000   Number         0  _chval.o ABSOLUTE
    ../fplib/microlib/fpadd.c                0x00000000   Number         0  dadd.o ABSOLUTE
    ../fplib/microlib/fpcmp.c                0x00000000   Number         0  dcmpge.o ABSOLUTE
    ../fplib/microlib/fpdiv.c                0x00000000   Number         0  ddiv.o ABSOLUTE
    ../fplib/microlib/fpepilogue.c           0x00000000   Number         0  depilogue.o ABSOLUTE
    ../fplib/microlib/fpfix.c                0x00000000   Number         0  dfixul.o ABSOLUTE
    ../fplib/microlib/fpflt.c                0x00000000   Number         0  dfltui.o ABSOLUTE
    ../fplib/microlib/fpmul.c                0x00000000   Number         0  dmul.o ABSOLUTE
    RTE/Device/TM4C1294NCPDT/startup_TM4C129.s 0x00000000   Number         0  startup_tm4c129.o ABSOLUTE
    RTX_Config.c                             0x00000000   Number         0  rtx_config.o ABSOLUTE
    cdrcmple.s                               0x00000000   Number         0  cdrcmple.o ABSOLUTE
    cpu.c                                    0x00000000   Number         0  cpu.o ABSOLUTE
    cpu.c                                    0x00000000   Number         0  cpu.o ABSOLUTE
    dc.s                                     0x00000000   Number         0  dc.o ABSOLUTE
    gpio.c                                   0x00000000   Number         0  gpio.o ABSOLUTE
    handlers.s                               0x00000000   Number         0  handlers.o ABSOLUTE
    init.s                                   0x00000000   Number         0  init.o ABSOLUTE
    interrupt.c                              0x00000000   Number         0  interrupt.o ABSOLUTE
    main.c                                   0x00000000   Number         0  main.o ABSOLUTE
    os_systick.c                             0x00000000   Number         0  os_systick.o ABSOLUTE
    rtx_kernel.c                             0x00000000   Number         0  rtx_kernel.o ABSOLUTE
    rtx_lib.c                                0x00000000   Number         0  rtx_lib.o ABSOLUTE
    rtx_memory.c                             0x00000000   Number         0  rtx_memory.o ABSOLUTE
    rtx_mempool.c                            0x00000000   Number         0  rtx_mempool.o ABSOLUTE
    rtx_msgqueue.c                           0x00000000   Number         0  rtx_msgqueue.o ABSOLUTE
    rtx_mutex.c                              0x00000000   Number         0  rtx_mutex.o ABSOLUTE
    rtx_system.c                             0x00000000   Number         0  rtx_system.o ABSOLUTE
    rtx_thread.c                             0x00000000   Number         0  rtx_thread.o ABSOLUTE
    rtx_timer.c                              0x00000000   Number         0  rtx_timer.o ABSOLUTE
    sysctl.c                                 0x00000000   Number         0  sysctl.o ABSOLUTE
    sysctl.c                                 0x00000000   Number         0  sysctl.o ABSOLUTE
    system_TM4C129.c                         0x00000000   Number         0  system_tm4c129.o ABSOLUTE
    uart.c                                   0x00000000   Number         0  uart.o ABSOLUTE
    RESET                                    0x00000000   Section      512  startup_tm4c129.o(RESET)
    FPU_USED                                 0x00000001   Number         0  irq_armv7m.o ABSOLUTE
    osRtxErrorStackOverflow                  0x00000001   Number         0  irq_armv7m.o ABSOLUTE
    I_T_RUN_OFS                              0x00000014   Number         0  irq_armv7m.o ABSOLUTE
    TCB_SF_OFS                               0x00000022   Number         0  irq_armv7m.o ABSOLUTE
    TCB_SP_OFS                               0x00000038   Number         0  irq_armv7m.o ABSOLUTE
    .ARM.Collect$$$$00000000                 0x00000200   Section        0  entry.o(.ARM.Collect$$$$00000000)
    .ARM.Collect$$$$00000001                 0x00000200   Section        4  entry2.o(.ARM.Collect$$$$00000001)
    .ARM.Collect$$$$00000004                 0x00000204   Section        4  entry5.o(.ARM.Collect$$$$00000004)
    .ARM.Collect$$$$00000008                 0x00000208   Section        0  entry7b.o(.ARM.Collect$$$$00000008)
    .ARM.Collect$$$$0000000A                 0x00000208   Section        0  entry8b.o(.ARM.Collect$$$$0000000A)
    .ARM.Collect$$$$0000000B                 0x00000208   Section        8  entry9a.o(.ARM.Collect$$$$0000000B)
    __lit__00000000                          0x00000210   Data           4  entry2.o(.ARM.Collect$$$$00002712)
    .ARM.Collect$$$$0000000D                 0x00000210   Section        0  entry10a.o(.ARM.Collect$$$$0000000D)
    .ARM.Collect$$$$0000000F                 0x00000210   Section        0  entry11a.o(.ARM.Collect$$$$0000000F)
    .ARM.Collect$$$$00002712                 0x00000210   Section        4  entry2.o(.ARM.Collect$$$$00002712)
    $v0                                      0x00000214   Number         0  startup_tm4c129.o(.text)
    .text                                    0x00000214   Section      276  startup_tm4c129.o(.text)
    [Anonymous Symbol]                       0x00000328   Section        0  irq_armv7m.o(.text)
    SVC_Context                              0x00000350   Number         0  irq_armv7m.o(.text)
    SVC_FP_LazyState                         0x00000360   Number         0  irq_armv7m.o(.text)
    SVC_ContextSave                          0x00000372   Number         0  irq_armv7m.o(.text)
    SVC_ContextRestore                       0x00000388   Number         0  irq_armv7m.o(.text)
    SVC_Exit                                 0x000003a4   Number         0  irq_armv7m.o(.text)
    SVC_User                                 0x000003a6   Number         0  irq_armv7m.o(.text)
    .text                                    0x000003f0   Section        0  memcpya.o(.text)
    .text                                    0x00000414   Section        0  memseta.o(.text)
    .text                                    0x00000438   Section        0  strtoul.o(.text)
    .text                                    0x000004aa   Section        0  dmul.o(.text)
    .text                                    0x0000058e   Section        0  ddiv.o(.text)
    .text                                    0x0000066c   Section        0  dcmpge.o(.text)
    .text                                    0x000006a2   Section        0  dfltui.o(.text)
    .text                                    0x000006bc   Section        0  uidiv.o(.text)
    .text                                    0x000006e8   Section        0  uldiv.o(.text)
    .text                                    0x0000074c   Section        0  ctype_o.o(.text)
    .text                                    0x00000754   Section        0  _strtoul.o(.text)
    .text                                    0x000007f2   Section        0  iusefp.o(.text)
    .text                                    0x000007f2   Section        0  depilogue.o(.text)
    .text                                    0x000008ac   Section        0  dadd.o(.text)
    .text                                    0x000009fa   Section        0  dfixul.o(.text)
    .text                                    0x00000a2c   Section       48  cdrcmple.o(.text)
    .text                                    0x00000a5c   Section       48  init.o(.text)
    .text                                    0x00000a8c   Section        0  llshl.o(.text)
    .text                                    0x00000aaa   Section        0  llushr.o(.text)
    .text                                    0x00000aca   Section        0  llsshr.o(.text)
    .text                                    0x00000aee   Section        0  _chval.o(.text)
    .text                                    0x00000b0a   Section        0  __dczerorl.o(.text)
    [Anonymous Symbol]                       0x00000b44   Section        0  main.o(.text.FibonacciRecursive)
    MessageQueueGet                          0x00000b7b   Thumb Code    64  rtx_msgqueue.o(.text.MessageQueueGet)
    [Anonymous Symbol]                       0x00000b7a   Section        0  rtx_msgqueue.o(.text.MessageQueueGet)
    MessageQueuePut                          0x00000bbb   Thumb Code    88  rtx_msgqueue.o(.text.MessageQueuePut)
    [Anonymous Symbol]                       0x00000bba   Section        0  rtx_msgqueue.o(.text.MessageQueuePut)
    MessageQueueRemove                       0x00000c13   Thumb Code    28  rtx_msgqueue.o(.text.MessageQueueRemove)
    [Anonymous Symbol]                       0x00000c12   Section        0  rtx_msgqueue.o(.text.MessageQueueRemove)
    [Anonymous Symbol]                       0x00000c30   Section        0  os_systick.o(.text.OS_Tick_AcknowledgeIRQ)
    [Anonymous Symbol]                       0x00000c38   Section        0  os_systick.o(.text.OS_Tick_Enable)
    __arm_cp.1_1                             0x00000c58   Number         4  os_systick.o(.text.OS_Tick_Enable)
    [Anonymous Symbol]                       0x00000c5c   Section        0  os_systick.o(.text.OS_Tick_GetIRQn)
    [Anonymous Symbol]                       0x00000c64   Section        0  os_systick.o(.text.OS_Tick_Setup)
    __arm_cp.0_0                             0x00000c94   Number         4  os_systick.o(.text.OS_Tick_Setup)
    __arm_cp.0_1                             0x00000c98   Number         4  os_systick.o(.text.OS_Tick_Setup)
    __arm_cp.0_2                             0x00000c9c   Number         4  os_systick.o(.text.OS_Tick_Setup)
    __arm_cp.0_3                             0x00000ca0   Number         4  os_systick.o(.text.OS_Tick_Setup)
    OUTLINED_FUNCTION_0                      0x00000ca5   Thumb Code    12  rtx_kernel.o(.text.OUTLINED_FUNCTION_0)
    [Anonymous Symbol]                       0x00000ca4   Section        0  rtx_kernel.o(.text.OUTLINED_FUNCTION_0)
    OUTLINED_FUNCTION_0                      0x00000cb1   Thumb Code     6  rtx_thread.o(.text.OUTLINED_FUNCTION_0)
    [Anonymous Symbol]                       0x00000cb0   Section        0  rtx_thread.o(.text.OUTLINED_FUNCTION_0)
    OUTLINED_FUNCTION_0                      0x00000cb7   Thumb Code    12  rtx_msgqueue.o(.text.OUTLINED_FUNCTION_0)
    [Anonymous Symbol]                       0x00000cb6   Section        0  rtx_msgqueue.o(.text.OUTLINED_FUNCTION_0)
    OUTLINED_FUNCTION_1                      0x00000cc3   Thumb Code     6  rtx_kernel.o(.text.OUTLINED_FUNCTION_1)
    [Anonymous Symbol]                       0x00000cc2   Section        0  rtx_kernel.o(.text.OUTLINED_FUNCTION_1)
    OUTLINED_FUNCTION_1                      0x00000cc9   Thumb Code     6  rtx_msgqueue.o(.text.OUTLINED_FUNCTION_1)
    [Anonymous Symbol]                       0x00000cc8   Section        0  rtx_msgqueue.o(.text.OUTLINED_FUNCTION_1)
    [Anonymous Symbol]                       0x00000cd0   Section        0  main.o(.text.SetupUart)
    [Anonymous Symbol]                       0x00000d6c   Section        0  system_tm4c129.o(.text.SystemInit)
    ThreadFlagsCheck                         0x00000d91   Thumb Code   100  rtx_thread.o(.text.ThreadFlagsCheck)
    [Anonymous Symbol]                       0x00000d90   Section        0  rtx_thread.o(.text.ThreadFlagsCheck)
    [Anonymous Symbol]                       0x00000df4   Section        0  main.o(.text.Thread_FibonacciRecursiveHigh)
    [Anonymous Symbol]                       0x00000ec0   Section        0  main.o(.text.Thread_FibonacciRecursiveLow)
    [Anonymous Symbol]                       0x00000f90   Section        0  main.o(.text.Thread_UARTWrite)
    TimerInsert                              0x00001061   Thumb Code    68  rtx_timer.o(.text.TimerInsert)
    [Anonymous Symbol]                       0x00001060   Section        0  rtx_timer.o(.text.TimerInsert)
    [Anonymous Symbol]                       0x000010a4   Section        0  main.o(.text.UARTIntHandler)
    [Anonymous Symbol]                       0x000011b0   Section        0  main.o(.text.main)
    [Anonymous Symbol]                       0x00001280   Section        0  rtx_kernel.o(.text.osKernelGetTickCount)
    __arm_cp.13_0                            0x000012a0   Number         4  rtx_kernel.o(.text.osKernelGetTickCount)
    __arm_cp.13_1                            0x000012a4   Number         4  rtx_kernel.o(.text.osKernelGetTickCount)
    [Anonymous Symbol]                       0x000012a8   Section        0  rtx_kernel.o(.text.osKernelGetTickFreq)
    __arm_cp.15_0                            0x000012c8   Number         4  rtx_kernel.o(.text.osKernelGetTickFreq)
    __arm_cp.15_1                            0x000012cc   Number         4  rtx_kernel.o(.text.osKernelGetTickFreq)
    [Anonymous Symbol]                       0x000012d0   Section        0  rtx_kernel.o(.text.osKernelInitialize)
    __arm_cp.2_0                             0x000012f8   Number         4  rtx_kernel.o(.text.osKernelInitialize)
    [Anonymous Symbol]                       0x000012fc   Section        0  rtx_kernel.o(.text.osKernelStart)
    __arm_cp.7_0                             0x0000131c   Number         4  rtx_kernel.o(.text.osKernelStart)
    [Anonymous Symbol]                       0x00001320   Section        0  rtx_msgqueue.o(.text.osMessageQueueGet)
    __arm_cp.5_0                             0x0000138c   Number         4  rtx_msgqueue.o(.text.osMessageQueueGet)
    [Anonymous Symbol]                       0x00001390   Section        0  rtx_msgqueue.o(.text.osMessageQueueNew)
    __arm_cp.2_0                             0x000013b0   Number         4  rtx_msgqueue.o(.text.osMessageQueueNew)
    [Anonymous Symbol]                       0x000013b4   Section        0  rtx_msgqueue.o(.text.osMessageQueuePut)
    __arm_cp.4_0                             0x00001430   Number         4  rtx_msgqueue.o(.text.osMessageQueuePut)
    [Anonymous Symbol]                       0x00001434   Section        0  rtx_config.o(.text.osRtxErrorNotify)
    [Anonymous Symbol]                       0x00001464   Section        0  rtx_config.o(.text.osRtxIdleThread)
    [Anonymous Symbol]                       0x0000146c   Section        0  rtx_kernel.o(.text.osRtxKernelErrorNotify)
    [Anonymous Symbol]                       0x00001470   Section        0  rtx_kernel.o(.text.osRtxKernelPreInit)
    [Anonymous Symbol]                       0x00001472   Section        0  rtx_memory.o(.text.osRtxMemoryAlloc)
    [Anonymous Symbol]                       0x000014de   Section        0  rtx_memory.o(.text.osRtxMemoryFree)
    [Anonymous Symbol]                       0x00001520   Section        0  rtx_memory.o(.text.osRtxMemoryInit)
    [Anonymous Symbol]                       0x00001556   Section        0  rtx_mempool.o(.text.osRtxMemoryPoolAlloc)
    [Anonymous Symbol]                       0x00001590   Section        0  rtx_mempool.o(.text.osRtxMemoryPoolFree)
    [Anonymous Symbol]                       0x000015da   Section        0  rtx_mempool.o(.text.osRtxMemoryPoolInit)
    osRtxMessageQueuePostProcess             0x00001613   Thumb Code   170  rtx_msgqueue.o(.text.osRtxMessageQueuePostProcess)
    [Anonymous Symbol]                       0x00001612   Section        0  rtx_msgqueue.o(.text.osRtxMessageQueuePostProcess)
    [Anonymous Symbol]                       0x000016bc   Section        0  rtx_msgqueue.o(.text.osRtxMessageQueueTimerSetup)
    __arm_cp.0_0                             0x000016dc   Number         4  rtx_msgqueue.o(.text.osRtxMessageQueueTimerSetup)
    [Anonymous Symbol]                       0x000016e0   Section        0  rtx_mutex.o(.text.osRtxMutexOwnerRelease)
    [Anonymous Symbol]                       0x00001728   Section        0  rtx_mutex.o(.text.osRtxMutexOwnerRestore)
    [Anonymous Symbol]                       0x00001770   Section        0  rtx_system.o(.text.osRtxPendSV_Handler)
    [Anonymous Symbol]                       0x000017f8   Section        0  rtx_system.o(.text.osRtxPostProcess)
    __arm_cp.2_1                             0x00001864   Number         4  rtx_system.o(.text.osRtxPostProcess)
    osRtxThreadBlock                         0x00001869   Thumb Code    52  rtx_thread.o(.text.osRtxThreadBlock)
    [Anonymous Symbol]                       0x00001868   Section        0  rtx_thread.o(.text.osRtxThreadBlock)
    osRtxThreadDelayInsert                   0x0000189d   Thumb Code   124  rtx_thread.o(.text.osRtxThreadDelayInsert)
    [Anonymous Symbol]                       0x0000189c   Section        0  rtx_thread.o(.text.osRtxThreadDelayInsert)
    osRtxThreadDelayRemove                   0x00001919   Thumb Code    60  rtx_thread.o(.text.osRtxThreadDelayRemove)
    [Anonymous Symbol]                       0x00001918   Section        0  rtx_thread.o(.text.osRtxThreadDelayRemove)
    [Anonymous Symbol]                       0x00001954   Section        0  rtx_thread.o(.text.osRtxThreadDelayTick)
    osRtxThreadDestroy                       0x000019a5   Thumb Code    32  rtx_thread.o(.text.osRtxThreadDestroy)
    [Anonymous Symbol]                       0x000019a4   Section        0  rtx_thread.o(.text.osRtxThreadDestroy)
    [Anonymous Symbol]                       0x000019c4   Section        0  rtx_thread.o(.text.osRtxThreadDispatch)
    osRtxThreadFree                          0x00001a15   Thumb Code    84  rtx_thread.o(.text.osRtxThreadFree)
    [Anonymous Symbol]                       0x00001a14   Section        0  rtx_thread.o(.text.osRtxThreadFree)
    __arm_cp.51_0                            0x00001a68   Number         4  rtx_thread.o(.text.osRtxThreadFree)
    osRtxThreadJoinWakeup                    0x00001a6d   Thumb Code    30  rtx_thread.o(.text.osRtxThreadJoinWakeup)
    [Anonymous Symbol]                       0x00001a6c   Section        0  rtx_thread.o(.text.osRtxThreadJoinWakeup)
    [Anonymous Symbol]                       0x00001a8a   Section        0  rtx_thread.o(.text.osRtxThreadListGet)
    [Anonymous Symbol]                       0x00001a9c   Section        0  rtx_thread.o(.text.osRtxThreadListPut)
    [Anonymous Symbol]                       0x00001ac8   Section        0  rtx_thread.o(.text.osRtxThreadListRemove)
    [Anonymous Symbol]                       0x00001adc   Section        0  rtx_thread.o(.text.osRtxThreadListSort)
    osRtxThreadPostProcess                   0x00001b03   Thumb Code    40  rtx_thread.o(.text.osRtxThreadPostProcess)
    [Anonymous Symbol]                       0x00001b02   Section        0  rtx_thread.o(.text.osRtxThreadPostProcess)
    [Anonymous Symbol]                       0x00001b2c   Section        0  rtx_thread.o(.text.osRtxThreadReadyPut)
    __arm_cp.4_0                             0x00001b3c   Number         4  rtx_thread.o(.text.osRtxThreadReadyPut)
    [Anonymous Symbol]                       0x00001b40   Section        0  rtx_thread.o(.text.osRtxThreadRegPtr)
    [Anonymous Symbol]                       0x00001b54   Section        0  rtx_thread.o(.text.osRtxThreadStartup)
    __arm_cp.14_1                            0x00001b84   Number         4  rtx_thread.o(.text.osRtxThreadStartup)
    [Anonymous Symbol]                       0x00001b88   Section        0  rtx_thread.o(.text.osRtxThreadSwitch)
    [Anonymous Symbol]                       0x00001b94   Section        0  rtx_thread.o(.text.osRtxThreadWaitEnter)
    __arm_cp.12_0                            0x00001bcc   Number         4  rtx_thread.o(.text.osRtxThreadWaitEnter)
    [Anonymous Symbol]                       0x00001bd0   Section        0  rtx_thread.o(.text.osRtxThreadWaitExit)
    [Anonymous Symbol]                       0x00001c00   Section        0  rtx_system.o(.text.osRtxTick_Handler)
    __arm_cp.0_0                             0x00001c74   Number         4  rtx_system.o(.text.osRtxTick_Handler)
    [Anonymous Symbol]                       0x00001c78   Section        0  rtx_timer.o(.text.osRtxTimerSetup)
    __arm_cp.0_0                             0x00001c90   Number         4  rtx_timer.o(.text.osRtxTimerSetup)
    __arm_cp.0_1                             0x00001c94   Number         4  rtx_timer.o(.text.osRtxTimerSetup)
    [Anonymous Symbol]                       0x00001c98   Section        0  rtx_timer.o(.text.osRtxTimerThread)
    osRtxTimerTick                           0x00001cb9   Thumb Code   108  rtx_timer.o(.text.osRtxTimerTick)
    [Anonymous Symbol]                       0x00001cb8   Section        0  rtx_timer.o(.text.osRtxTimerTick)
    __arm_cp.1_0                             0x00001d24   Number         4  rtx_timer.o(.text.osRtxTimerTick)
    [Anonymous Symbol]                       0x00001d28   Section        0  rtx_thread.o(.text.osThreadExit)
    __arm_cp.30_0                            0x00001d30   Number         4  rtx_thread.o(.text.osThreadExit)
    [Anonymous Symbol]                       0x00001d34   Section        0  rtx_thread.o(.text.osThreadNew)
    __arm_cp.16_0                            0x00001d54   Number         4  rtx_thread.o(.text.osThreadNew)
    [Anonymous Symbol]                       0x00001d58   Section        0  rtx_thread.o(.text.osThreadSetPriority)
    __arm_cp.23_0                            0x00001d78   Number         4  rtx_thread.o(.text.osThreadSetPriority)
    svcRtxKernelGetTickCount                 0x00001d7d   Thumb Code     8  rtx_kernel.o(.text.svcRtxKernelGetTickCount)
    [Anonymous Symbol]                       0x00001d7c   Section        0  rtx_kernel.o(.text.svcRtxKernelGetTickCount)
    __arm_cp.14_0                            0x00001d84   Number         4  rtx_kernel.o(.text.svcRtxKernelGetTickCount)
    svcRtxKernelGetTickFreq                  0x00001d89   Thumb Code     8  rtx_kernel.o(.text.svcRtxKernelGetTickFreq)
    [Anonymous Symbol]                       0x00001d88   Section        0  rtx_kernel.o(.text.svcRtxKernelGetTickFreq)
    svcRtxKernelInitialize                   0x00001d91   Thumb Code   244  rtx_kernel.o(.text.svcRtxKernelInitialize)
    [Anonymous Symbol]                       0x00001d90   Section        0  rtx_kernel.o(.text.svcRtxKernelInitialize)
    __arm_cp.21_2                            0x00001e84   Number         4  rtx_kernel.o(.text.svcRtxKernelInitialize)
    svcRtxKernelStart                        0x00001e89   Thumb Code   124  rtx_kernel.o(.text.svcRtxKernelStart)
    [Anonymous Symbol]                       0x00001e88   Section        0  rtx_kernel.o(.text.svcRtxKernelStart)
    __arm_cp.22_0                            0x00001f04   Number         4  rtx_kernel.o(.text.svcRtxKernelStart)
    __arm_cp.22_1                            0x00001f08   Number         4  rtx_kernel.o(.text.svcRtxKernelStart)
    __arm_cp.22_2                            0x00001f0c   Number         4  rtx_kernel.o(.text.svcRtxKernelStart)
    __arm_cp.22_3                            0x00001f10   Number         4  rtx_kernel.o(.text.svcRtxKernelStart)
    svcRtxMessageQueueGet                    0x00001f15   Thumb Code   200  rtx_msgqueue.o(.text.svcRtxMessageQueueGet)
    [Anonymous Symbol]                       0x00001f14   Section        0  rtx_msgqueue.o(.text.svcRtxMessageQueueGet)
    __arm_cp.22_0                            0x00001fdc   Number         4  rtx_msgqueue.o(.text.svcRtxMessageQueueGet)
    svcRtxMessageQueueNew                    0x00001fe1   Thumb Code   272  rtx_msgqueue.o(.text.svcRtxMessageQueueNew)
    [Anonymous Symbol]                       0x00001fe0   Section        0  rtx_msgqueue.o(.text.svcRtxMessageQueueNew)
    __arm_cp.1_0                             0x000020f0   Number         4  rtx_msgqueue.o(.text.svcRtxMessageQueueNew)
    __arm_cp.1_1                             0x000020f4   Number         4  rtx_msgqueue.o(.text.svcRtxMessageQueueNew)
    svcRtxMessageQueuePut                    0x000020f9   Thumb Code   168  rtx_msgqueue.o(.text.svcRtxMessageQueuePut)
    [Anonymous Symbol]                       0x000020f8   Section        0  rtx_msgqueue.o(.text.svcRtxMessageQueuePut)
    svcRtxThreadExit                         0x000021a1   Thumb Code    72  rtx_thread.o(.text.svcRtxThreadExit)
    [Anonymous Symbol]                       0x000021a0   Section        0  rtx_thread.o(.text.svcRtxThreadExit)
    __arm_cp.53_0                            0x000021e8   Number         4  rtx_thread.o(.text.svcRtxThreadExit)
    svcRtxThreadNew                          0x000021ed   Thumb Code   472  rtx_thread.o(.text.svcRtxThreadNew)
    [Anonymous Symbol]                       0x000021ec   Section        0  rtx_thread.o(.text.svcRtxThreadNew)
    __arm_cp.15_0                            0x000023c4   Number         4  rtx_thread.o(.text.svcRtxThreadNew)
    __arm_cp.15_1                            0x000023c8   Number         4  rtx_thread.o(.text.svcRtxThreadNew)
    __arm_cp.15_2                            0x000023cc   Number         4  rtx_thread.o(.text.svcRtxThreadNew)
    __arm_cp.15_3                            0x000023d0   Number         4  rtx_thread.o(.text.svcRtxThreadNew)
    __arm_cp.15_4                            0x000023d4   Number         4  rtx_thread.o(.text.svcRtxThreadNew)
    svcRtxThreadSetPriority                  0x000023d9   Thumb Code    72  rtx_thread.o(.text.svcRtxThreadSetPriority)
    [Anonymous Symbol]                       0x000023d8   Section        0  rtx_thread.o(.text.svcRtxThreadSetPriority)
    i.GPIODirModeSet                         0x00002420   Section        0  gpio.o(i.GPIODirModeSet)
    i.GPIOPadConfigSet                       0x00002448   Section        0  gpio.o(i.GPIOPadConfigSet)
    i.GPIOPinConfigure                       0x000025b8   Section        0  gpio.o(i.GPIOPinConfigure)
    i.GPIOPinTypeUART                        0x000025fc   Section        0  gpio.o(i.GPIOPinTypeUART)
    i.IntEnable                              0x00002618   Section        0  interrupt.o(i.IntEnable)
    i.IntRegister                            0x0000267c   Section        0  interrupt.o(i.IntRegister)
    i.SysCtlClockFreqSet                     0x000026b0   Section        0  sysctl.o(i.SysCtlClockFreqSet)
    i.SysCtlPeripheralEnable                 0x00002994   Section        0  sysctl.o(i.SysCtlPeripheralEnable)
    i.SysCtlPeripheralReady                  0x000029bc   Section        0  sysctl.o(i.SysCtlPeripheralReady)
    i.UARTCharGet                            0x000029e8   Section        0  uart.o(i.UARTCharGet)
    i.UARTCharPut                            0x000029f4   Section        0  uart.o(i.UARTCharPut)
    i.UARTCharsAvail                         0x00002a00   Section        0  uart.o(i.UARTCharsAvail)
    i.UARTConfigSetExpClk                    0x00002a0a   Section        0  uart.o(i.UARTConfigSetExpClk)
    i.UARTFIFODisable                        0x00002a78   Section        0  uart.o(i.UARTFIFODisable)
    i.UARTIntClear                           0x00002a82   Section        0  uart.o(i.UARTIntClear)
    i.UARTIntEnable                          0x00002a86   Section        0  uart.o(i.UARTIntEnable)
    i.UARTIntRegister                        0x00002a90   Section        0  uart.o(i.UARTIntRegister)
    i.UARTIntStatus                          0x00002ae8   Section        0  uart.o(i.UARTIntStatus)
    i.__0snprintf                            0x00002af4   Section        0  printfa.o(i.__0snprintf)
    i.__aeabi_errno_addr                     0x00002b28   Section        0  errno.o(i.__aeabi_errno_addr)
    i.__scatterload_copy                     0x00002b30   Section       14  handlers.o(i.__scatterload_copy)
    i.__scatterload_null                     0x00002b3e   Section        2  handlers.o(i.__scatterload_null)
    i.__scatterload_zeroinit                 0x00002b40   Section       14  handlers.o(i.__scatterload_zeroinit)
    _fp_digits                               0x00002b51   Thumb Code   366  printfa.o(i._fp_digits)
    i._fp_digits                             0x00002b50   Section        0  printfa.o(i._fp_digits)
    _printf_core                             0x00002cd5   Thumb Code  1744  printfa.o(i._printf_core)
    i._printf_core                           0x00002cd4   Section        0  printfa.o(i._printf_core)
    _printf_post_padding                     0x000033b1   Thumb Code    36  printfa.o(i._printf_post_padding)
    i._printf_post_padding                   0x000033b0   Section        0  printfa.o(i._printf_post_padding)
    _printf_pre_padding                      0x000033d5   Thumb Code    46  printfa.o(i._printf_pre_padding)
    i._printf_pre_padding                    0x000033d4   Section        0  printfa.o(i._printf_pre_padding)
    _snputc                                  0x00003403   Thumb Code    22  printfa.o(i._snputc)
    i._snputc                                0x00003402   Section        0  printfa.o(i._snputc)
    g_ppui32GPIOIntMapBlizzard               0x00003418   Data         192  gpio.o(.constdata)
    .constdata                               0x00003418   Section      552  gpio.o(.constdata)
    g_ppui32GPIOIntMapSnowflake              0x000034d8   Data         216  gpio.o(.constdata)
    g_pui32GPIOBaseAddrs                     0x000035b0   Data         144  gpio.o(.constdata)
    g_pui32VCOFrequencies                    0x00003640   Data           8  sysctl.o(.constdata)
    .constdata                               0x00003640   Section      596  sysctl.o(.constdata)
    g_pui32Xtals                             0x00003648   Data         108  sysctl.o(.constdata)
    g_pppui32XTALtoVCO                       0x000036b4   Data         432  sysctl.o(.constdata)
    g_sXTALtoMEMTIM                          0x00003864   Data          48  sysctl.o(.constdata)
    g_ppui32UARTIntMap                       0x00003894   Data          64  uart.o(.constdata)
    .constdata                               0x00003894   Section      128  uart.o(.constdata)
    g_ppui32UARTIntMapSnowflake              0x000038d4   Data          64  uart.o(.constdata)
    g_pui32Priority                          0x00003914   Data          32  interrupt.o(.constdata)
    .constdata                               0x00003914   Section      268  interrupt.o(.constdata)
    g_pui32Regs                              0x00003934   Data         156  interrupt.o(.constdata)
    g_pui32EnRegs                            0x000039d0   Data          20  interrupt.o(.constdata)
    g_pui32Dii16Regs                         0x000039e4   Data          20  interrupt.o(.constdata)
    g_pui32PendRegs                          0x000039f8   Data          20  interrupt.o(.constdata)
    g_pui32UnpendRegs                        0x00003a0c   Data          20  interrupt.o(.constdata)
    .constdata                               0x00003a20   Section      129  ctype_o.o(.constdata)
    table                                    0x00003aa4   Data           4  ctype_o.o(.constdata)
    .constdata                               0x00003aa4   Section        4  ctype_o.o(.constdata)
    __tagsym$$used.0                         0x00003aa8   Number         0  rtx_lib.o(.rodata)
    __tagsym$$used.1                         0x00003b18   Number         0  rtx_lib.o(.rodata)
    os_idle_thread_attr                      0x00003b54   Data          36  rtx_lib.o(.rodata.os_idle_thread_attr)
    [Anonymous Symbol]                       0x00003b54   Section        0  rtx_lib.o(.rodata.os_idle_thread_attr)
    os_timer_mq_attr                         0x00003b78   Data          24  rtx_lib.o(.rodata.os_timer_mq_attr)
    [Anonymous Symbol]                       0x00003b78   Section        0  rtx_lib.o(.rodata.os_timer_mq_attr)
    os_timer_thread_attr                     0x00003b90   Data          36  rtx_lib.o(.rodata.os_timer_thread_attr)
    [Anonymous Symbol]                       0x00003b90   Section        0  rtx_lib.o(.rodata.os_timer_thread_attr)
    .L.str.2                                 0x00003bb4   Data          34  main.o(.rodata.str1.1)
    [Anonymous Symbol]                       0x00003bb4   Section        0  main.o(.rodata.str1.1)
    .L.str                                   0x00003bd6   Data          15  main.o(.rodata.str1.1)
    .L.str.1                                 0x00003be5   Data          14  main.o(.rodata.str1.1)
    [Anonymous Symbol]                       0x00003bf4   Section        0  rtx_kernel.o(.rodata.str1.4)
    _errno                                   0x20000000   Data           4  errno.o(.data)
    .data                                    0x20000000   Section        4  errno.o(.data)
    g_pfnRAMVectors                          0x20000400   Data         620  interrupt.o(vtable)
    vtable                                   0x20000400   Section      620  interrupt.o(vtable)
    os_isr_queue                             0x200006e0   Data          64  rtx_lib.o(.bss.os)
    [Anonymous Symbol]                       0x200006e0   Section        0  rtx_lib.o(.bss.os)
    os_mem                                   0x20000720   Data       32768  rtx_lib.o(.bss.os)
    PendST                                   0x20008720   Data           1  os_systick.o(.bss.os)
    [Anonymous Symbol]                       0x20008720   Section        0  os_systick.o(.bss.os)
    os_timer_mq_cb                           0x20008724   Data          52  rtx_lib.o(.bss.os.msgqueue.cb)
    [Anonymous Symbol]                       0x20008724   Section        0  rtx_lib.o(.bss.os.msgqueue.cb)
    os_timer_mq_data                         0x20008758   Data          80  rtx_lib.o(.bss.os.msgqueue.mem)
    [Anonymous Symbol]                       0x20008758   Section        0  rtx_lib.o(.bss.os.msgqueue.mem)
    os_idle_thread_cb                        0x200087a8   Data          68  rtx_lib.o(.bss.os.thread.cb)
    [Anonymous Symbol]                       0x200087a8   Section        0  rtx_lib.o(.bss.os.thread.cb)
    os_timer_thread_cb                       0x200087ec   Data          68  rtx_lib.o(.bss.os.thread.cb)
    os_idle_thread_stack                     0x20008830   Data         512  rtx_lib.o(.bss.os.thread.idle.stack)
    [Anonymous Symbol]                       0x20008830   Section        0  rtx_lib.o(.bss.os.thread.idle.stack)
    os_timer_thread_stack                    0x20008a30   Data         512  rtx_lib.o(.bss.os.thread.timer.stack)
    [Anonymous Symbol]                       0x20008a30   Section        0  rtx_lib.o(.bss.os.thread.timer.stack)
    STACK                                    0x20008c40   Section      512  startup_tm4c129.o(STACK)
    FPCCR                                    0xe000ef34   Number         0  irq_armv7m.o ABSOLUTE

    Global Symbols

    Symbol Name                              Value     Ov Type        Size  Object(Section)

    BuildAttributes$$THM_ISAv4$E$P$D$K$B$S$7EM$VFPi3$EXTD16$VFPS$VFMA$PE$A:L22UL41UL21$X:L11$S22US41US21$IEEE1$IW$~IW$USESV6$~STKCKD$USESV7$~SHL$OTIME$ROPI$EBA8$MICROLIB$REQ8$PRES8$EABIv2 0x00000000   Number         0  anon$$obj.o ABSOLUTE
    __Vectors                                0x00000000   Data           4  startup_tm4c129.o(RESET)
    .bss.os.evflags.cb$$Base                  - Undefined Weak Reference
    .bss.os.evflags.cb$$Limit                 - Undefined Weak Reference
    .bss.os.mempool.cb$$Base                  - Undefined Weak Reference
    .bss.os.mempool.cb$$Limit                 - Undefined Weak Reference
    .bss.os.mutex.cb$$Base                    - Undefined Weak Reference
    .bss.os.mutex.cb$$Limit                   - Undefined Weak Reference
    .bss.os.semaphore.cb$$Base                - Undefined Weak Reference
    .bss.os.semaphore.cb$$Limit               - Undefined Weak Reference
    .bss.os.timer.cb$$Base                    - Undefined Weak Reference
    .bss.os.timer.cb$$Limit                   - Undefined Weak Reference
    __cpp_initialize__aeabi_                  - Undefined Weak Reference
    __cxa_finalize                            - Undefined Weak Reference
    _clock_init                               - Undefined Weak Reference
    _microlib_exit                            - Undefined Weak Reference
    __Vectors_End                            0x00000200   Data           0  startup_tm4c129.o(RESET)
    __Vectors_Size                           0x00000200   Number         0  startup_tm4c129.o ABSOLUTE
    __main                                   0x00000201   Thumb Code     0  entry.o(.ARM.Collect$$$$00000000)
    _main_stk                                0x00000201   Thumb Code     0  entry2.o(.ARM.Collect$$$$00000001)
    _main_scatterload                        0x00000205   Thumb Code     0  entry5.o(.ARM.Collect$$$$00000004)
    __main_after_scatterload                 0x00000209   Thumb Code     0  entry5.o(.ARM.Collect$$$$00000004)
    _main_clock                              0x00000209   Thumb Code     0  entry7b.o(.ARM.Collect$$$$00000008)
    _main_cpp_init                           0x00000209   Thumb Code     0  entry8b.o(.ARM.Collect$$$$0000000A)
    _main_init                               0x00000209   Thumb Code     0  entry9a.o(.ARM.Collect$$$$0000000B)
    __rt_final_cpp                           0x00000211   Thumb Code     0  entry10a.o(.ARM.Collect$$$$0000000D)
    __rt_final_exit                          0x00000211   Thumb Code     0  entry11a.o(.ARM.Collect$$$$0000000F)
    Reset_Handler                            0x00000215   Thumb Code     8  startup_tm4c129.o(.text)
    NMI_Handler                              0x0000021d   Thumb Code     2  startup_tm4c129.o(.text)
    HardFault_Handler                        0x0000021f   Thumb Code     2  startup_tm4c129.o(.text)
    MemManage_Handler                        0x00000221   Thumb Code     2  startup_tm4c129.o(.text)
    BusFault_Handler                         0x00000223   Thumb Code     2  startup_tm4c129.o(.text)
    UsageFault_Handler                       0x00000225   Thumb Code     2  startup_tm4c129.o(.text)
    DebugMon_Handler                         0x00000229   Thumb Code     2  startup_tm4c129.o(.text)
    GPIOA_Handler                            0x0000022f   Thumb Code     2  startup_tm4c129.o(.text)
    GPIOB_Handler                            0x00000231   Thumb Code     2  startup_tm4c129.o(.text)
    GPIOC_Handler                            0x00000233   Thumb Code     2  startup_tm4c129.o(.text)
    GPIOD_Handler                            0x00000235   Thumb Code     2  startup_tm4c129.o(.text)
    GPIOE_Handler                            0x00000237   Thumb Code     2  startup_tm4c129.o(.text)
    UART0_Handler                            0x00000239   Thumb Code     2  startup_tm4c129.o(.text)
    UART1_Handler                            0x0000023b   Thumb Code     2  startup_tm4c129.o(.text)
    SSI0_Handler                             0x0000023d   Thumb Code     2  startup_tm4c129.o(.text)
    I2C0_Handler                             0x0000023f   Thumb Code     2  startup_tm4c129.o(.text)
    PMW0_FAULT_Handler                       0x00000241   Thumb Code     2  startup_tm4c129.o(.text)
    PWM0_0_Handler                           0x00000243   Thumb Code     2  startup_tm4c129.o(.text)
    PWM0_1_Handler                           0x00000245   Thumb Code     2  startup_tm4c129.o(.text)
    PWM0_2_Handler                           0x00000247   Thumb Code     2  startup_tm4c129.o(.text)
    QEI0_Handler                             0x00000249   Thumb Code     2  startup_tm4c129.o(.text)
    ADC0SS0_Handler                          0x0000024b   Thumb Code     2  startup_tm4c129.o(.text)
    ADC0SS1_Handler                          0x0000024d   Thumb Code     2  startup_tm4c129.o(.text)
    ADC0SS2_Handler                          0x0000024f   Thumb Code     2  startup_tm4c129.o(.text)
    ADC0SS3_Handler                          0x00000251   Thumb Code     2  startup_tm4c129.o(.text)
    WDT0_Handler                             0x00000253   Thumb Code     2  startup_tm4c129.o(.text)
    TIMER0A_Handler                          0x00000255   Thumb Code     2  startup_tm4c129.o(.text)
    TIMER0B_Handler                          0x00000257   Thumb Code     2  startup_tm4c129.o(.text)
    TIMER1A_Handler                          0x00000259   Thumb Code     2  startup_tm4c129.o(.text)
    TIMER1B_Handler                          0x0000025b   Thumb Code     2  startup_tm4c129.o(.text)
    TIMER2A_Handler                          0x0000025d   Thumb Code     2  startup_tm4c129.o(.text)
    TIMER2B_Handler                          0x0000025f   Thumb Code     2  startup_tm4c129.o(.text)
    COMP0_Handler                            0x00000261   Thumb Code     2  startup_tm4c129.o(.text)
    COMP1_Handler                            0x00000263   Thumb Code     2  startup_tm4c129.o(.text)
    COMP2_Handler                            0x00000265   Thumb Code     2  startup_tm4c129.o(.text)
    SYSCTL_Handler                           0x00000267   Thumb Code     2  startup_tm4c129.o(.text)
    FLASH_Handler                            0x00000269   Thumb Code     2  startup_tm4c129.o(.text)
    GPIOF_Handler                            0x0000026b   Thumb Code     2  startup_tm4c129.o(.text)
    GPIOG_Handler                            0x0000026d   Thumb Code     2  startup_tm4c129.o(.text)
    GPIOH_Handler                            0x0000026f   Thumb Code     2  startup_tm4c129.o(.text)
    UART2_Handler                            0x00000271   Thumb Code     2  startup_tm4c129.o(.text)
    SSI1_Handler                             0x00000273   Thumb Code     2  startup_tm4c129.o(.text)
    TIMER3A_Handler                          0x00000275   Thumb Code     2  startup_tm4c129.o(.text)
    TIMER3B_Handler                          0x00000277   Thumb Code     2  startup_tm4c129.o(.text)
    I2C1_Handler                             0x00000279   Thumb Code     2  startup_tm4c129.o(.text)
    CAN0_Handler                             0x0000027b   Thumb Code     2  startup_tm4c129.o(.text)
    CAN1_Handler                             0x0000027d   Thumb Code     2  startup_tm4c129.o(.text)
    ETH_Handler                              0x0000027f   Thumb Code     2  startup_tm4c129.o(.text)
    HIB_Handler                              0x00000281   Thumb Code     2  startup_tm4c129.o(.text)
    USB0_Handler                             0x00000283   Thumb Code     2  startup_tm4c129.o(.text)
    PWM0_3_Handler                           0x00000285   Thumb Code     2  startup_tm4c129.o(.text)
    UDMA_Handler                             0x00000287   Thumb Code     2  startup_tm4c129.o(.text)
    UDMAERR_Handler                          0x00000289   Thumb Code     2  startup_tm4c129.o(.text)
    ADC1SS0_Handler                          0x0000028b   Thumb Code     2  startup_tm4c129.o(.text)
    ADC1SS1_Handler                          0x0000028d   Thumb Code     2  startup_tm4c129.o(.text)
    ADC1SS2_Handler                          0x0000028f   Thumb Code     2  startup_tm4c129.o(.text)
    ADC1SS3_Handler                          0x00000291   Thumb Code     2  startup_tm4c129.o(.text)
    EBI0_Handler                             0x00000293   Thumb Code     2  startup_tm4c129.o(.text)
    GPIOJ_Handler                            0x00000295   Thumb Code     2  startup_tm4c129.o(.text)
    GPIOK_Handler                            0x00000297   Thumb Code     2  startup_tm4c129.o(.text)
    GPIOL_Handler                            0x00000299   Thumb Code     2  startup_tm4c129.o(.text)
    SSI2_Handler                             0x0000029b   Thumb Code     2  startup_tm4c129.o(.text)
    SSI3_Handler                             0x0000029d   Thumb Code     2  startup_tm4c129.o(.text)
    UART3_Handler                            0x0000029f   Thumb Code     2  startup_tm4c129.o(.text)
    UART4_Handler                            0x000002a1   Thumb Code     2  startup_tm4c129.o(.text)
    UART5_Handler                            0x000002a3   Thumb Code     2  startup_tm4c129.o(.text)
    UART6_Handler                            0x000002a5   Thumb Code     2  startup_tm4c129.o(.text)
    UART7_Handler                            0x000002a7   Thumb Code     2  startup_tm4c129.o(.text)
    I2C2_Handler                             0x000002a9   Thumb Code     2  startup_tm4c129.o(.text)
    I2C3_Handler                             0x000002ab   Thumb Code     2  startup_tm4c129.o(.text)
    TIMER4A_Handler                          0x000002ad   Thumb Code     2  startup_tm4c129.o(.text)
    TIMER4B_Handler                          0x000002af   Thumb Code     2  startup_tm4c129.o(.text)
    TIMER5A_Handler                          0x000002b1   Thumb Code     2  startup_tm4c129.o(.text)
    TIMER5B_Handler                          0x000002b3   Thumb Code     2  startup_tm4c129.o(.text)
    WTIMER0A_Handler                         0x000002b5   Thumb Code     2  startup_tm4c129.o(.text)
    WTIMER0B_Handler                         0x000002b7   Thumb Code     2  startup_tm4c129.o(.text)
    WTIMER1A_Handler                         0x000002b9   Thumb Code     2  startup_tm4c129.o(.text)
    WTIMER1B_Handler                         0x000002bb   Thumb Code     2  startup_tm4c129.o(.text)
    WTIMER2A_Handler                         0x000002bd   Thumb Code     2  startup_tm4c129.o(.text)
    WTIMER2B_Handler                         0x000002bf   Thumb Code     2  startup_tm4c129.o(.text)
    WTIMER3A_Handler                         0x000002c1   Thumb Code     2  startup_tm4c129.o(.text)
    WTIMER3B_Handler                         0x000002c3   Thumb Code     2  startup_tm4c129.o(.text)
    WTIMER4A_Handler                         0x000002c5   Thumb Code     2  startup_tm4c129.o(.text)
    WTIMER4B_Handler                         0x000002c7   Thumb Code     2  startup_tm4c129.o(.text)
    WTIMER5A_Handler                         0x000002c9   Thumb Code     2  startup_tm4c129.o(.text)
    WTIMER5B_Handler                         0x000002cb   Thumb Code     2  startup_tm4c129.o(.text)
    FPU_Handler                              0x000002cd   Thumb Code     2  startup_tm4c129.o(.text)
    I2C4_Handler                             0x000002cf   Thumb Code     2  startup_tm4c129.o(.text)
    I2C5_Handler                             0x000002d1   Thumb Code     2  startup_tm4c129.o(.text)
    GPIOM_Handler                            0x000002d3   Thumb Code     2  startup_tm4c129.o(.text)
    GPION_Handler                            0x000002d5   Thumb Code     2  startup_tm4c129.o(.text)
    TAMPER_Handler                           0x000002d7   Thumb Code     2  startup_tm4c129.o(.text)
    GPIOP0_Handler                           0x000002d9   Thumb Code     2  startup_tm4c129.o(.text)
    GPIOP1_Handler                           0x000002db   Thumb Code     2  startup_tm4c129.o(.text)
    GPIOP2_Handler                           0x000002dd   Thumb Code     2  startup_tm4c129.o(.text)
    GPIOP3_Handler                           0x000002df   Thumb Code     2  startup_tm4c129.o(.text)
    GPIOP4_Handler                           0x000002e1   Thumb Code     2  startup_tm4c129.o(.text)
    GPIOP5_Handler                           0x000002e3   Thumb Code     2  startup_tm4c129.o(.text)
    GPIOP6_Handler                           0x000002e5   Thumb Code     2  startup_tm4c129.o(.text)
    GPIOP7_Handler                           0x000002e7   Thumb Code     2  startup_tm4c129.o(.text)
    GPIOQ0_Handler                           0x000002e9   Thumb Code     2  startup_tm4c129.o(.text)
    GPIOQ1_Handler                           0x000002eb   Thumb Code     2  startup_tm4c129.o(.text)
    GPIOQ2_Handler                           0x000002ed   Thumb Code     2  startup_tm4c129.o(.text)
    GPIOQ3_Handler                           0x000002ef   Thumb Code     2  startup_tm4c129.o(.text)
    GPIOQ4_Handler                           0x000002f1   Thumb Code     2  startup_tm4c129.o(.text)
    GPIOQ5_Handler                           0x000002f3   Thumb Code     2  startup_tm4c129.o(.text)
    GPIOQ6_Handler                           0x000002f5   Thumb Code     2  startup_tm4c129.o(.text)
    GPIOQ7_Handler                           0x000002f7   Thumb Code     2  startup_tm4c129.o(.text)
    GPIOR_Handler                            0x000002f9   Thumb Code     2  startup_tm4c129.o(.text)
    GPIOS_Handler                            0x000002fb   Thumb Code     2  startup_tm4c129.o(.text)
    SHAMD5_Handler                           0x000002fd   Thumb Code     2  startup_tm4c129.o(.text)
    AES_Handler                              0x000002ff   Thumb Code     2  startup_tm4c129.o(.text)
    DES3DES_Handler                          0x00000301   Thumb Code     2  startup_tm4c129.o(.text)
    LCDCONTROLLER_Handler                    0x00000303   Thumb Code     2  startup_tm4c129.o(.text)
    TIMER6A_Handler                          0x00000305   Thumb Code     2  startup_tm4c129.o(.text)
    TIMER6B_Handler                          0x00000307   Thumb Code     2  startup_tm4c129.o(.text)
    TIMER7A_Handler                          0x00000309   Thumb Code     2  startup_tm4c129.o(.text)
    TIMER7B_Handler                          0x0000030b   Thumb Code     2  startup_tm4c129.o(.text)
    I2C6_Handler                             0x0000030d   Thumb Code     2  startup_tm4c129.o(.text)
    I2C7_Handler                             0x0000030f   Thumb Code     2  startup_tm4c129.o(.text)
    HIMSCANKEYBOARD_Handler                  0x00000311   Thumb Code     2  startup_tm4c129.o(.text)
    ONEWIRE_Handler                          0x00000313   Thumb Code     2  startup_tm4c129.o(.text)
    HIMPS2_Handler                           0x00000315   Thumb Code     2  startup_tm4c129.o(.text)
    HIMLEDSEQUENCER_Handler                  0x00000317   Thumb Code     2  startup_tm4c129.o(.text)
    HIMCONSUMERIR_Handler                    0x00000319   Thumb Code     2  startup_tm4c129.o(.text)
    I2C8_Handler                             0x0000031b   Thumb Code     2  startup_tm4c129.o(.text)
    I2C9_Handler                             0x0000031d   Thumb Code     2  startup_tm4c129.o(.text)
    GPIOT_Handler                            0x0000031f   Thumb Code     2  startup_tm4c129.o(.text)
    SVC_Handler                              0x00000329   Thumb Code   154  irq_armv7m.o(.text)
    PendSV_Handler                           0x000003c3   Thumb Code    16  irq_armv7m.o(.text)
    SysTick_Handler                          0x000003d3   Thumb Code    16  irq_armv7m.o(.text)
    __aeabi_memcpy                           0x000003f1   Thumb Code    36  memcpya.o(.text)
    __aeabi_memcpy4                          0x000003f1   Thumb Code     0  memcpya.o(.text)
    __aeabi_memcpy8                          0x000003f1   Thumb Code     0  memcpya.o(.text)
    __aeabi_memset                           0x00000415   Thumb Code    14  memseta.o(.text)
    __aeabi_memset4                          0x00000415   Thumb Code     0  memseta.o(.text)
    __aeabi_memset8                          0x00000415   Thumb Code     0  memseta.o(.text)
    __aeabi_memclr                           0x00000423   Thumb Code     4  memseta.o(.text)
    __aeabi_memclr4                          0x00000423   Thumb Code     0  memseta.o(.text)
    __aeabi_memclr8                          0x00000423   Thumb Code     0  memseta.o(.text)
    _memset$wrapper                          0x00000427   Thumb Code    18  memseta.o(.text)
    strtoul                                  0x00000439   Thumb Code   114  strtoul.o(.text)
    __aeabi_dmul                             0x000004ab   Thumb Code   228  dmul.o(.text)
    __aeabi_ddiv                             0x0000058f   Thumb Code   222  ddiv.o(.text)
    __aeabi_dcmpge                           0x0000066d   Thumb Code    54  dcmpge.o(.text)
    __aeabi_ui2d                             0x000006a3   Thumb Code    26  dfltui.o(.text)
    __aeabi_uidiv                            0x000006bd   Thumb Code     0  uidiv.o(.text)
    __aeabi_uidivmod                         0x000006bd   Thumb Code    44  uidiv.o(.text)
    __aeabi_uldivmod                         0x000006e9   Thumb Code    98  uldiv.o(.text)
    __rt_ctype_table                         0x0000074d   Thumb Code     4  ctype_o.o(.text)
    _strtoul                                 0x00000755   Thumb Code   158  _strtoul.o(.text)
    __I$use$fp                               0x000007f3   Thumb Code     0  iusefp.o(.text)
    _double_round                            0x000007f3   Thumb Code    30  depilogue.o(.text)
    _double_epilogue                         0x00000811   Thumb Code   156  depilogue.o(.text)
    __aeabi_dadd                             0x000008ad   Thumb Code   322  dadd.o(.text)
    __aeabi_dsub                             0x000009ef   Thumb Code     6  dadd.o(.text)
    __aeabi_drsub                            0x000009f5   Thumb Code     6  dadd.o(.text)
    __aeabi_d2ulz                            0x000009fb   Thumb Code    48  dfixul.o(.text)
    __aeabi_cdrcmple                         0x00000a2d   Thumb Code    48  cdrcmple.o(.text)
    __scatterload                            0x00000a5d   Thumb Code    38  init.o(.text)
    __scatterload_rt2                        0x00000a5d   Thumb Code     0  init.o(.text)
    __aeabi_llsl                             0x00000a8d   Thumb Code    30  llshl.o(.text)
    _ll_shift_l                              0x00000a8d   Thumb Code     0  llshl.o(.text)
    __aeabi_llsr                             0x00000aab   Thumb Code    32  llushr.o(.text)
    _ll_ushift_r                             0x00000aab   Thumb Code     0  llushr.o(.text)
    __aeabi_lasr                             0x00000acb   Thumb Code    36  llsshr.o(.text)
    _ll_sshift_r                             0x00000acb   Thumb Code     0  llsshr.o(.text)
    _chval                                   0x00000aef   Thumb Code    28  _chval.o(.text)
    __decompress                             0x00000b0b   Thumb Code     0  __dczerorl.o(.text)
    __decompress0                            0x00000b0b   Thumb Code    58  __dczerorl.o(.text)
    FibonacciRecursive                       0x00000b45   Thumb Code    54  main.o(.text.FibonacciRecursive)
    OS_Tick_AcknowledgeIRQ                   0x00000c31   Thumb Code     8  os_systick.o(.text.OS_Tick_AcknowledgeIRQ)
    OS_Tick_Enable                           0x00000c39   Thumb Code    32  os_systick.o(.text.OS_Tick_Enable)
    OS_Tick_GetIRQn                          0x00000c5d   Thumb Code     6  os_systick.o(.text.OS_Tick_GetIRQn)
    OS_Tick_Setup                            0x00000c65   Thumb Code    48  os_systick.o(.text.OS_Tick_Setup)
    SetupUart                                0x00000cd1   Thumb Code   154  main.o(.text.SetupUart)
    SystemInit                               0x00000d6d   Thumb Code    36  system_tm4c129.o(.text.SystemInit)
    Thread_FibonacciRecursiveHigh            0x00000df5   Thumb Code   204  main.o(.text.Thread_FibonacciRecursiveHigh)
    Thread_FibonacciRecursiveLow             0x00000ec1   Thumb Code   204  main.o(.text.Thread_FibonacciRecursiveLow)
    Thread_UARTWrite                         0x00000f91   Thumb Code   192  main.o(.text.Thread_UARTWrite)
    UARTIntHandler                           0x000010a5   Thumb Code   266  main.o(.text.UARTIntHandler)
    main                                     0x000011b1   Thumb Code   208  main.o(.text.main)
    osKernelGetTickCount                     0x00001281   Thumb Code    32  rtx_kernel.o(.text.osKernelGetTickCount)
    osKernelGetTickFreq                      0x000012a9   Thumb Code    32  rtx_kernel.o(.text.osKernelGetTickFreq)
    osKernelInitialize                       0x000012d1   Thumb Code    40  rtx_kernel.o(.text.osKernelInitialize)
    osKernelStart                            0x000012fd   Thumb Code    32  rtx_kernel.o(.text.osKernelStart)
    osMessageQueueGet                        0x00001321   Thumb Code   108  rtx_msgqueue.o(.text.osMessageQueueGet)
    osMessageQueueNew                        0x00001391   Thumb Code    32  rtx_msgqueue.o(.text.osMessageQueueNew)
    osMessageQueuePut                        0x000013b5   Thumb Code   124  rtx_msgqueue.o(.text.osMessageQueuePut)
    osRtxErrorNotify                         0x00001435   Thumb Code    46  rtx_config.o(.text.osRtxErrorNotify)
    osRtxIdleThread                          0x00001465   Thumb Code     8  rtx_config.o(.text.osRtxIdleThread)
    osRtxKernelErrorNotify                   0x0000146d   Thumb Code     4  rtx_kernel.o(.text.osRtxKernelErrorNotify)
    osRtxKernelPreInit                       0x00001471   Thumb Code     2  rtx_kernel.o(.text.osRtxKernelPreInit)
    osRtxMemoryAlloc                         0x00001473   Thumb Code   108  rtx_memory.o(.text.osRtxMemoryAlloc)
    osRtxMemoryFree                          0x000014df   Thumb Code    66  rtx_memory.o(.text.osRtxMemoryFree)
    osRtxMemoryInit                          0x00001521   Thumb Code    54  rtx_memory.o(.text.osRtxMemoryInit)
    osRtxMemoryPoolAlloc                     0x00001557   Thumb Code    58  rtx_mempool.o(.text.osRtxMemoryPoolAlloc)
    osRtxMemoryPoolFree                      0x00001591   Thumb Code    74  rtx_mempool.o(.text.osRtxMemoryPoolFree)
    osRtxMemoryPoolInit                      0x000015db   Thumb Code    56  rtx_mempool.o(.text.osRtxMemoryPoolInit)
    osRtxMessageQueueTimerSetup              0x000016bd   Thumb Code    32  rtx_msgqueue.o(.text.osRtxMessageQueueTimerSetup)
    osRtxMutexOwnerRelease                   0x000016e1   Thumb Code    72  rtx_mutex.o(.text.osRtxMutexOwnerRelease)
    osRtxMutexOwnerRestore                   0x00001729   Thumb Code    72  rtx_mutex.o(.text.osRtxMutexOwnerRestore)
    osRtxPendSV_Handler                      0x00001771   Thumb Code   136  rtx_system.o(.text.osRtxPendSV_Handler)
    osRtxPostProcess                         0x000017f9   Thumb Code   108  rtx_system.o(.text.osRtxPostProcess)
    osRtxThreadDelayTick                     0x00001955   Thumb Code    80  rtx_thread.o(.text.osRtxThreadDelayTick)
    osRtxThreadDispatch                      0x000019c5   Thumb Code    80  rtx_thread.o(.text.osRtxThreadDispatch)
    osRtxThreadListGet                       0x00001a8b   Thumb Code    18  rtx_thread.o(.text.osRtxThreadListGet)
    osRtxThreadListPut                       0x00001a9d   Thumb Code    44  rtx_thread.o(.text.osRtxThreadListPut)
    osRtxThreadListRemove                    0x00001ac9   Thumb Code    20  rtx_thread.o(.text.osRtxThreadListRemove)
    osRtxThreadListSort                      0x00001add   Thumb Code    38  rtx_thread.o(.text.osRtxThreadListSort)
    osRtxThreadReadyPut                      0x00001b2d   Thumb Code    16  rtx_thread.o(.text.osRtxThreadReadyPut)
    osRtxThreadRegPtr                        0x00001b41   Thumb Code    20  rtx_thread.o(.text.osRtxThreadRegPtr)
    osRtxThreadStartup                       0x00001b55   Thumb Code    48  rtx_thread.o(.text.osRtxThreadStartup)
    osRtxThreadSwitch                        0x00001b89   Thumb Code    12  rtx_thread.o(.text.osRtxThreadSwitch)
    osRtxThreadWaitEnter                     0x00001b95   Thumb Code    56  rtx_thread.o(.text.osRtxThreadWaitEnter)
    osRtxThreadWaitExit                      0x00001bd1   Thumb Code    48  rtx_thread.o(.text.osRtxThreadWaitExit)
    osRtxTick_Handler                        0x00001c01   Thumb Code   116  rtx_system.o(.text.osRtxTick_Handler)
    osRtxTimerSetup                          0x00001c79   Thumb Code    24  rtx_timer.o(.text.osRtxTimerSetup)
    osRtxTimerThread                         0x00001c99   Thumb Code    32  rtx_timer.o(.text.osRtxTimerThread)
    osThreadExit                             0x00001d29   Thumb Code     8  rtx_thread.o(.text.osThreadExit)
    osThreadNew                              0x00001d35   Thumb Code    32  rtx_thread.o(.text.osThreadNew)
    osThreadSetPriority                      0x00001d59   Thumb Code    32  rtx_thread.o(.text.osThreadSetPriority)
    GPIODirModeSet                           0x00002421   Thumb Code    40  gpio.o(i.GPIODirModeSet)
    GPIOPadConfigSet                         0x00002449   Thumb Code   354  gpio.o(i.GPIOPadConfigSet)
    GPIOPinConfigure                         0x000025b9   Thumb Code    60  gpio.o(i.GPIOPinConfigure)
    GPIOPinTypeUART                          0x000025fd   Thumb Code    28  gpio.o(i.GPIOPinTypeUART)
    IntEnable                                0x00002619   Thumb Code    92  interrupt.o(i.IntEnable)
    IntRegister                              0x0000267d   Thumb Code    44  interrupt.o(i.IntRegister)
    SysCtlClockFreqSet                       0x000026b1   Thumb Code   700  sysctl.o(i.SysCtlClockFreqSet)
    SysCtlPeripheralEnable                   0x00002995   Thumb Code    36  sysctl.o(i.SysCtlPeripheralEnable)
    SysCtlPeripheralReady                    0x000029bd   Thumb Code    40  sysctl.o(i.SysCtlPeripheralReady)
    UARTCharGet                              0x000029e9   Thumb Code    12  uart.o(i.UARTCharGet)
    UARTCharPut                              0x000029f5   Thumb Code    12  uart.o(i.UARTCharPut)
    UARTCharsAvail                           0x00002a01   Thumb Code    10  uart.o(i.UARTCharsAvail)
    UARTConfigSetExpClk                      0x00002a0b   Thumb Code   110  uart.o(i.UARTConfigSetExpClk)
    UARTFIFODisable                          0x00002a79   Thumb Code    10  uart.o(i.UARTFIFODisable)
    UARTIntClear                             0x00002a83   Thumb Code     4  uart.o(i.UARTIntClear)
    UARTIntEnable                            0x00002a87   Thumb Code     8  uart.o(i.UARTIntEnable)
    UARTIntRegister                          0x00002a91   Thumb Code    70  uart.o(i.UARTIntRegister)
    UARTIntStatus                            0x00002ae9   Thumb Code    10  uart.o(i.UARTIntStatus)
    __0snprintf                              0x00002af5   Thumb Code    48  printfa.o(i.__0snprintf)
    __1snprintf                              0x00002af5   Thumb Code     0  printfa.o(i.__0snprintf)
    __2snprintf                              0x00002af5   Thumb Code     0  printfa.o(i.__0snprintf)
    __c89snprintf                            0x00002af5   Thumb Code     0  printfa.o(i.__0snprintf)
    snprintf                                 0x00002af5   Thumb Code     0  printfa.o(i.__0snprintf)
    __aeabi_errno_addr                       0x00002b29   Thumb Code     4  errno.o(i.__aeabi_errno_addr)
    __rt_errno_addr                          0x00002b29   Thumb Code     0  errno.o(i.__aeabi_errno_addr)
    __scatterload_copy                       0x00002b31   Thumb Code    14  handlers.o(i.__scatterload_copy)
    __scatterload_null                       0x00002b3f   Thumb Code     2  handlers.o(i.__scatterload_null)
    __scatterload_zeroinit                   0x00002b41   Thumb Code    14  handlers.o(i.__scatterload_zeroinit)
    __ctype_table                            0x00003a20   Data         129  ctype_o.o(.constdata)
    osRtxConfig                              0x00003aa8   Data         112  rtx_lib.o(.rodata)
    os_cb_sections                           0x00003b18   Data          56  rtx_lib.o(.rodata)
    osRtxUserSVC                             0x00003b50   Data           4  rtx_lib.o(.rodata.osRtxUserSVC)
    Region$$Table$$Base                      0x00003c00   Number         0  anon$$obj.o(Region$$Table)
    Region$$Table$$Limit                     0x00003c20   Number         0  anon$$obj.o(Region$$Table)
    SystemCoreClock                          0x20000004   Data           4  system_tm4c129.o(.data.SystemCoreClock)
    osRtxInfo                                0x20000008   Data         164  rtx_kernel.o(.data.os)
    SysClock                                 0x20000670   Data           4  main.o(.bss.SysClock)
    bufferIndex                              0x20000674   Data           4  main.o(.bss.bufferIndex)
    inputBuffer                              0x20000678   Data         100  main.o(.bss.inputBuffer)
    .bss.os.msgqueue.cb$$Base                0x20008724   Number         0  rtx_lib.o(.bss.os.msgqueue.cb)
    .bss.os.msgqueue.cb$$Limit               0x20008758   Number         0  rtx_lib.o(.bss.os.msgqueue.cb)
    .bss.os.thread.cb$$Base                  0x200087a8   Number         0  rtx_lib.o(.bss.os.thread.cb)
    .bss.os.thread.cb$$Limit                 0x20008830   Number         0  rtx_lib.o(.bss.os.thread.cb)
    queueFibonacciRecursiveHigh              0x20008c30   Data           4  main.o(.bss.queueFibonacciRecursiveHigh)
    queueFibonacciRecursiveLow               0x20008c34   Data           4  main.o(.bss.queueFibonacciRecursiveLow)
    queueResp                                0x20008c38   Data           4  main.o(.bss.queueResp)
    __initial_sp                             0x20008e40   Data           0  startup_tm4c129.o(STACK)



==============================================================================

Memory Map of the image

  Image Entry point : 0x00000215

  Load Region LR_1 (Base: 0x00000000, Size: 0x0000466c, Max: 0xffffffff, ABSOLUTE, COMPRESSED[0x0000401c])

    Execution Region ER_RO (Exec base: 0x00000000, Load base: 0x00000000, Size: 0x00003c20, Max: 0xffffffff, ABSOLUTE)

    Exec Addr    Load Addr    Size         Type   Attr      Idx    E Section Name        Object

    0x00000000   0x00000000   0x00000200   Data   RO           61    RESET               startup_tm4c129.o
    0x00000200   0x00000200   0x00000000   Code   RO         1657  * .ARM.Collect$$$$00000000  mc_w.l(entry.o)
    0x00000200   0x00000200   0x00000004   Code   RO         1704    .ARM.Collect$$$$00000001  mc_w.l(entry2.o)
    0x00000204   0x00000204   0x00000004   Code   RO         1707    .ARM.Collect$$$$00000004  mc_w.l(entry5.o)
    0x00000208   0x00000208   0x00000000   Code   RO         1709    .ARM.Collect$$$$00000008  mc_w.l(entry7b.o)
    0x00000208   0x00000208   0x00000000   Code   RO         1711    .ARM.Collect$$$$0000000A  mc_w.l(entry8b.o)
    0x00000208   0x00000208   0x00000008   Code   RO         1712    .ARM.Collect$$$$0000000B  mc_w.l(entry9a.o)
    0x00000210   0x00000210   0x00000000   Code   RO         1714    .ARM.Collect$$$$0000000D  mc_w.l(entry10a.o)
    0x00000210   0x00000210   0x00000000   Code   RO         1716    .ARM.Collect$$$$0000000F  mc_w.l(entry11a.o)
    0x00000210   0x00000210   0x00000004   Code   RO         1705    .ARM.Collect$$$$00002712  mc_w.l(entry2.o)
    0x00000214   0x00000214   0x00000114   Code   RO           62  * .text               startup_tm4c129.o
    0x00000328   0x00000328   0x000000c8   Code   RO         1387    .text               RTX_CM4F.lib(irq_armv7m.o)
    0x000003f0   0x000003f0   0x00000024   Code   RO         1660    .text               mc_w.l(memcpya.o)
    0x00000414   0x00000414   0x00000024   Code   RO         1662    .text               mc_w.l(memseta.o)
    0x00000438   0x00000438   0x00000072   Code   RO         1694    .text               mc_w.l(strtoul.o)
    0x000004aa   0x000004aa   0x000000e4   Code   RO         1696    .text               mf_w.l(dmul.o)
    0x0000058e   0x0000058e   0x000000de   Code   RO         1698    .text               mf_w.l(ddiv.o)
    0x0000066c   0x0000066c   0x00000036   Code   RO         1700    .text               mf_w.l(dcmpge.o)
    0x000006a2   0x000006a2   0x0000001a   Code   RO         1702    .text               mf_w.l(dfltui.o)
    0x000006bc   0x000006bc   0x0000002c   Code   RO         1732    .text               mc_w.l(uidiv.o)
    0x000006e8   0x000006e8   0x00000062   Code   RO         1734    .text               mc_w.l(uldiv.o)
    0x0000074a   0x0000074a   0x00000002   PAD
    0x0000074c   0x0000074c   0x00000008   Code   RO         1736    .text               mc_w.l(ctype_o.o)
    0x00000754   0x00000754   0x0000009e   Code   RO         1771    .text               mc_w.l(_strtoul.o)
    0x000007f2   0x000007f2   0x00000000   Code   RO         1773    .text               mc_w.l(iusefp.o)
    0x000007f2   0x000007f2   0x000000ba   Code   RO         1774    .text               mf_w.l(depilogue.o)
    0x000008ac   0x000008ac   0x0000014e   Code   RO         1776    .text               mf_w.l(dadd.o)
    0x000009fa   0x000009fa   0x00000030   Code   RO         1778    .text               mf_w.l(dfixul.o)
    0x00000a2a   0x00000a2a   0x00000002   PAD
    0x00000a2c   0x00000a2c   0x00000030   Code   RO         1780    .text               mf_w.l(cdrcmple.o)
    0x00000a5c   0x00000a5c   0x00000030   Code   RO         1782    .text               mc_w.l(init.o)
    0x00000a8c   0x00000a8c   0x0000001e   Code   RO         1785    .text               mc_w.l(llshl.o)
    0x00000aaa   0x00000aaa   0x00000020   Code   RO         1787    .text               mc_w.l(llushr.o)
    0x00000aca   0x00000aca   0x00000024   Code   RO         1789    .text               mc_w.l(llsshr.o)
    0x00000aee   0x00000aee   0x0000001c   Code   RO         1791    .text               mc_w.l(_chval.o)
    0x00000b0a   0x00000b0a   0x0000003a   Code   RO         1802    .text               mc_w.l(__dczerorl.o)
    0x00000b44   0x00000b44   0x00000036   Code   RO            2    .text.FibonacciRecursive  main.o
    0x00000b7a   0x00000b7a   0x00000040   Code   RO         1368    .text.MessageQueueGet  RTX_CM4F.lib(rtx_msgqueue.o)
    0x00000bba   0x00000bba   0x00000058   Code   RO         1362    .text.MessageQueuePut  RTX_CM4F.lib(rtx_msgqueue.o)
    0x00000c12   0x00000c12   0x0000001c   Code   RO         1360    .text.MessageQueueRemove  RTX_CM4F.lib(rtx_msgqueue.o)
    0x00000c2e   0x00000c2e   0x00000002   PAD
    0x00000c30   0x00000c30   0x00000008   Code   RO         1637    .text.OS_Tick_AcknowledgeIRQ  RTX_CM4F.lib(os_systick.o)
    0x00000c38   0x00000c38   0x00000024   Code   RO         1633    .text.OS_Tick_Enable  RTX_CM4F.lib(os_systick.o)
    0x00000c5c   0x00000c5c   0x00000006   Code   RO         1639    .text.OS_Tick_GetIRQn  RTX_CM4F.lib(os_systick.o)
    0x00000c62   0x00000c62   0x00000002   PAD
    0x00000c64   0x00000c64   0x00000040   Code   RO         1631    .text.OS_Tick_Setup  RTX_CM4F.lib(os_systick.o)
    0x00000ca4   0x00000ca4   0x0000000c   Code   RO         1126    .text.OUTLINED_FUNCTION_0  RTX_CM4F.lib(rtx_kernel.o)
    0x00000cb0   0x00000cb0   0x00000006   Code   RO         1266    .text.OUTLINED_FUNCTION_0  RTX_CM4F.lib(rtx_thread.o)
    0x00000cb6   0x00000cb6   0x0000000c   Code   RO         1376    .text.OUTLINED_FUNCTION_0  RTX_CM4F.lib(rtx_msgqueue.o)
    0x00000cc2   0x00000cc2   0x00000006   Code   RO         1128    .text.OUTLINED_FUNCTION_1  RTX_CM4F.lib(rtx_kernel.o)
    0x00000cc8   0x00000cc8   0x00000006   Code   RO         1378    .text.OUTLINED_FUNCTION_1  RTX_CM4F.lib(rtx_msgqueue.o)
    0x00000cce   0x00000cce   0x00000002   PAD
    0x00000cd0   0x00000cd0   0x0000009a   Code   RO            6    .text.SetupUart     main.o
    0x00000d6a   0x00000d6a   0x00000002   PAD
    0x00000d6c   0x00000d6c   0x00000024   Code   RO           71    .text.SystemInit    system_tm4c129.o
    0x00000d90   0x00000d90   0x00000064   Code   RO         1218    .text.ThreadFlagsCheck  RTX_CM4F.lib(rtx_thread.o)
    0x00000df4   0x00000df4   0x000000cc   Code   RO            8    .text.Thread_FibonacciRecursiveHigh  main.o
    0x00000ec0   0x00000ec0   0x000000cc   Code   RO           10    .text.Thread_FibonacciRecursiveLow  main.o
    0x00000f8c   0x00000f8c   0x00000004   PAD
    0x00000f90   0x00000f90   0x000000d0   Code   RO           12    .text.Thread_UARTWrite  main.o
    0x00001060   0x00001060   0x00000044   Code   RO         1302    .text.TimerInsert   RTX_CM4F.lib(rtx_timer.o)
    0x000010a4   0x000010a4   0x0000010a   Code   RO            4    .text.UARTIntHandler  main.o
    0x000011ae   0x000011ae   0x00000002   PAD
    0x000011b0   0x000011b0   0x000000d0   Code   RO           14    .text.main          main.o
    0x00001280   0x00001280   0x00000028   Code   RO         1094    .text.osKernelGetTickCount  RTX_CM4F.lib(rtx_kernel.o)
    0x000012a8   0x000012a8   0x00000028   Code   RO         1098    .text.osKernelGetTickFreq  RTX_CM4F.lib(rtx_kernel.o)
    0x000012d0   0x000012d0   0x0000002c   Code   RO         1072    .text.osKernelInitialize  RTX_CM4F.lib(rtx_kernel.o)
    0x000012fc   0x000012fc   0x00000024   Code   RO         1082    .text.osKernelStart  RTX_CM4F.lib(rtx_kernel.o)
    0x00001320   0x00001320   0x00000070   Code   RO         1336    .text.osMessageQueueGet  RTX_CM4F.lib(rtx_msgqueue.o)
    0x00001390   0x00001390   0x00000024   Code   RO         1330    .text.osMessageQueueNew  RTX_CM4F.lib(rtx_msgqueue.o)
    0x000013b4   0x000013b4   0x00000080   Code   RO         1334    .text.osMessageQueuePut  RTX_CM4F.lib(rtx_msgqueue.o)
    0x00001434   0x00001434   0x0000002e   Code   RO           51    .text.osRtxErrorNotify  rtx_config.o
    0x00001462   0x00001462   0x00000002   PAD
    0x00001464   0x00001464   0x00000008   Code   RO           49    .text.osRtxIdleThread  rtx_config.o
    0x0000146c   0x0000146c   0x00000004   Code   RO         1070    .text.osRtxKernelErrorNotify  RTX_CM4F.lib(rtx_kernel.o)
    0x00001470   0x00001470   0x00000002   Code   RO         1068    .text.osRtxKernelPreInit  RTX_CM4F.lib(rtx_kernel.o)
    0x00001472   0x00001472   0x0000006c   Code   RO         1553    .text.osRtxMemoryAlloc  RTX_CM4F.lib(rtx_memory.o)
    0x000014de   0x000014de   0x00000042   Code   RO         1555    .text.osRtxMemoryFree  RTX_CM4F.lib(rtx_memory.o)
    0x00001520   0x00001520   0x00000036   Code   RO         1551    .text.osRtxMemoryInit  RTX_CM4F.lib(rtx_memory.o)
    0x00001556   0x00001556   0x0000003a   Code   RO         1567    .text.osRtxMemoryPoolAlloc  RTX_CM4F.lib(rtx_mempool.o)
    0x00001590   0x00001590   0x0000004a   Code   RO         1569    .text.osRtxMemoryPoolFree  RTX_CM4F.lib(rtx_mempool.o)
    0x000015da   0x000015da   0x00000038   Code   RO         1565    .text.osRtxMemoryPoolInit  RTX_CM4F.lib(rtx_mempool.o)
    0x00001612   0x00001612   0x000000aa   Code   RO         1358    .text.osRtxMessageQueuePostProcess  RTX_CM4F.lib(rtx_msgqueue.o)
    0x000016bc   0x000016bc   0x00000024   Code   RO         1326    .text.osRtxMessageQueueTimerSetup  RTX_CM4F.lib(rtx_msgqueue.o)
    0x000016e0   0x000016e0   0x00000048   Code   RO         1515    .text.osRtxMutexOwnerRelease  RTX_CM4F.lib(rtx_mutex.o)
    0x00001728   0x00001728   0x00000048   Code   RO         1517    .text.osRtxMutexOwnerRestore  RTX_CM4F.lib(rtx_mutex.o)
    0x00001770   0x00001770   0x00000088   Code   RO         1619    .text.osRtxPendSV_Handler  RTX_CM4F.lib(rtx_system.o)
    0x000017f8   0x000017f8   0x00000070   Code   RO         1621    .text.osRtxPostProcess  RTX_CM4F.lib(rtx_system.o)
    0x00001868   0x00001868   0x00000034   Code   RO         1158    .text.osRtxThreadBlock  RTX_CM4F.lib(rtx_thread.o)
    0x0000189c   0x0000189c   0x0000007c   Code   RO         1166    .text.osRtxThreadDelayInsert  RTX_CM4F.lib(rtx_thread.o)
    0x00001918   0x00001918   0x0000003c   Code   RO         1162    .text.osRtxThreadDelayRemove  RTX_CM4F.lib(rtx_thread.o)
    0x00001954   0x00001954   0x00000050   Code   RO         1150    .text.osRtxThreadDelayTick  RTX_CM4F.lib(rtx_thread.o)
    0x000019a4   0x000019a4   0x00000020   Code   RO         1250    .text.osRtxThreadDestroy  RTX_CM4F.lib(rtx_thread.o)
    0x000019c4   0x000019c4   0x00000050   Code   RO         1156    .text.osRtxThreadDispatch  RTX_CM4F.lib(rtx_thread.o)
    0x00001a14   0x00001a14   0x00000058   Code   RO         1242    .text.osRtxThreadFree  RTX_CM4F.lib(rtx_thread.o)
    0x00001a6c   0x00001a6c   0x0000001e   Code   RO         1248    .text.osRtxThreadJoinWakeup  RTX_CM4F.lib(rtx_thread.o)
    0x00001a8a   0x00001a8a   0x00000012   Code   RO         1142    .text.osRtxThreadListGet  RTX_CM4F.lib(rtx_thread.o)
    0x00001a9c   0x00001a9c   0x0000002c   Code   RO         1140    .text.osRtxThreadListPut  RTX_CM4F.lib(rtx_thread.o)
    0x00001ac8   0x00001ac8   0x00000014   Code   RO         1146    .text.osRtxThreadListRemove  RTX_CM4F.lib(rtx_thread.o)
    0x00001adc   0x00001adc   0x00000026   Code   RO         1144    .text.osRtxThreadListSort  RTX_CM4F.lib(rtx_thread.o)
    0x00001b02   0x00001b02   0x00000028   Code   RO         1216    .text.osRtxThreadPostProcess  RTX_CM4F.lib(rtx_thread.o)
    0x00001b2a   0x00001b2a   0x00000002   PAD
    0x00001b2c   0x00001b2c   0x00000014   Code   RO         1148    .text.osRtxThreadReadyPut  RTX_CM4F.lib(rtx_thread.o)
    0x00001b40   0x00001b40   0x00000014   Code   RO         1152    .text.osRtxThreadRegPtr  RTX_CM4F.lib(rtx_thread.o)
    0x00001b54   0x00001b54   0x00000034   Code   RO         1168    .text.osRtxThreadStartup  RTX_CM4F.lib(rtx_thread.o)
    0x00001b88   0x00001b88   0x0000000c   Code   RO         1154    .text.osRtxThreadSwitch  RTX_CM4F.lib(rtx_thread.o)
    0x00001b94   0x00001b94   0x0000003c   Code   RO         1164    .text.osRtxThreadWaitEnter  RTX_CM4F.lib(rtx_thread.o)
    0x00001bd0   0x00001bd0   0x00000030   Code   RO         1160    .text.osRtxThreadWaitExit  RTX_CM4F.lib(rtx_thread.o)
    0x00001c00   0x00001c00   0x00000078   Code   RO         1617    .text.osRtxTick_Handler  RTX_CM4F.lib(rtx_system.o)
    0x00001c78   0x00001c78   0x00000020   Code   RO         1284    .text.osRtxTimerSetup  RTX_CM4F.lib(rtx_timer.o)
    0x00001c98   0x00001c98   0x00000020   Code   RO         1288    .text.osRtxTimerThread  RTX_CM4F.lib(rtx_timer.o)
    0x00001cb8   0x00001cb8   0x00000070   Code   RO         1286    .text.osRtxTimerTick  RTX_CM4F.lib(rtx_timer.o)
    0x00001d28   0x00001d28   0x0000000c   Code   RO         1200    .text.osThreadExit  RTX_CM4F.lib(rtx_thread.o)
    0x00001d34   0x00001d34   0x00000024   Code   RO         1172    .text.osThreadNew   RTX_CM4F.lib(rtx_thread.o)
    0x00001d58   0x00001d58   0x00000024   Code   RO         1186    .text.osThreadSetPriority  RTX_CM4F.lib(rtx_thread.o)
    0x00001d7c   0x00001d7c   0x0000000c   Code   RO         1096    .text.svcRtxKernelGetTickCount  RTX_CM4F.lib(rtx_kernel.o)
    0x00001d88   0x00001d88   0x00000008   Code   RO         1100    .text.svcRtxKernelGetTickFreq  RTX_CM4F.lib(rtx_kernel.o)
    0x00001d90   0x00001d90   0x000000f8   Code   RO         1110    .text.svcRtxKernelInitialize  RTX_CM4F.lib(rtx_kernel.o)
    0x00001e88   0x00001e88   0x0000008c   Code   RO         1112    .text.svcRtxKernelStart  RTX_CM4F.lib(rtx_kernel.o)
    0x00001f14   0x00001f14   0x000000cc   Code   RO         1370    .text.svcRtxMessageQueueGet  RTX_CM4F.lib(rtx_msgqueue.o)
    0x00001fe0   0x00001fe0   0x00000118   Code   RO         1328    .text.svcRtxMessageQueueNew  RTX_CM4F.lib(rtx_msgqueue.o)
    0x000020f8   0x000020f8   0x000000a8   Code   RO         1366    .text.svcRtxMessageQueuePut  RTX_CM4F.lib(rtx_msgqueue.o)
    0x000021a0   0x000021a0   0x0000004c   Code   RO         1246    .text.svcRtxThreadExit  RTX_CM4F.lib(rtx_thread.o)
    0x000021ec   0x000021ec   0x000001ec   Code   RO         1170    .text.svcRtxThreadNew  RTX_CM4F.lib(rtx_thread.o)
    0x000023d8   0x000023d8   0x00000048   Code   RO         1228    .text.svcRtxThreadSetPriority  RTX_CM4F.lib(rtx_thread.o)
    0x00002420   0x00002420   0x00000028   Code   RO           85    i.GPIODirModeSet    driverlib.lib(gpio.o)
    0x00002448   0x00002448   0x00000170   Code   RO           97    i.GPIOPadConfigSet  driverlib.lib(gpio.o)
    0x000025b8   0x000025b8   0x00000044   Code   RO           98    i.GPIOPinConfigure  driverlib.lib(gpio.o)
    0x000025fc   0x000025fc   0x0000001c   Code   RO          121    i.GPIOPinTypeUART   driverlib.lib(gpio.o)
    0x00002618   0x00002618   0x00000064   Code   RO         1405    i.IntEnable         driverlib.lib(interrupt.o)
    0x0000267c   0x0000267c   0x00000034   Code   RO         1417    i.IntRegister       driverlib.lib(interrupt.o)
    0x000026b0   0x000026b0   0x000002e4   Code   RO          420    i.SysCtlClockFreqSet  driverlib.lib(sysctl.o)
    0x00002994   0x00002994   0x00000028   Code   RO          452    i.SysCtlPeripheralEnable  driverlib.lib(sysctl.o)
    0x000029bc   0x000029bc   0x0000002c   Code   RO          456    i.SysCtlPeripheralReady  driverlib.lib(sysctl.o)
    0x000029e8   0x000029e8   0x0000000c   Code   RO          778    i.UARTCharGet       driverlib.lib(uart.o)
    0x000029f4   0x000029f4   0x0000000c   Code   RO          780    i.UARTCharPut       driverlib.lib(uart.o)
    0x00002a00   0x00002a00   0x0000000a   Code   RO          782    i.UARTCharsAvail    driverlib.lib(uart.o)
    0x00002a0a   0x00002a0a   0x0000006e   Code   RO          786    i.UARTConfigSetExpClk  driverlib.lib(uart.o)
    0x00002a78   0x00002a78   0x0000000a   Code   RO          793    i.UARTFIFODisable   driverlib.lib(uart.o)
    0x00002a82   0x00002a82   0x00000004   Code   RO          799    i.UARTIntClear      driverlib.lib(uart.o)
    0x00002a86   0x00002a86   0x00000008   Code   RO          801    i.UARTIntEnable     driverlib.lib(uart.o)
    0x00002a8e   0x00002a8e   0x00000002   PAD
    0x00002a90   0x00002a90   0x00000058   Code   RO          802    i.UARTIntRegister   driverlib.lib(uart.o)
    0x00002ae8   0x00002ae8   0x0000000a   Code   RO          803    i.UARTIntStatus     driverlib.lib(uart.o)
    0x00002af2   0x00002af2   0x00000002   PAD
    0x00002af4   0x00002af4   0x00000034   Code   RO         1668    i.__0snprintf       mc_w.l(printfa.o)
    0x00002b28   0x00002b28   0x00000008   Code   RO         1764    i.__aeabi_errno_addr  mc_w.l(errno.o)
    0x00002b30   0x00002b30   0x0000000e   Code   RO         1796    i.__scatterload_copy  mc_w.l(handlers.o)
    0x00002b3e   0x00002b3e   0x00000002   Code   RO         1797    i.__scatterload_null  mc_w.l(handlers.o)
    0x00002b40   0x00002b40   0x0000000e   Code   RO         1798    i.__scatterload_zeroinit  mc_w.l(handlers.o)
    0x00002b4e   0x00002b4e   0x00000002   PAD
    0x00002b50   0x00002b50   0x00000184   Code   RO         1674    i._fp_digits        mc_w.l(printfa.o)
    0x00002cd4   0x00002cd4   0x000006dc   Code   RO         1675    i._printf_core      mc_w.l(printfa.o)
    0x000033b0   0x000033b0   0x00000024   Code   RO         1676    i._printf_post_padding  mc_w.l(printfa.o)
    0x000033d4   0x000033d4   0x0000002e   Code   RO         1677    i._printf_pre_padding  mc_w.l(printfa.o)
    0x00003402   0x00003402   0x00000016   Code   RO         1678    i._snputc           mc_w.l(printfa.o)
    0x00003418   0x00003418   0x00000228   Data   RO          130    .constdata          driverlib.lib(gpio.o)
    0x00003640   0x00003640   0x00000254   Data   RO          474    .constdata          driverlib.lib(sysctl.o)
    0x00003894   0x00003894   0x00000080   Data   RO          819    .constdata          driverlib.lib(uart.o)
    0x00003914   0x00003914   0x0000010c   Data   RO         1421    .constdata          driverlib.lib(interrupt.o)
    0x00003a20   0x00003a20   0x00000081   Data   RO         1737    .constdata          mc_w.l(ctype_o.o)
    0x00003aa1   0x00003aa1   0x00000003   PAD
    0x00003aa4   0x00003aa4   0x00000004   Data   RO         1738    .constdata          mc_w.l(ctype_o.o)
    0x00003aa8   0x00003aa8   0x00000070   Data   RO           35    .rodata             rtx_lib.o
    0x00003b18   0x00003b18   0x00000038   Data   RO           38    .rodata             rtx_lib.o
    0x00003b50   0x00003b50   0x00000004   Data   RO           37    .rodata.osRtxUserSVC  rtx_lib.o
    0x00003b54   0x00003b54   0x00000024   Data   RO           32    .rodata.os_idle_thread_attr  rtx_lib.o
    0x00003b78   0x00003b78   0x00000018   Data   RO           34    .rodata.os_timer_mq_attr  rtx_lib.o
    0x00003b90   0x00003b90   0x00000024   Data   RO           33    .rodata.os_timer_thread_attr  rtx_lib.o
    0x00003bb4   0x00003bb4   0x0000003f   Data   RO           21    .rodata.str1.1      main.o
    0x00003bf3   0x00003bf3   0x00000001   PAD
    0x00003bf4   0x00003bf4   0x0000000b   Data   RO         1130    .rodata.str1.4      RTX_CM4F.lib(rtx_kernel.o)
    0x00003bff   0x00003bff   0x00000001   PAD
    0x00003c00   0x00003c00   0x00000020   Data   RO         1795    Region$$Table       anon$$obj.o


    Execution Region ER_RW (Exec base: 0x20000000, Load base: 0x00004000, Size: 0x0000066c, Max: 0xffffffff, ABSOLUTE, COMPRESSED[0x0000001c])

    Exec Addr    Load Addr    Size         Type   Attr      Idx    E Section Name        Object

    0x20000000   COMPRESSED   0x00000004   Data   RW         1767    .data               mc_w.l(errno.o)
    0x20000004   COMPRESSED   0x00000004   Data   RW           73    .data.SystemCoreClock  system_tm4c129.o
    0x20000008   COMPRESSED   0x000000a4   Data   RW         1131    .data.os            RTX_CM4F.lib(rtx_kernel.o)
    0x200000ac   COMPRESSED   0x00000354   PAD
    0x20000400   COMPRESSED   0x0000026c   Data   RW         1422    vtable              driverlib.lib(interrupt.o)


    Execution Region ER_ZI (Exec base: 0x20000670, Load base: 0x0000401c, Size: 0x000087d0, Max: 0xffffffff, ABSOLUTE)

    Exec Addr    Load Addr    Size         Type   Attr      Idx    E Section Name        Object

    0x20000670        -       0x00000004   Zero   RW           20    .bss.SysClock       main.o
    0x20000674        -       0x00000004   Zero   RW           16    .bss.bufferIndex    main.o
    0x20000678        -       0x00000064   Zero   RW           17    .bss.inputBuffer    main.o
    0x200006dc   0x0000401c   0x00000004   PAD
    0x200006e0        -       0x00008040   Zero   RW           31    .bss.os             rtx_lib.o
    0x20008720        -       0x00000001   Zero   RW         1649    .bss.os             RTX_CM4F.lib(os_systick.o)
    0x20008721   0x0000401c   0x00000003   PAD
    0x20008724        -       0x00000034   Zero   RW           42    .bss.os.msgqueue.cb  rtx_lib.o
    0x20008758        -       0x00000050   Zero   RW           43    .bss.os.msgqueue.mem  rtx_lib.o
    0x200087a8        -       0x00000088   Zero   RW           39    .bss.os.thread.cb   rtx_lib.o
    0x20008830        -       0x00000200   Zero   RW           40    .bss.os.thread.idle.stack  rtx_lib.o
    0x20008a30        -       0x00000200   Zero   RW           41    .bss.os.thread.timer.stack  rtx_lib.o
    0x20008c30        -       0x00000004   Zero   RW           18    .bss.queueFibonacciRecursiveHigh  main.o
    0x20008c34        -       0x00000004   Zero   RW           19    .bss.queueFibonacciRecursiveLow  main.o
    0x20008c38        -       0x00000004   Zero   RW           22    .bss.queueResp      main.o
    0x20008c3c   0x0000401c   0x00000004   PAD
    0x20008c40        -       0x00000200   Zero   RW           59    STACK               startup_tm4c129.o


==============================================================================

Image component sizes


      Code (inc. data)   RO Data    RW Data    ZI Data      Debug   Object Name

      1298         16         63          0        120       4695   main.o
        54          6          0          0          0        767   rtx_config.o
         0          0        268          0      34124       5644   rtx_lib.o
       276          8        512          0        512       6088   startup_tm4c129.o
        36          0          0          4          0       1453   system_tm4c129.o

    ----------------------------------------------------------------------
      1674         30        876          4      34764      18647   Object Totals
         0          0         32          0          0          0   (incl. Generated)
        10          0          1          0          8          0   (incl. Padding)

    ----------------------------------------------------------------------

      Code (inc. data)   RO Data    RW Data    ZI Data      Debug   Library Member Name

       200         12          0          0          0        634   irq_armv7m.o
       114         20          0          0          1       3199   os_systick.o
       592         48         11        164          0      16781   rtx_kernel.o
       228          0          0          0          0       2590   rtx_memory.o
       188          0          0          0          0      16188   rtx_mempool.o
      1332         28          0          0          0      18765   rtx_msgqueue.o
       144          0          0          0          0      10068   rtx_mutex.o
       368         18          0          0          0       5444   rtx_system.o
      1748         52          0          0          0      32486   rtx_thread.o
       244         12          0          0          0      10433   rtx_timer.o
       504         22        552          0          0       8073   gpio.o
       152         16        268        620          0       2150   interrupt.o
       824         48        596          0          0       4490   sysctl.o
       264         18        128          0          0       5927   uart.o
        58          0          0          0          0          0   __dczerorl.o
        28          0          0          0          0         68   _chval.o
       158          0          0          0          0         92   _strtoul.o
         8          4        133          0          0         68   ctype_o.o
         0          0          0          0          0          0   entry.o
         0          0          0          0          0          0   entry10a.o
         0          0          0          0          0          0   entry11a.o
         8          4          0          0          0          0   entry2.o
         4          0          0          0          0          0   entry5.o
         0          0          0          0          0          0   entry7b.o
         0          0          0          0          0          0   entry8b.o
         8          4          0          0          0          0   entry9a.o
         8          4          0          4          0         68   errno.o
        30          0          0          0          0          0   handlers.o
        48         10          0          0          0         68   init.o
         0          0          0          0          0          0   iusefp.o
        30          0          0          0          0         68   llshl.o
        36          0          0          0          0         68   llsshr.o
        32          0          0          0          0         68   llushr.o
        36          0          0          0          0         68   memcpya.o
        36          0          0          0          0        108   memseta.o
      2300         84          0          0          0        524   printfa.o
       114          0          0          0          0         92   strtoul.o
        44          0          0          0          0         80   uidiv.o
        98          0          0          0          0         92   uldiv.o
        48          0          0          0          0         68   cdrcmple.o
       334          0          0          0          0        148   dadd.o
        54          0          0          0          0         80   dcmpge.o
       222          0          0          0          0        100   ddiv.o
       186          0          0          0          0        176   depilogue.o
        48          0          0          0          0         68   dfixul.o
        26          0          0          0          0         76   dfltui.o
       228          0          0          0          0         96   dmul.o

    ----------------------------------------------------------------------
     11150        404       1692       1640          4     139572   Library Totals
        18          0          4        852          3          0   (incl. Padding)

    ----------------------------------------------------------------------

      Code (inc. data)   RO Data    RW Data    ZI Data      Debug   Library Name

      5158        190         11        164          1     116588   RTX_CM4F.lib
      1744        104       1544        620          0      20640   driverlib.lib
      3084        110        133          4          0       1532   mc_w.l
      1146          0          0          0          0        812   mf_w.l

    ----------------------------------------------------------------------
     11150        404       1692       1640          4     139572   Library Totals

    ----------------------------------------------------------------------

==============================================================================


      Code (inc. data)   RO Data    RW Data    ZI Data      Debug   

     12824        434       2568       1644      34768     155787   Grand Totals
     12824        434       2568         28      34768     155787   ELF Image Totals (compressed)
     12824        434       2568         28          0          0   ROM Totals

==============================================================================

    Total RO  Size (Code + RO Data)                15392 (  15.03kB)
    Total RW  Size (RW Data + ZI Data)             36412 (  35.56kB)
    Total ROM Size (Code + RO Data + RW Data)      15420 (  15.06kB)

==============================================================================

