Component: Arm Compiler for Embedded 6.21 Tool: armlink [5ec1fa00]

==============================================================================

Section Cross References

    main.o(.text.SysTick_Handler) refers to main.o(.bss.blink) for blink
    main.o(.text.SysTick_Handler) refers to gpio.o(i.GPIOPinRead) for GPIOPinRead
    main.o(.text.SysTick_Handler) refers to gpio.o(i.GPIOPinWrite) for GPIOPinWrite
    main.o(.ARM.exidx.text.SysTick_Handler) refers to main.o(.text.SysTick_Handler) for [Anonymous Symbol]
    main.o(.text.Button_Handler) refers to gpio.o(i.GPIOIntClear) for GPIOIntClear
    main.o(.text.Button_Handler) refers to gpio.o(i.GPIOPinRead) for GPIOPinRead
    main.o(.text.Button_Handler) refers to main.o(.bss.blink) for blink
    main.o(.text.Button_Handler) refers to gpio.o(i.GPIOPinWrite) for GPIOPinWrite
    main.o(.text.Button_Handler) refers to sysctl.o(i.SysCtlClockGet) for SysCtlClockGet
    main.o(.text.Button_Handler) refers to sysctl.o(.emb_text) for SysCtlDelay
    main.o(.ARM.exidx.text.Button_Handler) refers to main.o(.text.Button_Handler) for [Anonymous Symbol]
    main.o(.text.main) refers to sysctl.o(i.SysCtlClockFreqSet) for SysCtlClockFreqSet
    main.o(.text.main) refers to sysctl.o(i.SysCtlPeripheralEnable) for SysCtlPeripheralEnable
    main.o(.text.main) refers to gpio.o(i.GPIOPinTypeGPIOOutput) for GPIOPinTypeGPIOOutput
    main.o(.text.main) refers to gpio.o(i.GPIOPinTypeGPIOInput) for GPIOPinTypeGPIOInput
    main.o(.text.main) refers to gpio.o(i.GPIOPadConfigSet) for GPIOPadConfigSet
    main.o(.text.main) refers to gpio.o(i.GPIOIntDisable) for GPIOIntDisable
    main.o(.text.main) refers to gpio.o(i.GPIOIntClear) for GPIOIntClear
    main.o(.text.main) refers to gpio.o(i.GPIOIntTypeSet) for GPIOIntTypeSet
    main.o(.text.main) refers to main.o(.text.Button_Handler) for Button_Handler
    main.o(.text.main) refers to gpio.o(i.GPIOIntRegister) for GPIOIntRegister
    main.o(.text.main) refers to gpio.o(i.GPIOIntEnable) for GPIOIntEnable
    main.o(.text.main) refers to sysctl.o(i.SysCtlClockGet) for SysCtlClockGet
    main.o(.text.main) refers to systick.o(i.SysTickPeriodSet) for SysTickPeriodSet
    main.o(.text.main) refers to systick.o(i.SysTickIntEnable) for SysTickIntEnable
    main.o(.text.main) refers to systick.o(i.SysTickEnable) for SysTickEnable
    main.o(.text.main) refers to interrupt.o(i.IntMasterEnable) for IntMasterEnable
    main.o(.ARM.exidx.text.main) refers to main.o(.text.main) for [Anonymous Symbol]
    startup_tm4c129.o(STACK) refers (Special) to heapauxi.o(.text) for __use_two_region_memory
    startup_tm4c129.o(HEAP) refers (Special) to heapauxi.o(.text) for __use_two_region_memory
    startup_tm4c129.o(RESET) refers (Special) to heapauxi.o(.text) for __use_two_region_memory
    startup_tm4c129.o(RESET) refers to startup_tm4c129.o(STACK) for __initial_sp
    startup_tm4c129.o(RESET) refers to startup_tm4c129.o(.text) for Reset_Handler
    startup_tm4c129.o(RESET) refers to main.o(.text.SysTick_Handler) for SysTick_Handler
    startup_tm4c129.o(.text) refers (Special) to heapauxi.o(.text) for __use_two_region_memory
    startup_tm4c129.o(.text) refers to system_tm4c129.o(.text.SystemInit) for SystemInit
    startup_tm4c129.o(.text) refers to __main.o(!!!main) for __main
    startup_tm4c129.o(.text) refers to startup_tm4c129.o(HEAP) for Heap_Mem
    startup_tm4c129.o(.text) refers to startup_tm4c129.o(STACK) for Stack_Mem
    system_tm4c129.o(.text.SystemCoreClockUpdate) refers to system_tm4c129.o(.data.SystemCoreClock) for SystemCoreClock
    system_tm4c129.o(.ARM.exidx.text.SystemCoreClockUpdate) refers to system_tm4c129.o(.text.SystemCoreClockUpdate) for [Anonymous Symbol]
    system_tm4c129.o(.text.SystemInit) refers to system_tm4c129.o(.data.SystemCoreClock) for SystemCoreClock
    system_tm4c129.o(.ARM.exidx.text.SystemInit) refers to system_tm4c129.o(.text.SystemInit) for [Anonymous Symbol]
    gpio.o(i.GPIOIntRegister) refers to gpio.o(i._GPIOIntNumberGet) for _GPIOIntNumberGet
    gpio.o(i.GPIOIntRegister) refers to interrupt.o(i.IntRegister) for IntRegister
    gpio.o(i.GPIOIntRegister) refers to interrupt.o(i.IntEnable) for IntEnable
    gpio.o(i.GPIOIntRegisterPin) refers to gpio.o(i._GPIOIntNumberGet) for _GPIOIntNumberGet
    gpio.o(i.GPIOIntRegisterPin) refers to interrupt.o(i.IntRegister) for IntRegister
    gpio.o(i.GPIOIntRegisterPin) refers to interrupt.o(i.IntEnable) for IntEnable
    gpio.o(i.GPIOIntUnregister) refers to gpio.o(i._GPIOIntNumberGet) for _GPIOIntNumberGet
    gpio.o(i.GPIOIntUnregister) refers to interrupt.o(i.IntDisable) for IntDisable
    gpio.o(i.GPIOIntUnregister) refers to interrupt.o(i.IntUnregister) for IntUnregister
    gpio.o(i.GPIOIntUnregisterPin) refers to gpio.o(i._GPIOIntNumberGet) for _GPIOIntNumberGet
    gpio.o(i.GPIOIntUnregisterPin) refers to interrupt.o(i.IntDisable) for IntDisable
    gpio.o(i.GPIOIntUnregisterPin) refers to interrupt.o(i.IntUnregister) for IntUnregister
    gpio.o(i.GPIOPinConfigure) refers to gpio.o(.constdata) for .constdata
    gpio.o(i.GPIOPinTypeADC) refers to gpio.o(i.GPIODirModeSet) for GPIODirModeSet
    gpio.o(i.GPIOPinTypeADC) refers to gpio.o(i.GPIOPadConfigSet) for GPIOPadConfigSet
    gpio.o(i.GPIOPinTypeCAN) refers to gpio.o(i.GPIODirModeSet) for GPIODirModeSet
    gpio.o(i.GPIOPinTypeCAN) refers to gpio.o(i.GPIOPadConfigSet) for GPIOPadConfigSet
    gpio.o(i.GPIOPinTypeComparator) refers to gpio.o(i.GPIODirModeSet) for GPIODirModeSet
    gpio.o(i.GPIOPinTypeComparator) refers to gpio.o(i.GPIOPadConfigSet) for GPIOPadConfigSet
    gpio.o(i.GPIOPinTypeComparatorOutput) refers to gpio.o(i.GPIODirModeSet) for GPIODirModeSet
    gpio.o(i.GPIOPinTypeComparatorOutput) refers to gpio.o(i.GPIOPadConfigSet) for GPIOPadConfigSet
    gpio.o(i.GPIOPinTypeDIVSCLK) refers to gpio.o(i.GPIODirModeSet) for GPIODirModeSet
    gpio.o(i.GPIOPinTypeDIVSCLK) refers to gpio.o(i.GPIOPadConfigSet) for GPIOPadConfigSet
    gpio.o(i.GPIOPinTypeEPI) refers to gpio.o(i.GPIODirModeSet) for GPIODirModeSet
    gpio.o(i.GPIOPinTypeEPI) refers to gpio.o(i.GPIOPadConfigSet) for GPIOPadConfigSet
    gpio.o(i.GPIOPinTypeEthernetLED) refers to gpio.o(i.GPIODirModeSet) for GPIODirModeSet
    gpio.o(i.GPIOPinTypeEthernetLED) refers to gpio.o(i.GPIOPadConfigSet) for GPIOPadConfigSet
    gpio.o(i.GPIOPinTypeEthernetMII) refers to gpio.o(i.GPIODirModeSet) for GPIODirModeSet
    gpio.o(i.GPIOPinTypeEthernetMII) refers to gpio.o(i.GPIOPadConfigSet) for GPIOPadConfigSet
    gpio.o(i.GPIOPinTypeGPIOInput) refers to gpio.o(i.GPIODirModeSet) for GPIODirModeSet
    gpio.o(i.GPIOPinTypeGPIOInput) refers to gpio.o(i.GPIOPadConfigSet) for GPIOPadConfigSet
    gpio.o(i.GPIOPinTypeGPIOOutput) refers to gpio.o(i.GPIOPadConfigSet) for GPIOPadConfigSet
    gpio.o(i.GPIOPinTypeGPIOOutput) refers to gpio.o(i.GPIODirModeSet) for GPIODirModeSet
    gpio.o(i.GPIOPinTypeGPIOOutputOD) refers to gpio.o(i.GPIOPadConfigSet) for GPIOPadConfigSet
    gpio.o(i.GPIOPinTypeGPIOOutputOD) refers to gpio.o(i.GPIODirModeSet) for GPIODirModeSet
    gpio.o(i.GPIOPinTypeHibernateRTCCLK) refers to gpio.o(i.GPIODirModeSet) for GPIODirModeSet
    gpio.o(i.GPIOPinTypeHibernateRTCCLK) refers to gpio.o(i.GPIOPadConfigSet) for GPIOPadConfigSet
    gpio.o(i.GPIOPinTypeI2C) refers to gpio.o(i.GPIODirModeSet) for GPIODirModeSet
    gpio.o(i.GPIOPinTypeI2C) refers to gpio.o(i.GPIOPadConfigSet) for GPIOPadConfigSet
    gpio.o(i.GPIOPinTypeI2CSCL) refers to gpio.o(i.GPIODirModeSet) for GPIODirModeSet
    gpio.o(i.GPIOPinTypeI2CSCL) refers to gpio.o(i.GPIOPadConfigSet) for GPIOPadConfigSet
    gpio.o(i.GPIOPinTypeLCD) refers to gpio.o(i.GPIODirModeSet) for GPIODirModeSet
    gpio.o(i.GPIOPinTypeLCD) refers to gpio.o(i.GPIOPadConfigSet) for GPIOPadConfigSet
    gpio.o(i.GPIOPinTypeOneWire) refers to gpio.o(i.GPIODirModeSet) for GPIODirModeSet
    gpio.o(i.GPIOPinTypeOneWire) refers to gpio.o(i.GPIOPadConfigSet) for GPIOPadConfigSet
    gpio.o(i.GPIOPinTypePWM) refers to gpio.o(i.GPIODirModeSet) for GPIODirModeSet
    gpio.o(i.GPIOPinTypePWM) refers to gpio.o(i.GPIOPadConfigSet) for GPIOPadConfigSet
    gpio.o(i.GPIOPinTypeQEI) refers to gpio.o(i.GPIODirModeSet) for GPIODirModeSet
    gpio.o(i.GPIOPinTypeQEI) refers to gpio.o(i.GPIOPadConfigSet) for GPIOPadConfigSet
    gpio.o(i.GPIOPinTypeSSI) refers to gpio.o(i.GPIODirModeSet) for GPIODirModeSet
    gpio.o(i.GPIOPinTypeSSI) refers to gpio.o(i.GPIOPadConfigSet) for GPIOPadConfigSet
    gpio.o(i.GPIOPinTypeTimer) refers to gpio.o(i.GPIODirModeSet) for GPIODirModeSet
    gpio.o(i.GPIOPinTypeTimer) refers to gpio.o(i.GPIOPadConfigSet) for GPIOPadConfigSet
    gpio.o(i.GPIOPinTypeTrace) refers to gpio.o(i.GPIODirModeSet) for GPIODirModeSet
    gpio.o(i.GPIOPinTypeTrace) refers to gpio.o(i.GPIOPadConfigSet) for GPIOPadConfigSet
    gpio.o(i.GPIOPinTypeUART) refers to gpio.o(i.GPIODirModeSet) for GPIODirModeSet
    gpio.o(i.GPIOPinTypeUART) refers to gpio.o(i.GPIOPadConfigSet) for GPIOPadConfigSet
    gpio.o(i.GPIOPinTypeUSBAnalog) refers to gpio.o(i.GPIODirModeSet) for GPIODirModeSet
    gpio.o(i.GPIOPinTypeUSBAnalog) refers to gpio.o(i.GPIOPadConfigSet) for GPIOPadConfigSet
    gpio.o(i.GPIOPinTypeUSBDigital) refers to gpio.o(i.GPIODirModeSet) for GPIODirModeSet
    gpio.o(i.GPIOPinTypeUSBDigital) refers to gpio.o(i.GPIOPadConfigSet) for GPIOPadConfigSet
    gpio.o(i.GPIOPinTypeWakeHigh) refers to gpio.o(i.GPIODirModeSet) for GPIODirModeSet
    gpio.o(i.GPIOPinTypeWakeHigh) refers to gpio.o(i.GPIOPadConfigSet) for GPIOPadConfigSet
    gpio.o(i.GPIOPinTypeWakeLow) refers to gpio.o(i.GPIODirModeSet) for GPIODirModeSet
    gpio.o(i.GPIOPinTypeWakeLow) refers to gpio.o(i.GPIOPadConfigSet) for GPIOPadConfigSet
    gpio.o(i._GPIOIntNumberGet) refers to gpio.o(.constdata) for .constdata
    interrupt.o(i.IntDisable) refers to interrupt.o(.constdata) for .constdata
    interrupt.o(i.IntEnable) refers to interrupt.o(.constdata) for .constdata
    interrupt.o(i.IntIsEnabled) refers to interrupt.o(.constdata) for .constdata
    interrupt.o(i.IntMasterDisable) refers to cpu.o(.emb_text) for CPUcpsid
    interrupt.o(i.IntMasterEnable) refers to cpu.o(.emb_text) for CPUcpsie
    interrupt.o(i.IntPendClear) refers to interrupt.o(.constdata) for .constdata
    interrupt.o(i.IntPendSet) refers to interrupt.o(.constdata) for .constdata
    interrupt.o(i.IntPriorityGet) refers to interrupt.o(.constdata) for .constdata
    interrupt.o(i.IntPriorityGroupingGet) refers to interrupt.o(.constdata) for .constdata
    interrupt.o(i.IntPriorityGroupingSet) refers to interrupt.o(.constdata) for .constdata
    interrupt.o(i.IntPriorityMaskGet) refers to cpu.o(.emb_text) for CPUbasepriGet
    interrupt.o(i.IntPriorityMaskSet) refers to cpu.o(.emb_text) for CPUbasepriSet
    interrupt.o(i.IntPrioritySet) refers to interrupt.o(.constdata) for .constdata
    interrupt.o(i.IntRegister) refers to interrupt.o(vtable) for vtable
    interrupt.o(i.IntUnregister) refers to interrupt.o(i._IntDefaultHandler) for _IntDefaultHandler
    interrupt.o(i.IntUnregister) refers to interrupt.o(vtable) for vtable
    sysctl.o(i.SysCtlClockFreqSet) refers to sysctl.o(.constdata) for .constdata
    sysctl.o(i.SysCtlClockGet) refers to sysctl.o(.constdata) for .constdata
    sysctl.o(i.SysCtlClockSet) refers to sysctl.o(.emb_text) for SysCtlDelay
    sysctl.o(i.SysCtlDeepSleep) refers to cpu.o(.emb_text) for CPUwfi
    sysctl.o(i.SysCtlIntRegister) refers to interrupt.o(i.IntRegister) for IntRegister
    sysctl.o(i.SysCtlIntRegister) refers to interrupt.o(i.IntEnable) for IntEnable
    sysctl.o(i.SysCtlIntUnregister) refers to interrupt.o(i.IntDisable) for IntDisable
    sysctl.o(i.SysCtlIntUnregister) refers to interrupt.o(i.IntUnregister) for IntUnregister
    sysctl.o(i.SysCtlSleep) refers to cpu.o(.emb_text) for CPUwfi
    sysctl.o(i.SysCtlVCOGet) refers to sysctl.o(.constdata) for .constdata
    systick.o(i.SysTickIntRegister) refers to interrupt.o(i.IntRegister) for IntRegister
    systick.o(i.SysTickIntUnregister) refers to interrupt.o(i.IntUnregister) for IntUnregister
    __main.o(!!!main) refers to __rtentry.o(.ARM.Collect$$rtentry$$00000000) for __rt_entry
    __rtentry.o(.ARM.Collect$$rtentry$$00000000) refers (Special) to __rtentry2.o(.ARM.Collect$$rtentry$$0000000A) for __rt_entry_li
    __rtentry.o(.ARM.Collect$$rtentry$$00000000) refers (Special) to __rtentry2.o(.ARM.Collect$$rtentry$$0000000D) for __rt_entry_main
    __rtentry.o(.ARM.Collect$$rtentry$$00000000) refers (Special) to __rtentry2.o(.ARM.Collect$$rtentry$$0000000C) for __rt_entry_postli_1
    __rtentry.o(.ARM.Collect$$rtentry$$00000000) refers (Special) to __rtentry2.o(.ARM.Collect$$rtentry$$00000009) for __rt_entry_postsh_1
    __rtentry.o(.ARM.Collect$$rtentry$$00000000) refers (Special) to __rtentry2.o(.ARM.Collect$$rtentry$$00000002) for __rt_entry_presh_1
    __rtentry.o(.ARM.Collect$$rtentry$$00000000) refers (Special) to __rtentry4.o(.ARM.Collect$$rtentry$$00000004) for __rt_entry_sh
    __rtentry2.o(.ARM.Collect$$rtentry$$00000008) refers to boardinit2.o(.text) for _platform_post_stackheap_init
    __rtentry2.o(.ARM.Collect$$rtentry$$0000000A) refers to libinit.o(.ARM.Collect$$libinit$$00000000) for __rt_lib_init
    __rtentry2.o(.ARM.Collect$$rtentry$$0000000B) refers to boardinit3.o(.text) for _platform_post_lib_init
    __rtentry2.o(.ARM.Collect$$rtentry$$0000000D) refers to main.o(.text.main) for main
    __rtentry2.o(.ARM.Collect$$rtentry$$0000000D) refers to exit.o(.text) for exit
    __rtentry2.o(.ARM.exidx) refers to __rtentry2.o(.ARM.Collect$$rtentry$$00000001) for .ARM.Collect$$rtentry$$00000001
    __rtentry2.o(.ARM.exidx) refers to __rtentry2.o(.ARM.Collect$$rtentry$$00000008) for .ARM.Collect$$rtentry$$00000008
    __rtentry2.o(.ARM.exidx) refers to __rtentry2.o(.ARM.Collect$$rtentry$$0000000A) for .ARM.Collect$$rtentry$$0000000A
    __rtentry2.o(.ARM.exidx) refers to __rtentry2.o(.ARM.Collect$$rtentry$$0000000B) for .ARM.Collect$$rtentry$$0000000B
    __rtentry2.o(.ARM.exidx) refers to __rtentry2.o(.ARM.Collect$$rtentry$$0000000D) for .ARM.Collect$$rtentry$$0000000D
    __rtentry4.o(.ARM.Collect$$rtentry$$00000004) refers to sys_stackheap_outer.o(.text) for __user_setup_stackheap
    __rtentry4.o(.ARM.exidx) refers to __rtentry4.o(.ARM.Collect$$rtentry$$00000004) for .ARM.Collect$$rtentry$$00000004
    sys_stackheap_outer.o(.text) refers to libspace.o(.text) for __user_perproc_libspace
    sys_stackheap_outer.o(.text) refers to startup_tm4c129.o(.text) for __user_initial_stackheap
    exit.o(.text) refers to rtexit.o(.ARM.Collect$$rtexit$$00000000) for __rt_exit
    libinit.o(.ARM.Collect$$libinit$$00000000) refers (Special) to libinit2.o(.ARM.Collect$$libinit$$00000030) for __rt_lib_init_alloca_1
    libinit.o(.ARM.Collect$$libinit$$00000000) refers (Special) to libinit2.o(.ARM.Collect$$libinit$$0000002E) for __rt_lib_init_argv_1
    libinit.o(.ARM.Collect$$libinit$$00000000) refers (Special) to libinit2.o(.ARM.Collect$$libinit$$0000001D) for __rt_lib_init_atexit_1
    libinit.o(.ARM.Collect$$libinit$$00000000) refers (Special) to libinit2.o(.ARM.Collect$$libinit$$00000023) for __rt_lib_init_clock_1
    libinit.o(.ARM.Collect$$libinit$$00000000) refers (Special) to libinit2.o(.ARM.Collect$$libinit$$00000034) for __rt_lib_init_cpp_1
    libinit.o(.ARM.Collect$$libinit$$00000000) refers (Special) to libinit2.o(.ARM.Collect$$libinit$$00000032) for __rt_lib_init_exceptions_1
    libinit.o(.ARM.Collect$$libinit$$00000000) refers (Special) to libinit2.o(.ARM.Collect$$libinit$$00000001) for __rt_lib_init_fp_1
    libinit.o(.ARM.Collect$$libinit$$00000000) refers (Special) to libinit2.o(.ARM.Collect$$libinit$$00000021) for __rt_lib_init_fp_trap_1
    libinit.o(.ARM.Collect$$libinit$$00000000) refers (Special) to libinit2.o(.ARM.Collect$$libinit$$00000025) for __rt_lib_init_getenv_1
    libinit.o(.ARM.Collect$$libinit$$00000000) refers (Special) to libinit2.o(.ARM.Collect$$libinit$$0000000C) for __rt_lib_init_heap_1
    libinit.o(.ARM.Collect$$libinit$$00000000) refers (Special) to libinit2.o(.ARM.Collect$$libinit$$00000013) for __rt_lib_init_lc_collate_1
    libinit.o(.ARM.Collect$$libinit$$00000000) refers (Special) to libinit2.o(.ARM.Collect$$libinit$$00000015) for __rt_lib_init_lc_ctype_1
    libinit.o(.ARM.Collect$$libinit$$00000000) refers (Special) to libinit2.o(.ARM.Collect$$libinit$$00000017) for __rt_lib_init_lc_monetary_1
    libinit.o(.ARM.Collect$$libinit$$00000000) refers (Special) to libinit2.o(.ARM.Collect$$libinit$$00000019) for __rt_lib_init_lc_numeric_1
    libinit.o(.ARM.Collect$$libinit$$00000000) refers (Special) to libinit2.o(.ARM.Collect$$libinit$$0000001B) for __rt_lib_init_lc_time_1
    libinit.o(.ARM.Collect$$libinit$$00000000) refers (Special) to libinit2.o(.ARM.Collect$$libinit$$00000006) for __rt_lib_init_preinit_1
    libinit.o(.ARM.Collect$$libinit$$00000000) refers (Special) to libinit2.o(.ARM.Collect$$libinit$$00000010) for __rt_lib_init_rand_1
    libinit.o(.ARM.Collect$$libinit$$00000000) refers (Special) to libinit2.o(.ARM.Collect$$libinit$$00000004) for __rt_lib_init_relocate_pie_1
    libinit.o(.ARM.Collect$$libinit$$00000000) refers (Special) to libinit2.o(.ARM.Collect$$libinit$$00000035) for __rt_lib_init_return
    libinit.o(.ARM.Collect$$libinit$$00000000) refers (Special) to libinit2.o(.ARM.Collect$$libinit$$0000001F) for __rt_lib_init_signal_1
    libinit.o(.ARM.Collect$$libinit$$00000000) refers (Special) to libinit2.o(.ARM.Collect$$libinit$$00000027) for __rt_lib_init_stdio_1
    libinit.o(.ARM.Collect$$libinit$$00000000) refers (Special) to libinit2.o(.ARM.Collect$$libinit$$0000000E) for __rt_lib_init_user_alloc_1
    libspace.o(.text) refers to libspace.o(.bss) for __libspace_start
    rtexit.o(.ARM.Collect$$rtexit$$00000000) refers (Special) to rtexit2.o(.ARM.Collect$$rtexit$$00000004) for __rt_exit_exit
    rtexit.o(.ARM.Collect$$rtexit$$00000000) refers (Special) to rtexit2.o(.ARM.Collect$$rtexit$$00000003) for __rt_exit_ls
    rtexit.o(.ARM.Collect$$rtexit$$00000000) refers (Special) to rtexit2.o(.ARM.Collect$$rtexit$$00000002) for __rt_exit_prels_1
    rtexit.o(.ARM.exidx) refers (Special) to rtexit2.o(.ARM.Collect$$rtexit$$00000004) for __rt_exit_exit
    rtexit.o(.ARM.exidx) refers (Special) to rtexit2.o(.ARM.Collect$$rtexit$$00000003) for __rt_exit_ls
    rtexit.o(.ARM.exidx) refers (Special) to rtexit2.o(.ARM.Collect$$rtexit$$00000002) for __rt_exit_prels_1
    rtexit.o(.ARM.exidx) refers to rtexit.o(.ARM.Collect$$rtexit$$00000000) for .ARM.Collect$$rtexit$$00000000
    libinit2.o(.ARM.Collect$$libinit$$00000001) refers to fpinit.o(x$fpl$fpinit) for _fp_init
    libinit2.o(.ARM.Collect$$libinit$$00000012) refers to libinit2.o(.ARM.Collect$$libinit$$00000011) for .ARM.Collect$$libinit$$00000011
    libinit2.o(.ARM.Collect$$libinit$$00000014) refers to libinit2.o(.ARM.Collect$$libinit$$00000011) for .ARM.Collect$$libinit$$00000011
    libinit2.o(.ARM.Collect$$libinit$$00000016) refers to libinit2.o(.ARM.Collect$$libinit$$00000011) for .ARM.Collect$$libinit$$00000011
    libinit2.o(.ARM.Collect$$libinit$$00000018) refers to libinit2.o(.ARM.Collect$$libinit$$00000011) for .ARM.Collect$$libinit$$00000011
    libinit2.o(.ARM.Collect$$libinit$$0000001A) refers to libinit2.o(.ARM.Collect$$libinit$$00000011) for .ARM.Collect$$libinit$$00000011
    libinit2.o(.ARM.Collect$$libinit$$00000028) refers to argv_veneer.o(.emb_text) for __ARM_argv_veneer
    libinit2.o(.ARM.Collect$$libinit$$00000029) refers to argv_veneer.o(.emb_text) for __ARM_argv_veneer
    rtexit2.o(.ARM.Collect$$rtexit$$00000003) refers to libshutdown.o(.ARM.Collect$$libshutdown$$00000000) for __rt_lib_shutdown
    rtexit2.o(.ARM.Collect$$rtexit$$00000004) refers to sys_exit.o(.text) for _sys_exit
    rtexit2.o(.ARM.exidx) refers to rtexit2.o(.ARM.Collect$$rtexit$$00000001) for .ARM.Collect$$rtexit$$00000001
    rtexit2.o(.ARM.exidx) refers to rtexit2.o(.ARM.Collect$$rtexit$$00000003) for .ARM.Collect$$rtexit$$00000003
    rtexit2.o(.ARM.exidx) refers to rtexit2.o(.ARM.Collect$$rtexit$$00000004) for .ARM.Collect$$rtexit$$00000004
    argv_veneer.o(.emb_text) refers to no_argv.o(.text) for __ARM_get_argv
    sys_exit.o(.text) refers (Special) to use_no_semi.o(.text) for __I$use$semihosting
    sys_exit.o(.text) refers (Special) to indicate_semi.o(.text) for __semihosting_library_function
    sys_exit_hlt.o(.text) refers (Special) to use_no_semi.o(.text) for __I$use$semihosting
    sys_exit_hlt.o(.text) refers (Special) to indicate_semi.o(.text) for __semihosting_library_function
    _get_argv_nomalloc.o(.text) refers (Special) to hrguard.o(.text) for __heap_region$guard
    _get_argv_nomalloc.o(.text) refers to defsig_rtmem_outer.o(.text) for __rt_SIGRTMEM
    _get_argv_nomalloc.o(.text) refers to sys_command.o(.text) for _sys_command_string
    libshutdown.o(.ARM.Collect$$libshutdown$$00000000) refers (Special) to libshutdown2.o(.ARM.Collect$$libshutdown$$00000002) for __rt_lib_shutdown_cpp_1
    libshutdown.o(.ARM.Collect$$libshutdown$$00000000) refers (Special) to libshutdown2.o(.ARM.Collect$$libshutdown$$00000007) for __rt_lib_shutdown_fp_trap_1
    libshutdown.o(.ARM.Collect$$libshutdown$$00000000) refers (Special) to libshutdown2.o(.ARM.Collect$$libshutdown$$0000000F) for __rt_lib_shutdown_heap_1
    libshutdown.o(.ARM.Collect$$libshutdown$$00000000) refers (Special) to libshutdown2.o(.ARM.Collect$$libshutdown$$00000010) for __rt_lib_shutdown_return
    libshutdown.o(.ARM.Collect$$libshutdown$$00000000) refers (Special) to libshutdown2.o(.ARM.Collect$$libshutdown$$0000000A) for __rt_lib_shutdown_signal_1
    libshutdown.o(.ARM.Collect$$libshutdown$$00000000) refers (Special) to libshutdown2.o(.ARM.Collect$$libshutdown$$00000004) for __rt_lib_shutdown_stdio_1
    libshutdown.o(.ARM.Collect$$libshutdown$$00000000) refers (Special) to libshutdown2.o(.ARM.Collect$$libshutdown$$0000000C) for __rt_lib_shutdown_user_alloc_1
    sys_command.o(.text) refers (Special) to use_no_semi.o(.text) for __I$use$semihosting
    sys_command.o(.text) refers (Special) to indicate_semi.o(.text) for __semihosting_library_function
    sys_command_hlt.o(.text) refers (Special) to use_no_semi.o(.text) for __I$use$semihosting
    sys_command_hlt.o(.text) refers (Special) to indicate_semi.o(.text) for __semihosting_library_function
    defsig_rtmem_outer.o(.text) refers to defsig_rtmem_inner.o(.text) for __rt_SIGRTMEM_inner
    defsig_rtmem_outer.o(.text) refers to defsig_exit.o(.text) for __sig_exit
    defsig_rtmem_formal.o(.text) refers to rt_raise.o(.text) for __rt_raise
    rt_raise.o(.text) refers to __raise.o(.text) for __raise
    rt_raise.o(.text) refers to sys_exit.o(.text) for _sys_exit
    defsig_exit.o(.text) refers to sys_exit.o(.text) for _sys_exit
    defsig_rtmem_inner.o(.text) refers to defsig_general.o(.text) for __default_signal_display
    __raise.o(.text) refers to defsig.o(CL$$defsig) for __default_signal_handler
    defsig_general.o(.text) refers to sys_wrch.o(.text) for _ttywrch
    sys_wrch.o(.text) refers (Special) to use_no_semi.o(.text) for __I$use$semihosting
    sys_wrch.o(.text) refers (Special) to indicate_semi.o(.text) for __semihosting_library_function
    sys_wrch_hlt.o(.text) refers (Special) to use_no_semi.o(.text) for __I$use$semihosting
    sys_wrch_hlt.o(.text) refers (Special) to indicate_semi.o(.text) for __semihosting_library_function
    defsig.o(CL$$defsig) refers to defsig_rtmem_inner.o(.text) for __rt_SIGRTMEM_inner
    defsig_abrt_inner.o(.text) refers to defsig_general.o(.text) for __default_signal_display
    defsig_fpe_inner.o(.text) refers to defsig_general.o(.text) for __default_signal_display
    defsig_rtred_inner.o(.text) refers to defsig_general.o(.text) for __default_signal_display
    defsig_stak_inner.o(.text) refers to defsig_general.o(.text) for __default_signal_display
    defsig_pvfn_inner.o(.text) refers to defsig_general.o(.text) for __default_signal_display
    defsig_cppl_inner.o(.text) refers to defsig_general.o(.text) for __default_signal_display
    defsig_segv_inner.o(.text) refers to defsig_general.o(.text) for __default_signal_display
    defsig_other.o(.text) refers to defsig_general.o(.text) for __default_signal_display


==============================================================================

Removing Unused input sections from the image.

    Removing main.o(.text), (0 bytes).
    Removing main.o(.ARM.exidx.text.SysTick_Handler), (8 bytes).
    Removing main.o(.ARM.exidx.text.Button_Handler), (8 bytes).
    Removing main.o(.ARM.exidx.text.main), (8 bytes).
    Removing main.o(.ARM.use_no_argv), (4 bytes).
    Removing system_tm4c129.o(.text), (0 bytes).
    Removing system_tm4c129.o(.text.SystemCoreClockUpdate), (20 bytes).
    Removing system_tm4c129.o(.ARM.exidx.text.SystemCoreClockUpdate), (8 bytes).
    Removing system_tm4c129.o(.ARM.exidx.text.SystemInit), (8 bytes).
    Removing gpio.o(i.GPIOADCTriggerDisable), (14 bytes).
    Removing gpio.o(i.GPIOADCTriggerEnable), (12 bytes).
    Removing gpio.o(i.GPIODMATriggerDisable), (14 bytes).
    Removing gpio.o(i.GPIODMATriggerEnable), (12 bytes).
    Removing gpio.o(i.GPIODirModeGet), (34 bytes).
    Removing gpio.o(i.GPIOIntRegisterPin), (30 bytes).
    Removing gpio.o(i.GPIOIntStatus), (14 bytes).
    Removing gpio.o(i.GPIOIntTypeGet), (70 bytes).
    Removing gpio.o(i.GPIOIntUnregister), (22 bytes).
    Removing gpio.o(i.GPIOIntUnregisterPin), (26 bytes).
    Removing gpio.o(i.GPIOPadConfigGet), (248 bytes).
    Removing gpio.o(i.GPIOPinConfigure), (68 bytes).
    Removing gpio.o(i.GPIOPinTypeADC), (28 bytes).
    Removing gpio.o(i.GPIOPinTypeCAN), (28 bytes).
    Removing gpio.o(i.GPIOPinTypeComparator), (28 bytes).
    Removing gpio.o(i.GPIOPinTypeComparatorOutput), (28 bytes).
    Removing gpio.o(i.GPIOPinTypeDIVSCLK), (28 bytes).
    Removing gpio.o(i.GPIOPinTypeEPI), (28 bytes).
    Removing gpio.o(i.GPIOPinTypeEthernetLED), (28 bytes).
    Removing gpio.o(i.GPIOPinTypeEthernetMII), (28 bytes).
    Removing gpio.o(i.GPIOPinTypeGPIOOutputOD), (28 bytes).
    Removing gpio.o(i.GPIOPinTypeHibernateRTCCLK), (28 bytes).
    Removing gpio.o(i.GPIOPinTypeI2C), (28 bytes).
    Removing gpio.o(i.GPIOPinTypeI2CSCL), (28 bytes).
    Removing gpio.o(i.GPIOPinTypeLCD), (28 bytes).
    Removing gpio.o(i.GPIOPinTypeOneWire), (28 bytes).
    Removing gpio.o(i.GPIOPinTypePWM), (28 bytes).
    Removing gpio.o(i.GPIOPinTypeQEI), (28 bytes).
    Removing gpio.o(i.GPIOPinTypeSSI), (28 bytes).
    Removing gpio.o(i.GPIOPinTypeTimer), (28 bytes).
    Removing gpio.o(i.GPIOPinTypeTrace), (28 bytes).
    Removing gpio.o(i.GPIOPinTypeUART), (28 bytes).
    Removing gpio.o(i.GPIOPinTypeUSBAnalog), (28 bytes).
    Removing gpio.o(i.GPIOPinTypeUSBDigital), (28 bytes).
    Removing gpio.o(i.GPIOPinTypeWakeHigh), (30 bytes).
    Removing gpio.o(i.GPIOPinTypeWakeLow), (30 bytes).
    Removing gpio.o(i.GPIOPinWakeStatus), (6 bytes).
    Removing gpio.o(i.GPIOUnlockPin), (24 bytes).
    Removing interrupt.o(i.IntDisable), (100 bytes).
    Removing interrupt.o(i.IntIsEnabled), (96 bytes).
    Removing interrupt.o(i.IntMasterDisable), (14 bytes).
    Removing interrupt.o(i.IntPendClear), (68 bytes).
    Removing interrupt.o(i.IntPendSet), (84 bytes).
    Removing interrupt.o(i.IntPriorityGet), (28 bytes).
    Removing interrupt.o(i.IntPriorityGroupingGet), (36 bytes).
    Removing interrupt.o(i.IntPriorityGroupingSet), (28 bytes).
    Removing interrupt.o(i.IntPriorityMaskGet), (4 bytes).
    Removing interrupt.o(i.IntPriorityMaskSet), (4 bytes).
    Removing interrupt.o(i.IntPrioritySet), (40 bytes).
    Removing interrupt.o(i.IntTrigger), (12 bytes).
    Removing interrupt.o(i.IntUnregister), (20 bytes).
    Removing interrupt.o(i._IntDefaultHandler), (2 bytes).
    Removing sysctl.o(i.SysCtlAltClkConfig), (12 bytes).
    Removing sysctl.o(i.SysCtlClockOutConfig), (20 bytes).
    Removing sysctl.o(i.SysCtlClockSet), (288 bytes).
    Removing sysctl.o(i.SysCtlDeepSleep), (32 bytes).
    Removing sysctl.o(i.SysCtlDeepSleepClockConfigSet), (112 bytes).
    Removing sysctl.o(i.SysCtlDeepSleepClockSet), (12 bytes).
    Removing sysctl.o(i.SysCtlDeepSleepPowerSet), (12 bytes).
    Removing sysctl.o(i.SysCtlFlashSectorSizeGet), (56 bytes).
    Removing sysctl.o(i.SysCtlFlashSizeGet), (56 bytes).
    Removing sysctl.o(i.SysCtlGPIOAHBDisable), (28 bytes).
    Removing sysctl.o(i.SysCtlGPIOAHBEnable), (24 bytes).
    Removing sysctl.o(i.SysCtlIntClear), (12 bytes).
    Removing sysctl.o(i.SysCtlIntDisable), (16 bytes).
    Removing sysctl.o(i.SysCtlIntEnable), (16 bytes).
    Removing sysctl.o(i.SysCtlIntRegister), (20 bytes).
    Removing sysctl.o(i.SysCtlIntStatus), (16 bytes).
    Removing sysctl.o(i.SysCtlIntUnregister), (18 bytes).
    Removing sysctl.o(i.SysCtlLDODeepSleepGet), (12 bytes).
    Removing sysctl.o(i.SysCtlLDODeepSleepSet), (12 bytes).
    Removing sysctl.o(i.SysCtlLDOSleepGet), (12 bytes).
    Removing sysctl.o(i.SysCtlLDOSleepSet), (12 bytes).
    Removing sysctl.o(i.SysCtlMOSCConfigSet), (12 bytes).
    Removing sysctl.o(i.SysCtlNMIClear), (16 bytes).
    Removing sysctl.o(i.SysCtlNMIStatus), (12 bytes).
    Removing sysctl.o(i.SysCtlPIOSCCalibrate), (76 bytes).
    Removing sysctl.o(i.SysCtlPWMClockGet), (24 bytes).
    Removing sysctl.o(i.SysCtlPWMClockSet), (20 bytes).
    Removing sysctl.o(i.SysCtlPeripheralClockGating), (68 bytes).
    Removing sysctl.o(i.SysCtlPeripheralDeepSleepDisable), (40 bytes).
    Removing sysctl.o(i.SysCtlPeripheralDeepSleepEnable), (40 bytes).
    Removing sysctl.o(i.SysCtlPeripheralDisable), (40 bytes).
    Removing sysctl.o(i.SysCtlPeripheralPowerOff), (40 bytes).
    Removing sysctl.o(i.SysCtlPeripheralPowerOn), (40 bytes).
    Removing sysctl.o(i.SysCtlPeripheralPresent), (44 bytes).
    Removing sysctl.o(i.SysCtlPeripheralReady), (44 bytes).
    Removing sysctl.o(i.SysCtlPeripheralReset), (60 bytes).
    Removing sysctl.o(i.SysCtlPeripheralSleepDisable), (40 bytes).
    Removing sysctl.o(i.SysCtlPeripheralSleepEnable), (40 bytes).
    Removing sysctl.o(i.SysCtlReset), (16 bytes).
    Removing sysctl.o(i.SysCtlResetBehaviorGet), (12 bytes).
    Removing sysctl.o(i.SysCtlResetBehaviorSet), (12 bytes).
    Removing sysctl.o(i.SysCtlResetCauseClear), (16 bytes).
    Removing sysctl.o(i.SysCtlResetCauseGet), (12 bytes).
    Removing sysctl.o(i.SysCtlSRAMSizeGet), (16 bytes).
    Removing sysctl.o(i.SysCtlSleep), (4 bytes).
    Removing sysctl.o(i.SysCtlSleepPowerSet), (12 bytes).
    Removing sysctl.o(i.SysCtlUSBPLLDisable), (16 bytes).
    Removing sysctl.o(i.SysCtlUSBPLLEnable), (16 bytes).
    Removing sysctl.o(i.SysCtlVCOGet), (120 bytes).
    Removing sysctl.o(i.SysCtlVoltageEventClear), (16 bytes).
    Removing sysctl.o(i.SysCtlVoltageEventConfig), (12 bytes).
    Removing sysctl.o(i.SysCtlVoltageEventStatus), (12 bytes).
    Removing systick.o(i.SysTickDisable), (14 bytes).
    Removing systick.o(i.SysTickIntDisable), (14 bytes).
    Removing systick.o(i.SysTickIntRegister), (24 bytes).
    Removing systick.o(i.SysTickIntUnregister), (18 bytes).
    Removing systick.o(i.SysTickPeriodGet), (10 bytes).
    Removing systick.o(i.SysTickValueGet), (8 bytes).

119 unused section(s) (total 3704 bytes) removed from the image.

==============================================================================

Image Symbol Table

    Local Symbols

    Symbol Name                              Value     Ov Type        Size  Object(Section)

    ../clib/angel/boardlib.s                 0x00000000   Number         0  boardinit1.o ABSOLUTE
    ../clib/angel/boardlib.s                 0x00000000   Number         0  boardinit2.o ABSOLUTE
    ../clib/angel/boardlib.s                 0x00000000   Number         0  boardinit3.o ABSOLUTE
    ../clib/angel/boardlib.s                 0x00000000   Number         0  boardshut.o ABSOLUTE
    ../clib/angel/dczerorl.s                 0x00000000   Number         0  __dczerorl.o ABSOLUTE
    ../clib/angel/handlers.s                 0x00000000   Number         0  __scatter_zi.o ABSOLUTE
    ../clib/angel/kernel.s                   0x00000000   Number         0  __rtentry.o ABSOLUTE
    ../clib/angel/kernel.s                   0x00000000   Number         0  __rtentry2.o ABSOLUTE
    ../clib/angel/kernel.s                   0x00000000   Number         0  __rtentry4.o ABSOLUTE
    ../clib/angel/kernel.s                   0x00000000   Number         0  rtexit.o ABSOLUTE
    ../clib/angel/kernel.s                   0x00000000   Number         0  rtexit2.o ABSOLUTE
    ../clib/angel/rt.s                       0x00000000   Number         0  rt_raise.o ABSOLUTE
    ../clib/angel/scatter.s                  0x00000000   Number         0  __scatter.o ABSOLUTE
    ../clib/angel/startup.s                  0x00000000   Number         0  __main.o ABSOLUTE
    ../clib/angel/sys.s                      0x00000000   Number         0  sys_stackheap_outer.o ABSOLUTE
    ../clib/angel/sys.s                      0x00000000   Number         0  libspace.o ABSOLUTE
    ../clib/angel/sys.s                      0x00000000   Number         0  use_no_semi.o ABSOLUTE
    ../clib/angel/sys.s                      0x00000000   Number         0  indicate_semi.o ABSOLUTE
    ../clib/angel/sysapp.c                   0x00000000   Number         0  sys_exit.o ABSOLUTE
    ../clib/angel/sysapp.c                   0x00000000   Number         0  sys_exit_hlt.o ABSOLUTE
    ../clib/angel/sysapp.c                   0x00000000   Number         0  sys_command.o ABSOLUTE
    ../clib/angel/sysapp.c                   0x00000000   Number         0  sys_command_hlt.o ABSOLUTE
    ../clib/angel/sysapp.c                   0x00000000   Number         0  sys_wrch.o ABSOLUTE
    ../clib/angel/sysapp.c                   0x00000000   Number         0  sys_wrch_hlt.o ABSOLUTE
    ../clib/armsys.c                         0x00000000   Number         0  argv_veneer.o ABSOLUTE
    ../clib/armsys.c                         0x00000000   Number         0  argv_veneer.o ABSOLUTE
    ../clib/armsys.c                         0x00000000   Number         0  _get_argv_nomalloc.o ABSOLUTE
    ../clib/armsys.c                         0x00000000   Number         0  no_argv.o ABSOLUTE
    ../clib/heapalloc.c                      0x00000000   Number         0  hrguard.o ABSOLUTE
    ../clib/heapaux.c                        0x00000000   Number         0  heapauxi.o ABSOLUTE
    ../clib/libinit.s                        0x00000000   Number         0  libinit.o ABSOLUTE
    ../clib/libinit.s                        0x00000000   Number         0  libinit2.o ABSOLUTE
    ../clib/libinit.s                        0x00000000   Number         0  libshutdown.o ABSOLUTE
    ../clib/libinit.s                        0x00000000   Number         0  libshutdown2.o ABSOLUTE
    ../clib/signal.c                         0x00000000   Number         0  defsig_rtmem_outer.o ABSOLUTE
    ../clib/signal.c                         0x00000000   Number         0  defsig_rtmem_formal.o ABSOLUTE
    ../clib/signal.c                         0x00000000   Number         0  defsig_exit.o ABSOLUTE
    ../clib/signal.c                         0x00000000   Number         0  defsig_rtmem_inner.o ABSOLUTE
    ../clib/signal.c                         0x00000000   Number         0  __raise.o ABSOLUTE
    ../clib/signal.c                         0x00000000   Number         0  defsig_general.o ABSOLUTE
    ../clib/signal.c                         0x00000000   Number         0  defsig_abrt_inner.o ABSOLUTE
    ../clib/signal.c                         0x00000000   Number         0  defsig_fpe_inner.o ABSOLUTE
    ../clib/signal.c                         0x00000000   Number         0  defsig_rtred_inner.o ABSOLUTE
    ../clib/signal.c                         0x00000000   Number         0  defsig_stak_inner.o ABSOLUTE
    ../clib/signal.c                         0x00000000   Number         0  defsig_pvfn_inner.o ABSOLUTE
    ../clib/signal.c                         0x00000000   Number         0  defsig_cppl_inner.o ABSOLUTE
    ../clib/signal.c                         0x00000000   Number         0  defsig_segv_inner.o ABSOLUTE
    ../clib/signal.c                         0x00000000   Number         0  defsig_other.o ABSOLUTE
    ../clib/signal.s                         0x00000000   Number         0  defsig.o ABSOLUTE
    ../clib/stdlib.c                         0x00000000   Number         0  exit.o ABSOLUTE
    ../fplib/fpinit.s                        0x00000000   Number         0  fpinit.o ABSOLUTE
    RTE/Device/TM4C1294NCPDT/startup_TM4C129.s 0x00000000   Number         0  startup_tm4c129.o ABSOLUTE
    cpu.c                                    0x00000000   Number         0  cpu.o ABSOLUTE
    cpu.c                                    0x00000000   Number         0  cpu.o ABSOLUTE
    dc.s                                     0x00000000   Number         0  dc.o ABSOLUTE
    gpio.c                                   0x00000000   Number         0  gpio.o ABSOLUTE
    interrupt.c                              0x00000000   Number         0  interrupt.o ABSOLUTE
    main.c                                   0x00000000   Number         0  main.o ABSOLUTE
    sysctl.c                                 0x00000000   Number         0  sysctl.o ABSOLUTE
    sysctl.c                                 0x00000000   Number         0  sysctl.o ABSOLUTE
    system_TM4C129.c                         0x00000000   Number         0  system_tm4c129.o ABSOLUTE
    systick.c                                0x00000000   Number         0  systick.o ABSOLUTE
    RESET                                    0x00000000   Section      512  startup_tm4c129.o(RESET)
    !!!main                                  0x00000200   Section        8  __main.o(!!!main)
    !!!scatter                               0x00000208   Section       92  __scatter.o(!!!scatter)
    !!dczerorl                               0x00000264   Section       58  __dczerorl.o(!!dczerorl)
    !!handler_null                           0x000002a0   Section        2  __scatter.o(!!handler_null)
    !!handler_zi                             0x000002a4   Section       28  __scatter_zi.o(!!handler_zi)
    .ARM.Collect$$libinit$$00000000          0x000002c0   Section        2  libinit.o(.ARM.Collect$$libinit$$00000000)
    .ARM.Collect$$libinit$$00000001          0x000002c2   Section        4  libinit2.o(.ARM.Collect$$libinit$$00000001)
    .ARM.Collect$$libinit$$00000004          0x000002c6   Section        0  libinit2.o(.ARM.Collect$$libinit$$00000004)
    .ARM.Collect$$libinit$$00000006          0x000002c6   Section        0  libinit2.o(.ARM.Collect$$libinit$$00000006)
    .ARM.Collect$$libinit$$0000000C          0x000002c6   Section        0  libinit2.o(.ARM.Collect$$libinit$$0000000C)
    .ARM.Collect$$libinit$$0000000E          0x000002c6   Section        0  libinit2.o(.ARM.Collect$$libinit$$0000000E)
    .ARM.Collect$$libinit$$00000010          0x000002c6   Section        0  libinit2.o(.ARM.Collect$$libinit$$00000010)
    .ARM.Collect$$libinit$$00000013          0x000002c6   Section        0  libinit2.o(.ARM.Collect$$libinit$$00000013)
    .ARM.Collect$$libinit$$00000015          0x000002c6   Section        0  libinit2.o(.ARM.Collect$$libinit$$00000015)
    .ARM.Collect$$libinit$$00000017          0x000002c6   Section        0  libinit2.o(.ARM.Collect$$libinit$$00000017)
    .ARM.Collect$$libinit$$00000019          0x000002c6   Section        0  libinit2.o(.ARM.Collect$$libinit$$00000019)
    .ARM.Collect$$libinit$$0000001B          0x000002c6   Section        0  libinit2.o(.ARM.Collect$$libinit$$0000001B)
    .ARM.Collect$$libinit$$0000001D          0x000002c6   Section        0  libinit2.o(.ARM.Collect$$libinit$$0000001D)
    .ARM.Collect$$libinit$$0000001F          0x000002c6   Section        0  libinit2.o(.ARM.Collect$$libinit$$0000001F)
    .ARM.Collect$$libinit$$00000021          0x000002c6   Section        0  libinit2.o(.ARM.Collect$$libinit$$00000021)
    .ARM.Collect$$libinit$$00000023          0x000002c6   Section        0  libinit2.o(.ARM.Collect$$libinit$$00000023)
    .ARM.Collect$$libinit$$00000025          0x000002c6   Section        0  libinit2.o(.ARM.Collect$$libinit$$00000025)
    .ARM.Collect$$libinit$$00000027          0x000002c6   Section        0  libinit2.o(.ARM.Collect$$libinit$$00000027)
    .ARM.Collect$$libinit$$0000002E          0x000002c6   Section        0  libinit2.o(.ARM.Collect$$libinit$$0000002E)
    .ARM.Collect$$libinit$$00000030          0x000002c6   Section        0  libinit2.o(.ARM.Collect$$libinit$$00000030)
    .ARM.Collect$$libinit$$00000032          0x000002c6   Section        0  libinit2.o(.ARM.Collect$$libinit$$00000032)
    .ARM.Collect$$libinit$$00000034          0x000002c6   Section        0  libinit2.o(.ARM.Collect$$libinit$$00000034)
    .ARM.Collect$$libinit$$00000035          0x000002c6   Section        2  libinit2.o(.ARM.Collect$$libinit$$00000035)
    .ARM.Collect$$libshutdown$$00000000      0x000002c8   Section        2  libshutdown.o(.ARM.Collect$$libshutdown$$00000000)
    .ARM.Collect$$libshutdown$$00000002      0x000002ca   Section        0  libshutdown2.o(.ARM.Collect$$libshutdown$$00000002)
    .ARM.Collect$$libshutdown$$00000004      0x000002ca   Section        0  libshutdown2.o(.ARM.Collect$$libshutdown$$00000004)
    .ARM.Collect$$libshutdown$$00000007      0x000002ca   Section        0  libshutdown2.o(.ARM.Collect$$libshutdown$$00000007)
    .ARM.Collect$$libshutdown$$0000000A      0x000002ca   Section        0  libshutdown2.o(.ARM.Collect$$libshutdown$$0000000A)
    .ARM.Collect$$libshutdown$$0000000C      0x000002ca   Section        0  libshutdown2.o(.ARM.Collect$$libshutdown$$0000000C)
    .ARM.Collect$$libshutdown$$0000000F      0x000002ca   Section        0  libshutdown2.o(.ARM.Collect$$libshutdown$$0000000F)
    .ARM.Collect$$libshutdown$$00000010      0x000002ca   Section        2  libshutdown2.o(.ARM.Collect$$libshutdown$$00000010)
    .ARM.Collect$$rtentry$$00000000          0x000002cc   Section        0  __rtentry.o(.ARM.Collect$$rtentry$$00000000)
    .ARM.Collect$$rtentry$$00000002          0x000002cc   Section        0  __rtentry2.o(.ARM.Collect$$rtentry$$00000002)
    .ARM.Collect$$rtentry$$00000004          0x000002cc   Section        6  __rtentry4.o(.ARM.Collect$$rtentry$$00000004)
    .ARM.Collect$$rtentry$$00000009          0x000002d2   Section        0  __rtentry2.o(.ARM.Collect$$rtentry$$00000009)
    .ARM.Collect$$rtentry$$0000000A          0x000002d2   Section        4  __rtentry2.o(.ARM.Collect$$rtentry$$0000000A)
    .ARM.Collect$$rtentry$$0000000C          0x000002d6   Section        0  __rtentry2.o(.ARM.Collect$$rtentry$$0000000C)
    .ARM.Collect$$rtentry$$0000000D          0x000002d6   Section        8  __rtentry2.o(.ARM.Collect$$rtentry$$0000000D)
    .ARM.Collect$$rtexit$$00000000           0x000002de   Section        2  rtexit.o(.ARM.Collect$$rtexit$$00000000)
    .ARM.Collect$$rtexit$$00000002           0x000002e0   Section        0  rtexit2.o(.ARM.Collect$$rtexit$$00000002)
    .ARM.Collect$$rtexit$$00000003           0x000002e0   Section        4  rtexit2.o(.ARM.Collect$$rtexit$$00000003)
    .ARM.Collect$$rtexit$$00000004           0x000002e4   Section        6  rtexit2.o(.ARM.Collect$$rtexit$$00000004)
    $v0                                      0x000002ec   Number         0  sysctl.o(.emb_text)
    .emb_text                                0x000002ec   Section        6  sysctl.o(.emb_text)
    $v0                                      0x000002f4   Number         0  cpu.o(.emb_text)
    .emb_text                                0x000002f4   Section       38  cpu.o(.emb_text)
    $v0                                      0x0000031c   Number         0  startup_tm4c129.o(.text)
    .text                                    0x0000031c   Section      300  startup_tm4c129.o(.text)
    .text                                    0x00000448   Section        0  heapauxi.o(.text)
    .text                                    0x0000044e   Section       74  sys_stackheap_outer.o(.text)
    .text                                    0x00000498   Section        0  exit.o(.text)
    .text                                    0x000004ac   Section        8  libspace.o(.text)
    .text                                    0x000004b4   Section        0  sys_exit.o(.text)
    .text                                    0x000004c0   Section        2  use_no_semi.o(.text)
    .text                                    0x000004c2   Section        0  indicate_semi.o(.text)
    [Anonymous Symbol]                       0x000004c4   Section        0  main.o(.text.Button_Handler)
    [Anonymous Symbol]                       0x0000056c   Section        0  main.o(.text.SysTick_Handler)
    [Anonymous Symbol]                       0x000005a8   Section        0  system_tm4c129.o(.text.SystemInit)
    [Anonymous Symbol]                       0x000005cc   Section        0  main.o(.text.main)
    i.GPIODirModeSet                         0x00000678   Section        0  gpio.o(i.GPIODirModeSet)
    i.GPIOIntClear                           0x000006a0   Section        0  gpio.o(i.GPIOIntClear)
    i.GPIOIntDisable                         0x000006a6   Section        0  gpio.o(i.GPIOIntDisable)
    i.GPIOIntEnable                          0x000006b4   Section        0  gpio.o(i.GPIOIntEnable)
    i.GPIOIntRegister                        0x000006c0   Section        0  gpio.o(i.GPIOIntRegister)
    i.GPIOIntTypeSet                         0x000006da   Section        0  gpio.o(i.GPIOIntTypeSet)
    i.GPIOPadConfigSet                       0x0000072c   Section        0  gpio.o(i.GPIOPadConfigSet)
    i.GPIOPinRead                            0x0000089c   Section        0  gpio.o(i.GPIOPinRead)
    i.GPIOPinTypeGPIOInput                   0x000008a2   Section        0  gpio.o(i.GPIOPinTypeGPIOInput)
    i.GPIOPinTypeGPIOOutput                  0x000008be   Section        0  gpio.o(i.GPIOPinTypeGPIOOutput)
    i.GPIOPinWrite                           0x000008da   Section        0  gpio.o(i.GPIOPinWrite)
    i.IntEnable                              0x000008e0   Section        0  interrupt.o(i.IntEnable)
    i.IntMasterEnable                        0x00000944   Section        0  interrupt.o(i.IntMasterEnable)
    i.IntRegister                            0x00000954   Section        0  interrupt.o(i.IntRegister)
    i.SysCtlClockFreqSet                     0x00000988   Section        0  sysctl.o(i.SysCtlClockFreqSet)
    i.SysCtlClockGet                         0x00000c6c   Section        0  sysctl.o(i.SysCtlClockGet)
    i.SysCtlPeripheralEnable                 0x00000dc0   Section        0  sysctl.o(i.SysCtlPeripheralEnable)
    i.SysTickEnable                          0x00000de8   Section        0  systick.o(i.SysTickEnable)
    i.SysTickIntEnable                       0x00000df6   Section        0  systick.o(i.SysTickIntEnable)
    i.SysTickPeriodSet                       0x00000e04   Section        0  systick.o(i.SysTickPeriodSet)
    _GPIOIntNumberGet                        0x00000e11   Thumb Code    62  gpio.o(i._GPIOIntNumberGet)
    i._GPIOIntNumberGet                      0x00000e10   Section        0  gpio.o(i._GPIOIntNumberGet)
    $v0                                      0x00000e60   Number         0  fpinit.o(x$fpl$fpinit)
    x$fpl$fpinit                             0x00000e60   Section       26  fpinit.o(x$fpl$fpinit)
    g_ppui32GPIOIntMapBlizzard               0x00000e7c   Data         192  gpio.o(.constdata)
    .constdata                               0x00000e7c   Section      552  gpio.o(.constdata)
    g_ppui32GPIOIntMapSnowflake              0x00000f3c   Data         216  gpio.o(.constdata)
    g_pui32GPIOBaseAddrs                     0x00001014   Data         144  gpio.o(.constdata)
    g_pui32Priority                          0x000010a4   Data          32  interrupt.o(.constdata)
    .constdata                               0x000010a4   Section      268  interrupt.o(.constdata)
    g_pui32Regs                              0x000010c4   Data         156  interrupt.o(.constdata)
    g_pui32EnRegs                            0x00001160   Data          20  interrupt.o(.constdata)
    g_pui32Dii16Regs                         0x00001174   Data          20  interrupt.o(.constdata)
    g_pui32PendRegs                          0x00001188   Data          20  interrupt.o(.constdata)
    g_pui32UnpendRegs                        0x0000119c   Data          20  interrupt.o(.constdata)
    g_pui32VCOFrequencies                    0x000011b0   Data           8  sysctl.o(.constdata)
    .constdata                               0x000011b0   Section      596  sysctl.o(.constdata)
    g_pui32Xtals                             0x000011b8   Data         108  sysctl.o(.constdata)
    g_pppui32XTALtoVCO                       0x00001224   Data         432  sysctl.o(.constdata)
    g_sXTALtoMEMTIM                          0x000013d4   Data          48  sysctl.o(.constdata)
    g_pfnRAMVectors                          0x20000400   Data         620  interrupt.o(vtable)
    vtable                                   0x20000400   Section      620  interrupt.o(vtable)
    .bss                                     0x20000670   Section       96  libspace.o(.bss)
    Heap_Mem                                 0x200006d8   Data           0  startup_tm4c129.o(HEAP)
    Stack_Mem                                0x200006d8   Data         512  startup_tm4c129.o(STACK)
    HEAP                                     0x200006d8   Section        0  startup_tm4c129.o(HEAP)
    STACK                                    0x200006d8   Section      512  startup_tm4c129.o(STACK)
    __initial_sp                             0x200008d8   Data           0  startup_tm4c129.o(STACK)

    Global Symbols

    Symbol Name                              Value     Ov Type        Size  Object(Section)

    BuildAttributes$$THM_ISAv4$E$P$D$K$B$S$7EM$VFPi3$EXTD16$VFPS$VFMA$PE$A:L22UL41UL21$X:L11$S22US41US21$IEEE1$IW$~IW$USESV6$~STKCKD$USESV7$~SHL$OTIME$ROPI$EBA8$UX$STANDARDLIB$REQ8$PRES8$EABIv2 0x00000000   Number         0  anon$$obj.o ABSOLUTE
    __Vectors                                0x00000000   Data           4  startup_tm4c129.o(RESET)
    __ARM_exceptions_init                     - Undefined Weak Reference
    __alloca_initialize                       - Undefined Weak Reference
    __arm_preinit_                            - Undefined Weak Reference
    __arm_relocate_pie_                       - Undefined Weak Reference
    __cpp_initialize__aeabi_                  - Undefined Weak Reference
    __cxa_finalize                            - Undefined Weak Reference
    __rt_locale                               - Undefined Weak Reference
    __sigvec_lookup                           - Undefined Weak Reference
    _atexit_init                              - Undefined Weak Reference
    _call_atexit_fns                          - Undefined Weak Reference
    _clock_init                               - Undefined Weak Reference
    _fp_trap_init                             - Undefined Weak Reference
    _fp_trap_shutdown                         - Undefined Weak Reference
    _get_lc_collate                           - Undefined Weak Reference
    _get_lc_ctype                             - Undefined Weak Reference
    _get_lc_monetary                          - Undefined Weak Reference
    _get_lc_numeric                           - Undefined Weak Reference
    _get_lc_time                              - Undefined Weak Reference
    _getenv_init                              - Undefined Weak Reference
    _handle_redirection                       - Undefined Weak Reference
    _init_alloc                               - Undefined Weak Reference
    _init_user_alloc                          - Undefined Weak Reference
    _initio                                   - Undefined Weak Reference
    _rand_init                                - Undefined Weak Reference
    _signal_finish                            - Undefined Weak Reference
    _signal_init                              - Undefined Weak Reference
    _terminate_alloc                          - Undefined Weak Reference
    _terminate_user_alloc                     - Undefined Weak Reference
    _terminateio                              - Undefined Weak Reference
    __Vectors_End                            0x00000200   Data           0  startup_tm4c129.o(RESET)
    __Vectors_Size                           0x00000200   Number         0  startup_tm4c129.o ABSOLUTE
    __main                                   0x00000201   Thumb Code     8  __main.o(!!!main)
    __scatterload                            0x00000209   Thumb Code     0  __scatter.o(!!!scatter)
    __scatterload_rt2                        0x00000209   Thumb Code    84  __scatter.o(!!!scatter)
    __scatterload_rt2_thumb_only             0x00000209   Thumb Code     0  __scatter.o(!!!scatter)
    __scatterload_loop                       0x00000213   Thumb Code     0  __scatter.o(!!!scatter)
    __decompress                             0x00000265   Thumb Code    58  __dczerorl.o(!!dczerorl)
    __decompress0                            0x00000265   Thumb Code     0  __dczerorl.o(!!dczerorl)
    __scatterload_null                       0x000002a1   Thumb Code     2  __scatter.o(!!handler_null)
    __scatterload_zeroinit                   0x000002a5   Thumb Code    28  __scatter_zi.o(!!handler_zi)
    __rt_lib_init                            0x000002c1   Thumb Code     0  libinit.o(.ARM.Collect$$libinit$$00000000)
    __rt_lib_init_fp_1                       0x000002c3   Thumb Code     0  libinit2.o(.ARM.Collect$$libinit$$00000001)
    __rt_lib_init_alloca_1                   0x000002c7   Thumb Code     0  libinit2.o(.ARM.Collect$$libinit$$00000030)
    __rt_lib_init_argv_1                     0x000002c7   Thumb Code     0  libinit2.o(.ARM.Collect$$libinit$$0000002E)
    __rt_lib_init_atexit_1                   0x000002c7   Thumb Code     0  libinit2.o(.ARM.Collect$$libinit$$0000001D)
    __rt_lib_init_clock_1                    0x000002c7   Thumb Code     0  libinit2.o(.ARM.Collect$$libinit$$00000023)
    __rt_lib_init_cpp_1                      0x000002c7   Thumb Code     0  libinit2.o(.ARM.Collect$$libinit$$00000034)
    __rt_lib_init_exceptions_1               0x000002c7   Thumb Code     0  libinit2.o(.ARM.Collect$$libinit$$00000032)
    __rt_lib_init_fp_trap_1                  0x000002c7   Thumb Code     0  libinit2.o(.ARM.Collect$$libinit$$00000021)
    __rt_lib_init_getenv_1                   0x000002c7   Thumb Code     0  libinit2.o(.ARM.Collect$$libinit$$00000025)
    __rt_lib_init_heap_1                     0x000002c7   Thumb Code     0  libinit2.o(.ARM.Collect$$libinit$$0000000C)
    __rt_lib_init_lc_collate_1               0x000002c7   Thumb Code     0  libinit2.o(.ARM.Collect$$libinit$$00000013)
    __rt_lib_init_lc_ctype_1                 0x000002c7   Thumb Code     0  libinit2.o(.ARM.Collect$$libinit$$00000015)
    __rt_lib_init_lc_monetary_1              0x000002c7   Thumb Code     0  libinit2.o(.ARM.Collect$$libinit$$00000017)
    __rt_lib_init_lc_numeric_1               0x000002c7   Thumb Code     0  libinit2.o(.ARM.Collect$$libinit$$00000019)
    __rt_lib_init_lc_time_1                  0x000002c7   Thumb Code     0  libinit2.o(.ARM.Collect$$libinit$$0000001B)
    __rt_lib_init_preinit_1                  0x000002c7   Thumb Code     0  libinit2.o(.ARM.Collect$$libinit$$00000006)
    __rt_lib_init_rand_1                     0x000002c7   Thumb Code     0  libinit2.o(.ARM.Collect$$libinit$$00000010)
    __rt_lib_init_relocate_pie_1             0x000002c7   Thumb Code     0  libinit2.o(.ARM.Collect$$libinit$$00000004)
    __rt_lib_init_return                     0x000002c7   Thumb Code     0  libinit2.o(.ARM.Collect$$libinit$$00000035)
    __rt_lib_init_signal_1                   0x000002c7   Thumb Code     0  libinit2.o(.ARM.Collect$$libinit$$0000001F)
    __rt_lib_init_stdio_1                    0x000002c7   Thumb Code     0  libinit2.o(.ARM.Collect$$libinit$$00000027)
    __rt_lib_init_user_alloc_1               0x000002c7   Thumb Code     0  libinit2.o(.ARM.Collect$$libinit$$0000000E)
    __rt_lib_shutdown                        0x000002c9   Thumb Code     0  libshutdown.o(.ARM.Collect$$libshutdown$$00000000)
    __rt_lib_shutdown_cpp_1                  0x000002cb   Thumb Code     0  libshutdown2.o(.ARM.Collect$$libshutdown$$00000002)
    __rt_lib_shutdown_fp_trap_1              0x000002cb   Thumb Code     0  libshutdown2.o(.ARM.Collect$$libshutdown$$00000007)
    __rt_lib_shutdown_heap_1                 0x000002cb   Thumb Code     0  libshutdown2.o(.ARM.Collect$$libshutdown$$0000000F)
    __rt_lib_shutdown_return                 0x000002cb   Thumb Code     0  libshutdown2.o(.ARM.Collect$$libshutdown$$00000010)
    __rt_lib_shutdown_signal_1               0x000002cb   Thumb Code     0  libshutdown2.o(.ARM.Collect$$libshutdown$$0000000A)
    __rt_lib_shutdown_stdio_1                0x000002cb   Thumb Code     0  libshutdown2.o(.ARM.Collect$$libshutdown$$00000004)
    __rt_lib_shutdown_user_alloc_1           0x000002cb   Thumb Code     0  libshutdown2.o(.ARM.Collect$$libshutdown$$0000000C)
    __rt_entry                               0x000002cd   Thumb Code     0  __rtentry.o(.ARM.Collect$$rtentry$$00000000)
    __rt_entry_presh_1                       0x000002cd   Thumb Code     0  __rtentry2.o(.ARM.Collect$$rtentry$$00000002)
    __rt_entry_sh                            0x000002cd   Thumb Code     0  __rtentry4.o(.ARM.Collect$$rtentry$$00000004)
    __rt_entry_li                            0x000002d3   Thumb Code     0  __rtentry2.o(.ARM.Collect$$rtentry$$0000000A)
    __rt_entry_postsh_1                      0x000002d3   Thumb Code     0  __rtentry2.o(.ARM.Collect$$rtentry$$00000009)
    __rt_entry_main                          0x000002d7   Thumb Code     0  __rtentry2.o(.ARM.Collect$$rtentry$$0000000D)
    __rt_entry_postli_1                      0x000002d7   Thumb Code     0  __rtentry2.o(.ARM.Collect$$rtentry$$0000000C)
    __rt_exit                                0x000002df   Thumb Code     0  rtexit.o(.ARM.Collect$$rtexit$$00000000)
    __rt_exit_ls                             0x000002e1   Thumb Code     0  rtexit2.o(.ARM.Collect$$rtexit$$00000003)
    __rt_exit_prels_1                        0x000002e1   Thumb Code     0  rtexit2.o(.ARM.Collect$$rtexit$$00000002)
    __rt_exit_exit                           0x000002e5   Thumb Code     0  rtexit2.o(.ARM.Collect$$rtexit$$00000004)
    SysCtlDelay                              0x000002ed   Thumb Code     6  sysctl.o(.emb_text)
    CPUcpsid                                 0x000002f5   Thumb Code     8  cpu.o(.emb_text)
    CPUprimask                               0x000002fd   Thumb Code     6  cpu.o(.emb_text)
    CPUcpsie                                 0x00000303   Thumb Code     8  cpu.o(.emb_text)
    CPUwfi                                   0x0000030b   Thumb Code     4  cpu.o(.emb_text)
    CPUbasepriSet                            0x0000030f   Thumb Code     6  cpu.o(.emb_text)
    CPUbasepriGet                            0x00000315   Thumb Code     6  cpu.o(.emb_text)
    Reset_Handler                            0x0000031d   Thumb Code     8  startup_tm4c129.o(.text)
    NMI_Handler                              0x00000325   Thumb Code     2  startup_tm4c129.o(.text)
    HardFault_Handler                        0x00000327   Thumb Code     2  startup_tm4c129.o(.text)
    MemManage_Handler                        0x00000329   Thumb Code     2  startup_tm4c129.o(.text)
    BusFault_Handler                         0x0000032b   Thumb Code     2  startup_tm4c129.o(.text)
    UsageFault_Handler                       0x0000032d   Thumb Code     2  startup_tm4c129.o(.text)
    SVC_Handler                              0x0000032f   Thumb Code     2  startup_tm4c129.o(.text)
    DebugMon_Handler                         0x00000331   Thumb Code     2  startup_tm4c129.o(.text)
    PendSV_Handler                           0x00000333   Thumb Code     2  startup_tm4c129.o(.text)
    GPIOA_Handler                            0x00000337   Thumb Code     2  startup_tm4c129.o(.text)
    GPIOB_Handler                            0x00000339   Thumb Code     2  startup_tm4c129.o(.text)
    GPIOC_Handler                            0x0000033b   Thumb Code     2  startup_tm4c129.o(.text)
    GPIOD_Handler                            0x0000033d   Thumb Code     2  startup_tm4c129.o(.text)
    GPIOE_Handler                            0x0000033f   Thumb Code     2  startup_tm4c129.o(.text)
    UART0_Handler                            0x00000341   Thumb Code     2  startup_tm4c129.o(.text)
    UART1_Handler                            0x00000343   Thumb Code     2  startup_tm4c129.o(.text)
    SSI0_Handler                             0x00000345   Thumb Code     2  startup_tm4c129.o(.text)
    I2C0_Handler                             0x00000347   Thumb Code     2  startup_tm4c129.o(.text)
    PMW0_FAULT_Handler                       0x00000349   Thumb Code     2  startup_tm4c129.o(.text)
    PWM0_0_Handler                           0x0000034b   Thumb Code     2  startup_tm4c129.o(.text)
    PWM0_1_Handler                           0x0000034d   Thumb Code     2  startup_tm4c129.o(.text)
    PWM0_2_Handler                           0x0000034f   Thumb Code     2  startup_tm4c129.o(.text)
    QEI0_Handler                             0x00000351   Thumb Code     2  startup_tm4c129.o(.text)
    ADC0SS0_Handler                          0x00000353   Thumb Code     2  startup_tm4c129.o(.text)
    ADC0SS1_Handler                          0x00000355   Thumb Code     2  startup_tm4c129.o(.text)
    ADC0SS2_Handler                          0x00000357   Thumb Code     2  startup_tm4c129.o(.text)
    ADC0SS3_Handler                          0x00000359   Thumb Code     2  startup_tm4c129.o(.text)
    WDT0_Handler                             0x0000035b   Thumb Code     2  startup_tm4c129.o(.text)
    TIMER0A_Handler                          0x0000035d   Thumb Code     2  startup_tm4c129.o(.text)
    TIMER0B_Handler                          0x0000035f   Thumb Code     2  startup_tm4c129.o(.text)
    TIMER1A_Handler                          0x00000361   Thumb Code     2  startup_tm4c129.o(.text)
    TIMER1B_Handler                          0x00000363   Thumb Code     2  startup_tm4c129.o(.text)
    TIMER2A_Handler                          0x00000365   Thumb Code     2  startup_tm4c129.o(.text)
    TIMER2B_Handler                          0x00000367   Thumb Code     2  startup_tm4c129.o(.text)
    COMP0_Handler                            0x00000369   Thumb Code     2  startup_tm4c129.o(.text)
    COMP1_Handler                            0x0000036b   Thumb Code     2  startup_tm4c129.o(.text)
    COMP2_Handler                            0x0000036d   Thumb Code     2  startup_tm4c129.o(.text)
    SYSCTL_Handler                           0x0000036f   Thumb Code     2  startup_tm4c129.o(.text)
    FLASH_Handler                            0x00000371   Thumb Code     2  startup_tm4c129.o(.text)
    GPIOF_Handler                            0x00000373   Thumb Code     2  startup_tm4c129.o(.text)
    GPIOG_Handler                            0x00000375   Thumb Code     2  startup_tm4c129.o(.text)
    GPIOH_Handler                            0x00000377   Thumb Code     2  startup_tm4c129.o(.text)
    UART2_Handler                            0x00000379   Thumb Code     2  startup_tm4c129.o(.text)
    SSI1_Handler                             0x0000037b   Thumb Code     2  startup_tm4c129.o(.text)
    TIMER3A_Handler                          0x0000037d   Thumb Code     2  startup_tm4c129.o(.text)
    TIMER3B_Handler                          0x0000037f   Thumb Code     2  startup_tm4c129.o(.text)
    I2C1_Handler                             0x00000381   Thumb Code     2  startup_tm4c129.o(.text)
    CAN0_Handler                             0x00000383   Thumb Code     2  startup_tm4c129.o(.text)
    CAN1_Handler                             0x00000385   Thumb Code     2  startup_tm4c129.o(.text)
    ETH_Handler                              0x00000387   Thumb Code     2  startup_tm4c129.o(.text)
    HIB_Handler                              0x00000389   Thumb Code     2  startup_tm4c129.o(.text)
    USB0_Handler                             0x0000038b   Thumb Code     2  startup_tm4c129.o(.text)
    PWM0_3_Handler                           0x0000038d   Thumb Code     2  startup_tm4c129.o(.text)
    UDMA_Handler                             0x0000038f   Thumb Code     2  startup_tm4c129.o(.text)
    UDMAERR_Handler                          0x00000391   Thumb Code     2  startup_tm4c129.o(.text)
    ADC1SS0_Handler                          0x00000393   Thumb Code     2  startup_tm4c129.o(.text)
    ADC1SS1_Handler                          0x00000395   Thumb Code     2  startup_tm4c129.o(.text)
    ADC1SS2_Handler                          0x00000397   Thumb Code     2  startup_tm4c129.o(.text)
    ADC1SS3_Handler                          0x00000399   Thumb Code     2  startup_tm4c129.o(.text)
    EBI0_Handler                             0x0000039b   Thumb Code     2  startup_tm4c129.o(.text)
    GPIOJ_Handler                            0x0000039d   Thumb Code     2  startup_tm4c129.o(.text)
    GPIOK_Handler                            0x0000039f   Thumb Code     2  startup_tm4c129.o(.text)
    GPIOL_Handler                            0x000003a1   Thumb Code     2  startup_tm4c129.o(.text)
    SSI2_Handler                             0x000003a3   Thumb Code     2  startup_tm4c129.o(.text)
    SSI3_Handler                             0x000003a5   Thumb Code     2  startup_tm4c129.o(.text)
    UART3_Handler                            0x000003a7   Thumb Code     2  startup_tm4c129.o(.text)
    UART4_Handler                            0x000003a9   Thumb Code     2  startup_tm4c129.o(.text)
    UART5_Handler                            0x000003ab   Thumb Code     2  startup_tm4c129.o(.text)
    UART6_Handler                            0x000003ad   Thumb Code     2  startup_tm4c129.o(.text)
    UART7_Handler                            0x000003af   Thumb Code     2  startup_tm4c129.o(.text)
    I2C2_Handler                             0x000003b1   Thumb Code     2  startup_tm4c129.o(.text)
    I2C3_Handler                             0x000003b3   Thumb Code     2  startup_tm4c129.o(.text)
    TIMER4A_Handler                          0x000003b5   Thumb Code     2  startup_tm4c129.o(.text)
    TIMER4B_Handler                          0x000003b7   Thumb Code     2  startup_tm4c129.o(.text)
    TIMER5A_Handler                          0x000003b9   Thumb Code     2  startup_tm4c129.o(.text)
    TIMER5B_Handler                          0x000003bb   Thumb Code     2  startup_tm4c129.o(.text)
    WTIMER0A_Handler                         0x000003bd   Thumb Code     2  startup_tm4c129.o(.text)
    WTIMER0B_Handler                         0x000003bf   Thumb Code     2  startup_tm4c129.o(.text)
    WTIMER1A_Handler                         0x000003c1   Thumb Code     2  startup_tm4c129.o(.text)
    WTIMER1B_Handler                         0x000003c3   Thumb Code     2  startup_tm4c129.o(.text)
    WTIMER2A_Handler                         0x000003c5   Thumb Code     2  startup_tm4c129.o(.text)
    WTIMER2B_Handler                         0x000003c7   Thumb Code     2  startup_tm4c129.o(.text)
    WTIMER3A_Handler                         0x000003c9   Thumb Code     2  startup_tm4c129.o(.text)
    WTIMER3B_Handler                         0x000003cb   Thumb Code     2  startup_tm4c129.o(.text)
    WTIMER4A_Handler                         0x000003cd   Thumb Code     2  startup_tm4c129.o(.text)
    WTIMER4B_Handler                         0x000003cf   Thumb Code     2  startup_tm4c129.o(.text)
    WTIMER5A_Handler                         0x000003d1   Thumb Code     2  startup_tm4c129.o(.text)
    WTIMER5B_Handler                         0x000003d3   Thumb Code     2  startup_tm4c129.o(.text)
    FPU_Handler                              0x000003d5   Thumb Code     2  startup_tm4c129.o(.text)
    I2C4_Handler                             0x000003d7   Thumb Code     2  startup_tm4c129.o(.text)
    I2C5_Handler                             0x000003d9   Thumb Code     2  startup_tm4c129.o(.text)
    GPIOM_Handler                            0x000003db   Thumb Code     2  startup_tm4c129.o(.text)
    GPION_Handler                            0x000003dd   Thumb Code     2  startup_tm4c129.o(.text)
    TAMPER_Handler                           0x000003df   Thumb Code     2  startup_tm4c129.o(.text)
    GPIOP0_Handler                           0x000003e1   Thumb Code     2  startup_tm4c129.o(.text)
    GPIOP1_Handler                           0x000003e3   Thumb Code     2  startup_tm4c129.o(.text)
    GPIOP2_Handler                           0x000003e5   Thumb Code     2  startup_tm4c129.o(.text)
    GPIOP3_Handler                           0x000003e7   Thumb Code     2  startup_tm4c129.o(.text)
    GPIOP4_Handler                           0x000003e9   Thumb Code     2  startup_tm4c129.o(.text)
    GPIOP5_Handler                           0x000003eb   Thumb Code     2  startup_tm4c129.o(.text)
    GPIOP6_Handler                           0x000003ed   Thumb Code     2  startup_tm4c129.o(.text)
    GPIOP7_Handler                           0x000003ef   Thumb Code     2  startup_tm4c129.o(.text)
    GPIOQ0_Handler                           0x000003f1   Thumb Code     2  startup_tm4c129.o(.text)
    GPIOQ1_Handler                           0x000003f3   Thumb Code     2  startup_tm4c129.o(.text)
    GPIOQ2_Handler                           0x000003f5   Thumb Code     2  startup_tm4c129.o(.text)
    GPIOQ3_Handler                           0x000003f7   Thumb Code     2  startup_tm4c129.o(.text)
    GPIOQ4_Handler                           0x000003f9   Thumb Code     2  startup_tm4c129.o(.text)
    GPIOQ5_Handler                           0x000003fb   Thumb Code     2  startup_tm4c129.o(.text)
    GPIOQ6_Handler                           0x000003fd   Thumb Code     2  startup_tm4c129.o(.text)
    GPIOQ7_Handler                           0x000003ff   Thumb Code     2  startup_tm4c129.o(.text)
    GPIOR_Handler                            0x00000401   Thumb Code     2  startup_tm4c129.o(.text)
    GPIOS_Handler                            0x00000403   Thumb Code     2  startup_tm4c129.o(.text)
    SHAMD5_Handler                           0x00000405   Thumb Code     2  startup_tm4c129.o(.text)
    AES_Handler                              0x00000407   Thumb Code     2  startup_tm4c129.o(.text)
    DES3DES_Handler                          0x00000409   Thumb Code     2  startup_tm4c129.o(.text)
    LCDCONTROLLER_Handler                    0x0000040b   Thumb Code     2  startup_tm4c129.o(.text)
    TIMER6A_Handler                          0x0000040d   Thumb Code     2  startup_tm4c129.o(.text)
    TIMER6B_Handler                          0x0000040f   Thumb Code     2  startup_tm4c129.o(.text)
    TIMER7A_Handler                          0x00000411   Thumb Code     2  startup_tm4c129.o(.text)
    TIMER7B_Handler                          0x00000413   Thumb Code     2  startup_tm4c129.o(.text)
    I2C6_Handler                             0x00000415   Thumb Code     2  startup_tm4c129.o(.text)
    I2C7_Handler                             0x00000417   Thumb Code     2  startup_tm4c129.o(.text)
    HIMSCANKEYBOARD_Handler                  0x00000419   Thumb Code     2  startup_tm4c129.o(.text)
    ONEWIRE_Handler                          0x0000041b   Thumb Code     2  startup_tm4c129.o(.text)
    HIMPS2_Handler                           0x0000041d   Thumb Code     2  startup_tm4c129.o(.text)
    HIMLEDSEQUENCER_Handler                  0x0000041f   Thumb Code     2  startup_tm4c129.o(.text)
    HIMCONSUMERIR_Handler                    0x00000421   Thumb Code     2  startup_tm4c129.o(.text)
    I2C8_Handler                             0x00000423   Thumb Code     2  startup_tm4c129.o(.text)
    I2C9_Handler                             0x00000425   Thumb Code     2  startup_tm4c129.o(.text)
    GPIOT_Handler                            0x00000427   Thumb Code     2  startup_tm4c129.o(.text)
    __user_initial_stackheap                 0x00000429   Thumb Code     0  startup_tm4c129.o(.text)
    __use_two_region_memory                  0x00000449   Thumb Code     2  heapauxi.o(.text)
    __rt_heap_escrow$2region                 0x0000044b   Thumb Code     2  heapauxi.o(.text)
    __rt_heap_expand$2region                 0x0000044d   Thumb Code     2  heapauxi.o(.text)
    __user_setup_stackheap                   0x0000044f   Thumb Code    74  sys_stackheap_outer.o(.text)
    exit                                     0x00000499   Thumb Code    18  exit.o(.text)
    __user_libspace                          0x000004ad   Thumb Code     8  libspace.o(.text)
    __user_perproc_libspace                  0x000004ad   Thumb Code     0  libspace.o(.text)
    __user_perthread_libspace                0x000004ad   Thumb Code     0  libspace.o(.text)
    _sys_exit                                0x000004b5   Thumb Code     8  sys_exit.o(.text)
    __I$use$semihosting                      0x000004c1   Thumb Code     0  use_no_semi.o(.text)
    __use_no_semihosting_swi                 0x000004c1   Thumb Code     2  use_no_semi.o(.text)
    __semihosting_library_function           0x000004c3   Thumb Code     0  indicate_semi.o(.text)
    Button_Handler                           0x000004c5   Thumb Code   166  main.o(.text.Button_Handler)
    SysTick_Handler                          0x0000056d   Thumb Code    58  main.o(.text.SysTick_Handler)
    SystemInit                               0x000005a9   Thumb Code    36  system_tm4c129.o(.text.SystemInit)
    main                                     0x000005cd   Thumb Code   172  main.o(.text.main)
    GPIODirModeSet                           0x00000679   Thumb Code    40  gpio.o(i.GPIODirModeSet)
    GPIOIntClear                             0x000006a1   Thumb Code     6  gpio.o(i.GPIOIntClear)
    GPIOIntDisable                           0x000006a7   Thumb Code    14  gpio.o(i.GPIOIntDisable)
    GPIOIntEnable                            0x000006b5   Thumb Code    12  gpio.o(i.GPIOIntEnable)
    GPIOIntRegister                          0x000006c1   Thumb Code    26  gpio.o(i.GPIOIntRegister)
    GPIOIntTypeSet                           0x000006db   Thumb Code    80  gpio.o(i.GPIOIntTypeSet)
    GPIOPadConfigSet                         0x0000072d   Thumb Code   354  gpio.o(i.GPIOPadConfigSet)
    GPIOPinRead                              0x0000089d   Thumb Code     6  gpio.o(i.GPIOPinRead)
    GPIOPinTypeGPIOInput                     0x000008a3   Thumb Code    28  gpio.o(i.GPIOPinTypeGPIOInput)
    GPIOPinTypeGPIOOutput                    0x000008bf   Thumb Code    28  gpio.o(i.GPIOPinTypeGPIOOutput)
    GPIOPinWrite                             0x000008db   Thumb Code     6  gpio.o(i.GPIOPinWrite)
    IntEnable                                0x000008e1   Thumb Code    92  interrupt.o(i.IntEnable)
    IntMasterEnable                          0x00000945   Thumb Code    14  interrupt.o(i.IntMasterEnable)
    IntRegister                              0x00000955   Thumb Code    44  interrupt.o(i.IntRegister)
    SysCtlClockFreqSet                       0x00000989   Thumb Code   700  sysctl.o(i.SysCtlClockFreqSet)
    SysCtlClockGet                           0x00000c6d   Thumb Code   304  sysctl.o(i.SysCtlClockGet)
    SysCtlPeripheralEnable                   0x00000dc1   Thumb Code    36  sysctl.o(i.SysCtlPeripheralEnable)
    SysTickEnable                            0x00000de9   Thumb Code    14  systick.o(i.SysTickEnable)
    SysTickIntEnable                         0x00000df7   Thumb Code    14  systick.o(i.SysTickIntEnable)
    SysTickPeriodSet                         0x00000e05   Thumb Code    10  systick.o(i.SysTickPeriodSet)
    _fp_init                                 0x00000e61   Thumb Code    26  fpinit.o(x$fpl$fpinit)
    __fplib_config_fpu_vfp                   0x00000e79   Thumb Code     0  fpinit.o(x$fpl$fpinit)
    __fplib_config_pureend_doubles           0x00000e79   Thumb Code     0  fpinit.o(x$fpl$fpinit)
    Region$$Table$$Base                      0x00001404   Number         0  anon$$obj.o(Region$$Table)
    Region$$Table$$Limit                     0x00001424   Number         0  anon$$obj.o(Region$$Table)
    SystemCoreClock                          0x20000000   Data           4  system_tm4c129.o(.data.SystemCoreClock)
    __libspace_start                         0x20000670   Data          96  libspace.o(.bss)
    __temporary_stack_top$libspace           0x200006d0   Data           0  libspace.o(.bss)
    blink                                    0x200006d0   Data           1  main.o(.bss.blink)



==============================================================================

Memory Map of the image

  Image Entry point : 0x0000031d

  Load Region LR_1 (Base: 0x00000000, Size: 0x00001e6c, Max: 0xffffffff, ABSOLUTE, COMPRESSED[0x00001814])

    Execution Region ER_RO (Exec base: 0x00000000, Load base: 0x00000000, Size: 0x00001424, Max: 0xffffffff, ABSOLUTE)

    Exec Addr    Load Addr    Size         Type   Attr      Idx    E Section Name        Object

    0x00000000   0x00000000   0x00000200   Data   RO           18    RESET               startup_tm4c129.o
    0x00000200   0x00000200   0x00000008   Code   RO          916  * !!!main             c_w.l(__main.o)
    0x00000208   0x00000208   0x0000005c   Code   RO         1083    !!!scatter          c_w.l(__scatter.o)
    0x00000264   0x00000264   0x0000003a   Code   RO         1081    !!dczerorl          c_w.l(__dczerorl.o)
    0x0000029e   0x0000029e   0x00000002   PAD
    0x000002a0   0x000002a0   0x00000002   Code   RO         1084    !!handler_null      c_w.l(__scatter.o)
    0x000002a2   0x000002a2   0x00000002   PAD
    0x000002a4   0x000002a4   0x0000001c   Code   RO         1087    !!handler_zi        c_w.l(__scatter_zi.o)
    0x000002c0   0x000002c0   0x00000002   Code   RO          943    .ARM.Collect$$libinit$$00000000  c_w.l(libinit.o)
    0x000002c2   0x000002c2   0x00000004   Code   RO          949    .ARM.Collect$$libinit$$00000001  c_w.l(libinit2.o)
    0x000002c6   0x000002c6   0x00000000   Code   RO          952    .ARM.Collect$$libinit$$00000004  c_w.l(libinit2.o)
    0x000002c6   0x000002c6   0x00000000   Code   RO          954    .ARM.Collect$$libinit$$00000006  c_w.l(libinit2.o)
    0x000002c6   0x000002c6   0x00000000   Code   RO          957    .ARM.Collect$$libinit$$0000000C  c_w.l(libinit2.o)
    0x000002c6   0x000002c6   0x00000000   Code   RO          959    .ARM.Collect$$libinit$$0000000E  c_w.l(libinit2.o)
    0x000002c6   0x000002c6   0x00000000   Code   RO          961    .ARM.Collect$$libinit$$00000010  c_w.l(libinit2.o)
    0x000002c6   0x000002c6   0x00000000   Code   RO          964    .ARM.Collect$$libinit$$00000013  c_w.l(libinit2.o)
    0x000002c6   0x000002c6   0x00000000   Code   RO          966    .ARM.Collect$$libinit$$00000015  c_w.l(libinit2.o)
    0x000002c6   0x000002c6   0x00000000   Code   RO          968    .ARM.Collect$$libinit$$00000017  c_w.l(libinit2.o)
    0x000002c6   0x000002c6   0x00000000   Code   RO          970    .ARM.Collect$$libinit$$00000019  c_w.l(libinit2.o)
    0x000002c6   0x000002c6   0x00000000   Code   RO          972    .ARM.Collect$$libinit$$0000001B  c_w.l(libinit2.o)
    0x000002c6   0x000002c6   0x00000000   Code   RO          974    .ARM.Collect$$libinit$$0000001D  c_w.l(libinit2.o)
    0x000002c6   0x000002c6   0x00000000   Code   RO          976    .ARM.Collect$$libinit$$0000001F  c_w.l(libinit2.o)
    0x000002c6   0x000002c6   0x00000000   Code   RO          978    .ARM.Collect$$libinit$$00000021  c_w.l(libinit2.o)
    0x000002c6   0x000002c6   0x00000000   Code   RO          980    .ARM.Collect$$libinit$$00000023  c_w.l(libinit2.o)
    0x000002c6   0x000002c6   0x00000000   Code   RO          982    .ARM.Collect$$libinit$$00000025  c_w.l(libinit2.o)
    0x000002c6   0x000002c6   0x00000000   Code   RO          984    .ARM.Collect$$libinit$$00000027  c_w.l(libinit2.o)
    0x000002c6   0x000002c6   0x00000000   Code   RO          988    .ARM.Collect$$libinit$$0000002E  c_w.l(libinit2.o)
    0x000002c6   0x000002c6   0x00000000   Code   RO          990    .ARM.Collect$$libinit$$00000030  c_w.l(libinit2.o)
    0x000002c6   0x000002c6   0x00000000   Code   RO          992    .ARM.Collect$$libinit$$00000032  c_w.l(libinit2.o)
    0x000002c6   0x000002c6   0x00000000   Code   RO          994    .ARM.Collect$$libinit$$00000034  c_w.l(libinit2.o)
    0x000002c6   0x000002c6   0x00000002   Code   RO          995    .ARM.Collect$$libinit$$00000035  c_w.l(libinit2.o)
    0x000002c8   0x000002c8   0x00000002   Code   RO         1017    .ARM.Collect$$libshutdown$$00000000  c_w.l(libshutdown.o)
    0x000002ca   0x000002ca   0x00000000   Code   RO         1032    .ARM.Collect$$libshutdown$$00000002  c_w.l(libshutdown2.o)
    0x000002ca   0x000002ca   0x00000000   Code   RO         1034    .ARM.Collect$$libshutdown$$00000004  c_w.l(libshutdown2.o)
    0x000002ca   0x000002ca   0x00000000   Code   RO         1037    .ARM.Collect$$libshutdown$$00000007  c_w.l(libshutdown2.o)
    0x000002ca   0x000002ca   0x00000000   Code   RO         1040    .ARM.Collect$$libshutdown$$0000000A  c_w.l(libshutdown2.o)
    0x000002ca   0x000002ca   0x00000000   Code   RO         1042    .ARM.Collect$$libshutdown$$0000000C  c_w.l(libshutdown2.o)
    0x000002ca   0x000002ca   0x00000000   Code   RO         1045    .ARM.Collect$$libshutdown$$0000000F  c_w.l(libshutdown2.o)
    0x000002ca   0x000002ca   0x00000002   Code   RO         1046    .ARM.Collect$$libshutdown$$00000010  c_w.l(libshutdown2.o)
    0x000002cc   0x000002cc   0x00000000   Code   RO          918    .ARM.Collect$$rtentry$$00000000  c_w.l(__rtentry.o)
    0x000002cc   0x000002cc   0x00000000   Code   RO          920    .ARM.Collect$$rtentry$$00000002  c_w.l(__rtentry2.o)
    0x000002cc   0x000002cc   0x00000006   Code   RO          932    .ARM.Collect$$rtentry$$00000004  c_w.l(__rtentry4.o)
    0x000002d2   0x000002d2   0x00000000   Code   RO          922    .ARM.Collect$$rtentry$$00000009  c_w.l(__rtentry2.o)
    0x000002d2   0x000002d2   0x00000004   Code   RO          923    .ARM.Collect$$rtentry$$0000000A  c_w.l(__rtentry2.o)
    0x000002d6   0x000002d6   0x00000000   Code   RO          925    .ARM.Collect$$rtentry$$0000000C  c_w.l(__rtentry2.o)
    0x000002d6   0x000002d6   0x00000008   Code   RO          926    .ARM.Collect$$rtentry$$0000000D  c_w.l(__rtentry2.o)
    0x000002de   0x000002de   0x00000002   Code   RO          947    .ARM.Collect$$rtexit$$00000000  c_w.l(rtexit.o)
    0x000002e0   0x000002e0   0x00000000   Code   RO          997    .ARM.Collect$$rtexit$$00000002  c_w.l(rtexit2.o)
    0x000002e0   0x000002e0   0x00000004   Code   RO          998    .ARM.Collect$$rtexit$$00000003  c_w.l(rtexit2.o)
    0x000002e4   0x000002e4   0x00000006   Code   RO          999    .ARM.Collect$$rtexit$$00000004  c_w.l(rtexit2.o)
    0x000002ea   0x000002ea   0x00000002   PAD
    0x000002ec   0x000002ec   0x00000006   Code   RO          491    .emb_text           driverlib.lib(sysctl.o)
    0x000002f2   0x000002f2   0x00000002   PAD
    0x000002f4   0x000002f4   0x00000026   Code   RO          902    .emb_text           driverlib.lib(cpu.o)
    0x0000031a   0x0000031a   0x00000002   PAD
    0x0000031c   0x0000031c   0x0000012c   Code   RO           19  * .text               startup_tm4c129.o
    0x00000448   0x00000448   0x00000006   Code   RO          914    .text               c_w.l(heapauxi.o)
    0x0000044e   0x0000044e   0x0000004a   Code   RO          934    .text               c_w.l(sys_stackheap_outer.o)
    0x00000498   0x00000498   0x00000012   Code   RO          936    .text               c_w.l(exit.o)
    0x000004aa   0x000004aa   0x00000002   PAD
    0x000004ac   0x000004ac   0x00000008   Code   RO          944    .text               c_w.l(libspace.o)
    0x000004b4   0x000004b4   0x0000000c   Code   RO         1007    .text               c_w.l(sys_exit.o)
    0x000004c0   0x000004c0   0x00000002   Code   RO         1022    .text               c_w.l(use_no_semi.o)
    0x000004c2   0x000004c2   0x00000000   Code   RO         1024    .text               c_w.l(indicate_semi.o)
    0x000004c2   0x000004c2   0x00000002   PAD
    0x000004c4   0x000004c4   0x000000a6   Code   RO            4    .text.Button_Handler  main.o
    0x0000056a   0x0000056a   0x00000002   PAD
    0x0000056c   0x0000056c   0x0000003a   Code   RO            2    .text.SysTick_Handler  main.o
    0x000005a6   0x000005a6   0x00000002   PAD
    0x000005a8   0x000005a8   0x00000024   Code   RO           28    .text.SystemInit    system_tm4c129.o
    0x000005cc   0x000005cc   0x000000ac   Code   RO            6    .text.main          main.o
    0x00000678   0x00000678   0x00000028   Code   RO           42    i.GPIODirModeSet    driverlib.lib(gpio.o)
    0x000006a0   0x000006a0   0x00000006   Code   RO           43    i.GPIOIntClear      driverlib.lib(gpio.o)
    0x000006a6   0x000006a6   0x0000000e   Code   RO           44    i.GPIOIntDisable    driverlib.lib(gpio.o)
    0x000006b4   0x000006b4   0x0000000c   Code   RO           45    i.GPIOIntEnable     driverlib.lib(gpio.o)
    0x000006c0   0x000006c0   0x0000001a   Code   RO           46    i.GPIOIntRegister   driverlib.lib(gpio.o)
    0x000006da   0x000006da   0x00000050   Code   RO           50    i.GPIOIntTypeSet    driverlib.lib(gpio.o)
    0x0000072a   0x0000072a   0x00000002   PAD
    0x0000072c   0x0000072c   0x00000170   Code   RO           54    i.GPIOPadConfigSet  driverlib.lib(gpio.o)
    0x0000089c   0x0000089c   0x00000006   Code   RO           56    i.GPIOPinRead       driverlib.lib(gpio.o)
    0x000008a2   0x000008a2   0x0000001c   Code   RO           65    i.GPIOPinTypeGPIOInput  driverlib.lib(gpio.o)
    0x000008be   0x000008be   0x0000001c   Code   RO           66    i.GPIOPinTypeGPIOOutput  driverlib.lib(gpio.o)
    0x000008da   0x000008da   0x00000006   Code   RO           84    i.GPIOPinWrite      driverlib.lib(gpio.o)
    0x000008e0   0x000008e0   0x00000064   Code   RO          376    i.IntEnable         driverlib.lib(interrupt.o)
    0x00000944   0x00000944   0x0000000e   Code   RO          379    i.IntMasterEnable   driverlib.lib(interrupt.o)
    0x00000952   0x00000952   0x00000002   PAD
    0x00000954   0x00000954   0x00000034   Code   RO          388    i.IntRegister       driverlib.lib(interrupt.o)
    0x00000988   0x00000988   0x000002e4   Code   RO          493    i.SysCtlClockFreqSet  driverlib.lib(sysctl.o)
    0x00000c6c   0x00000c6c   0x00000154   Code   RO          494    i.SysCtlClockGet    driverlib.lib(sysctl.o)
    0x00000dc0   0x00000dc0   0x00000028   Code   RO          525    i.SysCtlPeripheralEnable  driverlib.lib(sysctl.o)
    0x00000de8   0x00000de8   0x0000000e   Code   RO          840    i.SysTickEnable     driverlib.lib(systick.o)
    0x00000df6   0x00000df6   0x0000000e   Code   RO          842    i.SysTickIntEnable  driverlib.lib(systick.o)
    0x00000e04   0x00000e04   0x0000000a   Code   RO          846    i.SysTickPeriodSet  driverlib.lib(systick.o)
    0x00000e0e   0x00000e0e   0x00000002   PAD
    0x00000e10   0x00000e10   0x00000050   Code   RO           86    i._GPIOIntNumberGet  driverlib.lib(gpio.o)
    0x00000e60   0x00000e60   0x0000001a   Code   RO         1005    x$fpl$fpinit        fz_wm.l(fpinit.o)
    0x00000e7a   0x00000e7a   0x00000002   PAD
    0x00000e7c   0x00000e7c   0x00000228   Data   RO           87    .constdata          driverlib.lib(gpio.o)
    0x000010a4   0x000010a4   0x0000010c   Data   RO          392    .constdata          driverlib.lib(interrupt.o)
    0x000011b0   0x000011b0   0x00000254   Data   RO          547    .constdata          driverlib.lib(sysctl.o)
    0x00001404   0x00001404   0x00000020   Data   RO         1080    Region$$Table       anon$$obj.o


    Execution Region ER_RW (Exec base: 0x20000000, Load base: 0x00001800, Size: 0x0000066c, Max: 0xffffffff, ABSOLUTE, COMPRESSED[0x00000014])

    Exec Addr    Load Addr    Size         Type   Attr      Idx    E Section Name        Object

    0x20000000   COMPRESSED   0x00000004   Data   RW           30    .data.SystemCoreClock  system_tm4c129.o
    0x20000004   COMPRESSED   0x000003fc   PAD
    0x20000400   COMPRESSED   0x0000026c   Data   RW          393    vtable              driverlib.lib(interrupt.o)


    Execution Region ER_ZI (Exec base: 0x20000670, Load base: 0x00001814, Size: 0x00000268, Max: 0xffffffff, ABSOLUTE)

    Exec Addr    Load Addr    Size         Type   Attr      Idx    E Section Name        Object

    0x20000670        -       0x00000060   Zero   RW          945    .bss                c_w.l(libspace.o)
    0x200006d0        -       0x00000001   Zero   RW            8    .bss.blink          main.o
    0x200006d1   0x00001814   0x00000007   PAD
    0x200006d8        -       0x00000000   Zero   RW           17    HEAP                startup_tm4c129.o
    0x200006d8        -       0x00000200   Zero   RW           16    STACK               startup_tm4c129.o


==============================================================================

Image component sizes


      Code (inc. data)   RO Data    RW Data    ZI Data      Debug   Object Name

       396          0          0          0          1        735   main.o
       300         22        512          0        512       6024   startup_tm4c129.o
        36          0          0          4          0       1470   system_tm4c129.o

    ----------------------------------------------------------------------
       736         22        544       1024        520       8229   Object Totals
         0          0         32          0          0          0   (incl. Generated)
         4          0          0       1020          7          0   (incl. Padding)

    ----------------------------------------------------------------------

      Code (inc. data)   RO Data    RW Data    ZI Data      Debug   Library Member Name

        58          0          0          0          0          0   __dczerorl.o
         8          0          0          0          0         68   __main.o
         0          0          0          0          0          0   __rtentry.o
        12          0          0          0          0          0   __rtentry2.o
         6          0          0          0          0          0   __rtentry4.o
        94          8          0          0          0          0   __scatter.o
        28          0          0          0          0          0   __scatter_zi.o
        18          0          0          0          0         80   exit.o
         6          0          0          0          0        152   heapauxi.o
         0          0          0          0          0          0   indicate_semi.o
         2          0          0          0          0          0   libinit.o
         6          0          0          0          0          0   libinit2.o
         2          0          0          0          0          0   libshutdown.o
         2          0          0          0          0          0   libshutdown2.o
         8          4          0          0         96         68   libspace.o
         2          0          0          0          0          0   rtexit.o
        10          0          0          0          0          0   rtexit2.o
        12          4          0          0          0         68   sys_exit.o
        74          0          0          0          0         80   sys_stackheap_outer.o
         2          0          0          0          0         68   use_no_semi.o
        38          0          0          0          0        572   cpu.o
       694         32        552          0          0      12243   gpio.o
       166         16        268        620          0       2668   interrupt.o
      1126         80        596          0          0       5295   sysctl.o
        38          0          0          0          0       1410   systick.o
        26          0          0          0          0        116   fpinit.o

    ----------------------------------------------------------------------
      2460        144       1416        620         96      22888   Library Totals
        22          0          0          0          0          0   (incl. Padding)

    ----------------------------------------------------------------------

      Code (inc. data)   RO Data    RW Data    ZI Data      Debug   Library Name

       350         16          0          0         96        584   c_w.l
      2062        128       1416        620          0      22188   driverlib.lib
        26          0          0          0          0        116   fz_wm.l

    ----------------------------------------------------------------------
      2460        144       1416        620         96      22888   Library Totals

    ----------------------------------------------------------------------

==============================================================================


      Code (inc. data)   RO Data    RW Data    ZI Data      Debug   

      3196        166       1960       1644        616      29209   Grand Totals
      3196        166       1960         20        616      29209   ELF Image Totals (compressed)
      3196        166       1960         20          0          0   ROM Totals

==============================================================================

    Total RO  Size (Code + RO Data)                 5156 (   5.04kB)
    Total RW  Size (RW Data + ZI Data)              2260 (   2.21kB)
    Total ROM Size (Code + RO Data + RW Data)       5176 (   5.05kB)

==============================================================================

